bootstrap run: 2026-08-03T14:40:37+02:00
workspace: /home/sachin/ur5e_ws

════════════════════════════════════════════════════════════
§ 0. Host guard

════════════════════════════════════════════════════════════
  detected: Ubuntu 24.04.2 LTS (24.04)
  [OK]   Ubuntu 24.04 Noble confirmed
  [OK]   no Fortress/Classic packages present (clean starting point)

════════════════════════════════════════════════════════════
§ 1. Base system + universe repo

════════════════════════════════════════════════════════════

  $ sudo apt update

WARNING: apt does not have a stable CLI interface. Use with caution in scripts.

Hit:1 http://archive.ubuntu.com/ubuntu noble InRelease
Hit:2 http://security.ubuntu.com/ubuntu noble-security InRelease
Hit:3 http://packages.ros.org/ros2/ubuntu noble InRelease
Hit:4 http://archive.ubuntu.com/ubuntu noble-updates InRelease
Hit:5 http://archive.ubuntu.com/ubuntu noble-backports InRelease
Reading package lists...
Building dependency tree...
Reading state information...
427 packages can be upgraded. Run 'apt list --upgradable' to see them.

  $ sudo apt install -y software-properties-common curl gnupg lsb-release build-essential cmake git python3-pip

WARNING: apt does not have a stable CLI interface. Use with caution in scripts.

Reading package lists...
Building dependency tree...
Reading state information...
software-properties-common is already the newest version (0.99.49.4).
curl is already the newest version (8.5.0-2ubuntu10.11).
gnupg is already the newest version (2.4.4-2ubuntu17.4).
lsb-release is already the newest version (12.0-2).
build-essential is already the newest version (12.10ubuntu1).
cmake is already the newest version (3.28.3-1build7).
git is already the newest version (1:2.43.0-1ubuntu7.3).
python3-pip is already the newest version (24.0+dfsg-1ubuntu1.3).
The following package was automatically installed and is no longer required:
  libglapi-mesa
Use 'sudo apt autoremove' to remove it.
0 upgraded, 0 newly installed, 0 to remove and 427 not upgraded.

  $ sudo add-apt-repository -y universe
Hit:1 http://archive.ubuntu.com/ubuntu noble InRelease
Hit:2 http://archive.ubuntu.com/ubuntu noble-updates InRelease
Hit:3 http://archive.ubuntu.com/ubuntu noble-backports InRelease
Hit:4 http://security.ubuntu.com/ubuntu noble-security InRelease
Hit:5 http://packages.ros.org/ros2/ubuntu noble InRelease
Reading package lists...
Adding component(s) 'universe' to all repositories.

  $ sudo apt update

WARNING: apt does not have a stable CLI interface. Use with caution in scripts.

Hit:1 http://packages.ros.org/ros2/ubuntu noble InRelease
Hit:2 http://archive.ubuntu.com/ubuntu noble InRelease
Hit:3 http://security.ubuntu.com/ubuntu noble-security InRelease
Hit:4 http://archive.ubuntu.com/ubuntu noble-updates InRelease
Hit:5 http://archive.ubuntu.com/ubuntu noble-backports InRelease
Reading package lists...
Building dependency tree...
Reading state information...
427 packages can be upgraded. Run 'apt list --upgradable' to see them.
  [OK]   base tooling installed

════════════════════════════════════════════════════════════
§ 2. ROS 2 apt source

════════════════════════════════════════════════════════════
  [OK]   ros2-apt-source already installed

  $ sudo apt update

WARNING: apt does not have a stable CLI interface. Use with caution in scripts.

Hit:1 http://archive.ubuntu.com/ubuntu noble InRelease
Hit:2 http://archive.ubuntu.com/ubuntu noble-updates InRelease
Hit:3 http://archive.ubuntu.com/ubuntu noble-backports InRelease
Hit:4 http://packages.ros.org/ros2/ubuntu noble InRelease
Hit:5 http://security.ubuntu.com/ubuntu noble-security InRelease
Reading package lists...
Building dependency tree...
Reading state information...
427 packages can be upgraded. Run 'apt list --upgradable' to see them.
  [FAIL] apt cannot see ros-jazzy-* packages — apt source is not working
