
════════════════════════════════════════════════════════════
§ 0. Clean slate

════════════════════════════════════════════════════════════

════════════════════════════════════════════════════════════
§ 1. Launch sim (ur5e_robotiq_sim_control.launch.py)

════════════════════════════════════════════════════════════
  sim launch PID=87921, log=docs/m3_cyclelive_sim_20260812_034734_23701.log
  controllers active after 12.04s
  controllers active after 2.60s

════════════════════════════════════════════════════════════
§ 1.5 Start stall_monitor (passive /joint_states cadence recorder, whole cycle)

════════════════════════════════════════════════════════════
  stall_monitor PID=88341, csv=docs/m3_cyclelive_stalls_20260812_034734_23701.csv, log=docs/m3_cyclelive_stallmonitor_20260812_034734_23701.log

════════════════════════════════════════════════════════════
§ 2. Launch move_group

════════════════════════════════════════════════════════════
  move_group PID=88367, log=docs/m3_cyclelive_movegroup_20260812_034734_23701.log
  move_group node present after 1.2s (+3s buffer taken)

════════════════════════════════════════════════════════════
§ 3. Spawn pick object

════════════════════════════════════════════════════════════

════════════════════════════════════════════════════════════
§ 0. Read object: block from scene.yaml

════════════════════════════════════════════════════════════
  object=pick_target size=0.045 0.045 0.045 m mass=0.15 kg mu=1.0
  pick_pose=0.45 -0.15 0.7725  rpy=0.0 0.0 0.0

════════════════════════════════════════════════════════════
§ 1. Spawn pick_target at pick_pose

════════════════════════════════════════════════════════════
    data: true

════════════════════════════════════════════════════════════
§ 2. Settle onto the table (gravity only, not contact-loaded)

════════════════════════════════════════════════════════════
[settle] poses settled after 1.17s (max|delta over 0.15s|=0.000000 m)
  settled z = 0.772499999938291 (expected table.surface_z + size.z/2 = 0.77250)

done: 2026-08-12T03:48:01+02:00

════════════════════════════════════════════════════════════
§ 4. Gate BEFORE (gz_assert_gripper_responsive)

════════════════════════════════════════════════════════════
  [ok] gripper responsive: 0.1rad close completed cleanly in 4.77s

════════════════════════════════════════════════════════════
§ 5. Run m3_grasp (streamed live, torn down on RUN SUMMARY -- see file header)

════════════════════════════════════════════════════════════
[INFO] [launch]: All log files can be found below /home/user/.ros/log/2026-08-12-03-48-13-928533-Sachin-88730
[INFO] [launch]: Default logging verbosity is set to INFO
[INFO] [static_scene_tf-1]: process started with pid [88760]
[INFO] [m3_grasp-2]: process started with pid [88761]
[static_scene_tf-1] [0m[INFO] [1786499294.425787941] [static_scene_tf]: published static frames: world->object_frame (pick_pose), object_frame->grasp_frame (approach_axis=[0.000 0.000 -1.000] roll=0.000), tool0->grasp_tcp (tcp_offset=0.1204), world->place_frame (place_pose)[0m
[m3_grasp-2] [0m[INFO] [1786499295.176443581] [m3_grasp]: GRASP MODE: friction (physics)[0m
[m3_grasp-2] [0m[INFO] [1786499295.176612746] [m3_grasp]: pad-centre-corrected offset: tcp_offset=0.120405 + pad_centre_offset=0.031573 = 0.151978 m (NOT YET LIVE-VERIFIED direction -- see file header)[0m
[m3_grasp-2] [0m[INFO] [1786499295.413059758] [m3_grasp]: base-pose guard OK: 'base_link' matches scene.yaml within tolerance (pos error 0.00000 m, angle error 0.00000 rad)[0m
[m3_grasp-2] [33m[WARN] [1786499296.279020109] [rcl.logging_rosout]: Publisher already registered for node name: 'm3_grasp'. If this is due to multiple nodes with the same name then all logs for the logger named 'm3_grasp' will go out over the existing publisher. As soon as any node with that name is destructed it will unregister the publisher, preventing any further logs for that name from being published on the rosout topic.[0m
[m3_grasp-2] [0m[INFO] [1786499296.311344209] [m3_grasp.moveit.ros.rdf_loader]: Loaded robot model in 0.005 seconds[0m
[m3_grasp-2] [0m[INFO] [1786499296.311492776] [m3_grasp.moveit.core.robot_model]: Loading robot model 'ur5e_robotiq'...[0m
[m3_grasp-2] [0m[INFO] [1786499296.311554195] [m3_grasp.moveit.core.robot_model]: No root/virtual joint specified in SRDF. Assuming fixed joint[0m
[m3_grasp-2] [0m[INFO] [1786499296.336018006] [m3_grasp.moveit.kinematics.kdl_kinematics_plugin]: Joint weights for group 'arm': 1 1 1 1 1 1[0m
[m3_grasp-2] [0m[INFO] [1786499296.379242282] [m3_grasp.moveit.ros.move_group_interface]: Ready to take commands for planning group arm.[0m
[m3_grasp-2] [0m[INFO] [1786499296.379332346] [m3_grasp]: pre-grasp tool0 target (world): [0.4500 -0.1500 1.0245]  grasp tool0 target: [0.4500 -0.1500 0.9245]  (corrected_offset=0.151978)[0m
[m3_grasp-2] [0m[INFO] [1786499296.379520650] [m3_grasp.moveit.ros.move_group_interface]: MoveGroup action client/server ready[0m
[m3_grasp-2] [0m[INFO] [1786499296.381332604] [m3_grasp.moveit.ros.move_group_interface]: Planning request accepted[0m
[m3_grasp-2] [0m[INFO] [1786499296.422662790] [m3_grasp.moveit.ros.move_group_interface]: Planning request complete![0m
[m3_grasp-2] [0m[INFO] [1786499296.423560589] [m3_grasp.moveit.ros.move_group_interface]: time taken to generate plan: 0.0225715 seconds[0m
[m3_grasp-2] [0m[INFO] [1786499296.425071838] [m3_grasp.moveit.ros.move_group_interface]: Execute request accepted[0m
[m3_grasp-2] [0m[INFO] [1786499309.780046267] [m3_grasp.moveit.ros.move_group_interface]: Execute request success![0m
[m3_grasp-2] [0m[INFO] [1786499310.904916410] [m3_grasp]: pre-close: REACHED_GOAL in achieved=0.0956 rad (target was 0.1055, free air)[0m
[m3_grasp-2] [0m[INFO] [1786499310.909866775] [m3_grasp]: computeCartesianPath fraction achieved: 1.0000 (need > 0.9500)[0m
[m3_grasp-2] [0m[INFO] [1786499310.909982012] [m3_grasp]: executing Cartesian descent to grasp target...[0m
[m3_grasp-2] [0m[INFO] [1786499310.910799838] [m3_grasp.moveit.ros.move_group_interface]: Execute request accepted[0m
[m3_grasp-2] [0m[INFO] [1786499312.914678024] [m3_grasp.moveit.ros.move_group_interface]: Execute request success![0m
[m3_grasp-2] [0m[INFO] [1786499312.914688284] [m3_grasp]: execution reported SUCCESS[0m
[m3_grasp-2] [0m[INFO] [1786499313.562944027] [m3_grasp]: stage 2 ground truth: grasp_tcp (Gazebo, not TF) = [0.4500 -0.1500 0.7725]  tcp_error_m=0.0000 (max 0.0050)[0m
[m3_grasp-2] [0m[INFO] [1786499317.865867223] [m3_grasp]: gripper_close_and_hold: STALLED in achieved=0.4029 rad (target was 0.8000)[0m
[m3_grasp-2] [0m[INFO] [1786499317.866023772] [m3_grasp]: grasp-success check (informational only, does not gate the cycle): achieved=0.4029 expected=0.4055 (width=0.0450m) |err|=0.0026 tolerance=0.0235 -> WITHIN TOLERANCE[0m
[m3_grasp-2] [0m[INFO] [1786499317.866059477] [m3_grasp]: M3 STAGE 3 LIFT_BEGIN cycle=0 sim=0 t=43.220000[0m
[m3_grasp-2] [0m[INFO] [1786499317.869333104] [m3_grasp.moveit.ros.current_state_monitor]: Listening to joint states on topic 'joint_states'[0m
[m3_grasp-2] [0m[INFO] [1786499317.876300382] [m3_grasp.moveit.ros.move_group_interface]: Execute request accepted[0m
[m3_grasp-2] [0m[INFO] [1786499321.584081265] [m3_grasp.moveit.ros.move_group_interface]: Execute request success![0m
[m3_grasp-2] [0m[INFO] [1786499321.584894921] [m3_grasp]: lift ok (fraction 1.0000)[0m
[m3_grasp-2] [0m[INFO] [1786499321.584970165] [m3_grasp]: M3 STAGE 3 LIFT_DONE cycle=0 sim=0 t=45.393000[0m
[m3_grasp-2] [0m[INFO] [1786499321.702725851] [m3_grasp]: dwelling 2.00 s (slip baseline sample)[0m
[m3_grasp-2] [0m[INFO] [1786499325.537667057] [m3_grasp]: M3 STAGE 4 TRANSPORT_BEGIN cycle=0 sim=0 t=47.454000[0m
[m3_grasp-2] [0m[INFO] [1786499325.538393249] [m3_grasp.moveit.ros.move_group_interface]: MoveGroup action client/server ready[0m
[m3_grasp-2] [0m[INFO] [1786499325.539460016] [m3_grasp.moveit.ros.move_group_interface]: Planning request accepted[0m
[m3_grasp-2] [0m[INFO] [1786499325.568630439] [m3_grasp.moveit.ros.move_group_interface]: Planning request complete![0m
[m3_grasp-2] [0m[INFO] [1786499325.568988446] [m3_grasp.moveit.ros.move_group_interface]: time taken to generate plan: 0.0219912 seconds[0m
[m3_grasp-2] [0m[INFO] [1786499325.569871172] [m3_grasp.moveit.ros.move_group_interface]: Execute request accepted[0m
[m3_grasp-2] [0m[INFO] [1786499331.879415074] [m3_grasp.moveit.ros.move_group_interface]: Execute request success![0m
[m3_grasp-2] [0m[INFO] [1786499331.880096503] [m3_grasp]: M3 STAGE 4 TRANSPORT_DONE cycle=0 sim=0 t=50.869000[0m
[m3_grasp-2] [0m[INFO] [1786499331.880207796] [m3_grasp]: dwelling 2.00 s (slip comparison sample)[0m
[m3_grasp-2] [0m[INFO] [1786499335.301194118] [m3_grasp]: M3 STAGE 5 PLACE_DESCEND_BEGIN cycle=0 sim=0 t=52.869000[0m
[m3_grasp-2] [0m[INFO] [1786499335.307794140] [m3_grasp.moveit.ros.move_group_interface]: Execute request accepted[0m
[m3_grasp-2] [0m[INFO] [1786499338.564556578] [m3_grasp.moveit.ros.move_group_interface]: Execute request success![0m
[m3_grasp-2] [0m[INFO] [1786499338.564720186] [m3_grasp]: place descent ok (fraction 1.0000)[0m
[m3_grasp-2] [0m[INFO] [1786499338.564765147] [m3_grasp]: M3 STAGE 5 PLACE_DESCEND_DONE cycle=0 sim=0 t=54.811000[0m
[m3_grasp-2] [0m[INFO] [1786499338.564784468] [m3_grasp]: M3 STAGE 6 RELEASE_BEGIN cycle=0 sim=0 t=54.811000[0m
[m3_grasp-2] [0m[INFO] [1786499339.817481912] [m3_grasp]: release: REACHED_GOAL in achieved=0.3196 rad (target was 0.3097)[0m
[m3_grasp-2] [0m[INFO] [1786499339.817553236] [m3_grasp]: M3 STAGE 6 RELEASE_DONE cycle=0 sim=0 t=55.989000[0m
[m3_grasp-2] [0m[INFO] [1786499339.817579342] [m3_grasp]: M3 STAGE 7 RETREAT_BEGIN cycle=0 sim=0 t=55.989000[0m
[m3_grasp-2] [0m[INFO] [1786499339.821895740] [m3_grasp.moveit.ros.move_group_interface]: Execute request accepted[0m
[m3_grasp-2] [0m[INFO] [1786499342.276005978] [m3_grasp.moveit.ros.move_group_interface]: Execute request success![0m
[m3_grasp-2] [0m[INFO] [1786499342.276449462] [m3_grasp]: retreat ok (fraction 1.0000)[0m
[m3_grasp-2] [0m[INFO] [1786499342.276520298] [m3_grasp]: M3 STAGE 7 RETREAT_DONE cycle=0 sim=0 t=57.965000[0m
[m3_grasp-2] [0m[INFO] [1786499342.276548222] [m3_grasp]: cycle 0 complete: lift -> transport -> place -> release -> retreat. Whether the object ARRIVED is not decided here — that is Gazebo ground truth, measured by the harness.[0m
[m3_grasp-2] [0m[INFO] [1786499342.322923376] [m3_grasp]: wrote evidence to m3_grasp_trace_cyclelive_20260812_034734_23701.csv[0m
[m3_grasp-2] [0m[INFO] [1786499342.323079008] [m3_grasp]: RUN SUMMARY: milestone=M3 result=SUCCESS cartesian_fraction=1.0000 executed=yes tcp_error_m=0.0000 ground_truth=yes gripper_result=STALLED achieved_grip_angle=0.4029 expected_grip_angle=0.4055 within_tolerance=yes preclose_result=REACHED_GOAL preclose_achieved=0.0956 attempted_transport=yes transport_result=SUCCESS[0m
  RUN SUMMARY seen, tearing down now instead of waiting on the launchs own dead-wait
[INFO] [m3_grasp-2]: process has finished cleanly [pid 88761]

════════════════════════════════════════════════════════════
§ 6. Gate AFTER (gz_assert_gripper_responsive)

════════════════════════════════════════════════════════════
  [ok] gripper responsive: 0.1rad close completed cleanly in 3.58s
  GATE_AFTER=OK

════════════════════════════════════════════════════════════
§ 6.5 Stop stall_monitor

════════════════════════════════════════════════════════════
--- docs/m3_cyclelive_stallmonitor_20260812_034734_23701.log ---
[INFO] [1786499272.926432362] [stall_monitor]: stall_monitor: topic=/joint_states out=docs/m3_cyclelive_stalls_20260812_034734_23701.csv min_gap=20ms heartbeat=30s
[INFO] [1786499272.926908545] [stall_monitor]: gaps are HEADER-STAMP (sim time) deltas; wall column is arrival time and exists only to separate loop stalls from monitor lag
[WARN] [1786499274.417120060] [stall_monitor]: loop gap 0 ms sim (3 ms wall, rtf 0.00) -> up to 0.000 rad of open-loop travel at saturated gripper velocity
[WARN] [1786499275.582023607] [stall_monitor]: loop gap 0 ms sim (2 ms wall, rtf 0.00) -> up to 0.000 rad of open-loop travel at saturated gripper velocity
[WARN] [1786499276.900363212] [stall_monitor]: loop gap 0 ms sim (3 ms wall, rtf 0.00) -> up to 0.000 rad of open-loop travel at saturated gripper velocity
[WARN] [1786499279.366677451] [stall_monitor]: loop gap 0 ms sim (2 ms wall, rtf 0.00) -> up to 0.000 rad of open-loop travel at saturated gripper velocity
[WARN] [1786499282.686648758] [stall_monitor]: loop gap 0 ms sim (1 ms wall, rtf 0.00) -> up to 0.000 rad of open-loop travel at saturated gripper velocity
[WARN] [1786499285.933133725] [stall_monitor]: loop gap 0 ms sim (1 ms wall, rtf 0.00) -> up to 0.000 rad of open-loop travel at saturated gripper velocity
[WARN] [1786499286.372630776] [stall_monitor]: loop gap 0 ms sim (2 ms wall, rtf 0.00) -> up to 0.000 rad of open-loop travel at saturated gripper velocity
[WARN] [1786499286.723891291] [stall_monitor]: loop gap 0 ms sim (4 ms wall, rtf 0.00) -> up to 0.000 rad of open-loop travel at saturated gripper velocity
[WARN] [1786499289.958487673] [stall_monitor]: loop gap 0 ms sim (3 ms wall, rtf 0.00) -> up to 0.000 rad of open-loop travel at saturated gripper velocity
[WARN] [1786499294.422965604] [stall_monitor]: loop gap 0 ms sim (6 ms wall, rtf 0.00) -> up to 0.000 rad of open-loop travel at saturated gripper velocity
[WARN] [1786499294.477616956] [stall_monitor]: loop gap 0 ms sim (2 ms wall, rtf 0.00) -> up to 0.000 rad of open-loop travel at saturated gripper velocity
[WARN] [1786499294.504289899] [stall_monitor]: loop gap 0 ms sim (6 ms wall, rtf 0.00) -> up to 0.000 rad of open-loop travel at saturated gripper velocity
[WARN] [1786499295.747121947] [stall_monitor]: loop gap 0 ms sim (2 ms wall, rtf 0.00) -> up to 0.000 rad of open-loop travel at saturated gripper velocity
[WARN] [1786499297.995875670] [stall_monitor]: loop gap 0 ms sim (2 ms wall, rtf 0.00) -> up to 0.000 rad of open-loop travel at saturated gripper velocity
[WARN] [1786499299.367086776] [stall_monitor]: loop gap 0 ms sim (2 ms wall, rtf 0.00) -> up to 0.000 rad of open-loop travel at saturated gripper velocity
[WARN] [1786499306.471757988] [stall_monitor]: loop gap 0 ms sim (2 ms wall, rtf 0.00) -> up to 0.000 rad of open-loop travel at saturated gripper velocity
[WARN] [1786499307.476475239] [stall_monitor]: loop gap 0 ms sim (2 ms wall, rtf 0.00) -> up to 0.000 rad of open-loop travel at saturated gripper velocity
[WARN] [1786499311.308352308] [stall_monitor]: loop gap 0 ms sim (2 ms wall, rtf 0.00) -> up to 0.000 rad of open-loop travel at saturated gripper velocity
[WARN] [1786499341.474345181] [stall_monitor]: loop gap 0 ms sim (2 ms wall, rtf 0.00) -> up to 0.000 rad of open-loop travel at saturated gripper velocity
[WARN] [1786499351.478847449] [stall_monitor]: loop gap 0 ms sim (1 ms wall, rtf 0.00) -> up to 0.000 rad of open-loop travel at saturated gripper velocity
[stall_monitor] messages=31445 gaps_logged=20 max_sim_gap_ms=6.0 implied_max_overshoot_rad=0.003

════════════════════════════════════════════════════════════
§ 7. Cleanup

════════════════════════════════════════════════════════════
scripts/lib/gz_settle.sh: line 99: 87921 Killed                  nohup ros2 launch ur5e_robotiq_description ur5e_robotiq_sim_control.launch.py > "$SIM_LOG" 2>&1

done: 2026-08-12T03:49:17+02:00
artifacts:
  sim_log=docs/m3_cyclelive_sim_20260812_034734_23701.log
  movegroup_log=docs/m3_cyclelive_movegroup_20260812_034734_23701.log
  grasp_log=docs/m3_cyclelive_grasp_20260812_034734_23701.log
  stall_csv=docs/m3_cyclelive_stalls_20260812_034734_23701.csv
  grasp_csv=m3_grasp_trace_cyclelive_20260812_034734_23701.csv
