
════════════════════════════════════════════════════════════
§ 0. Clean slate

════════════════════════════════════════════════════════════

════════════════════════════════════════════════════════════
§ 1. Launch sim (ur5e_robotiq_sim_control.launch.py)

════════════════════════════════════════════════════════════
  sim launch PID=108359, log=docs/m3_cyclelive_sim_20260812_040226_13386.log
  controllers active after 13.72s
  controllers active after 1.10s

════════════════════════════════════════════════════════════
§ 1.5 Start stall_monitor (passive /joint_states cadence recorder, whole cycle)

════════════════════════════════════════════════════════════
  stall_monitor PID=108823, csv=docs/m3_cyclelive_stalls_20260812_040226_13386.csv, log=docs/m3_cyclelive_stallmonitor_20260812_040226_13386.log

════════════════════════════════════════════════════════════
§ 2. Launch move_group

════════════════════════════════════════════════════════════
  move_group PID=108849, log=docs/m3_cyclelive_movegroup_20260812_040226_13386.log
  move_group node present after 0.5s (+3s buffer taken)

════════════════════════════════════════════════════════════
§ 3. Spawn pick object

════════════════════════════════════════════════════════════

════════════════════════════════════════════════════════════
§ 0. Read object: block from scene.yaml

════════════════════════════════════════════════════════════
  object=pick_target size=0.045 0.045 0.045 m mass=0.15 kg mu=1.0
  pick_pose=0.45 -0.15 0.7725  rpy=0.0 0.0 0.0

════════════════════════════════════════════════════════════
§ 1. Spawn pick_target at pick_pose

════════════════════════════════════════════════════════════
    data: true

════════════════════════════════════════════════════════════
§ 2. Settle onto the table (gravity only, not contact-loaded)

════════════════════════════════════════════════════════════
[settle] poses settled after 0.67s (max|delta over 0.15s|=0.000000 m)
  settled z = 0.772499999938291 (expected table.surface_z + size.z/2 = 0.77250)

done: 2026-08-12T04:02:51+02:00

════════════════════════════════════════════════════════════
§ 4. Gate BEFORE (gz_assert_gripper_responsive)

════════════════════════════════════════════════════════════
  [ok] gripper responsive: 0.1rad close completed cleanly in 3.24s

════════════════════════════════════════════════════════════
§ 5. Run m3_grasp (streamed live, torn down on RUN SUMMARY -- see file header)

════════════════════════════════════════════════════════════
[INFO] [launch]: All log files can be found below /home/user/.ros/log/2026-08-12-04-02-59-399173-Sachin-109159
[INFO] [launch]: Default logging verbosity is set to INFO
[INFO] [static_scene_tf-1]: process started with pid [109179]
[INFO] [m3_grasp-2]: process started with pid [109180]
[static_scene_tf-1] [0m[INFO] [1786500179.729237594] [static_scene_tf]: published static frames: world->object_frame (pick_pose), object_frame->grasp_frame (approach_axis=[0.000 0.000 -1.000] roll=0.000), tool0->grasp_tcp (tcp_offset=0.1204), world->place_frame (place_pose)[0m
[m3_grasp-2] [0m[INFO] [1786500179.766519809] [m3_grasp]: GRASP MODE: friction (physics)[0m
[m3_grasp-2] [0m[INFO] [1786500179.766675178] [m3_grasp]: pad-centre-corrected offset: tcp_offset=0.120405 + pad_centre_offset=0.031573 = 0.151978 m (NOT YET LIVE-VERIFIED direction -- see file header)[0m
[m3_grasp-2] [0m[INFO] [1786500179.918226487] [m3_grasp]: base-pose guard OK: 'base_link' matches scene.yaml within tolerance (pos error 0.00000 m, angle error 0.00000 rad)[0m
[m3_grasp-2] [33m[WARN] [1786500179.952499078] [rcl.logging_rosout]: Publisher already registered for node name: 'm3_grasp'. If this is due to multiple nodes with the same name then all logs for the logger named 'm3_grasp' will go out over the existing publisher. As soon as any node with that name is destructed it will unregister the publisher, preventing any further logs for that name from being published on the rosout topic.[0m
[m3_grasp-2] [0m[INFO] [1786500179.978294029] [m3_grasp.moveit.ros.rdf_loader]: Loaded robot model in 0.004 seconds[0m
[m3_grasp-2] [0m[INFO] [1786500179.978379349] [m3_grasp.moveit.core.robot_model]: Loading robot model 'ur5e_robotiq'...[0m
[m3_grasp-2] [0m[INFO] [1786500179.978410319] [m3_grasp.moveit.core.robot_model]: No root/virtual joint specified in SRDF. Assuming fixed joint[0m
[m3_grasp-2] [0m[INFO] [1786500180.000185534] [m3_grasp.moveit.kinematics.kdl_kinematics_plugin]: Joint weights for group 'arm': 1 1 1 1 1 1[0m
[m3_grasp-2] [0m[INFO] [1786500180.038599121] [m3_grasp.moveit.ros.move_group_interface]: Ready to take commands for planning group arm.[0m
[m3_grasp-2] [0m[INFO] [1786500180.038665424] [m3_grasp]: pre-grasp tool0 target (world): [0.4500 -0.1500 1.0245]  grasp tool0 target: [0.4500 -0.1500 0.9245]  (corrected_offset=0.151978)[0m
[m3_grasp-2] [0m[INFO] [1786500180.038819740] [m3_grasp.moveit.ros.move_group_interface]: MoveGroup action client/server ready[0m
[m3_grasp-2] [0m[INFO] [1786500180.040475980] [m3_grasp.moveit.ros.move_group_interface]: Planning request accepted[0m
[m3_grasp-2] [0m[INFO] [1786500180.082177681] [m3_grasp.moveit.ros.move_group_interface]: Planning request complete![0m
[m3_grasp-2] [0m[INFO] [1786500180.083366900] [m3_grasp.moveit.ros.move_group_interface]: time taken to generate plan: 0.0238754 seconds[0m
[m3_grasp-2] [0m[INFO] [1786500180.085185369] [m3_grasp.moveit.ros.move_group_interface]: Execute request accepted[0m
[m3_grasp-2] [0m[INFO] [1786500193.090065791] [m3_grasp.moveit.ros.move_group_interface]: Execute request success![0m
[m3_grasp-2] [0m[INFO] [1786500194.151692404] [m3_grasp]: pre-close: REACHED_GOAL in achieved=0.0956 rad (target was 0.1055, free air)[0m
[m3_grasp-2] [0m[INFO] [1786500194.154480756] [m3_grasp]: computeCartesianPath fraction achieved: 1.0000 (need > 0.9500)[0m
[m3_grasp-2] [0m[INFO] [1786500194.154548138] [m3_grasp]: executing Cartesian descent to grasp target...[0m
[m3_grasp-2] [0m[INFO] [1786500194.154963818] [m3_grasp.moveit.ros.move_group_interface]: Execute request accepted[0m
[m3_grasp-2] [0m[INFO] [1786500196.158038966] [m3_grasp.moveit.ros.move_group_interface]: Execute request success![0m
[m3_grasp-2] [0m[INFO] [1786500196.158699072] [m3_grasp]: execution reported SUCCESS[0m
[m3_grasp-2] [0m[INFO] [1786500196.796531660] [m3_grasp]: stage 2 ground truth: grasp_tcp (Gazebo, not TF) = [0.4500 -0.1500 0.7725]  tcp_error_m=0.0000 (max 0.0050)[0m
[m3_grasp-2] [0m[INFO] [1786500198.098608307] [m3_grasp]: gripper_close_and_hold: STALLED in achieved=0.4029 rad (target was 0.8000)[0m
[m3_grasp-2] [0m[INFO] [1786500198.098660984] [m3_grasp]: grasp-success check (informational only, does not gate the cycle): achieved=0.4029 expected=0.4055 (width=0.0450m) |err|=0.0026 tolerance=0.0235 -> WITHIN TOLERANCE[0m
[m3_grasp-2] [0m[INFO] [1786500198.098696217] [m3_grasp]: M3 STAGE 3 LIFT_BEGIN cycle=0 sim=0 t=43.044000[0m
[m3_grasp-2] [0m[INFO] [1786500198.100210434] [m3_grasp.moveit.ros.current_state_monitor]: Listening to joint states on topic 'joint_states'[0m
[m3_grasp-2] [0m[INFO] [1786500198.105428953] [m3_grasp.moveit.ros.move_group_interface]: Execute request accepted[0m
[m3_grasp-2] [0m[INFO] [1786500201.810937599] [m3_grasp.moveit.ros.move_group_interface]: Execute request success![0m
[m3_grasp-2] [0m[INFO] [1786500201.812017591] [m3_grasp]: lift ok (fraction 1.0000)[0m
[m3_grasp-2] [0m[INFO] [1786500201.812076770] [m3_grasp]: M3 STAGE 3 LIFT_DONE cycle=0 sim=0 t=45.201000[0m
[m3_grasp-2] [0m[INFO] [1786500201.935260674] [m3_grasp]: dwelling 2.00 s (slip baseline sample)[0m
[m3_grasp-2] [0m[INFO] [1786500205.258106170] [m3_grasp]: M3 STAGE 4 TRANSPORT_BEGIN cycle=0 sim=0 t=47.262000[0m
[m3_grasp-2] [0m[INFO] [1786500205.258251333] [m3_grasp.moveit.ros.move_group_interface]: MoveGroup action client/server ready[0m
[m3_grasp-2] [0m[INFO] [1786500205.258590405] [m3_grasp.moveit.ros.move_group_interface]: Planning request accepted[0m
[m3_grasp-2] [0m[INFO] [1786500205.291767905] [m3_grasp.moveit.ros.move_group_interface]: Planning request complete![0m
[m3_grasp-2] [0m[INFO] [1786500205.292934372] [m3_grasp.moveit.ros.move_group_interface]: time taken to generate plan: 0.0285036 seconds[0m
[m3_grasp-2] [0m[INFO] [1786500205.293377876] [m3_grasp.moveit.ros.move_group_interface]: Execute request accepted[0m
[m3_grasp-2] [0m[INFO] [1786500210.796318077] [m3_grasp.moveit.ros.move_group_interface]: Execute request success![0m
[m3_grasp-2] [0m[INFO] [1786500210.796436238] [m3_grasp]: M3 STAGE 4 TRANSPORT_DONE cycle=0 sim=0 t=50.693000[0m
[m3_grasp-2] [0m[INFO] [1786500210.796561580] [m3_grasp]: dwelling 2.00 s (slip comparison sample)[0m
[m3_grasp-2] [0m[INFO] [1786500214.068533888] [m3_grasp]: M3 STAGE 5 PLACE_DESCEND_BEGIN cycle=0 sim=0 t=52.693000[0m
[m3_grasp-2] [0m[INFO] [1786500214.075554932] [m3_grasp.moveit.ros.move_group_interface]: Execute request accepted[0m
[m3_grasp-2] [0m[INFO] [1786500217.230771032] [m3_grasp.moveit.ros.move_group_interface]: Execute request success![0m
[m3_grasp-2] [0m[INFO] [1786500217.230907051] [m3_grasp]: place descent ok (fraction 1.0000)[0m
[m3_grasp-2] [0m[INFO] [1786500217.230941934] [m3_grasp]: M3 STAGE 5 PLACE_DESCEND_DONE cycle=0 sim=0 t=54.637000[0m
[m3_grasp-2] [0m[INFO] [1786500217.230959563] [m3_grasp]: M3 STAGE 6 RELEASE_BEGIN cycle=0 sim=0 t=54.637000[0m
[m3_grasp-2] [0m[INFO] [1786500218.233505100] [m3_grasp]: release: STALLED in achieved=0.3493 rad (target was 0.3097)[0m
[m3_grasp-2] [0m[INFO] [1786500218.233691557] [m3_grasp]: M3 STAGE 6 RELEASE_DONE cycle=0 sim=0 t=55.637000[0m
[m3_grasp-2] [0m[INFO] [1786500218.233761710] [m3_grasp]: M3 STAGE 7 RETREAT_BEGIN cycle=0 sim=0 t=55.637000[0m
[m3_grasp-2] [0m[INFO] [1786500218.239462167] [m3_grasp.moveit.ros.move_group_interface]: Execute request accepted[0m
[m3_grasp-2] [0m[INFO] [1786500220.193614487] [m3_grasp.moveit.ros.move_group_interface]: Execute request success![0m
[m3_grasp-2] [0m[INFO] [1786500220.193875205] [m3_grasp]: retreat ok (fraction 1.0000)[0m
[m3_grasp-2] [0m[INFO] [1786500220.193920470] [m3_grasp]: M3 STAGE 7 RETREAT_DONE cycle=0 sim=0 t=57.596000[0m
[m3_grasp-2] [0m[INFO] [1786500220.194009280] [m3_grasp]: cycle 0 complete: lift -> transport -> place -> release -> retreat. Whether the object ARRIVED is not decided here — that is Gazebo ground truth, measured by the harness.[0m
[m3_grasp-2] [0m[INFO] [1786500220.221458299] [m3_grasp]: wrote evidence to m3_grasp_trace_cyclelive_20260812_040226_13386.csv[0m
[m3_grasp-2] [0m[INFO] [1786500220.221556420] [m3_grasp]: RUN SUMMARY: milestone=M3 result=SUCCESS cartesian_fraction=1.0000 executed=yes tcp_error_m=0.0000 ground_truth=yes gripper_result=STALLED achieved_grip_angle=0.4029 expected_grip_angle=0.4055 within_tolerance=yes preclose_result=REACHED_GOAL preclose_achieved=0.0956 attempted_transport=yes transport_result=SUCCESS[0m
  RUN SUMMARY seen, tearing down now instead of waiting on the launchs own dead-wait
[INFO] [m3_grasp-2]: process has finished cleanly [pid 109180]

════════════════════════════════════════════════════════════
§ 6. Gate AFTER (gz_assert_gripper_responsive)

════════════════════════════════════════════════════════════
  [ok] gripper responsive: 0.1rad close completed cleanly in 3.51s
  GATE_AFTER=OK

════════════════════════════════════════════════════════════
§ 6.5 Stop stall_monitor

════════════════════════════════════════════════════════════
--- docs/m3_cyclelive_stallmonitor_20260812_040226_13386.log ---
[INFO] [1786500164.649113045] [stall_monitor]: stall_monitor: topic=/joint_states out=docs/m3_cyclelive_stalls_20260812_040226_13386.csv min_gap=20ms heartbeat=30s
[INFO] [1786500164.649622446] [stall_monitor]: gaps are HEADER-STAMP (sim time) deltas; wall column is arrival time and exists only to separate loop stalls from monitor lag
[WARN] [1786500166.260255785] [stall_monitor]: loop gap 0 ms sim (2 ms wall, rtf 0.00) -> up to 0.000 rad of open-loop travel at saturated gripper velocity
[WARN] [1786500166.262064945] [stall_monitor]: loop gap 0 ms sim (2 ms wall, rtf 0.00) -> up to 0.000 rad of open-loop travel at saturated gripper velocity
[WARN] [1786500166.264072762] [stall_monitor]: loop gap 0 ms sim (2 ms wall, rtf 0.00) -> up to 0.000 rad of open-loop travel at saturated gripper velocity
[WARN] [1786500166.266138609] [stall_monitor]: loop gap 0 ms sim (2 ms wall, rtf 0.00) -> up to 0.000 rad of open-loop travel at saturated gripper velocity
[WARN] [1786500166.268188507] [stall_monitor]: loop gap 0 ms sim (2 ms wall, rtf 0.00) -> up to 0.000 rad of open-loop travel at saturated gripper velocity
[WARN] [1786500166.270196424] [stall_monitor]: loop gap 0 ms sim (2 ms wall, rtf 0.00) -> up to 0.000 rad of open-loop travel at saturated gripper velocity
[WARN] [1786500166.272278812] [stall_monitor]: loop gap 0 ms sim (2 ms wall, rtf 0.00) -> up to 0.000 rad of open-loop travel at saturated gripper velocity
[WARN] [1786500166.274504471] [stall_monitor]: loop gap 0 ms sim (2 ms wall, rtf 0.00) -> up to 0.000 rad of open-loop travel at saturated gripper velocity
[WARN] [1786500166.276479311] [stall_monitor]: loop gap 0 ms sim (2 ms wall, rtf 0.00) -> up to 0.000 rad of open-loop travel at saturated gripper velocity
[WARN] [1786500166.278512947] [stall_monitor]: loop gap 0 ms sim (2 ms wall, rtf 0.00) -> up to 0.000 rad of open-loop travel at saturated gripper velocity
[WARN] [1786500166.280980796] [stall_monitor]: loop gap 0 ms sim (2 ms wall, rtf 0.00) -> up to 0.000 rad of open-loop travel at saturated gripper velocity
[WARN] [1786500166.282671447] [stall_monitor]: loop gap 0 ms sim (2 ms wall, rtf 0.00) -> up to 0.000 rad of open-loop travel at saturated gripper velocity
[WARN] [1786500166.284355563] [stall_monitor]: loop gap 0 ms sim (2 ms wall, rtf 0.00) -> up to 0.000 rad of open-loop travel at saturated gripper velocity
[WARN] [1786500166.286406662] [stall_monitor]: loop gap 0 ms sim (2 ms wall, rtf 0.00) -> up to 0.000 rad of open-loop travel at saturated gripper velocity
[WARN] [1786500166.288367892] [stall_monitor]: loop gap 0 ms sim (2 ms wall, rtf 0.00) -> up to 0.000 rad of open-loop travel at saturated gripper velocity
[WARN] [1786500166.290418787] [stall_monitor]: loop gap 0 ms sim (2 ms wall, rtf 0.00) -> up to 0.000 rad of open-loop travel at saturated gripper velocity
[WARN] [1786500166.292310107] [stall_monitor]: loop gap 0 ms sim (2 ms wall, rtf 0.00) -> up to 0.000 rad of open-loop travel at saturated gripper velocity
[WARN] [1786500166.294318382] [stall_monitor]: loop gap 0 ms sim (2 ms wall, rtf 0.00) -> up to 0.000 rad of open-loop travel at saturated gripper velocity
[WARN] [1786500166.296393526] [stall_monitor]: loop gap 0 ms sim (2 ms wall, rtf 0.00) -> up to 0.000 rad of open-loop travel at saturated gripper velocity
[WARN] [1786500166.298283101] [stall_monitor]: loop gap 0 ms sim (2 ms wall, rtf 0.00) -> up to 0.000 rad of open-loop travel at saturated gripper velocity
[WARN] [1786500166.300249248] [stall_monitor]: loop gap 0 ms sim (2 ms wall, rtf 0.00) -> up to 0.000 rad of open-loop travel at saturated gripper velocity
[WARN] [1786500166.302349666] [stall_monitor]: loop gap 0 ms sim (2 ms wall, rtf 0.00) -> up to 0.000 rad of open-loop travel at saturated gripper velocity
[WARN] [1786500166.304212193] [stall_monitor]: loop gap 0 ms sim (2 ms wall, rtf 0.00) -> up to 0.000 rad of open-loop travel at saturated gripper velocity
[WARN] [1786500166.306150202] [stall_monitor]: loop gap 0 ms sim (2 ms wall, rtf 0.00) -> up to 0.000 rad of open-loop travel at saturated gripper velocity
[WARN] [1786500166.308178941] [stall_monitor]: loop gap 0 ms sim (2 ms wall, rtf 0.00) -> up to 0.000 rad of open-loop travel at saturated gripper velocity
[WARN] [1786500166.310120188] [stall_monitor]: loop gap 0 ms sim (2 ms wall, rtf 0.00) -> up to 0.000 rad of open-loop travel at saturated gripper velocity
[WARN] [1786500166.312193329] [stall_monitor]: loop gap 0 ms sim (2 ms wall, rtf 0.00) -> up to 0.000 rad of open-loop travel at saturated gripper velocity
[WARN] [1786500166.314339649] [stall_monitor]: loop gap 0 ms sim (2 ms wall, rtf 0.00) -> up to 0.000 rad of open-loop travel at saturated gripper velocity
[WARN] [1786500166.316140917] [stall_monitor]: loop gap 0 ms sim (2 ms wall, rtf 0.00) -> up to 0.000 rad of open-loop travel at saturated gripper velocity
[WARN] [1786500166.318220262] [stall_monitor]: loop gap 0 ms sim (2 ms wall, rtf 0.00) -> up to 0.000 rad of open-loop travel at saturated gripper velocity
[WARN] [1786500166.320434271] [stall_monitor]: loop gap 0 ms sim (2 ms wall, rtf 0.00) -> up to 0.000 rad of open-loop travel at saturated gripper velocity
[WARN] [1786500166.322144764] [stall_monitor]: loop gap 0 ms sim (2 ms wall, rtf 0.00) -> up to 0.000 rad of open-loop travel at saturated gripper velocity
[WARN] [1786500166.324248010] [stall_monitor]: loop gap 0 ms sim (2 ms wall, rtf 0.00) -> up to 0.000 rad of open-loop travel at saturated gripper velocity
[WARN] [1786500166.326371220] [stall_monitor]: loop gap 0 ms sim (2 ms wall, rtf 0.00) -> up to 0.000 rad of open-loop travel at saturated gripper velocity
[WARN] [1786500166.328378177] [stall_monitor]: loop gap 0 ms sim (2 ms wall, rtf 0.00) -> up to 0.000 rad of open-loop travel at saturated gripper velocity
[WARN] [1786500166.330289284] [stall_monitor]: loop gap 0 ms sim (2 ms wall, rtf 0.00) -> up to 0.000 rad of open-loop travel at saturated gripper velocity
[WARN] [1786500166.332301328] [stall_monitor]: loop gap 0 ms sim (2 ms wall, rtf 0.00) -> up to 0.000 rad of open-loop travel at saturated gripper velocity
[WARN] [1786500166.334310773] [stall_monitor]: loop gap 0 ms sim (2 ms wall, rtf 0.00) -> up to 0.000 rad of open-loop travel at saturated gripper velocity
[WARN] [1786500166.336252494] [stall_monitor]: loop gap 0 ms sim (2 ms wall, rtf 0.00) -> up to 0.000 rad of open-loop travel at saturated gripper velocity
[WARN] [1786500166.338338411] [stall_monitor]: loop gap 0 ms sim (2 ms wall, rtf 0.00) -> up to 0.000 rad of open-loop travel at saturated gripper velocity
[WARN] [1786500166.340331237] [stall_monitor]: loop gap 0 ms sim (2 ms wall, rtf 0.00) -> up to 0.000 rad of open-loop travel at saturated gripper velocity
[WARN] [1786500166.342407354] [stall_monitor]: loop gap 0 ms sim (2 ms wall, rtf 0.00) -> up to 0.000 rad of open-loop travel at saturated gripper velocity
[WARN] [1786500166.344364760] [stall_monitor]: loop gap 0 ms sim (2 ms wall, rtf 0.00) -> up to 0.000 rad of open-loop travel at saturated gripper velocity
[WARN] [1786500166.346272192] [stall_monitor]: loop gap 0 ms sim (2 ms wall, rtf 0.00) -> up to 0.000 rad of open-loop travel at saturated gripper velocity
[WARN] [1786500166.348390110] [stall_monitor]: loop gap 0 ms sim (2 ms wall, rtf 0.00) -> up to 0.000 rad of open-loop travel at saturated gripper velocity
[WARN] [1786500166.350413963] [stall_monitor]: loop gap 0 ms sim (2 ms wall, rtf 0.00) -> up to 0.000 rad of open-loop travel at saturated gripper velocity
[WARN] [1786500166.352321557] [stall_monitor]: loop gap 0 ms sim (2 ms wall, rtf 0.00) -> up to 0.000 rad of open-loop travel at saturated gripper velocity
[WARN] [1786500166.354301735] [stall_monitor]: loop gap 0 ms sim (2 ms wall, rtf 0.00) -> up to 0.000 rad of open-loop travel at saturated gripper velocity
[WARN] [1786500166.356273013] [stall_monitor]: loop gap 0 ms sim (2 ms wall, rtf 0.00) -> up to 0.000 rad of open-loop travel at saturated gripper velocity
[WARN] [1786500166.358250246] [stall_monitor]: loop gap 0 ms sim (2 ms wall, rtf 0.00) -> up to 0.000 rad of open-loop travel at saturated gripper velocity
[WARN] [1786500166.360268641] [stall_monitor]: loop gap 0 ms sim (2 ms wall, rtf 0.00) -> up to 0.000 rad of open-loop travel at saturated gripper velocity
[WARN] [1786500166.362339048] [stall_monitor]: loop gap 0 ms sim (2 ms wall, rtf 0.00) -> up to 0.000 rad of open-loop travel at saturated gripper velocity
[WARN] [1786500166.364281284] [stall_monitor]: loop gap 0 ms sim (2 ms wall, rtf 0.00) -> up to 0.000 rad of open-loop travel at saturated gripper velocity
[WARN] [1786500166.366268623] [stall_monitor]: loop gap 0 ms sim (2 ms wall, rtf 0.00) -> up to 0.000 rad of open-loop travel at saturated gripper velocity
[WARN] [1786500166.368314501] [stall_monitor]: loop gap 0 ms sim (2 ms wall, rtf 0.00) -> up to 0.000 rad of open-loop travel at saturated gripper velocity
[WARN] [1786500166.370248302] [stall_monitor]: loop gap 0 ms sim (2 ms wall, rtf 0.00) -> up to 0.000 rad of open-loop travel at saturated gripper velocity
[WARN] [1786500166.372260262] [stall_monitor]: loop gap 0 ms sim (2 ms wall, rtf 0.00) -> up to 0.000 rad of open-loop travel at saturated gripper velocity
[WARN] [1786500166.374221912] [stall_monitor]: loop gap 0 ms sim (2 ms wall, rtf 0.00) -> up to 0.000 rad of open-loop travel at saturated gripper velocity
[WARN] [1786500166.376474971] [stall_monitor]: loop gap 0 ms sim (2 ms wall, rtf 0.00) -> up to 0.000 rad of open-loop travel at saturated gripper velocity
[WARN] [1786500166.378286348] [stall_monitor]: loop gap 0 ms sim (2 ms wall, rtf 0.00) -> up to 0.000 rad of open-loop travel at saturated gripper velocity
[WARN] [1786500166.380597189] [stall_monitor]: loop gap 0 ms sim (2 ms wall, rtf 0.00) -> up to 0.000 rad of open-loop travel at saturated gripper velocity
[WARN] [1786500166.382666874] [stall_monitor]: loop gap 0 ms sim (2 ms wall, rtf 0.00) -> up to 0.000 rad of open-loop travel at saturated gripper velocity
[WARN] [1786500166.384410017] [stall_monitor]: loop gap 0 ms sim (2 ms wall, rtf 0.00) -> up to 0.000 rad of open-loop travel at saturated gripper velocity
[WARN] [1786500166.386444529] [stall_monitor]: loop gap 0 ms sim (2 ms wall, rtf 0.00) -> up to 0.000 rad of open-loop travel at saturated gripper velocity
[WARN] [1786500166.388283471] [stall_monitor]: loop gap 0 ms sim (2 ms wall, rtf 0.00) -> up to 0.000 rad of open-loop travel at saturated gripper velocity
[WARN] [1786500166.390276498] [stall_monitor]: loop gap 0 ms sim (2 ms wall, rtf 0.00) -> up to 0.000 rad of open-loop travel at saturated gripper velocity
[WARN] [1786500166.392550341] [stall_monitor]: loop gap 0 ms sim (2 ms wall, rtf 0.00) -> up to 0.000 rad of open-loop travel at saturated gripper velocity
[WARN] [1786500166.394695106] [stall_monitor]: loop gap 0 ms sim (2 ms wall, rtf 0.00) -> up to 0.000 rad of open-loop travel at saturated gripper velocity
[WARN] [1786500166.396340537] [stall_monitor]: loop gap 0 ms sim (2 ms wall, rtf 0.00) -> up to 0.000 rad of open-loop travel at saturated gripper velocity
[WARN] [1786500166.398268692] [stall_monitor]: loop gap 0 ms sim (2 ms wall, rtf 0.00) -> up to 0.000 rad of open-loop travel at saturated gripper velocity
[WARN] [1786500166.400590960] [stall_monitor]: loop gap 0 ms sim (2 ms wall, rtf 0.00) -> up to 0.000 rad of open-loop travel at saturated gripper velocity
[WARN] [1786500166.402412831] [stall_monitor]: loop gap 0 ms sim (2 ms wall, rtf 0.00) -> up to 0.000 rad of open-loop travel at saturated gripper velocity
[WARN] [1786500166.404404908] [stall_monitor]: loop gap 0 ms sim (2 ms wall, rtf 0.00) -> up to 0.000 rad of open-loop travel at saturated gripper velocity
[WARN] [1786500166.406300956] [stall_monitor]: loop gap 0 ms sim (2 ms wall, rtf 0.00) -> up to 0.000 rad of open-loop travel at saturated gripper velocity
[WARN] [1786500166.408290997] [stall_monitor]: loop gap 0 ms sim (2 ms wall, rtf 0.00) -> up to 0.000 rad of open-loop travel at saturated gripper velocity
[WARN] [1786500166.410707079] [stall_monitor]: loop gap 0 ms sim (2 ms wall, rtf 0.00) -> up to 0.000 rad of open-loop travel at saturated gripper velocity
[WARN] [1786500166.412470597] [stall_monitor]: loop gap 0 ms sim (2 ms wall, rtf 0.00) -> up to 0.000 rad of open-loop travel at saturated gripper velocity
[WARN] [1786500166.414495591] [stall_monitor]: loop gap 0 ms sim (2 ms wall, rtf 0.00) -> up to 0.000 rad of open-loop travel at saturated gripper velocity
[WARN] [1786500166.416421253] [stall_monitor]: loop gap 0 ms sim (2 ms wall, rtf 0.00) -> up to 0.000 rad of open-loop travel at saturated gripper velocity
[WARN] [1786500166.418324562] [stall_monitor]: loop gap 0 ms sim (2 ms wall, rtf 0.00) -> up to 0.000 rad of open-loop travel at saturated gripper velocity
[WARN] [1786500166.420337404] [stall_monitor]: loop gap 0 ms sim (2 ms wall, rtf 0.00) -> up to 0.000 rad of open-loop travel at saturated gripper velocity
[WARN] [1786500166.422310198] [stall_monitor]: loop gap 0 ms sim (2 ms wall, rtf 0.00) -> up to 0.000 rad of open-loop travel at saturated gripper velocity
[WARN] [1786500166.424247732] [stall_monitor]: loop gap 0 ms sim (2 ms wall, rtf 0.00) -> up to 0.000 rad of open-loop travel at saturated gripper velocity
[WARN] [1786500166.426698766] [stall_monitor]: loop gap 0 ms sim (2 ms wall, rtf 0.00) -> up to 0.000 rad of open-loop travel at saturated gripper velocity
[WARN] [1786500166.428288853] [stall_monitor]: loop gap 0 ms sim (2 ms wall, rtf 0.00) -> up to 0.000 rad of open-loop travel at saturated gripper velocity
[WARN] [1786500166.430239598] [stall_monitor]: loop gap 0 ms sim (2 ms wall, rtf 0.00) -> up to 0.000 rad of open-loop travel at saturated gripper velocity
[WARN] [1786500166.432221085] [stall_monitor]: loop gap 0 ms sim (2 ms wall, rtf 0.00) -> up to 0.000 rad of open-loop travel at saturated gripper velocity
[WARN] [1786500166.434562965] [stall_monitor]: loop gap 0 ms sim (2 ms wall, rtf 0.00) -> up to 0.000 rad of open-loop travel at saturated gripper velocity
[WARN] [1786500166.436258885] [stall_monitor]: loop gap 0 ms sim (2 ms wall, rtf 0.00) -> up to 0.000 rad of open-loop travel at saturated gripper velocity
[WARN] [1786500166.438276691] [stall_monitor]: loop gap 0 ms sim (2 ms wall, rtf 0.00) -> up to 0.000 rad of open-loop travel at saturated gripper velocity
[WARN] [1786500166.440401218] [stall_monitor]: loop gap 0 ms sim (2 ms wall, rtf 0.00) -> up to 0.000 rad of open-loop travel at saturated gripper velocity
[WARN] [1786500166.442364159] [stall_monitor]: loop gap 0 ms sim (2 ms wall, rtf 0.00) -> up to 0.000 rad of open-loop travel at saturated gripper velocity
[WARN] [1786500166.445037543] [stall_monitor]: loop gap 0 ms sim (3 ms wall, rtf 0.00) -> up to 0.000 rad of open-loop travel at saturated gripper velocity
[WARN] [1786500166.446764306] [stall_monitor]: loop gap 0 ms sim (2 ms wall, rtf 0.00) -> up to 0.000 rad of open-loop travel at saturated gripper velocity
[WARN] [1786500166.448669532] [stall_monitor]: loop gap 0 ms sim (2 ms wall, rtf 0.00) -> up to 0.000 rad of open-loop travel at saturated gripper velocity
[WARN] [1786500166.450715913] [stall_monitor]: loop gap 0 ms sim (2 ms wall, rtf 0.00) -> up to 0.000 rad of open-loop travel at saturated gripper velocity
[WARN] [1786500166.452857702] [stall_monitor]: loop gap 0 ms sim (2 ms wall, rtf 0.00) -> up to 0.000 rad of open-loop travel at saturated gripper velocity
[WARN] [1786500166.455720856] [stall_monitor]: loop gap 0 ms sim (2 ms wall, rtf 0.00) -> up to 0.000 rad of open-loop travel at saturated gripper velocity
[WARN] [1786500166.457242121] [stall_monitor]: loop gap 0 ms sim (2 ms wall, rtf 0.00) -> up to 0.000 rad of open-loop travel at saturated gripper velocity
[WARN] [1786500166.459304015] [stall_monitor]: loop gap 0 ms sim (2 ms wall, rtf 0.00) -> up to 0.000 rad of open-loop travel at saturated gripper velocity
[WARN] [1786500166.461734077] [stall_monitor]: loop gap 0 ms sim (2 ms wall, rtf 0.00) -> up to 0.000 rad of open-loop travel at saturated gripper velocity
[WARN] [1786500166.462926607] [stall_monitor]: loop gap 0 ms sim (1 ms wall, rtf 0.00) -> up to 0.000 rad of open-loop travel at saturated gripper velocity
[WARN] [1786500166.464860624] [stall_monitor]: loop gap 0 ms sim (2 ms wall, rtf 0.00) -> up to 0.000 rad of open-loop travel at saturated gripper velocity
[WARN] [1786500166.466934880] [stall_monitor]: loop gap 0 ms sim (2 ms wall, rtf 0.00) -> up to 0.000 rad of open-loop travel at saturated gripper velocity
[WARN] [1786500166.468944268] [stall_monitor]: loop gap 0 ms sim (2 ms wall, rtf 0.00) -> up to 0.000 rad of open-loop travel at saturated gripper velocity
[WARN] [1786500166.470854993] [stall_monitor]: loop gap 0 ms sim (2 ms wall, rtf 0.00) -> up to 0.000 rad of open-loop travel at saturated gripper velocity
[WARN] [1786500166.472877553] [stall_monitor]: loop gap 0 ms sim (2 ms wall, rtf 0.00) -> up to 0.000 rad of open-loop travel at saturated gripper velocity
[WARN] [1786500166.474931272] [stall_monitor]: loop gap 0 ms sim (2 ms wall, rtf 0.00) -> up to 0.000 rad of open-loop travel at saturated gripper velocity
[WARN] [1786500166.477051435] [stall_monitor]: loop gap 0 ms sim (2 ms wall, rtf 0.00) -> up to 0.000 rad of open-loop travel at saturated gripper velocity
[WARN] [1786500166.479143488] [stall_monitor]: loop gap 0 ms sim (2 ms wall, rtf 0.00) -> up to 0.000 rad of open-loop travel at saturated gripper velocity
[WARN] [1786500166.481216254] [stall_monitor]: loop gap 0 ms sim (2 ms wall, rtf 0.00) -> up to 0.000 rad of open-loop travel at saturated gripper velocity
[WARN] [1786500166.482964074] [stall_monitor]: loop gap 0 ms sim (2 ms wall, rtf 0.00) -> up to 0.000 rad of open-loop travel at saturated gripper velocity
[WARN] [1786500166.484434422] [stall_monitor]: loop gap 0 ms sim (2 ms wall, rtf 0.00) -> up to 0.000 rad of open-loop travel at saturated gripper velocity
[WARN] [1786500166.487023911] [stall_monitor]: loop gap 0 ms sim (2 ms wall, rtf 0.00) -> up to 0.000 rad of open-loop travel at saturated gripper velocity
[WARN] [1786500166.488590714] [stall_monitor]: loop gap 0 ms sim (2 ms wall, rtf 0.00) -> up to 0.000 rad of open-loop travel at saturated gripper velocity
[WARN] [1786500166.490795395] [stall_monitor]: loop gap 0 ms sim (2 ms wall, rtf 0.00) -> up to 0.000 rad of open-loop travel at saturated gripper velocity
[WARN] [1786500166.492452789] [stall_monitor]: loop gap 0 ms sim (2 ms wall, rtf 0.00) -> up to 0.000 rad of open-loop travel at saturated gripper velocity
[WARN] [1786500166.495017597] [stall_monitor]: loop gap 0 ms sim (2 ms wall, rtf 0.00) -> up to 0.000 rad of open-loop travel at saturated gripper velocity
[WARN] [1786500166.496546047] [stall_monitor]: loop gap 0 ms sim (2 ms wall, rtf 0.00) -> up to 0.000 rad of open-loop travel at saturated gripper velocity
[WARN] [1786500166.498427154] [stall_monitor]: loop gap 0 ms sim (2 ms wall, rtf 0.00) -> up to 0.000 rad of open-loop travel at saturated gripper velocity
[WARN] [1786500166.500927534] [stall_monitor]: loop gap 0 ms sim (2 ms wall, rtf 0.00) -> up to 0.000 rad of open-loop travel at saturated gripper velocity
[WARN] [1786500166.502926174] [stall_monitor]: loop gap 0 ms sim (2 ms wall, rtf 0.00) -> up to 0.000 rad of open-loop travel at saturated gripper velocity
[WARN] [1786500166.504770516] [stall_monitor]: loop gap 0 ms sim (2 ms wall, rtf 0.00) -> up to 0.000 rad of open-loop travel at saturated gripper velocity
[WARN] [1786500166.506624475] [stall_monitor]: loop gap 0 ms sim (2 ms wall, rtf 0.00) -> up to 0.000 rad of open-loop travel at saturated gripper velocity
[WARN] [1786500166.509059779] [stall_monitor]: loop gap 0 ms sim (2 ms wall, rtf 0.00) -> up to 0.000 rad of open-loop travel at saturated gripper velocity
[WARN] [1786500166.510581838] [stall_monitor]: loop gap 0 ms sim (2 ms wall, rtf 0.00) -> up to 0.000 rad of open-loop travel at saturated gripper velocity
[WARN] [1786500166.513094214] [stall_monitor]: loop gap 0 ms sim (2 ms wall, rtf 0.00) -> up to 0.000 rad of open-loop travel at saturated gripper velocity
[WARN] [1786500166.514596867] [stall_monitor]: loop gap 0 ms sim (2 ms wall, rtf 0.00) -> up to 0.000 rad of open-loop travel at saturated gripper velocity
[WARN] [1786500166.517455502] [stall_monitor]: loop gap 0 ms sim (3 ms wall, rtf 0.00) -> up to 0.000 rad of open-loop travel at saturated gripper velocity
[WARN] [1786500166.518736994] [stall_monitor]: loop gap 0 ms sim (2 ms wall, rtf 0.00) -> up to 0.000 rad of open-loop travel at saturated gripper velocity
[WARN] [1786500166.521118999] [stall_monitor]: loop gap 0 ms sim (2 ms wall, rtf 0.00) -> up to 0.000 rad of open-loop travel at saturated gripper velocity
[WARN] [1786500166.522901070] [stall_monitor]: loop gap 0 ms sim (2 ms wall, rtf 0.00) -> up to 0.000 rad of open-loop travel at saturated gripper velocity
[WARN] [1786500166.524613422] [stall_monitor]: loop gap 0 ms sim (2 ms wall, rtf 0.00) -> up to 0.000 rad of open-loop travel at saturated gripper velocity
[WARN] [1786500166.527069576] [stall_monitor]: loop gap 0 ms sim (2 ms wall, rtf 0.00) -> up to 0.000 rad of open-loop travel at saturated gripper velocity
[WARN] [1786500166.529187987] [stall_monitor]: loop gap 0 ms sim (2 ms wall, rtf 0.00) -> up to 0.000 rad of open-loop travel at saturated gripper velocity
[WARN] [1786500166.530746151] [stall_monitor]: loop gap 0 ms sim (2 ms wall, rtf 0.00) -> up to 0.000 rad of open-loop travel at saturated gripper velocity
[WARN] [1786500166.533130065] [stall_monitor]: loop gap 0 ms sim (2 ms wall, rtf 0.00) -> up to 0.000 rad of open-loop travel at saturated gripper velocity
[WARN] [1786500166.534931064] [stall_monitor]: loop gap 0 ms sim (2 ms wall, rtf 0.00) -> up to 0.000 rad of open-loop travel at saturated gripper velocity
[WARN] [1786500166.536717145] [stall_monitor]: loop gap 0 ms sim (2 ms wall, rtf 0.00) -> up to 0.000 rad of open-loop travel at saturated gripper velocity
[WARN] [1786500166.539171598] [stall_monitor]: loop gap 0 ms sim (2 ms wall, rtf 0.00) -> up to 0.000 rad of open-loop travel at saturated gripper velocity
[WARN] [1786500166.540570683] [stall_monitor]: loop gap 0 ms sim (2 ms wall, rtf 0.00) -> up to 0.000 rad of open-loop travel at saturated gripper velocity
[WARN] [1786500166.543234771] [stall_monitor]: loop gap 0 ms sim (2 ms wall, rtf 0.00) -> up to 0.000 rad of open-loop travel at saturated gripper velocity
[WARN] [1786500166.544432796] [stall_monitor]: loop gap 0 ms sim (1 ms wall, rtf 0.00) -> up to 0.000 rad of open-loop travel at saturated gripper velocity
[WARN] [1786500166.547274247] [stall_monitor]: loop gap 0 ms sim (3 ms wall, rtf 0.00) -> up to 0.000 rad of open-loop travel at saturated gripper velocity
[WARN] [1786500166.549549212] [stall_monitor]: loop gap 0 ms sim (2 ms wall, rtf 0.00) -> up to 0.000 rad of open-loop travel at saturated gripper velocity
[WARN] [1786500166.551529593] [stall_monitor]: loop gap 0 ms sim (2 ms wall, rtf 0.00) -> up to 0.000 rad of open-loop travel at saturated gripper velocity
[WARN] [1786500166.552642447] [stall_monitor]: loop gap 0 ms sim (2 ms wall, rtf 0.00) -> up to 0.000 rad of open-loop travel at saturated gripper velocity
[WARN] [1786500166.554849850] [stall_monitor]: loop gap 0 ms sim (2 ms wall, rtf 0.00) -> up to 0.000 rad of open-loop travel at saturated gripper velocity
[WARN] [1786500166.556762872] [stall_monitor]: loop gap 0 ms sim (2 ms wall, rtf 0.00) -> up to 0.000 rad of open-loop travel at saturated gripper velocity
[WARN] [1786500166.558929503] [stall_monitor]: loop gap 0 ms sim (2 ms wall, rtf 0.00) -> up to 0.000 rad of open-loop travel at saturated gripper velocity
[WARN] [1786500166.561157166] [stall_monitor]: loop gap 0 ms sim (2 ms wall, rtf 0.00) -> up to 0.000 rad of open-loop travel at saturated gripper velocity
[WARN] [1786500166.562733665] [stall_monitor]: loop gap 0 ms sim (2 ms wall, rtf 0.00) -> up to 0.000 rad of open-loop travel at saturated gripper velocity
[WARN] [1786500166.564695191] [stall_monitor]: loop gap 0 ms sim (2 ms wall, rtf 0.00) -> up to 0.000 rad of open-loop travel at saturated gripper velocity
[WARN] [1786500166.566596901] [stall_monitor]: loop gap 0 ms sim (2 ms wall, rtf 0.00) -> up to 0.000 rad of open-loop travel at saturated gripper velocity
[WARN] [1786500166.568871237] [stall_monitor]: loop gap 0 ms sim (2 ms wall, rtf 0.00) -> up to 0.000 rad of open-loop travel at saturated gripper velocity
[WARN] [1786500166.570414694] [stall_monitor]: loop gap 0 ms sim (2 ms wall, rtf 0.00) -> up to 0.000 rad of open-loop travel at saturated gripper velocity
[WARN] [1786500166.573236568] [stall_monitor]: loop gap 0 ms sim (2 ms wall, rtf 0.00) -> up to 0.000 rad of open-loop travel at saturated gripper velocity
[WARN] [1786500166.574862442] [stall_monitor]: loop gap 0 ms sim (2 ms wall, rtf 0.00) -> up to 0.000 rad of open-loop travel at saturated gripper velocity
[WARN] [1786500166.577008711] [stall_monitor]: loop gap 0 ms sim (2 ms wall, rtf 0.00) -> up to 0.000 rad of open-loop travel at saturated gripper velocity
[WARN] [1786500166.578897192] [stall_monitor]: loop gap 0 ms sim (2 ms wall, rtf 0.00) -> up to 0.000 rad of open-loop travel at saturated gripper velocity
[WARN] [1786500166.580845357] [stall_monitor]: loop gap 0 ms sim (2 ms wall, rtf 0.00) -> up to 0.000 rad of open-loop travel at saturated gripper velocity
[WARN] [1786500166.582660334] [stall_monitor]: loop gap 0 ms sim (2 ms wall, rtf 0.00) -> up to 0.000 rad of open-loop travel at saturated gripper velocity
[WARN] [1786500166.584839453] [stall_monitor]: loop gap 0 ms sim (2 ms wall, rtf 0.00) -> up to 0.000 rad of open-loop travel at saturated gripper velocity
[WARN] [1786500166.586924099] [stall_monitor]: loop gap 0 ms sim (2 ms wall, rtf 0.00) -> up to 0.000 rad of open-loop travel at saturated gripper velocity
[WARN] [1786500166.589362090] [stall_monitor]: loop gap 0 ms sim (2 ms wall, rtf 0.00) -> up to 0.000 rad of open-loop travel at saturated gripper velocity
[WARN] [1786500166.590708223] [stall_monitor]: loop gap 0 ms sim (2 ms wall, rtf 0.00) -> up to 0.000 rad of open-loop travel at saturated gripper velocity
[WARN] [1786500166.600613807] [stall_monitor]: loop gap 30 ms sim (2 ms wall, rtf 17.70) -> up to 0.015 rad of open-loop travel at saturated gripper velocity
[WARN] [1786500166.602822246] [stall_monitor]: loop gap 30 ms sim (2 ms wall, rtf 13.91) -> up to 0.015 rad of open-loop travel at saturated gripper velocity
[WARN] [1786500166.605974312] [stall_monitor]: loop gap 28 ms sim (3 ms wall, rtf 9.60) -> up to 0.014 rad of open-loop travel at saturated gripper velocity
[WARN] [1786500166.607722657] [stall_monitor]: loop gap 24 ms sim (2 ms wall, rtf 14.59) -> up to 0.012 rad of open-loop travel at saturated gripper velocity
[WARN] [1786500166.613175587] [stall_monitor]: loop gap 33 ms sim (2 ms wall, rtf 15.35) -> up to 0.016 rad of open-loop travel at saturated gripper velocity
[WARN] [1786500166.615606189] [stall_monitor]: loop gap 32 ms sim (2 ms wall, rtf 12.93) -> up to 0.016 rad of open-loop travel at saturated gripper velocity
[WARN] [1786500166.617098176] [stall_monitor]: loop gap 28 ms sim (2 ms wall, rtf 16.04) -> up to 0.014 rad of open-loop travel at saturated gripper velocity
[WARN] [1786500166.619236687] [stall_monitor]: loop gap 21 ms sim (2 ms wall, rtf 10.00) -> up to 0.011 rad of open-loop travel at saturated gripper velocity
[WARN] [1786500166.621204461] [stall_monitor]: loop gap 25 ms sim (2 ms wall, rtf 13.85) -> up to 0.012 rad of open-loop travel at saturated gripper velocity
[WARN] [1786500166.623245563] [stall_monitor]: loop gap 29 ms sim (2 ms wall, rtf 13.31) -> up to 0.014 rad of open-loop travel at saturated gripper velocity
[WARN] [1786500168.864362362] [stall_monitor]: loop gap 0 ms sim (2 ms wall, rtf 0.00) -> up to 0.000 rad of open-loop travel at saturated gripper velocity
[WARN] [1786500178.103358578] [stall_monitor]: loop gap 26 ms sim (2 ms wall, rtf 10.99) -> up to 0.013 rad of open-loop travel at saturated gripper velocity
[WARN] [1786500178.105863460] [stall_monitor]: loop gap 33 ms sim (2 ms wall, rtf 14.40) -> up to 0.016 rad of open-loop travel at saturated gripper velocity
[WARN] [1786500178.109069944] [stall_monitor]: loop gap 26 ms sim (3 ms wall, rtf 8.14) -> up to 0.013 rad of open-loop travel at saturated gripper velocity
[WARN] [1786500178.118883603] [stall_monitor]: loop gap 26 ms sim (2 ms wall, rtf 14.16) -> up to 0.013 rad of open-loop travel at saturated gripper velocity
[WARN] [1786500178.122320244] [stall_monitor]: loop gap 24 ms sim (3 ms wall, rtf 7.72) -> up to 0.012 rad of open-loop travel at saturated gripper velocity
[WARN] [1786500178.124530985] [stall_monitor]: loop gap 21 ms sim (2 ms wall, rtf 8.97) -> up to 0.011 rad of open-loop travel at saturated gripper velocity
[WARN] [1786500178.128195117] [stall_monitor]: loop gap 0 ms sim (4 ms wall, rtf 0.00) -> up to 0.000 rad of open-loop travel at saturated gripper velocity
[WARN] [1786500178.128954377] [stall_monitor]: loop gap 0 ms sim (1 ms wall, rtf 0.00) -> up to 0.000 rad of open-loop travel at saturated gripper velocity
[WARN] [1786500178.135397260] [stall_monitor]: loop gap 22 ms sim (2 ms wall, rtf 10.26) -> up to 0.011 rad of open-loop travel at saturated gripper velocity
[WARN] [1786500178.144222011] [stall_monitor]: loop gap 28 ms sim (2 ms wall, rtf 11.66) -> up to 0.014 rad of open-loop travel at saturated gripper velocity
[WARN] [1786500179.974368892] [stall_monitor]: loop gap 0 ms sim (1 ms wall, rtf 0.00) -> up to 0.000 rad of open-loop travel at saturated gripper velocity
[WARN] [1786500179.975818099] [stall_monitor]: loop gap 0 ms sim (1 ms wall, rtf 0.00) -> up to 0.000 rad of open-loop travel at saturated gripper velocity
[WARN] [1786500181.096284833] [stall_monitor]: loop gap 0 ms sim (0 ms wall, rtf 0.00) -> up to 0.000 rad of open-loop travel at saturated gripper velocity
[WARN] [1786500181.102872695] [stall_monitor]: loop gap 0 ms sim (6 ms wall, rtf 0.00) -> up to 0.000 rad of open-loop travel at saturated gripper velocity
[WARN] [1786500181.111377142] [stall_monitor]: loop gap 0 ms sim (9 ms wall, rtf 0.00) -> up to 0.000 rad of open-loop travel at saturated gripper velocity
[WARN] [1786500181.116269423] [stall_monitor]: loop gap 0 ms sim (4 ms wall, rtf 0.00) -> up to 0.000 rad of open-loop travel at saturated gripper velocity
[WARN] [1786500181.119195547] [stall_monitor]: loop gap 0 ms sim (3 ms wall, rtf 0.00) -> up to 0.000 rad of open-loop travel at saturated gripper velocity
[WARN] [1786500181.121559491] [stall_monitor]: loop gap 0 ms sim (2 ms wall, rtf 0.00) -> up to 0.000 rad of open-loop travel at saturated gripper velocity
[WARN] [1786500181.131352093] [stall_monitor]: loop gap 0 ms sim (6 ms wall, rtf 0.00) -> up to 0.000 rad of open-loop travel at saturated gripper velocity
[WARN] [1786500181.138498797] [stall_monitor]: loop gap 71 ms sim (1 ms wall, rtf 109.60) -> up to 0.036 rad of open-loop travel at saturated gripper velocity
[WARN] [1786500181.141829712] [stall_monitor]: loop gap 31 ms sim (3 ms wall, rtf 9.98) -> up to 0.015 rad of open-loop travel at saturated gripper velocity
[WARN] [1786500181.144316270] [stall_monitor]: loop gap 32 ms sim (3 ms wall, rtf 11.92) -> up to 0.016 rad of open-loop travel at saturated gripper velocity
[WARN] [1786500181.147534241] [stall_monitor]: loop gap 30 ms sim (2 ms wall, rtf 14.37) -> up to 0.015 rad of open-loop travel at saturated gripper velocity
[WARN] [1786500181.150005814] [stall_monitor]: loop gap 23 ms sim (2 ms wall, rtf 9.79) -> up to 0.011 rad of open-loop travel at saturated gripper velocity
[WARN] [1786500181.152025594] [stall_monitor]: loop gap 21 ms sim (2 ms wall, rtf 9.97) -> up to 0.011 rad of open-loop travel at saturated gripper velocity
[WARN] [1786500181.153824903] [stall_monitor]: loop gap 22 ms sim (1 ms wall, rtf 15.24) -> up to 0.011 rad of open-loop travel at saturated gripper velocity
[WARN] [1786500181.156826193] [stall_monitor]: loop gap 30 ms sim (2 ms wall, rtf 16.97) -> up to 0.015 rad of open-loop travel at saturated gripper velocity
[WARN] [1786500181.159065595] [stall_monitor]: loop gap 32 ms sim (2 ms wall, rtf 16.14) -> up to 0.016 rad of open-loop travel at saturated gripper velocity
[WARN] [1786500181.161318016] [stall_monitor]: loop gap 31 ms sim (2 ms wall, rtf 13.07) -> up to 0.015 rad of open-loop travel at saturated gripper velocity
[WARN] [1786500189.242423633] [stall_monitor]: loop gap 0 ms sim (2 ms wall, rtf 0.00) -> up to 0.000 rad of open-loop travel at saturated gripper velocity
[WARN] [1786500222.844715682] [stall_monitor]: loop gap 0 ms sim (1 ms wall, rtf 0.00) -> up to 0.000 rad of open-loop travel at saturated gripper velocity
[WARN] [1786500225.837107464] [stall_monitor]: loop gap 0 ms sim (2 ms wall, rtf 0.00) -> up to 0.000 rad of open-loop travel at saturated gripper velocity
[WARN] [1786500226.210486169] [stall_monitor]: loop gap 0 ms sim (2 ms wall, rtf 0.00) -> up to 0.000 rad of open-loop travel at saturated gripper velocity
[WARN] [1786500226.212586147] [stall_monitor]: loop gap 0 ms sim (2 ms wall, rtf 0.00) -> up to 0.000 rad of open-loop travel at saturated gripper velocity
[WARN] [1786500226.214501433] [stall_monitor]: loop gap 0 ms sim (2 ms wall, rtf 0.00) -> up to 0.000 rad of open-loop travel at saturated gripper velocity
[WARN] [1786500226.216963844] [stall_monitor]: loop gap 0 ms sim (2 ms wall, rtf 0.00) -> up to 0.000 rad of open-loop travel at saturated gripper velocity
[WARN] [1786500226.218836312] [stall_monitor]: loop gap 0 ms sim (2 ms wall, rtf 0.00) -> up to 0.000 rad of open-loop travel at saturated gripper velocity
[WARN] [1786500226.220641778] [stall_monitor]: loop gap 0 ms sim (2 ms wall, rtf 0.00) -> up to 0.000 rad of open-loop travel at saturated gripper velocity
[WARN] [1786500226.222413835] [stall_monitor]: loop gap 0 ms sim (2 ms wall, rtf 0.00) -> up to 0.000 rad of open-loop travel at saturated gripper velocity
[WARN] [1786500226.224450821] [stall_monitor]: loop gap 0 ms sim (2 ms wall, rtf 0.00) -> up to 0.000 rad of open-loop travel at saturated gripper velocity
[WARN] [1786500226.226561395] [stall_monitor]: loop gap 0 ms sim (2 ms wall, rtf 0.00) -> up to 0.000 rad of open-loop travel at saturated gripper velocity
[WARN] [1786500226.228393661] [stall_monitor]: loop gap 0 ms sim (2 ms wall, rtf 0.00) -> up to 0.000 rad of open-loop travel at saturated gripper velocity
[WARN] [1786500226.230448440] [stall_monitor]: loop gap 0 ms sim (2 ms wall, rtf 0.00) -> up to 0.000 rad of open-loop travel at saturated gripper velocity
[WARN] [1786500226.232458283] [stall_monitor]: loop gap 0 ms sim (2 ms wall, rtf 0.00) -> up to 0.000 rad of open-loop travel at saturated gripper velocity
[WARN] [1786500226.234443444] [stall_monitor]: loop gap 0 ms sim (2 ms wall, rtf 0.00) -> up to 0.000 rad of open-loop travel at saturated gripper velocity
[WARN] [1786500226.236553931] [stall_monitor]: loop gap 0 ms sim (2 ms wall, rtf 0.00) -> up to 0.000 rad of open-loop travel at saturated gripper velocity
[WARN] [1786500226.238475174] [stall_monitor]: loop gap 0 ms sim (2 ms wall, rtf 0.00) -> up to 0.000 rad of open-loop travel at saturated gripper velocity
[WARN] [1786500226.240502202] [stall_monitor]: loop gap 0 ms sim (2 ms wall, rtf 0.00) -> up to 0.000 rad of open-loop travel at saturated gripper velocity
[WARN] [1786500226.242546433] [stall_monitor]: loop gap 0 ms sim (2 ms wall, rtf 0.00) -> up to 0.000 rad of open-loop travel at saturated gripper velocity
[WARN] [1786500226.244476844] [stall_monitor]: loop gap 0 ms sim (2 ms wall, rtf 0.00) -> up to 0.000 rad of open-loop travel at saturated gripper velocity
[WARN] [1786500226.246600726] [stall_monitor]: loop gap 0 ms sim (2 ms wall, rtf 0.00) -> up to 0.000 rad of open-loop travel at saturated gripper velocity
[WARN] [1786500226.248457648] [stall_monitor]: loop gap 0 ms sim (2 ms wall, rtf 0.00) -> up to 0.000 rad of open-loop travel at saturated gripper velocity
[WARN] [1786500226.250429502] [stall_monitor]: loop gap 0 ms sim (2 ms wall, rtf 0.00) -> up to 0.000 rad of open-loop travel at saturated gripper velocity
[WARN] [1786500226.252399995] [stall_monitor]: loop gap 0 ms sim (2 ms wall, rtf 0.00) -> up to 0.000 rad of open-loop travel at saturated gripper velocity
[WARN] [1786500226.254467661] [stall_monitor]: loop gap 0 ms sim (2 ms wall, rtf 0.00) -> up to 0.000 rad of open-loop travel at saturated gripper velocity
[WARN] [1786500226.256395617] [stall_monitor]: loop gap 0 ms sim (2 ms wall, rtf 0.00) -> up to 0.000 rad of open-loop travel at saturated gripper velocity
[WARN] [1786500226.258434420] [stall_monitor]: loop gap 0 ms sim (2 ms wall, rtf 0.00) -> up to 0.000 rad of open-loop travel at saturated gripper velocity
[WARN] [1786500226.260428408] [stall_monitor]: loop gap 0 ms sim (2 ms wall, rtf 0.00) -> up to 0.000 rad of open-loop travel at saturated gripper velocity
[WARN] [1786500226.262500502] [stall_monitor]: loop gap 0 ms sim (2 ms wall, rtf 0.00) -> up to 0.000 rad of open-loop travel at saturated gripper velocity
[WARN] [1786500226.264716424] [stall_monitor]: loop gap 0 ms sim (2 ms wall, rtf 0.00) -> up to 0.000 rad of open-loop travel at saturated gripper velocity
[WARN] [1786500226.266505583] [stall_monitor]: loop gap 0 ms sim (2 ms wall, rtf 0.00) -> up to 0.000 rad of open-loop travel at saturated gripper velocity
[WARN] [1786500226.268385910] [stall_monitor]: loop gap 0 ms sim (2 ms wall, rtf 0.00) -> up to 0.000 rad of open-loop travel at saturated gripper velocity
[WARN] [1786500226.270430672] [stall_monitor]: loop gap 0 ms sim (2 ms wall, rtf 0.00) -> up to 0.000 rad of open-loop travel at saturated gripper velocity
[WARN] [1786500226.272846941] [stall_monitor]: loop gap 0 ms sim (2 ms wall, rtf 0.00) -> up to 0.000 rad of open-loop travel at saturated gripper velocity
[WARN] [1786500226.274954744] [stall_monitor]: loop gap 0 ms sim (2 ms wall, rtf 0.00) -> up to 0.000 rad of open-loop travel at saturated gripper velocity
[WARN] [1786500226.276689777] [stall_monitor]: loop gap 0 ms sim (2 ms wall, rtf 0.00) -> up to 0.000 rad of open-loop travel at saturated gripper velocity
[WARN] [1786500226.278536917] [stall_monitor]: loop gap 0 ms sim (2 ms wall, rtf 0.00) -> up to 0.000 rad of open-loop travel at saturated gripper velocity
[WARN] [1786500226.280570946] [stall_monitor]: loop gap 0 ms sim (2 ms wall, rtf 0.00) -> up to 0.000 rad of open-loop travel at saturated gripper velocity
[WARN] [1786500226.282543040] [stall_monitor]: loop gap 0 ms sim (2 ms wall, rtf 0.00) -> up to 0.000 rad of open-loop travel at saturated gripper velocity
[WARN] [1786500226.284731045] [stall_monitor]: loop gap 0 ms sim (2 ms wall, rtf 0.00) -> up to 0.000 rad of open-loop travel at saturated gripper velocity
[WARN] [1786500226.286561339] [stall_monitor]: loop gap 0 ms sim (2 ms wall, rtf 0.00) -> up to 0.000 rad of open-loop travel at saturated gripper velocity
[WARN] [1786500226.288577348] [stall_monitor]: loop gap 0 ms sim (2 ms wall, rtf 0.00) -> up to 0.000 rad of open-loop travel at saturated gripper velocity
[WARN] [1786500226.290650718] [stall_monitor]: loop gap 0 ms sim (2 ms wall, rtf 0.00) -> up to 0.000 rad of open-loop travel at saturated gripper velocity
[WARN] [1786500226.292521962] [stall_monitor]: loop gap 0 ms sim (2 ms wall, rtf 0.00) -> up to 0.000 rad of open-loop travel at saturated gripper velocity
[WARN] [1786500226.294569249] [stall_monitor]: loop gap 0 ms sim (2 ms wall, rtf 0.00) -> up to 0.000 rad of open-loop travel at saturated gripper velocity
[WARN] [1786500226.296608654] [stall_monitor]: loop gap 0 ms sim (2 ms wall, rtf 0.00) -> up to 0.000 rad of open-loop travel at saturated gripper velocity
[WARN] [1786500226.298484950] [stall_monitor]: loop gap 0 ms sim (2 ms wall, rtf 0.00) -> up to 0.000 rad of open-loop travel at saturated gripper velocity
[WARN] [1786500226.300475222] [stall_monitor]: loop gap 0 ms sim (2 ms wall, rtf 0.00) -> up to 0.000 rad of open-loop travel at saturated gripper velocity
[WARN] [1786500226.302491270] [stall_monitor]: loop gap 0 ms sim (2 ms wall, rtf 0.00) -> up to 0.000 rad of open-loop travel at saturated gripper velocity
[WARN] [1786500226.304374025] [stall_monitor]: loop gap 0 ms sim (2 ms wall, rtf 0.00) -> up to 0.000 rad of open-loop travel at saturated gripper velocity
[WARN] [1786500226.307048339] [stall_monitor]: loop gap 0 ms sim (2 ms wall, rtf 0.00) -> up to 0.000 rad of open-loop travel at saturated gripper velocity
[WARN] [1786500226.308482757] [stall_monitor]: loop gap 0 ms sim (2 ms wall, rtf 0.00) -> up to 0.000 rad of open-loop travel at saturated gripper velocity
[WARN] [1786500226.310582229] [stall_monitor]: loop gap 0 ms sim (2 ms wall, rtf 0.00) -> up to 0.000 rad of open-loop travel at saturated gripper velocity
[WARN] [1786500226.312517800] [stall_monitor]: loop gap 0 ms sim (2 ms wall, rtf 0.00) -> up to 0.000 rad of open-loop travel at saturated gripper velocity
[WARN] [1786500226.314416576] [stall_monitor]: loop gap 0 ms sim (2 ms wall, rtf 0.00) -> up to 0.000 rad of open-loop travel at saturated gripper velocity
[WARN] [1786500226.316379750] [stall_monitor]: loop gap 0 ms sim (2 ms wall, rtf 0.00) -> up to 0.000 rad of open-loop travel at saturated gripper velocity
[WARN] [1786500226.318504278] [stall_monitor]: loop gap 0 ms sim (2 ms wall, rtf 0.00) -> up to 0.000 rad of open-loop travel at saturated gripper velocity
[WARN] [1786500226.320884406] [stall_monitor]: loop gap 0 ms sim (2 ms wall, rtf 0.00) -> up to 0.000 rad of open-loop travel at saturated gripper velocity
[WARN] [1786500226.322414772] [stall_monitor]: loop gap 0 ms sim (2 ms wall, rtf 0.00) -> up to 0.000 rad of open-loop travel at saturated gripper velocity
[WARN] [1786500226.324450321] [stall_monitor]: loop gap 0 ms sim (2 ms wall, rtf 0.00) -> up to 0.000 rad of open-loop travel at saturated gripper velocity
[WARN] [1786500226.326346642] [stall_monitor]: loop gap 0 ms sim (2 ms wall, rtf 0.00) -> up to 0.000 rad of open-loop travel at saturated gripper velocity
[WARN] [1786500226.328325974] [stall_monitor]: loop gap 0 ms sim (2 ms wall, rtf 0.00) -> up to 0.000 rad of open-loop travel at saturated gripper velocity
[WARN] [1786500226.330610088] [stall_monitor]: loop gap 0 ms sim (2 ms wall, rtf 0.00) -> up to 0.000 rad of open-loop travel at saturated gripper velocity
[WARN] [1786500226.332500281] [stall_monitor]: loop gap 0 ms sim (2 ms wall, rtf 0.00) -> up to 0.000 rad of open-loop travel at saturated gripper velocity
[WARN] [1786500226.334408600] [stall_monitor]: loop gap 0 ms sim (2 ms wall, rtf 0.00) -> up to 0.000 rad of open-loop travel at saturated gripper velocity
[WARN] [1786500226.336515122] [stall_monitor]: loop gap 0 ms sim (2 ms wall, rtf 0.00) -> up to 0.000 rad of open-loop travel at saturated gripper velocity
[WARN] [1786500226.338545207] [stall_monitor]: loop gap 0 ms sim (2 ms wall, rtf 0.00) -> up to 0.000 rad of open-loop travel at saturated gripper velocity
[WARN] [1786500226.340721172] [stall_monitor]: loop gap 0 ms sim (2 ms wall, rtf 0.00) -> up to 0.000 rad of open-loop travel at saturated gripper velocity
[WARN] [1786500226.342523659] [stall_monitor]: loop gap 0 ms sim (2 ms wall, rtf 0.00) -> up to 0.000 rad of open-loop travel at saturated gripper velocity
[WARN] [1786500226.344515681] [stall_monitor]: loop gap 0 ms sim (2 ms wall, rtf 0.00) -> up to 0.000 rad of open-loop travel at saturated gripper velocity
[WARN] [1786500226.346486663] [stall_monitor]: loop gap 0 ms sim (2 ms wall, rtf 0.00) -> up to 0.000 rad of open-loop travel at saturated gripper velocity
[WARN] [1786500226.348530651] [stall_monitor]: loop gap 0 ms sim (2 ms wall, rtf 0.00) -> up to 0.000 rad of open-loop travel at saturated gripper velocity
[WARN] [1786500226.350702151] [stall_monitor]: loop gap 0 ms sim (2 ms wall, rtf 0.00) -> up to 0.000 rad of open-loop travel at saturated gripper velocity
[WARN] [1786500226.352627610] [stall_monitor]: loop gap 0 ms sim (2 ms wall, rtf 0.00) -> up to 0.000 rad of open-loop travel at saturated gripper velocity
[WARN] [1786500226.354416881] [stall_monitor]: loop gap 0 ms sim (2 ms wall, rtf 0.00) -> up to 0.000 rad of open-loop travel at saturated gripper velocity
[WARN] [1786500226.356800041] [stall_monitor]: loop gap 0 ms sim (2 ms wall, rtf 0.00) -> up to 0.000 rad of open-loop travel at saturated gripper velocity
[WARN] [1786500226.358412202] [stall_monitor]: loop gap 0 ms sim (2 ms wall, rtf 0.00) -> up to 0.000 rad of open-loop travel at saturated gripper velocity
[WARN] [1786500226.360403013] [stall_monitor]: loop gap 0 ms sim (2 ms wall, rtf 0.00) -> up to 0.000 rad of open-loop travel at saturated gripper velocity
[WARN] [1786500226.362351955] [stall_monitor]: loop gap 0 ms sim (2 ms wall, rtf 0.00) -> up to 0.000 rad of open-loop travel at saturated gripper velocity
[WARN] [1786500226.364511993] [stall_monitor]: loop gap 0 ms sim (2 ms wall, rtf 0.00) -> up to 0.000 rad of open-loop travel at saturated gripper velocity
[WARN] [1786500226.366440678] [stall_monitor]: loop gap 0 ms sim (2 ms wall, rtf 0.00) -> up to 0.000 rad of open-loop travel at saturated gripper velocity
[WARN] [1786500226.368356774] [stall_monitor]: loop gap 0 ms sim (2 ms wall, rtf 0.00) -> up to 0.000 rad of open-loop travel at saturated gripper velocity
[WARN] [1786500226.370532088] [stall_monitor]: loop gap 0 ms sim (2 ms wall, rtf 0.00) -> up to 0.000 rad of open-loop travel at saturated gripper velocity
[WARN] [1786500226.372651023] [stall_monitor]: loop gap 0 ms sim (2 ms wall, rtf 0.00) -> up to 0.000 rad of open-loop travel at saturated gripper velocity
[WARN] [1786500226.374480176] [stall_monitor]: loop gap 0 ms sim (2 ms wall, rtf 0.00) -> up to 0.000 rad of open-loop travel at saturated gripper velocity
[WARN] [1786500226.376385087] [stall_monitor]: loop gap 0 ms sim (2 ms wall, rtf 0.00) -> up to 0.000 rad of open-loop travel at saturated gripper velocity
[WARN] [1786500226.378381099] [stall_monitor]: loop gap 0 ms sim (2 ms wall, rtf 0.00) -> up to 0.000 rad of open-loop travel at saturated gripper velocity
[WARN] [1786500226.380551178] [stall_monitor]: loop gap 0 ms sim (2 ms wall, rtf 0.00) -> up to 0.000 rad of open-loop travel at saturated gripper velocity
[WARN] [1786500226.382430234] [stall_monitor]: loop gap 0 ms sim (2 ms wall, rtf 0.00) -> up to 0.000 rad of open-loop travel at saturated gripper velocity
[WARN] [1786500226.384400519] [stall_monitor]: loop gap 0 ms sim (2 ms wall, rtf 0.00) -> up to 0.000 rad of open-loop travel at saturated gripper velocity
[WARN] [1786500226.386406727] [stall_monitor]: loop gap 0 ms sim (2 ms wall, rtf 0.00) -> up to 0.000 rad of open-loop travel at saturated gripper velocity
[WARN] [1786500226.388481394] [stall_monitor]: loop gap 0 ms sim (2 ms wall, rtf 0.00) -> up to 0.000 rad of open-loop travel at saturated gripper velocity
[WARN] [1786500226.390435677] [stall_monitor]: loop gap 0 ms sim (2 ms wall, rtf 0.00) -> up to 0.000 rad of open-loop travel at saturated gripper velocity
[WARN] [1786500226.392371060] [stall_monitor]: loop gap 0 ms sim (2 ms wall, rtf 0.00) -> up to 0.000 rad of open-loop travel at saturated gripper velocity
[WARN] [1786500226.394413510] [stall_monitor]: loop gap 0 ms sim (2 ms wall, rtf 0.00) -> up to 0.000 rad of open-loop travel at saturated gripper velocity
[WARN] [1786500226.396429627] [stall_monitor]: loop gap 0 ms sim (2 ms wall, rtf 0.00) -> up to 0.000 rad of open-loop travel at saturated gripper velocity
[WARN] [1786500226.398611948] [stall_monitor]: loop gap 0 ms sim (2 ms wall, rtf 0.00) -> up to 0.000 rad of open-loop travel at saturated gripper velocity
[WARN] [1786500226.400492480] [stall_monitor]: loop gap 0 ms sim (2 ms wall, rtf 0.00) -> up to 0.000 rad of open-loop travel at saturated gripper velocity
[WARN] [1786500226.402472314] [stall_monitor]: loop gap 0 ms sim (2 ms wall, rtf 0.00) -> up to 0.000 rad of open-loop travel at saturated gripper velocity
[WARN] [1786500226.404677111] [stall_monitor]: loop gap 0 ms sim (2 ms wall, rtf 0.00) -> up to 0.000 rad of open-loop travel at saturated gripper velocity
[WARN] [1786500226.406564260] [stall_monitor]: loop gap 0 ms sim (2 ms wall, rtf 0.00) -> up to 0.000 rad of open-loop travel at saturated gripper velocity
[WARN] [1786500226.408678357] [stall_monitor]: loop gap 0 ms sim (2 ms wall, rtf 0.00) -> up to 0.000 rad of open-loop travel at saturated gripper velocity
[WARN] [1786500226.410602929] [stall_monitor]: loop gap 0 ms sim (2 ms wall, rtf 0.00) -> up to 0.000 rad of open-loop travel at saturated gripper velocity
[WARN] [1786500226.412521984] [stall_monitor]: loop gap 0 ms sim (2 ms wall, rtf 0.00) -> up to 0.000 rad of open-loop travel at saturated gripper velocity
[WARN] [1786500226.414569249] [stall_monitor]: loop gap 0 ms sim (2 ms wall, rtf 0.00) -> up to 0.000 rad of open-loop travel at saturated gripper velocity
[WARN] [1786500226.416485723] [stall_monitor]: loop gap 0 ms sim (2 ms wall, rtf 0.00) -> up to 0.000 rad of open-loop travel at saturated gripper velocity
[WARN] [1786500226.418443123] [stall_monitor]: loop gap 0 ms sim (2 ms wall, rtf 0.00) -> up to 0.000 rad of open-loop travel at saturated gripper velocity
[WARN] [1786500226.420477753] [stall_monitor]: loop gap 0 ms sim (2 ms wall, rtf 0.00) -> up to 0.000 rad of open-loop travel at saturated gripper velocity
[WARN] [1786500226.422656143] [stall_monitor]: loop gap 0 ms sim (2 ms wall, rtf 0.00) -> up to 0.000 rad of open-loop travel at saturated gripper velocity
[WARN] [1786500226.424504598] [stall_monitor]: loop gap 0 ms sim (2 ms wall, rtf 0.00) -> up to 0.000 rad of open-loop travel at saturated gripper velocity
[WARN] [1786500226.426585013] [stall_monitor]: loop gap 0 ms sim (2 ms wall, rtf 0.00) -> up to 0.000 rad of open-loop travel at saturated gripper velocity
[WARN] [1786500226.428696611] [stall_monitor]: loop gap 0 ms sim (2 ms wall, rtf 0.00) -> up to 0.000 rad of open-loop travel at saturated gripper velocity
[WARN] [1786500226.430670035] [stall_monitor]: loop gap 0 ms sim (2 ms wall, rtf 0.00) -> up to 0.000 rad of open-loop travel at saturated gripper velocity
[WARN] [1786500226.432514089] [stall_monitor]: loop gap 0 ms sim (2 ms wall, rtf 0.00) -> up to 0.000 rad of open-loop travel at saturated gripper velocity
[WARN] [1786500226.434542654] [stall_monitor]: loop gap 0 ms sim (2 ms wall, rtf 0.00) -> up to 0.000 rad of open-loop travel at saturated gripper velocity
[WARN] [1786500226.436465419] [stall_monitor]: loop gap 0 ms sim (2 ms wall, rtf 0.00) -> up to 0.000 rad of open-loop travel at saturated gripper velocity
[WARN] [1786500226.438857390] [stall_monitor]: loop gap 0 ms sim (2 ms wall, rtf 0.00) -> up to 0.000 rad of open-loop travel at saturated gripper velocity
[WARN] [1786500226.440451054] [stall_monitor]: loop gap 0 ms sim (2 ms wall, rtf 0.00) -> up to 0.000 rad of open-loop travel at saturated gripper velocity
[WARN] [1786500226.442513096] [stall_monitor]: loop gap 0 ms sim (2 ms wall, rtf 0.00) -> up to 0.000 rad of open-loop travel at saturated gripper velocity
[WARN] [1786500226.444477747] [stall_monitor]: loop gap 0 ms sim (2 ms wall, rtf 0.00) -> up to 0.000 rad of open-loop travel at saturated gripper velocity
[WARN] [1786500226.446610180] [stall_monitor]: loop gap 0 ms sim (2 ms wall, rtf 0.00) -> up to 0.000 rad of open-loop travel at saturated gripper velocity
[WARN] [1786500226.448509608] [stall_monitor]: loop gap 0 ms sim (2 ms wall, rtf 0.00) -> up to 0.000 rad of open-loop travel at saturated gripper velocity
[WARN] [1786500226.450777872] [stall_monitor]: loop gap 0 ms sim (2 ms wall, rtf 0.00) -> up to 0.000 rad of open-loop travel at saturated gripper velocity
[WARN] [1786500226.452621620] [stall_monitor]: loop gap 0 ms sim (2 ms wall, rtf 0.00) -> up to 0.000 rad of open-loop travel at saturated gripper velocity
[WARN] [1786500226.454476514] [stall_monitor]: loop gap 0 ms sim (2 ms wall, rtf 0.00) -> up to 0.000 rad of open-loop travel at saturated gripper velocity
[WARN] [1786500226.457044332] [stall_monitor]: loop gap 0 ms sim (2 ms wall, rtf 0.00) -> up to 0.000 rad of open-loop travel at saturated gripper velocity
[WARN] [1786500226.458599514] [stall_monitor]: loop gap 0 ms sim (2 ms wall, rtf 0.00) -> up to 0.000 rad of open-loop travel at saturated gripper velocity
[WARN] [1786500226.460539430] [stall_monitor]: loop gap 0 ms sim (2 ms wall, rtf 0.00) -> up to 0.000 rad of open-loop travel at saturated gripper velocity
[WARN] [1786500226.462535884] [stall_monitor]: loop gap 0 ms sim (2 ms wall, rtf 0.00) -> up to 0.000 rad of open-loop travel at saturated gripper velocity
[WARN] [1786500226.464663849] [stall_monitor]: loop gap 0 ms sim (2 ms wall, rtf 0.00) -> up to 0.000 rad of open-loop travel at saturated gripper velocity
[WARN] [1786500226.466645884] [stall_monitor]: loop gap 0 ms sim (2 ms wall, rtf 0.00) -> up to 0.000 rad of open-loop travel at saturated gripper velocity
[WARN] [1786500226.468548083] [stall_monitor]: loop gap 0 ms sim (2 ms wall, rtf 0.00) -> up to 0.000 rad of open-loop travel at saturated gripper velocity
[WARN] [1786500226.470470929] [stall_monitor]: loop gap 0 ms sim (2 ms wall, rtf 0.00) -> up to 0.000 rad of open-loop travel at saturated gripper velocity
[WARN] [1786500226.472529617] [stall_monitor]: loop gap 0 ms sim (2 ms wall, rtf 0.00) -> up to 0.000 rad of open-loop travel at saturated gripper velocity
[WARN] [1786500226.474581398] [stall_monitor]: loop gap 0 ms sim (2 ms wall, rtf 0.00) -> up to 0.000 rad of open-loop travel at saturated gripper velocity
[WARN] [1786500226.476462843] [stall_monitor]: loop gap 0 ms sim (2 ms wall, rtf 0.00) -> up to 0.000 rad of open-loop travel at saturated gripper velocity
[WARN] [1786500226.478476007] [stall_monitor]: loop gap 0 ms sim (2 ms wall, rtf 0.00) -> up to 0.000 rad of open-loop travel at saturated gripper velocity
[WARN] [1786500226.480459021] [stall_monitor]: loop gap 0 ms sim (2 ms wall, rtf 0.00) -> up to 0.000 rad of open-loop travel at saturated gripper velocity
[WARN] [1786500226.482445162] [stall_monitor]: loop gap 0 ms sim (2 ms wall, rtf 0.00) -> up to 0.000 rad of open-loop travel at saturated gripper velocity
[WARN] [1786500226.484419427] [stall_monitor]: loop gap 0 ms sim (2 ms wall, rtf 0.00) -> up to 0.000 rad of open-loop travel at saturated gripper velocity
[WARN] [1786500226.486496282] [stall_monitor]: loop gap 0 ms sim (2 ms wall, rtf 0.00) -> up to 0.000 rad of open-loop travel at saturated gripper velocity
[WARN] [1786500226.488423384] [stall_monitor]: loop gap 0 ms sim (2 ms wall, rtf 0.00) -> up to 0.000 rad of open-loop travel at saturated gripper velocity
[WARN] [1786500226.490431497] [stall_monitor]: loop gap 0 ms sim (2 ms wall, rtf 0.00) -> up to 0.000 rad of open-loop travel at saturated gripper velocity
[WARN] [1786500226.492493040] [stall_monitor]: loop gap 0 ms sim (2 ms wall, rtf 0.00) -> up to 0.000 rad of open-loop travel at saturated gripper velocity
[WARN] [1786500226.494502409] [stall_monitor]: loop gap 0 ms sim (2 ms wall, rtf 0.00) -> up to 0.000 rad of open-loop travel at saturated gripper velocity
[WARN] [1786500226.496556548] [stall_monitor]: loop gap 0 ms sim (2 ms wall, rtf 0.00) -> up to 0.000 rad of open-loop travel at saturated gripper velocity
[WARN] [1786500226.498420030] [stall_monitor]: loop gap 0 ms sim (2 ms wall, rtf 0.00) -> up to 0.000 rad of open-loop travel at saturated gripper velocity
[WARN] [1786500226.500432255] [stall_monitor]: loop gap 0 ms sim (2 ms wall, rtf 0.00) -> up to 0.000 rad of open-loop travel at saturated gripper velocity
[WARN] [1786500226.502527286] [stall_monitor]: loop gap 0 ms sim (2 ms wall, rtf 0.00) -> up to 0.000 rad of open-loop travel at saturated gripper velocity
[WARN] [1786500226.504415383] [stall_monitor]: loop gap 0 ms sim (2 ms wall, rtf 0.00) -> up to 0.000 rad of open-loop travel at saturated gripper velocity
[WARN] [1786500226.506483380] [stall_monitor]: loop gap 0 ms sim (2 ms wall, rtf 0.00) -> up to 0.000 rad of open-loop travel at saturated gripper velocity
[WARN] [1786500226.508398428] [stall_monitor]: loop gap 0 ms sim (2 ms wall, rtf 0.00) -> up to 0.000 rad of open-loop travel at saturated gripper velocity
[WARN] [1786500226.510399126] [stall_monitor]: loop gap 0 ms sim (2 ms wall, rtf 0.00) -> up to 0.000 rad of open-loop travel at saturated gripper velocity
[WARN] [1786500226.512344278] [stall_monitor]: loop gap 0 ms sim (2 ms wall, rtf 0.00) -> up to 0.000 rad of open-loop travel at saturated gripper velocity
[WARN] [1786500226.514343372] [stall_monitor]: loop gap 0 ms sim (2 ms wall, rtf 0.00) -> up to 0.000 rad of open-loop travel at saturated gripper velocity
[WARN] [1786500226.516622415] [stall_monitor]: loop gap 0 ms sim (2 ms wall, rtf 0.00) -> up to 0.000 rad of open-loop travel at saturated gripper velocity
[WARN] [1786500226.518627260] [stall_monitor]: loop gap 0 ms sim (2 ms wall, rtf 0.00) -> up to 0.000 rad of open-loop travel at saturated gripper velocity
[WARN] [1786500226.520493625] [stall_monitor]: loop gap 0 ms sim (2 ms wall, rtf 0.00) -> up to 0.000 rad of open-loop travel at saturated gripper velocity
[WARN] [1786500226.522515521] [stall_monitor]: loop gap 0 ms sim (2 ms wall, rtf 0.00) -> up to 0.000 rad of open-loop travel at saturated gripper velocity
[WARN] [1786500226.524480311] [stall_monitor]: loop gap 0 ms sim (2 ms wall, rtf 0.00) -> up to 0.000 rad of open-loop travel at saturated gripper velocity
[WARN] [1786500226.526448229] [stall_monitor]: loop gap 0 ms sim (2 ms wall, rtf 0.00) -> up to 0.000 rad of open-loop travel at saturated gripper velocity
[WARN] [1786500226.528387721] [stall_monitor]: loop gap 0 ms sim (2 ms wall, rtf 0.00) -> up to 0.000 rad of open-loop travel at saturated gripper velocity
[WARN] [1786500226.530558673] [stall_monitor]: loop gap 0 ms sim (2 ms wall, rtf 0.00) -> up to 0.000 rad of open-loop travel at saturated gripper velocity
[WARN] [1786500226.532564336] [stall_monitor]: loop gap 0 ms sim (2 ms wall, rtf 0.00) -> up to 0.000 rad of open-loop travel at saturated gripper velocity
[WARN] [1786500226.534474169] [stall_monitor]: loop gap 0 ms sim (2 ms wall, rtf 0.00) -> up to 0.000 rad of open-loop travel at saturated gripper velocity
[WARN] [1786500226.536484236] [stall_monitor]: loop gap 0 ms sim (2 ms wall, rtf 0.00) -> up to 0.000 rad of open-loop travel at saturated gripper velocity
[WARN] [1786500226.538392285] [stall_monitor]: loop gap 0 ms sim (2 ms wall, rtf 0.00) -> up to 0.000 rad of open-loop travel at saturated gripper velocity
[WARN] [1786500226.540319086] [stall_monitor]: loop gap 0 ms sim (2 ms wall, rtf 0.00) -> up to 0.000 rad of open-loop travel at saturated gripper velocity
[WARN] [1786500226.544945994] [stall_monitor]: loop gap 46 ms sim (2 ms wall, rtf 21.42) -> up to 0.023 rad of open-loop travel at saturated gripper velocity
[WARN] [1786500226.547333480] [stall_monitor]: loop gap 76 ms sim (2 ms wall, rtf 34.54) -> up to 0.038 rad of open-loop travel at saturated gripper velocity
[WARN] [1786500226.549748487] [stall_monitor]: loop gap 34 ms sim (2 ms wall, rtf 13.90) -> up to 0.017 rad of open-loop travel at saturated gripper velocity
[WARN] [1786500226.552781923] [stall_monitor]: loop gap 22 ms sim (2 ms wall, rtf 14.21) -> up to 0.011 rad of open-loop travel at saturated gripper velocity
[WARN] [1786500226.555738075] [stall_monitor]: loop gap 27 ms sim (3 ms wall, rtf 10.31) -> up to 0.014 rad of open-loop travel at saturated gripper velocity
[WARN] [1786500226.558882104] [stall_monitor]: loop gap 25 ms sim (2 ms wall, rtf 14.48) -> up to 0.012 rad of open-loop travel at saturated gripper velocity
[WARN] [1786500226.561446527] [stall_monitor]: loop gap 38 ms sim (2 ms wall, rtf 15.59) -> up to 0.019 rad of open-loop travel at saturated gripper velocity
[WARN] [1786500226.563275186] [stall_monitor]: loop gap 29 ms sim (2 ms wall, rtf 14.54) -> up to 0.014 rad of open-loop travel at saturated gripper velocity
[WARN] [1786500229.332057497] [stall_monitor]: loop gap 0 ms sim (2 ms wall, rtf 0.00) -> up to 0.000 rad of open-loop travel at saturated gripper velocity
[stall_monitor] messages=28490 gaps_logged=384 max_sim_gap_ms=76.0 implied_max_overshoot_rad=0.038

════════════════════════════════════════════════════════════
§ 7. Cleanup

════════════════════════════════════════════════════════════
scripts/lib/gz_settle.sh: line 99: 108359 Killed                  nohup ros2 launch ur5e_robotiq_description ur5e_robotiq_sim_control.launch.py > "$SIM_LOG" 2>&1

done: 2026-08-12T04:03:53+02:00
artifacts:
  sim_log=docs/m3_cyclelive_sim_20260812_040226_13386.log
  movegroup_log=docs/m3_cyclelive_movegroup_20260812_040226_13386.log
  grasp_log=docs/m3_cyclelive_grasp_20260812_040226_13386.log
  stall_csv=docs/m3_cyclelive_stalls_20260812_040226_13386.csv
  grasp_csv=m3_grasp_trace_cyclelive_20260812_040226_13386.csv
