
════════════════════════════════════════════════════════════
§ 0. Clean slate

════════════════════════════════════════════════════════════

════════════════════════════════════════════════════════════
§ 1. Launch sim (ur5e_robotiq_sim_control.launch.py)

════════════════════════════════════════════════════════════
  sim launch PID=53250, log=docs/m3_cyclelive_sim_20260812_030330_5734.log
  controllers active after 13.85s
  controllers active after 2.14s

════════════════════════════════════════════════════════════
§ 1.5 Start stall_monitor (passive /joint_states cadence recorder, whole cycle)

════════════════════════════════════════════════════════════
  stall_monitor PID=53727, csv=docs/m3_cyclelive_stalls_20260812_030330_5734.csv, log=docs/m3_cyclelive_stallmonitor_20260812_030330_5734.log

════════════════════════════════════════════════════════════
§ 2. Launch move_group

════════════════════════════════════════════════════════════
  move_group PID=53753, log=docs/m3_cyclelive_movegroup_20260812_030330_5734.log
  move_group node present after 0.4s (+3s buffer taken)

════════════════════════════════════════════════════════════
§ 3. Spawn pick object

════════════════════════════════════════════════════════════

════════════════════════════════════════════════════════════
§ 0. Read object: block from scene.yaml

════════════════════════════════════════════════════════════
  object=pick_target size=0.045 0.045 0.045 m mass=0.15 kg mu=1.0
  pick_pose=0.45 -0.15 0.7725  rpy=0.0 0.0 0.0

════════════════════════════════════════════════════════════
§ 1. Spawn pick_target at pick_pose

════════════════════════════════════════════════════════════
    data: true

════════════════════════════════════════════════════════════
§ 2. Settle onto the table (gravity only, not contact-loaded)

════════════════════════════════════════════════════════════
[settle] poses settled after 0.60s (max|delta over 0.15s|=0.000000 m)
  settled z = 0.772499999938291 (expected table.surface_z + size.z/2 = 0.77250)

done: 2026-08-12T03:03:56+02:00

════════════════════════════════════════════════════════════
§ 4. Gate BEFORE (gz_assert_gripper_responsive)

════════════════════════════════════════════════════════════
  [ok] gripper responsive: 0.1rad close completed cleanly in 4.25s

════════════════════════════════════════════════════════════
§ 5. Run m3_grasp (streamed live, torn down on RUN SUMMARY -- see file header)

════════════════════════════════════════════════════════════
[INFO] [launch]: All log files can be found below /home/user/.ros/log/2026-08-12-03-04-06-197854-Sachin-54066
[INFO] [launch]: Default logging verbosity is set to INFO
[INFO] [static_scene_tf-1]: process started with pid [54091]
[INFO] [m3_grasp-2]: process started with pid [54092]
[static_scene_tf-1] [0m[INFO] [1786496646.593347238] [static_scene_tf]: published static frames: world->object_frame (pick_pose), object_frame->grasp_frame (approach_axis=[0.000 0.000 -1.000] roll=0.000), tool0->grasp_tcp (tcp_offset=0.1204), world->place_frame (place_pose)[0m
[m3_grasp-2] [0m[INFO] [1786496646.626770776] [m3_grasp]: GRASP MODE: friction (physics)[0m
[m3_grasp-2] [0m[INFO] [1786496646.626892493] [m3_grasp]: pad-centre-corrected offset: tcp_offset=0.120405 + pad_centre_offset=0.031573 = 0.151978 m (NOT YET LIVE-VERIFIED direction -- see file header)[0m
[m3_grasp-2] [0m[INFO] [1786496646.764706825] [m3_grasp]: base-pose guard OK: 'base_link' matches scene.yaml within tolerance (pos error 0.00000 m, angle error 0.00000 rad)[0m
[m3_grasp-2] [33m[WARN] [1786496647.613679572] [rcl.logging_rosout]: Publisher already registered for node name: 'm3_grasp'. If this is due to multiple nodes with the same name then all logs for the logger named 'm3_grasp' will go out over the existing publisher. As soon as any node with that name is destructed it will unregister the publisher, preventing any further logs for that name from being published on the rosout topic.[0m
[m3_grasp-2] [0m[INFO] [1786496647.629712126] [m3_grasp.moveit.ros.rdf_loader]: Loaded robot model in 0.004 seconds[0m
[m3_grasp-2] [0m[INFO] [1786496647.629803717] [m3_grasp.moveit.core.robot_model]: Loading robot model 'ur5e_robotiq'...[0m
[m3_grasp-2] [0m[INFO] [1786496647.629834409] [m3_grasp.moveit.core.robot_model]: No root/virtual joint specified in SRDF. Assuming fixed joint[0m
[m3_grasp-2] [0m[INFO] [1786496647.646712961] [m3_grasp.moveit.kinematics.kdl_kinematics_plugin]: Joint weights for group 'arm': 1 1 1 1 1 1[0m
[m3_grasp-2] [0m[INFO] [1786496647.674246260] [m3_grasp.moveit.ros.move_group_interface]: Ready to take commands for planning group arm.[0m
[m3_grasp-2] [0m[INFO] [1786496647.674309856] [m3_grasp]: pre-grasp tool0 target (world): [0.4500 -0.1500 1.0245]  grasp tool0 target: [0.4500 -0.1500 0.9245]  (corrected_offset=0.151978)[0m
[m3_grasp-2] [0m[INFO] [1786496647.674416137] [m3_grasp.moveit.ros.move_group_interface]: MoveGroup action client/server ready[0m
[m3_grasp-2] [0m[INFO] [1786496647.675454848] [m3_grasp.moveit.ros.move_group_interface]: Planning request accepted[0m
[m3_grasp-2] [0m[INFO] [1786496647.724695191] [m3_grasp.moveit.ros.move_group_interface]: Planning request complete![0m
[m3_grasp-2] [0m[INFO] [1786496647.725727418] [m3_grasp.moveit.ros.move_group_interface]: time taken to generate plan: 0.0292474 seconds[0m
[m3_grasp-2] [0m[INFO] [1786496647.727427502] [m3_grasp.moveit.ros.move_group_interface]: Execute request accepted[0m
[m3_grasp-2] [0m[INFO] [1786496660.832719224] [m3_grasp.moveit.ros.move_group_interface]: Execute request success![0m
[m3_grasp-2] [0m[INFO] [1786496661.894433049] [m3_grasp]: pre-close: REACHED_GOAL in achieved=0.0956 rad (target was 0.1055, free air)[0m
[m3_grasp-2] [0m[INFO] [1786496661.897462790] [m3_grasp]: computeCartesianPath fraction achieved: 1.0000 (need > 0.9500)[0m
[m3_grasp-2] [0m[INFO] [1786496661.897522050] [m3_grasp]: executing Cartesian descent to grasp target...[0m
[m3_grasp-2] [0m[INFO] [1786496661.898021628] [m3_grasp.moveit.ros.move_group_interface]: Execute request accepted[0m
[m3_grasp-2] [0m[INFO] [1786496663.900653123] [m3_grasp.moveit.ros.move_group_interface]: Execute request success![0m
[m3_grasp-2] [0m[INFO] [1786496663.900780622] [m3_grasp]: execution reported SUCCESS[0m
[m3_grasp-2] [0m[INFO] [1786496664.512288126] [m3_grasp]: stage 2 ground truth: grasp_tcp (Gazebo, not TF) = [0.4500 -0.1500 0.7725]  tcp_error_m=0.0000 (max 0.0050)[0m
[m3_grasp-2] [0m[INFO] [1786496667.365034885] [m3_grasp]: gripper_close_and_hold: STALLED in achieved=0.4029 rad (target was 0.8000)[0m
[m3_grasp-2] [0m[INFO] [1786496667.365217107] [m3_grasp]: grasp-success check (informational only, does not gate the cycle): achieved=0.4029 expected=0.4055 (width=0.0450m) |err|=0.0026 tolerance=0.0235 -> WITHIN TOLERANCE[0m
[m3_grasp-2] [0m[INFO] [1786496667.365266243] [m3_grasp]: M3 STAGE 3 LIFT_BEGIN cycle=0 sim=0 t=46.385000[0m
[m3_grasp-2] [0m[INFO] [1786496667.367401735] [m3_grasp.moveit.ros.current_state_monitor]: Listening to joint states on topic 'joint_states'[0m
[m3_grasp-2] [0m[INFO] [1786496667.377629883] [m3_grasp.moveit.ros.move_group_interface]: Execute request accepted[0m
[m3_grasp-2] [0m[INFO] [1786496671.236891614] [m3_grasp.moveit.ros.move_group_interface]: Execute request success![0m
[m3_grasp-2] [0m[INFO] [1786496671.237986853] [m3_grasp]: lift ok (fraction 1.0000)[0m
[m3_grasp-2] [0m[INFO] [1786496671.238051780] [m3_grasp]: M3 STAGE 3 LIFT_DONE cycle=0 sim=0 t=48.554000[0m
[m3_grasp-2] [0m[INFO] [1786496671.391085724] [m3_grasp]: dwelling 2.00 s (slip baseline sample)[0m
[m3_grasp-2] [0m[INFO] [1786496675.029923473] [m3_grasp]: M3 STAGE 4 TRANSPORT_BEGIN cycle=0 sim=0 t=50.640000[0m
[m3_grasp-2] [0m[INFO] [1786496675.030277801] [m3_grasp.moveit.ros.move_group_interface]: MoveGroup action client/server ready[0m
[m3_grasp-2] [0m[INFO] [1786496675.030900440] [m3_grasp.moveit.ros.move_group_interface]: Planning request accepted[0m
[m3_grasp-2] [0m[INFO] [1786496675.055052177] [m3_grasp.moveit.ros.move_group_interface]: Planning request complete![0m
[m3_grasp-2] [0m[INFO] [1786496675.055730877] [m3_grasp.moveit.ros.move_group_interface]: time taken to generate plan: 0.0192688 seconds[0m
[m3_grasp-2] [0m[INFO] [1786496675.056343330] [m3_grasp.moveit.ros.move_group_interface]: Execute request accepted[0m
[m3_grasp-2] [0m[INFO] [1786496682.213469573] [m3_grasp.moveit.ros.move_group_interface]: Execute request success![0m
[m3_grasp-2] [0m[INFO] [1786496682.214007906] [m3_grasp]: M3 STAGE 4 TRANSPORT_DONE cycle=0 sim=0 t=54.055000[0m
[m3_grasp-2] [0m[INFO] [1786496682.244970471] [m3_grasp]: dwelling 2.00 s (slip comparison sample)[0m
[m3_grasp-2] [0m[INFO] [1786496685.526794872] [m3_grasp]: M3 STAGE 5 PLACE_DESCEND_BEGIN cycle=0 sim=0 t=56.075000[0m
[m3_grasp-2] [0m[INFO] [1786496685.534614386] [m3_grasp.moveit.ros.move_group_interface]: Execute request accepted[0m
[m3_grasp-2] [0m[INFO] [1786496688.793721334] [m3_grasp.moveit.ros.move_group_interface]: Execute request success![0m
[m3_grasp-2] [0m[INFO] [1786496688.794376842] [m3_grasp]: place descent ok (fraction 1.0000)[0m
[m3_grasp-2] [0m[INFO] [1786496688.794456103] [m3_grasp]: M3 STAGE 5 PLACE_DESCEND_DONE cycle=0 sim=0 t=58.027000[0m
[m3_grasp-2] [0m[INFO] [1786496688.794476134] [m3_grasp]: M3 STAGE 6 RELEASE_BEGIN cycle=0 sim=0 t=58.027000[0m
[m3_grasp-2] [0m[INFO] [1786496689.996517620] [m3_grasp]: release: REACHED_GOAL in achieved=0.3197 rad (target was 0.3097)[0m
[m3_grasp-2] [0m[INFO] [1786496689.996618549] [m3_grasp]: M3 STAGE 6 RELEASE_DONE cycle=0 sim=0 t=59.229000[0m
[m3_grasp-2] [0m[INFO] [1786496689.996676829] [m3_grasp]: M3 STAGE 7 RETREAT_BEGIN cycle=0 sim=0 t=59.229000[0m
[m3_grasp-2] [0m[INFO] [1786496690.001640560] [m3_grasp.moveit.ros.move_group_interface]: Execute request accepted[0m
[m3_grasp-2] [0m[INFO] [1786496691.954198338] [m3_grasp.moveit.ros.move_group_interface]: Execute request success![0m
[m3_grasp-2] [0m[INFO] [1786496691.954931247] [m3_grasp]: retreat ok (fraction 1.0000)[0m
[m3_grasp-2] [0m[INFO] [1786496691.954986767] [m3_grasp]: M3 STAGE 7 RETREAT_DONE cycle=0 sim=0 t=61.187000[0m
[m3_grasp-2] [0m[INFO] [1786496691.954993847] [m3_grasp]: cycle 0 complete: lift -> transport -> place -> release -> retreat. Whether the object ARRIVED is not decided here — that is Gazebo ground truth, measured by the harness.[0m
[m3_grasp-2] [0m[INFO] [1786496691.980616961] [m3_grasp]: wrote evidence to m3_grasp_trace_cyclelive_20260812_030330_5734.csv[0m
[m3_grasp-2] [0m[INFO] [1786496691.980738302] [m3_grasp]: RUN SUMMARY: milestone=M3 result=SUCCESS cartesian_fraction=1.0000 executed=yes tcp_error_m=0.0000 ground_truth=yes gripper_result=STALLED achieved_grip_angle=0.4029 expected_grip_angle=0.4055 within_tolerance=yes preclose_result=REACHED_GOAL preclose_achieved=0.0956 attempted_transport=yes transport_result=SUCCESS[0m
  RUN SUMMARY seen, tearing down now instead of waiting on the launchs own dead-wait
[INFO] [m3_grasp-2]: process has finished cleanly [pid 54092]

════════════════════════════════════════════════════════════
§ 6. Gate AFTER (gz_assert_gripper_responsive)

════════════════════════════════════════════════════════════
  [ok] gripper responsive: 0.1rad close completed cleanly in 3.47s
  GATE_AFTER=OK

════════════════════════════════════════════════════════════
§ 6.5 Stop stall_monitor

════════════════════════════════════════════════════════════
--- docs/m3_cyclelive_stallmonitor_20260812_030330_5734.log ---
[INFO] [1786496630.355405819] [stall_monitor]: stall_monitor: topic=/joint_states out=docs/m3_cyclelive_stalls_20260812_030330_5734.csv min_gap=20ms heartbeat=30s
[INFO] [1786496630.355782172] [stall_monitor]: gaps are HEADER-STAMP (sim time) deltas; wall column is arrival time and exists only to separate loop stalls from monitor lag
[WARN] [1786496633.320966489] [stall_monitor]: loop gap 0 ms sim (2 ms wall, rtf 0.00) -> up to 0.000 rad of open-loop travel at saturated gripper velocity
[WARN] [1786496633.322831950] [stall_monitor]: loop gap 0 ms sim (2 ms wall, rtf 0.00) -> up to 0.000 rad of open-loop travel at saturated gripper velocity
[WARN] [1786496633.325217391] [stall_monitor]: loop gap 0 ms sim (2 ms wall, rtf 0.00) -> up to 0.000 rad of open-loop travel at saturated gripper velocity
[WARN] [1786496633.326890046] [stall_monitor]: loop gap 0 ms sim (2 ms wall, rtf 0.00) -> up to 0.000 rad of open-loop travel at saturated gripper velocity
[WARN] [1786496633.329947738] [stall_monitor]: loop gap 0 ms sim (3 ms wall, rtf 0.00) -> up to 0.000 rad of open-loop travel at saturated gripper velocity
[WARN] [1786496633.330945631] [stall_monitor]: loop gap 0 ms sim (1 ms wall, rtf 0.00) -> up to 0.000 rad of open-loop travel at saturated gripper velocity
[WARN] [1786496633.333452814] [stall_monitor]: loop gap 0 ms sim (2 ms wall, rtf 0.00) -> up to 0.000 rad of open-loop travel at saturated gripper velocity
[WARN] [1786496633.335102229] [stall_monitor]: loop gap 0 ms sim (2 ms wall, rtf 0.00) -> up to 0.000 rad of open-loop travel at saturated gripper velocity
[WARN] [1786496633.337082910] [stall_monitor]: loop gap 0 ms sim (2 ms wall, rtf 0.00) -> up to 0.000 rad of open-loop travel at saturated gripper velocity
[WARN] [1786496633.338860212] [stall_monitor]: loop gap 0 ms sim (2 ms wall, rtf 0.00) -> up to 0.000 rad of open-loop travel at saturated gripper velocity
[WARN] [1786496633.341800545] [stall_monitor]: loop gap 0 ms sim (3 ms wall, rtf 0.00) -> up to 0.000 rad of open-loop travel at saturated gripper velocity
[WARN] [1786496633.343506160] [stall_monitor]: loop gap 0 ms sim (2 ms wall, rtf 0.00) -> up to 0.000 rad of open-loop travel at saturated gripper velocity
[WARN] [1786496633.345749984] [stall_monitor]: loop gap 0 ms sim (2 ms wall, rtf 0.00) -> up to 0.000 rad of open-loop travel at saturated gripper velocity
[WARN] [1786496633.347217738] [stall_monitor]: loop gap 0 ms sim (2 ms wall, rtf 0.00) -> up to 0.000 rad of open-loop travel at saturated gripper velocity
[WARN] [1786496633.349058996] [stall_monitor]: loop gap 0 ms sim (2 ms wall, rtf 0.00) -> up to 0.000 rad of open-loop travel at saturated gripper velocity
[WARN] [1786496633.353302763] [stall_monitor]: loop gap 0 ms sim (3 ms wall, rtf 0.00) -> up to 0.000 rad of open-loop travel at saturated gripper velocity
[WARN] [1786496633.357167871] [stall_monitor]: loop gap 0 ms sim (5 ms wall, rtf 0.00) -> up to 0.000 rad of open-loop travel at saturated gripper velocity
[WARN] [1786496633.359500382] [stall_monitor]: loop gap 0 ms sim (2 ms wall, rtf 0.00) -> up to 0.000 rad of open-loop travel at saturated gripper velocity
[WARN] [1786496633.361687905] [stall_monitor]: loop gap 0 ms sim (2 ms wall, rtf 0.00) -> up to 0.000 rad of open-loop travel at saturated gripper velocity
[WARN] [1786496633.363521266] [stall_monitor]: loop gap 0 ms sim (2 ms wall, rtf 0.00) -> up to 0.000 rad of open-loop travel at saturated gripper velocity
[WARN] [1786496633.365475258] [stall_monitor]: loop gap 0 ms sim (2 ms wall, rtf 0.00) -> up to 0.000 rad of open-loop travel at saturated gripper velocity
[WARN] [1786496633.367628026] [stall_monitor]: loop gap 0 ms sim (2 ms wall, rtf 0.00) -> up to 0.000 rad of open-loop travel at saturated gripper velocity
[WARN] [1786496633.368909449] [stall_monitor]: loop gap 0 ms sim (2 ms wall, rtf 0.00) -> up to 0.000 rad of open-loop travel at saturated gripper velocity
[WARN] [1786496633.371597795] [stall_monitor]: loop gap 0 ms sim (2 ms wall, rtf 0.00) -> up to 0.000 rad of open-loop travel at saturated gripper velocity
[WARN] [1786496633.373107818] [stall_monitor]: loop gap 0 ms sim (2 ms wall, rtf 0.00) -> up to 0.000 rad of open-loop travel at saturated gripper velocity
[WARN] [1786496633.375335092] [stall_monitor]: loop gap 0 ms sim (2 ms wall, rtf 0.00) -> up to 0.000 rad of open-loop travel at saturated gripper velocity
[WARN] [1786496633.377030755] [stall_monitor]: loop gap 0 ms sim (2 ms wall, rtf 0.00) -> up to 0.000 rad of open-loop travel at saturated gripper velocity
[WARN] [1786496633.379592410] [stall_monitor]: loop gap 0 ms sim (2 ms wall, rtf 0.00) -> up to 0.000 rad of open-loop travel at saturated gripper velocity
[WARN] [1786496633.380933139] [stall_monitor]: loop gap 0 ms sim (1 ms wall, rtf 0.00) -> up to 0.000 rad of open-loop travel at saturated gripper velocity
[WARN] [1786496633.383207890] [stall_monitor]: loop gap 0 ms sim (2 ms wall, rtf 0.00) -> up to 0.000 rad of open-loop travel at saturated gripper velocity
[WARN] [1786496633.384966969] [stall_monitor]: loop gap 0 ms sim (2 ms wall, rtf 0.00) -> up to 0.000 rad of open-loop travel at saturated gripper velocity
[WARN] [1786496633.387144326] [stall_monitor]: loop gap 0 ms sim (2 ms wall, rtf 0.00) -> up to 0.000 rad of open-loop travel at saturated gripper velocity
[WARN] [1786496633.388810509] [stall_monitor]: loop gap 0 ms sim (2 ms wall, rtf 0.00) -> up to 0.000 rad of open-loop travel at saturated gripper velocity
[WARN] [1786496633.390784853] [stall_monitor]: loop gap 0 ms sim (2 ms wall, rtf 0.00) -> up to 0.000 rad of open-loop travel at saturated gripper velocity
[WARN] [1786496633.392883075] [stall_monitor]: loop gap 0 ms sim (2 ms wall, rtf 0.00) -> up to 0.000 rad of open-loop travel at saturated gripper velocity
[WARN] [1786496633.394988141] [stall_monitor]: loop gap 0 ms sim (2 ms wall, rtf 0.00) -> up to 0.000 rad of open-loop travel at saturated gripper velocity
[WARN] [1786496633.396809716] [stall_monitor]: loop gap 0 ms sim (2 ms wall, rtf 0.00) -> up to 0.000 rad of open-loop travel at saturated gripper velocity
[WARN] [1786496633.398792983] [stall_monitor]: loop gap 0 ms sim (2 ms wall, rtf 0.00) -> up to 0.000 rad of open-loop travel at saturated gripper velocity
[WARN] [1786496633.401016189] [stall_monitor]: loop gap 0 ms sim (2 ms wall, rtf 0.00) -> up to 0.000 rad of open-loop travel at saturated gripper velocity
[WARN] [1786496633.402734969] [stall_monitor]: loop gap 0 ms sim (2 ms wall, rtf 0.00) -> up to 0.000 rad of open-loop travel at saturated gripper velocity
[WARN] [1786496633.404949890] [stall_monitor]: loop gap 0 ms sim (2 ms wall, rtf 0.00) -> up to 0.000 rad of open-loop travel at saturated gripper velocity
[WARN] [1786496633.406765876] [stall_monitor]: loop gap 0 ms sim (2 ms wall, rtf 0.00) -> up to 0.000 rad of open-loop travel at saturated gripper velocity
[WARN] [1786496633.409234569] [stall_monitor]: loop gap 0 ms sim (2 ms wall, rtf 0.00) -> up to 0.000 rad of open-loop travel at saturated gripper velocity
[WARN] [1786496633.411157538] [stall_monitor]: loop gap 0 ms sim (2 ms wall, rtf 0.00) -> up to 0.000 rad of open-loop travel at saturated gripper velocity
[WARN] [1786496633.414076655] [stall_monitor]: loop gap 0 ms sim (3 ms wall, rtf 0.00) -> up to 0.000 rad of open-loop travel at saturated gripper velocity
[WARN] [1786496633.416993559] [stall_monitor]: loop gap 0 ms sim (3 ms wall, rtf 0.00) -> up to 0.000 rad of open-loop travel at saturated gripper velocity
[WARN] [1786496633.418679328] [stall_monitor]: loop gap 0 ms sim (2 ms wall, rtf 0.00) -> up to 0.000 rad of open-loop travel at saturated gripper velocity
[WARN] [1786496633.420465153] [stall_monitor]: loop gap 0 ms sim (2 ms wall, rtf 0.00) -> up to 0.000 rad of open-loop travel at saturated gripper velocity
[WARN] [1786496633.422426832] [stall_monitor]: loop gap 0 ms sim (2 ms wall, rtf 0.00) -> up to 0.000 rad of open-loop travel at saturated gripper velocity
[WARN] [1786496633.424683111] [stall_monitor]: loop gap 0 ms sim (2 ms wall, rtf 0.00) -> up to 0.000 rad of open-loop travel at saturated gripper velocity
[WARN] [1786496633.426375361] [stall_monitor]: loop gap 0 ms sim (2 ms wall, rtf 0.00) -> up to 0.000 rad of open-loop travel at saturated gripper velocity
[WARN] [1786496633.428553875] [stall_monitor]: loop gap 0 ms sim (2 ms wall, rtf 0.00) -> up to 0.000 rad of open-loop travel at saturated gripper velocity
[WARN] [1786496633.430342014] [stall_monitor]: loop gap 0 ms sim (2 ms wall, rtf 0.00) -> up to 0.000 rad of open-loop travel at saturated gripper velocity
[WARN] [1786496633.432500511] [stall_monitor]: loop gap 0 ms sim (2 ms wall, rtf 0.00) -> up to 0.000 rad of open-loop travel at saturated gripper velocity
[WARN] [1786496633.434418895] [stall_monitor]: loop gap 0 ms sim (2 ms wall, rtf 0.00) -> up to 0.000 rad of open-loop travel at saturated gripper velocity
[WARN] [1786496633.436561889] [stall_monitor]: loop gap 0 ms sim (2 ms wall, rtf 0.00) -> up to 0.000 rad of open-loop travel at saturated gripper velocity
[WARN] [1786496633.438399184] [stall_monitor]: loop gap 0 ms sim (2 ms wall, rtf 0.00) -> up to 0.000 rad of open-loop travel at saturated gripper velocity
[WARN] [1786496633.440551716] [stall_monitor]: loop gap 0 ms sim (2 ms wall, rtf 0.00) -> up to 0.000 rad of open-loop travel at saturated gripper velocity
[WARN] [1786496633.442527457] [stall_monitor]: loop gap 0 ms sim (2 ms wall, rtf 0.00) -> up to 0.000 rad of open-loop travel at saturated gripper velocity
[WARN] [1786496633.444960261] [stall_monitor]: loop gap 0 ms sim (2 ms wall, rtf 0.00) -> up to 0.000 rad of open-loop travel at saturated gripper velocity
[WARN] [1786496633.446338312] [stall_monitor]: loop gap 0 ms sim (2 ms wall, rtf 0.00) -> up to 0.000 rad of open-loop travel at saturated gripper velocity
[WARN] [1786496633.448453915] [stall_monitor]: loop gap 0 ms sim (2 ms wall, rtf 0.00) -> up to 0.000 rad of open-loop travel at saturated gripper velocity
[WARN] [1786496633.450358415] [stall_monitor]: loop gap 0 ms sim (2 ms wall, rtf 0.00) -> up to 0.000 rad of open-loop travel at saturated gripper velocity
[WARN] [1786496633.452233176] [stall_monitor]: loop gap 0 ms sim (2 ms wall, rtf 0.00) -> up to 0.000 rad of open-loop travel at saturated gripper velocity
[WARN] [1786496633.454285411] [stall_monitor]: loop gap 0 ms sim (2 ms wall, rtf 0.00) -> up to 0.000 rad of open-loop travel at saturated gripper velocity
[WARN] [1786496633.456277464] [stall_monitor]: loop gap 0 ms sim (2 ms wall, rtf 0.00) -> up to 0.000 rad of open-loop travel at saturated gripper velocity
[WARN] [1786496633.458416770] [stall_monitor]: loop gap 0 ms sim (2 ms wall, rtf 0.00) -> up to 0.000 rad of open-loop travel at saturated gripper velocity
[WARN] [1786496633.460217249] [stall_monitor]: loop gap 0 ms sim (2 ms wall, rtf 0.00) -> up to 0.000 rad of open-loop travel at saturated gripper velocity
[WARN] [1786496633.462409124] [stall_monitor]: loop gap 0 ms sim (2 ms wall, rtf 0.00) -> up to 0.000 rad of open-loop travel at saturated gripper velocity
[WARN] [1786496633.464248595] [stall_monitor]: loop gap 0 ms sim (2 ms wall, rtf 0.00) -> up to 0.000 rad of open-loop travel at saturated gripper velocity
[WARN] [1786496633.466288350] [stall_monitor]: loop gap 0 ms sim (2 ms wall, rtf 0.00) -> up to 0.000 rad of open-loop travel at saturated gripper velocity
[WARN] [1786496633.468206209] [stall_monitor]: loop gap 0 ms sim (2 ms wall, rtf 0.00) -> up to 0.000 rad of open-loop travel at saturated gripper velocity
[WARN] [1786496633.470239980] [stall_monitor]: loop gap 0 ms sim (2 ms wall, rtf 0.00) -> up to 0.000 rad of open-loop travel at saturated gripper velocity
[WARN] [1786496633.472230306] [stall_monitor]: loop gap 0 ms sim (2 ms wall, rtf 0.00) -> up to 0.000 rad of open-loop travel at saturated gripper velocity
[WARN] [1786496633.474523263] [stall_monitor]: loop gap 0 ms sim (2 ms wall, rtf 0.00) -> up to 0.000 rad of open-loop travel at saturated gripper velocity
[WARN] [1786496633.476212165] [stall_monitor]: loop gap 0 ms sim (2 ms wall, rtf 0.00) -> up to 0.000 rad of open-loop travel at saturated gripper velocity
[WARN] [1786496633.478211482] [stall_monitor]: loop gap 0 ms sim (2 ms wall, rtf 0.00) -> up to 0.000 rad of open-loop travel at saturated gripper velocity
[WARN] [1786496633.480468129] [stall_monitor]: loop gap 0 ms sim (2 ms wall, rtf 0.00) -> up to 0.000 rad of open-loop travel at saturated gripper velocity
[WARN] [1786496633.482541943] [stall_monitor]: loop gap 0 ms sim (2 ms wall, rtf 0.00) -> up to 0.000 rad of open-loop travel at saturated gripper velocity
[WARN] [1786496633.484262519] [stall_monitor]: loop gap 0 ms sim (2 ms wall, rtf 0.00) -> up to 0.000 rad of open-loop travel at saturated gripper velocity
[WARN] [1786496633.486234533] [stall_monitor]: loop gap 0 ms sim (2 ms wall, rtf 0.00) -> up to 0.000 rad of open-loop travel at saturated gripper velocity
[WARN] [1786496633.488399922] [stall_monitor]: loop gap 0 ms sim (2 ms wall, rtf 0.00) -> up to 0.000 rad of open-loop travel at saturated gripper velocity
[WARN] [1786496633.490409221] [stall_monitor]: loop gap 0 ms sim (2 ms wall, rtf 0.00) -> up to 0.000 rad of open-loop travel at saturated gripper velocity
[WARN] [1786496633.492507376] [stall_monitor]: loop gap 0 ms sim (2 ms wall, rtf 0.00) -> up to 0.000 rad of open-loop travel at saturated gripper velocity
[WARN] [1786496633.494540558] [stall_monitor]: loop gap 0 ms sim (2 ms wall, rtf 0.00) -> up to 0.000 rad of open-loop travel at saturated gripper velocity
[WARN] [1786496633.496352743] [stall_monitor]: loop gap 0 ms sim (2 ms wall, rtf 0.00) -> up to 0.000 rad of open-loop travel at saturated gripper velocity
[WARN] [1786496633.498362524] [stall_monitor]: loop gap 0 ms sim (2 ms wall, rtf 0.00) -> up to 0.000 rad of open-loop travel at saturated gripper velocity
[WARN] [1786496633.500428940] [stall_monitor]: loop gap 0 ms sim (2 ms wall, rtf 0.00) -> up to 0.000 rad of open-loop travel at saturated gripper velocity
[WARN] [1786496633.502590822] [stall_monitor]: loop gap 0 ms sim (2 ms wall, rtf 0.00) -> up to 0.000 rad of open-loop travel at saturated gripper velocity
[WARN] [1786496633.504744786] [stall_monitor]: loop gap 0 ms sim (2 ms wall, rtf 0.00) -> up to 0.000 rad of open-loop travel at saturated gripper velocity
[WARN] [1786496633.506412720] [stall_monitor]: loop gap 0 ms sim (2 ms wall, rtf 0.00) -> up to 0.000 rad of open-loop travel at saturated gripper velocity
[WARN] [1786496633.508911583] [stall_monitor]: loop gap 0 ms sim (2 ms wall, rtf 0.00) -> up to 0.000 rad of open-loop travel at saturated gripper velocity
[WARN] [1786496633.510687640] [stall_monitor]: loop gap 0 ms sim (2 ms wall, rtf 0.00) -> up to 0.000 rad of open-loop travel at saturated gripper velocity
[WARN] [1786496633.512510080] [stall_monitor]: loop gap 0 ms sim (2 ms wall, rtf 0.00) -> up to 0.000 rad of open-loop travel at saturated gripper velocity
[WARN] [1786496633.514432850] [stall_monitor]: loop gap 0 ms sim (2 ms wall, rtf 0.00) -> up to 0.000 rad of open-loop travel at saturated gripper velocity
[WARN] [1786496633.516566164] [stall_monitor]: loop gap 0 ms sim (2 ms wall, rtf 0.00) -> up to 0.000 rad of open-loop travel at saturated gripper velocity
[WARN] [1786496633.518637263] [stall_monitor]: loop gap 0 ms sim (2 ms wall, rtf 0.00) -> up to 0.000 rad of open-loop travel at saturated gripper velocity
[WARN] [1786496633.520529532] [stall_monitor]: loop gap 0 ms sim (2 ms wall, rtf 0.00) -> up to 0.000 rad of open-loop travel at saturated gripper velocity
[WARN] [1786496633.522523136] [stall_monitor]: loop gap 0 ms sim (2 ms wall, rtf 0.00) -> up to 0.000 rad of open-loop travel at saturated gripper velocity
[WARN] [1786496633.524614788] [stall_monitor]: loop gap 0 ms sim (2 ms wall, rtf 0.00) -> up to 0.000 rad of open-loop travel at saturated gripper velocity
[WARN] [1786496633.526452670] [stall_monitor]: loop gap 0 ms sim (2 ms wall, rtf 0.00) -> up to 0.000 rad of open-loop travel at saturated gripper velocity
[WARN] [1786496633.528458084] [stall_monitor]: loop gap 0 ms sim (2 ms wall, rtf 0.00) -> up to 0.000 rad of open-loop travel at saturated gripper velocity
[WARN] [1786496633.530400519] [stall_monitor]: loop gap 0 ms sim (2 ms wall, rtf 0.00) -> up to 0.000 rad of open-loop travel at saturated gripper velocity
[WARN] [1786496633.532530672] [stall_monitor]: loop gap 0 ms sim (2 ms wall, rtf 0.00) -> up to 0.000 rad of open-loop travel at saturated gripper velocity
[WARN] [1786496633.534475192] [stall_monitor]: loop gap 0 ms sim (2 ms wall, rtf 0.00) -> up to 0.000 rad of open-loop travel at saturated gripper velocity
[WARN] [1786496633.536388267] [stall_monitor]: loop gap 0 ms sim (2 ms wall, rtf 0.00) -> up to 0.000 rad of open-loop travel at saturated gripper velocity
[WARN] [1786496633.538686508] [stall_monitor]: loop gap 0 ms sim (2 ms wall, rtf 0.00) -> up to 0.000 rad of open-loop travel at saturated gripper velocity
[WARN] [1786496633.540659341] [stall_monitor]: loop gap 0 ms sim (2 ms wall, rtf 0.00) -> up to 0.000 rad of open-loop travel at saturated gripper velocity
[WARN] [1786496633.542534788] [stall_monitor]: loop gap 0 ms sim (2 ms wall, rtf 0.00) -> up to 0.000 rad of open-loop travel at saturated gripper velocity
[WARN] [1786496633.544568470] [stall_monitor]: loop gap 0 ms sim (2 ms wall, rtf 0.00) -> up to 0.000 rad of open-loop travel at saturated gripper velocity
[WARN] [1786496633.546645560] [stall_monitor]: loop gap 0 ms sim (2 ms wall, rtf 0.00) -> up to 0.000 rad of open-loop travel at saturated gripper velocity
[WARN] [1786496633.548466452] [stall_monitor]: loop gap 0 ms sim (2 ms wall, rtf 0.00) -> up to 0.000 rad of open-loop travel at saturated gripper velocity
[WARN] [1786496633.550536395] [stall_monitor]: loop gap 0 ms sim (2 ms wall, rtf 0.00) -> up to 0.000 rad of open-loop travel at saturated gripper velocity
[WARN] [1786496633.552621162] [stall_monitor]: loop gap 0 ms sim (2 ms wall, rtf 0.00) -> up to 0.000 rad of open-loop travel at saturated gripper velocity
[WARN] [1786496633.555138826] [stall_monitor]: loop gap 0 ms sim (2 ms wall, rtf 0.00) -> up to 0.000 rad of open-loop travel at saturated gripper velocity
[WARN] [1786496633.557417257] [stall_monitor]: loop gap 0 ms sim (2 ms wall, rtf 0.00) -> up to 0.000 rad of open-loop travel at saturated gripper velocity
[WARN] [1786496633.559483921] [stall_monitor]: loop gap 0 ms sim (2 ms wall, rtf 0.00) -> up to 0.000 rad of open-loop travel at saturated gripper velocity
[WARN] [1786496633.561144496] [stall_monitor]: loop gap 0 ms sim (2 ms wall, rtf 0.00) -> up to 0.000 rad of open-loop travel at saturated gripper velocity
[WARN] [1786496633.562731066] [stall_monitor]: loop gap 0 ms sim (2 ms wall, rtf 0.00) -> up to 0.000 rad of open-loop travel at saturated gripper velocity
[WARN] [1786496633.565024716] [stall_monitor]: loop gap 0 ms sim (2 ms wall, rtf 0.00) -> up to 0.000 rad of open-loop travel at saturated gripper velocity
[WARN] [1786496633.566679531] [stall_monitor]: loop gap 0 ms sim (2 ms wall, rtf 0.00) -> up to 0.000 rad of open-loop travel at saturated gripper velocity
[WARN] [1786496633.568482436] [stall_monitor]: loop gap 0 ms sim (2 ms wall, rtf 0.00) -> up to 0.000 rad of open-loop travel at saturated gripper velocity
[WARN] [1786496633.570480948] [stall_monitor]: loop gap 0 ms sim (2 ms wall, rtf 0.00) -> up to 0.000 rad of open-loop travel at saturated gripper velocity
[WARN] [1786496633.572572277] [stall_monitor]: loop gap 0 ms sim (2 ms wall, rtf 0.00) -> up to 0.000 rad of open-loop travel at saturated gripper velocity
[WARN] [1786496633.574484287] [stall_monitor]: loop gap 0 ms sim (2 ms wall, rtf 0.00) -> up to 0.000 rad of open-loop travel at saturated gripper velocity
[WARN] [1786496633.576437608] [stall_monitor]: loop gap 0 ms sim (2 ms wall, rtf 0.00) -> up to 0.000 rad of open-loop travel at saturated gripper velocity
[WARN] [1786496633.578424487] [stall_monitor]: loop gap 0 ms sim (2 ms wall, rtf 0.00) -> up to 0.000 rad of open-loop travel at saturated gripper velocity
[WARN] [1786496633.580443164] [stall_monitor]: loop gap 0 ms sim (2 ms wall, rtf 0.00) -> up to 0.000 rad of open-loop travel at saturated gripper velocity
[WARN] [1786496633.582682989] [stall_monitor]: loop gap 0 ms sim (2 ms wall, rtf 0.00) -> up to 0.000 rad of open-loop travel at saturated gripper velocity
[WARN] [1786496633.584468103] [stall_monitor]: loop gap 0 ms sim (2 ms wall, rtf 0.00) -> up to 0.000 rad of open-loop travel at saturated gripper velocity
[WARN] [1786496633.586503737] [stall_monitor]: loop gap 0 ms sim (2 ms wall, rtf 0.00) -> up to 0.000 rad of open-loop travel at saturated gripper velocity
[WARN] [1786496633.588419842] [stall_monitor]: loop gap 0 ms sim (2 ms wall, rtf 0.00) -> up to 0.000 rad of open-loop travel at saturated gripper velocity
[WARN] [1786496633.590455918] [stall_monitor]: loop gap 0 ms sim (2 ms wall, rtf 0.00) -> up to 0.000 rad of open-loop travel at saturated gripper velocity
[WARN] [1786496633.592410400] [stall_monitor]: loop gap 0 ms sim (2 ms wall, rtf 0.00) -> up to 0.000 rad of open-loop travel at saturated gripper velocity
[WARN] [1786496633.595586978] [stall_monitor]: loop gap 0 ms sim (3 ms wall, rtf 0.00) -> up to 0.000 rad of open-loop travel at saturated gripper velocity
[WARN] [1786496633.598809011] [stall_monitor]: loop gap 0 ms sim (4 ms wall, rtf 0.00) -> up to 0.000 rad of open-loop travel at saturated gripper velocity
[WARN] [1786496633.600420224] [stall_monitor]: loop gap 0 ms sim (2 ms wall, rtf 0.00) -> up to 0.000 rad of open-loop travel at saturated gripper velocity
[WARN] [1786496633.602468405] [stall_monitor]: loop gap 0 ms sim (2 ms wall, rtf 0.00) -> up to 0.000 rad of open-loop travel at saturated gripper velocity
[WARN] [1786496633.603951981] [stall_monitor]: loop gap 0 ms sim (2 ms wall, rtf 0.00) -> up to 0.000 rad of open-loop travel at saturated gripper velocity
[WARN] [1786496633.605900907] [stall_monitor]: loop gap 0 ms sim (2 ms wall, rtf 0.00) -> up to 0.000 rad of open-loop travel at saturated gripper velocity
[WARN] [1786496633.608996697] [stall_monitor]: loop gap 0 ms sim (3 ms wall, rtf 0.00) -> up to 0.000 rad of open-loop travel at saturated gripper velocity
[WARN] [1786496633.610924381] [stall_monitor]: loop gap 0 ms sim (2 ms wall, rtf 0.00) -> up to 0.000 rad of open-loop travel at saturated gripper velocity
[WARN] [1786496633.612282568] [stall_monitor]: loop gap 0 ms sim (1 ms wall, rtf 0.00) -> up to 0.000 rad of open-loop travel at saturated gripper velocity
[WARN] [1786496633.613908452] [stall_monitor]: loop gap 0 ms sim (2 ms wall, rtf 0.00) -> up to 0.000 rad of open-loop travel at saturated gripper velocity
[WARN] [1786496633.615915153] [stall_monitor]: loop gap 0 ms sim (2 ms wall, rtf 0.00) -> up to 0.000 rad of open-loop travel at saturated gripper velocity
[WARN] [1786496633.618096198] [stall_monitor]: loop gap 0 ms sim (2 ms wall, rtf 0.00) -> up to 0.000 rad of open-loop travel at saturated gripper velocity
[WARN] [1786496633.619894156] [stall_monitor]: loop gap 0 ms sim (2 ms wall, rtf 0.00) -> up to 0.000 rad of open-loop travel at saturated gripper velocity
[WARN] [1786496633.621746410] [stall_monitor]: loop gap 0 ms sim (2 ms wall, rtf 0.00) -> up to 0.000 rad of open-loop travel at saturated gripper velocity
[WARN] [1786496633.623890139] [stall_monitor]: loop gap 0 ms sim (2 ms wall, rtf 0.00) -> up to 0.000 rad of open-loop travel at saturated gripper velocity
[WARN] [1786496633.625762955] [stall_monitor]: loop gap 0 ms sim (2 ms wall, rtf 0.00) -> up to 0.000 rad of open-loop travel at saturated gripper velocity
[WARN] [1786496633.627877324] [stall_monitor]: loop gap 0 ms sim (2 ms wall, rtf 0.00) -> up to 0.000 rad of open-loop travel at saturated gripper velocity
[WARN] [1786496633.629843461] [stall_monitor]: loop gap 0 ms sim (2 ms wall, rtf 0.00) -> up to 0.000 rad of open-loop travel at saturated gripper velocity
[WARN] [1786496633.631764770] [stall_monitor]: loop gap 0 ms sim (2 ms wall, rtf 0.00) -> up to 0.000 rad of open-loop travel at saturated gripper velocity
[WARN] [1786496633.633813292] [stall_monitor]: loop gap 0 ms sim (2 ms wall, rtf 0.00) -> up to 0.000 rad of open-loop travel at saturated gripper velocity
[WARN] [1786496633.635675929] [stall_monitor]: loop gap 0 ms sim (2 ms wall, rtf 0.00) -> up to 0.000 rad of open-loop travel at saturated gripper velocity
[WARN] [1786496633.637663445] [stall_monitor]: loop gap 0 ms sim (2 ms wall, rtf 0.00) -> up to 0.000 rad of open-loop travel at saturated gripper velocity
[WARN] [1786496633.639691366] [stall_monitor]: loop gap 0 ms sim (2 ms wall, rtf 0.00) -> up to 0.000 rad of open-loop travel at saturated gripper velocity
[WARN] [1786496633.641796572] [stall_monitor]: loop gap 0 ms sim (2 ms wall, rtf 0.00) -> up to 0.000 rad of open-loop travel at saturated gripper velocity
[WARN] [1786496633.643749232] [stall_monitor]: loop gap 0 ms sim (2 ms wall, rtf 0.00) -> up to 0.000 rad of open-loop travel at saturated gripper velocity
[WARN] [1786496633.646148312] [stall_monitor]: loop gap 0 ms sim (2 ms wall, rtf 0.00) -> up to 0.000 rad of open-loop travel at saturated gripper velocity
[WARN] [1786496633.647707154] [stall_monitor]: loop gap 0 ms sim (2 ms wall, rtf 0.00) -> up to 0.000 rad of open-loop travel at saturated gripper velocity
[WARN] [1786496633.650064794] [stall_monitor]: loop gap 0 ms sim (2 ms wall, rtf 0.00) -> up to 0.000 rad of open-loop travel at saturated gripper velocity
[WARN] [1786496633.654079851] [stall_monitor]: loop gap 29 ms sim (2 ms wall, rtf 15.41) -> up to 0.014 rad of open-loop travel at saturated gripper velocity
[WARN] [1786496633.987537509] [stall_monitor]: loop gap 22 ms sim (0 ms wall, rtf 133.54) -> up to 0.011 rad of open-loop travel at saturated gripper velocity
[WARN] [1786496633.987968066] [stall_monitor]: loop gap 30 ms sim (1 ms wall, rtf 51.03) -> up to 0.015 rad of open-loop travel at saturated gripper velocity
[WARN] [1786496633.988516206] [stall_monitor]: loop gap 21 ms sim (0 ms wall, rtf 50.48) -> up to 0.011 rad of open-loop travel at saturated gripper velocity
[WARN] [1786496633.988897243] [stall_monitor]: loop gap 27 ms sim (1 ms wall, rtf 50.71) -> up to 0.013 rad of open-loop travel at saturated gripper velocity
[WARN] [1786496633.989327661] [stall_monitor]: loop gap 22 ms sim (0 ms wall, rtf 245.41) -> up to 0.011 rad of open-loop travel at saturated gripper velocity
[WARN] [1786496633.989660456] [stall_monitor]: loop gap 32 ms sim (0 ms wall, rtf 96.01) -> up to 0.016 rad of open-loop travel at saturated gripper velocity
[WARN] [1786496633.990519172] [stall_monitor]: loop gap 27 ms sim (0 ms wall, rtf 197.98) -> up to 0.014 rad of open-loop travel at saturated gripper velocity
[WARN] [1786496633.990878971] [stall_monitor]: loop gap 34 ms sim (0 ms wall, rtf 87.22) -> up to 0.017 rad of open-loop travel at saturated gripper velocity
[WARN] [1786496633.991213566] [stall_monitor]: loop gap 22 ms sim (0 ms wall, rtf 64.48) -> up to 0.011 rad of open-loop travel at saturated gripper velocity
[WARN] [1786496639.320812466] [stall_monitor]: loop gap 0 ms sim (2 ms wall, rtf 0.00) -> up to 0.000 rad of open-loop travel at saturated gripper velocity
[WARN] [1786496639.322760676] [stall_monitor]: loop gap 0 ms sim (2 ms wall, rtf 0.00) -> up to 0.000 rad of open-loop travel at saturated gripper velocity
[WARN] [1786496639.324630934] [stall_monitor]: loop gap 0 ms sim (2 ms wall, rtf 0.00) -> up to 0.000 rad of open-loop travel at saturated gripper velocity
[WARN] [1786496639.326691246] [stall_monitor]: loop gap 0 ms sim (2 ms wall, rtf 0.00) -> up to 0.000 rad of open-loop travel at saturated gripper velocity
[WARN] [1786496639.328979651] [stall_monitor]: loop gap 0 ms sim (2 ms wall, rtf 0.00) -> up to 0.000 rad of open-loop travel at saturated gripper velocity
[WARN] [1786496639.330854215] [stall_monitor]: loop gap 0 ms sim (2 ms wall, rtf 0.00) -> up to 0.000 rad of open-loop travel at saturated gripper velocity
[WARN] [1786496639.332815213] [stall_monitor]: loop gap 0 ms sim (2 ms wall, rtf 0.00) -> up to 0.000 rad of open-loop travel at saturated gripper velocity
[WARN] [1786496639.334607322] [stall_monitor]: loop gap 0 ms sim (2 ms wall, rtf 0.00) -> up to 0.000 rad of open-loop travel at saturated gripper velocity
[WARN] [1786496639.336745826] [stall_monitor]: loop gap 0 ms sim (2 ms wall, rtf 0.00) -> up to 0.000 rad of open-loop travel at saturated gripper velocity
[WARN] [1786496639.338722329] [stall_monitor]: loop gap 0 ms sim (2 ms wall, rtf 0.00) -> up to 0.000 rad of open-loop travel at saturated gripper velocity
[WARN] [1786496639.340716305] [stall_monitor]: loop gap 0 ms sim (2 ms wall, rtf 0.00) -> up to 0.000 rad of open-loop travel at saturated gripper velocity
[WARN] [1786496639.342598844] [stall_monitor]: loop gap 0 ms sim (2 ms wall, rtf 0.00) -> up to 0.000 rad of open-loop travel at saturated gripper velocity
[WARN] [1786496639.344777758] [stall_monitor]: loop gap 0 ms sim (2 ms wall, rtf 0.00) -> up to 0.000 rad of open-loop travel at saturated gripper velocity
[WARN] [1786496639.346583895] [stall_monitor]: loop gap 0 ms sim (2 ms wall, rtf 0.00) -> up to 0.000 rad of open-loop travel at saturated gripper velocity
[WARN] [1786496639.348658997] [stall_monitor]: loop gap 0 ms sim (2 ms wall, rtf 0.00) -> up to 0.000 rad of open-loop travel at saturated gripper velocity
[WARN] [1786496639.350791753] [stall_monitor]: loop gap 0 ms sim (2 ms wall, rtf 0.00) -> up to 0.000 rad of open-loop travel at saturated gripper velocity
[WARN] [1786496639.352854309] [stall_monitor]: loop gap 0 ms sim (2 ms wall, rtf 0.00) -> up to 0.000 rad of open-loop travel at saturated gripper velocity
[WARN] [1786496639.354632477] [stall_monitor]: loop gap 0 ms sim (2 ms wall, rtf 0.00) -> up to 0.000 rad of open-loop travel at saturated gripper velocity
[WARN] [1786496639.356540754] [stall_monitor]: loop gap 0 ms sim (2 ms wall, rtf 0.00) -> up to 0.000 rad of open-loop travel at saturated gripper velocity
[WARN] [1786496639.358811506] [stall_monitor]: loop gap 0 ms sim (2 ms wall, rtf 0.00) -> up to 0.000 rad of open-loop travel at saturated gripper velocity
[WARN] [1786496639.360616548] [stall_monitor]: loop gap 0 ms sim (2 ms wall, rtf 0.00) -> up to 0.000 rad of open-loop travel at saturated gripper velocity
[WARN] [1786496639.363371096] [stall_monitor]: loop gap 0 ms sim (3 ms wall, rtf 0.00) -> up to 0.000 rad of open-loop travel at saturated gripper velocity
[WARN] [1786496639.365787321] [stall_monitor]: loop gap 0 ms sim (2 ms wall, rtf 0.00) -> up to 0.000 rad of open-loop travel at saturated gripper velocity
[WARN] [1786496639.367141661] [stall_monitor]: loop gap 0 ms sim (2 ms wall, rtf 0.00) -> up to 0.000 rad of open-loop travel at saturated gripper velocity
[WARN] [1786496639.368588912] [stall_monitor]: loop gap 0 ms sim (2 ms wall, rtf 0.00) -> up to 0.000 rad of open-loop travel at saturated gripper velocity
[WARN] [1786496639.370781643] [stall_monitor]: loop gap 0 ms sim (2 ms wall, rtf 0.00) -> up to 0.000 rad of open-loop travel at saturated gripper velocity
[WARN] [1786496639.372697492] [stall_monitor]: loop gap 0 ms sim (2 ms wall, rtf 0.00) -> up to 0.000 rad of open-loop travel at saturated gripper velocity
[WARN] [1786496639.374782380] [stall_monitor]: loop gap 0 ms sim (2 ms wall, rtf 0.00) -> up to 0.000 rad of open-loop travel at saturated gripper velocity
[WARN] [1786496639.377122899] [stall_monitor]: loop gap 0 ms sim (2 ms wall, rtf 0.00) -> up to 0.000 rad of open-loop travel at saturated gripper velocity
[WARN] [1786496639.379223039] [stall_monitor]: loop gap 0 ms sim (2 ms wall, rtf 0.00) -> up to 0.000 rad of open-loop travel at saturated gripper velocity
[WARN] [1786496639.380831256] [stall_monitor]: loop gap 0 ms sim (2 ms wall, rtf 0.00) -> up to 0.000 rad of open-loop travel at saturated gripper velocity
[WARN] [1786496639.382866907] [stall_monitor]: loop gap 0 ms sim (2 ms wall, rtf 0.00) -> up to 0.000 rad of open-loop travel at saturated gripper velocity
[WARN] [1786496639.384743156] [stall_monitor]: loop gap 0 ms sim (2 ms wall, rtf 0.00) -> up to 0.000 rad of open-loop travel at saturated gripper velocity
[WARN] [1786496639.387064215] [stall_monitor]: loop gap 0 ms sim (2 ms wall, rtf 0.00) -> up to 0.000 rad of open-loop travel at saturated gripper velocity
[WARN] [1786496639.389011763] [stall_monitor]: loop gap 0 ms sim (2 ms wall, rtf 0.00) -> up to 0.000 rad of open-loop travel at saturated gripper velocity
[WARN] [1786496639.390948735] [stall_monitor]: loop gap 0 ms sim (2 ms wall, rtf 0.00) -> up to 0.000 rad of open-loop travel at saturated gripper velocity
[WARN] [1786496639.392935677] [stall_monitor]: loop gap 0 ms sim (2 ms wall, rtf 0.00) -> up to 0.000 rad of open-loop travel at saturated gripper velocity
[WARN] [1786496639.395736802] [stall_monitor]: loop gap 0 ms sim (3 ms wall, rtf 0.00) -> up to 0.000 rad of open-loop travel at saturated gripper velocity
[WARN] [1786496639.397256132] [stall_monitor]: loop gap 0 ms sim (2 ms wall, rtf 0.00) -> up to 0.000 rad of open-loop travel at saturated gripper velocity
[WARN] [1786496639.400663644] [stall_monitor]: loop gap 0 ms sim (3 ms wall, rtf 0.00) -> up to 0.000 rad of open-loop travel at saturated gripper velocity
[WARN] [1786496639.401683156] [stall_monitor]: loop gap 0 ms sim (1 ms wall, rtf 0.00) -> up to 0.000 rad of open-loop travel at saturated gripper velocity
[WARN] [1786496639.406735231] [stall_monitor]: loop gap 0 ms sim (4 ms wall, rtf 0.00) -> up to 0.000 rad of open-loop travel at saturated gripper velocity
[WARN] [1786496639.408534946] [stall_monitor]: loop gap 0 ms sim (2 ms wall, rtf 0.00) -> up to 0.000 rad of open-loop travel at saturated gripper velocity
[WARN] [1786496639.410758897] [stall_monitor]: loop gap 0 ms sim (2 ms wall, rtf 0.00) -> up to 0.000 rad of open-loop travel at saturated gripper velocity
[WARN] [1786496639.412747330] [stall_monitor]: loop gap 0 ms sim (2 ms wall, rtf 0.00) -> up to 0.000 rad of open-loop travel at saturated gripper velocity
[WARN] [1786496639.414247606] [stall_monitor]: loop gap 0 ms sim (2 ms wall, rtf 0.00) -> up to 0.000 rad of open-loop travel at saturated gripper velocity
[WARN] [1786496639.416329960] [stall_monitor]: loop gap 0 ms sim (2 ms wall, rtf 0.00) -> up to 0.000 rad of open-loop travel at saturated gripper velocity
[WARN] [1786496639.418103051] [stall_monitor]: loop gap 0 ms sim (2 ms wall, rtf 0.00) -> up to 0.000 rad of open-loop travel at saturated gripper velocity
[WARN] [1786496639.420137442] [stall_monitor]: loop gap 0 ms sim (2 ms wall, rtf 0.00) -> up to 0.000 rad of open-loop travel at saturated gripper velocity
[WARN] [1786496639.422076216] [stall_monitor]: loop gap 0 ms sim (2 ms wall, rtf 0.00) -> up to 0.000 rad of open-loop travel at saturated gripper velocity
[WARN] [1786496639.424322655] [stall_monitor]: loop gap 0 ms sim (2 ms wall, rtf 0.00) -> up to 0.000 rad of open-loop travel at saturated gripper velocity
[WARN] [1786496639.426165817] [stall_monitor]: loop gap 0 ms sim (2 ms wall, rtf 0.00) -> up to 0.000 rad of open-loop travel at saturated gripper velocity
[WARN] [1786496639.427917810] [stall_monitor]: loop gap 0 ms sim (2 ms wall, rtf 0.00) -> up to 0.000 rad of open-loop travel at saturated gripper velocity
[WARN] [1786496639.430081752] [stall_monitor]: loop gap 0 ms sim (2 ms wall, rtf 0.00) -> up to 0.000 rad of open-loop travel at saturated gripper velocity
[WARN] [1786496639.432915881] [stall_monitor]: loop gap 0 ms sim (3 ms wall, rtf 0.00) -> up to 0.000 rad of open-loop travel at saturated gripper velocity
[WARN] [1786496639.434182822] [stall_monitor]: loop gap 0 ms sim (1 ms wall, rtf 0.00) -> up to 0.000 rad of open-loop travel at saturated gripper velocity
[WARN] [1786496639.437119014] [stall_monitor]: loop gap 0 ms sim (3 ms wall, rtf 0.00) -> up to 0.000 rad of open-loop travel at saturated gripper velocity
[WARN] [1786496639.437802636] [stall_monitor]: loop gap 0 ms sim (1 ms wall, rtf 0.00) -> up to 0.000 rad of open-loop travel at saturated gripper velocity
[WARN] [1786496639.440922714] [stall_monitor]: loop gap 0 ms sim (3 ms wall, rtf 0.00) -> up to 0.000 rad of open-loop travel at saturated gripper velocity
[WARN] [1786496639.442788718] [stall_monitor]: loop gap 0 ms sim (2 ms wall, rtf 0.00) -> up to 0.000 rad of open-loop travel at saturated gripper velocity
[WARN] [1786496639.444376131] [stall_monitor]: loop gap 0 ms sim (2 ms wall, rtf 0.00) -> up to 0.000 rad of open-loop travel at saturated gripper velocity
[WARN] [1786496639.446447587] [stall_monitor]: loop gap 0 ms sim (2 ms wall, rtf 0.00) -> up to 0.000 rad of open-loop travel at saturated gripper velocity
[WARN] [1786496639.448181452] [stall_monitor]: loop gap 0 ms sim (2 ms wall, rtf 0.00) -> up to 0.000 rad of open-loop travel at saturated gripper velocity
[WARN] [1786496639.450256226] [stall_monitor]: loop gap 0 ms sim (2 ms wall, rtf 0.00) -> up to 0.000 rad of open-loop travel at saturated gripper velocity
[WARN] [1786496639.452780384] [stall_monitor]: loop gap 0 ms sim (2 ms wall, rtf 0.00) -> up to 0.000 rad of open-loop travel at saturated gripper velocity
[WARN] [1786496639.454234223] [stall_monitor]: loop gap 0 ms sim (2 ms wall, rtf 0.00) -> up to 0.000 rad of open-loop travel at saturated gripper velocity
[WARN] [1786496639.458945561] [stall_monitor]: loop gap 0 ms sim (4 ms wall, rtf 0.00) -> up to 0.000 rad of open-loop travel at saturated gripper velocity
[WARN] [1786496639.461560747] [stall_monitor]: loop gap 0 ms sim (3 ms wall, rtf 0.00) -> up to 0.000 rad of open-loop travel at saturated gripper velocity
[WARN] [1786496639.464695477] [stall_monitor]: loop gap 0 ms sim (3 ms wall, rtf 0.00) -> up to 0.000 rad of open-loop travel at saturated gripper velocity
[WARN] [1786496639.467174925] [stall_monitor]: loop gap 0 ms sim (3 ms wall, rtf 0.00) -> up to 0.000 rad of open-loop travel at saturated gripper velocity
[WARN] [1786496639.469333065] [stall_monitor]: loop gap 0 ms sim (2 ms wall, rtf 0.00) -> up to 0.000 rad of open-loop travel at saturated gripper velocity
[WARN] [1786496639.471088017] [stall_monitor]: loop gap 0 ms sim (2 ms wall, rtf 0.00) -> up to 0.000 rad of open-loop travel at saturated gripper velocity
[WARN] [1786496639.472737384] [stall_monitor]: loop gap 0 ms sim (2 ms wall, rtf 0.00) -> up to 0.000 rad of open-loop travel at saturated gripper velocity
[WARN] [1786496639.474855316] [stall_monitor]: loop gap 0 ms sim (2 ms wall, rtf 0.00) -> up to 0.000 rad of open-loop travel at saturated gripper velocity
[WARN] [1786496639.476768725] [stall_monitor]: loop gap 0 ms sim (2 ms wall, rtf 0.00) -> up to 0.000 rad of open-loop travel at saturated gripper velocity
[WARN] [1786496639.478699830] [stall_monitor]: loop gap 0 ms sim (2 ms wall, rtf 0.00) -> up to 0.000 rad of open-loop travel at saturated gripper velocity
[WARN] [1786496639.480676739] [stall_monitor]: loop gap 0 ms sim (2 ms wall, rtf 0.00) -> up to 0.000 rad of open-loop travel at saturated gripper velocity
[WARN] [1786496639.482594632] [stall_monitor]: loop gap 0 ms sim (2 ms wall, rtf 0.00) -> up to 0.000 rad of open-loop travel at saturated gripper velocity
[WARN] [1786496639.484592801] [stall_monitor]: loop gap 0 ms sim (2 ms wall, rtf 0.00) -> up to 0.000 rad of open-loop travel at saturated gripper velocity
[WARN] [1786496639.486634604] [stall_monitor]: loop gap 0 ms sim (2 ms wall, rtf 0.00) -> up to 0.000 rad of open-loop travel at saturated gripper velocity
[WARN] [1786496639.488552728] [stall_monitor]: loop gap 0 ms sim (2 ms wall, rtf 0.00) -> up to 0.000 rad of open-loop travel at saturated gripper velocity
[WARN] [1786496639.490663767] [stall_monitor]: loop gap 0 ms sim (2 ms wall, rtf 0.00) -> up to 0.000 rad of open-loop travel at saturated gripper velocity
[WARN] [1786496639.492778587] [stall_monitor]: loop gap 0 ms sim (2 ms wall, rtf 0.00) -> up to 0.000 rad of open-loop travel at saturated gripper velocity
[WARN] [1786496639.494452750] [stall_monitor]: loop gap 0 ms sim (2 ms wall, rtf 0.00) -> up to 0.000 rad of open-loop travel at saturated gripper velocity
[WARN] [1786496639.496949942] [stall_monitor]: loop gap 0 ms sim (2 ms wall, rtf 0.00) -> up to 0.000 rad of open-loop travel at saturated gripper velocity
[WARN] [1786496639.498908714] [stall_monitor]: loop gap 0 ms sim (2 ms wall, rtf 0.00) -> up to 0.000 rad of open-loop travel at saturated gripper velocity
[WARN] [1786496639.500746183] [stall_monitor]: loop gap 0 ms sim (2 ms wall, rtf 0.00) -> up to 0.000 rad of open-loop travel at saturated gripper velocity
[WARN] [1786496639.502569597] [stall_monitor]: loop gap 0 ms sim (2 ms wall, rtf 0.00) -> up to 0.000 rad of open-loop travel at saturated gripper velocity
[WARN] [1786496639.505239652] [stall_monitor]: loop gap 0 ms sim (3 ms wall, rtf 0.00) -> up to 0.000 rad of open-loop travel at saturated gripper velocity
[WARN] [1786496639.508374185] [stall_monitor]: loop gap 0 ms sim (2 ms wall, rtf 0.00) -> up to 0.000 rad of open-loop travel at saturated gripper velocity
[WARN] [1786496639.509679356] [stall_monitor]: loop gap 0 ms sim (2 ms wall, rtf 0.00) -> up to 0.000 rad of open-loop travel at saturated gripper velocity
[WARN] [1786496639.510614699] [stall_monitor]: loop gap 0 ms sim (1 ms wall, rtf 0.00) -> up to 0.000 rad of open-loop travel at saturated gripper velocity
[WARN] [1786496639.512555553] [stall_monitor]: loop gap 0 ms sim (2 ms wall, rtf 0.00) -> up to 0.000 rad of open-loop travel at saturated gripper velocity
[WARN] [1786496639.514416307] [stall_monitor]: loop gap 0 ms sim (2 ms wall, rtf 0.00) -> up to 0.000 rad of open-loop travel at saturated gripper velocity
[WARN] [1786496639.516529854] [stall_monitor]: loop gap 0 ms sim (2 ms wall, rtf 0.00) -> up to 0.000 rad of open-loop travel at saturated gripper velocity
[WARN] [1786496639.518437244] [stall_monitor]: loop gap 0 ms sim (2 ms wall, rtf 0.00) -> up to 0.000 rad of open-loop travel at saturated gripper velocity
[WARN] [1786496639.520439094] [stall_monitor]: loop gap 0 ms sim (2 ms wall, rtf 0.00) -> up to 0.000 rad of open-loop travel at saturated gripper velocity
[WARN] [1786496639.522519568] [stall_monitor]: loop gap 0 ms sim (2 ms wall, rtf 0.00) -> up to 0.000 rad of open-loop travel at saturated gripper velocity
[WARN] [1786496639.524526851] [stall_monitor]: loop gap 0 ms sim (2 ms wall, rtf 0.00) -> up to 0.000 rad of open-loop travel at saturated gripper velocity
[WARN] [1786496639.526341101] [stall_monitor]: loop gap 0 ms sim (2 ms wall, rtf 0.00) -> up to 0.000 rad of open-loop travel at saturated gripper velocity
[WARN] [1786496639.528712648] [stall_monitor]: loop gap 0 ms sim (2 ms wall, rtf 0.00) -> up to 0.000 rad of open-loop travel at saturated gripper velocity
[WARN] [1786496639.530771392] [stall_monitor]: loop gap 0 ms sim (2 ms wall, rtf 0.00) -> up to 0.000 rad of open-loop travel at saturated gripper velocity
[WARN] [1786496639.532773437] [stall_monitor]: loop gap 0 ms sim (2 ms wall, rtf 0.00) -> up to 0.000 rad of open-loop travel at saturated gripper velocity
[WARN] [1786496639.534641531] [stall_monitor]: loop gap 0 ms sim (2 ms wall, rtf 0.00) -> up to 0.000 rad of open-loop travel at saturated gripper velocity
[WARN] [1786496639.536608832] [stall_monitor]: loop gap 0 ms sim (2 ms wall, rtf 0.00) -> up to 0.000 rad of open-loop travel at saturated gripper velocity
[WARN] [1786496639.538454479] [stall_monitor]: loop gap 0 ms sim (2 ms wall, rtf 0.00) -> up to 0.000 rad of open-loop travel at saturated gripper velocity
[WARN] [1786496639.540557631] [stall_monitor]: loop gap 0 ms sim (2 ms wall, rtf 0.00) -> up to 0.000 rad of open-loop travel at saturated gripper velocity
[WARN] [1786496639.542869319] [stall_monitor]: loop gap 0 ms sim (2 ms wall, rtf 0.00) -> up to 0.000 rad of open-loop travel at saturated gripper velocity
[WARN] [1786496639.544526633] [stall_monitor]: loop gap 0 ms sim (2 ms wall, rtf 0.00) -> up to 0.000 rad of open-loop travel at saturated gripper velocity
[WARN] [1786496639.546413346] [stall_monitor]: loop gap 0 ms sim (2 ms wall, rtf 0.00) -> up to 0.000 rad of open-loop travel at saturated gripper velocity
[WARN] [1786496639.548598394] [stall_monitor]: loop gap 0 ms sim (2 ms wall, rtf 0.00) -> up to 0.000 rad of open-loop travel at saturated gripper velocity
[WARN] [1786496639.550521156] [stall_monitor]: loop gap 0 ms sim (2 ms wall, rtf 0.00) -> up to 0.000 rad of open-loop travel at saturated gripper velocity
[WARN] [1786496639.552622670] [stall_monitor]: loop gap 0 ms sim (2 ms wall, rtf 0.00) -> up to 0.000 rad of open-loop travel at saturated gripper velocity
[WARN] [1786496639.554664235] [stall_monitor]: loop gap 0 ms sim (2 ms wall, rtf 0.00) -> up to 0.000 rad of open-loop travel at saturated gripper velocity
[WARN] [1786496639.556599116] [stall_monitor]: loop gap 0 ms sim (2 ms wall, rtf 0.00) -> up to 0.000 rad of open-loop travel at saturated gripper velocity
[WARN] [1786496639.558527271] [stall_monitor]: loop gap 0 ms sim (2 ms wall, rtf 0.00) -> up to 0.000 rad of open-loop travel at saturated gripper velocity
[WARN] [1786496639.560789772] [stall_monitor]: loop gap 0 ms sim (2 ms wall, rtf 0.00) -> up to 0.000 rad of open-loop travel at saturated gripper velocity
[WARN] [1786496639.563082319] [stall_monitor]: loop gap 0 ms sim (2 ms wall, rtf 0.00) -> up to 0.000 rad of open-loop travel at saturated gripper velocity
[WARN] [1786496639.564514111] [stall_monitor]: loop gap 0 ms sim (1 ms wall, rtf 0.00) -> up to 0.000 rad of open-loop travel at saturated gripper velocity
[WARN] [1786496639.567288550] [stall_monitor]: loop gap 0 ms sim (2 ms wall, rtf 0.00) -> up to 0.000 rad of open-loop travel at saturated gripper velocity
[WARN] [1786496639.571668210] [stall_monitor]: loop gap 0 ms sim (4 ms wall, rtf 0.00) -> up to 0.000 rad of open-loop travel at saturated gripper velocity
[WARN] [1786496639.574512951] [stall_monitor]: loop gap 0 ms sim (3 ms wall, rtf 0.00) -> up to 0.000 rad of open-loop travel at saturated gripper velocity
[WARN] [1786496639.576812902] [stall_monitor]: loop gap 0 ms sim (2 ms wall, rtf 0.00) -> up to 0.000 rad of open-loop travel at saturated gripper velocity
[WARN] [1786496639.578839939] [stall_monitor]: loop gap 0 ms sim (2 ms wall, rtf 0.00) -> up to 0.000 rad of open-loop travel at saturated gripper velocity
[WARN] [1786496639.580846196] [stall_monitor]: loop gap 0 ms sim (2 ms wall, rtf 0.00) -> up to 0.000 rad of open-loop travel at saturated gripper velocity
[WARN] [1786496639.583742655] [stall_monitor]: loop gap 0 ms sim (3 ms wall, rtf 0.00) -> up to 0.000 rad of open-loop travel at saturated gripper velocity
[WARN] [1786496639.586038278] [stall_monitor]: loop gap 0 ms sim (3 ms wall, rtf 0.00) -> up to 0.000 rad of open-loop travel at saturated gripper velocity
[WARN] [1786496639.588072945] [stall_monitor]: loop gap 0 ms sim (2 ms wall, rtf 0.00) -> up to 0.000 rad of open-loop travel at saturated gripper velocity
[WARN] [1786496639.589455553] [stall_monitor]: loop gap 0 ms sim (2 ms wall, rtf 0.00) -> up to 0.000 rad of open-loop travel at saturated gripper velocity
[WARN] [1786496639.591663399] [stall_monitor]: loop gap 0 ms sim (2 ms wall, rtf 0.00) -> up to 0.000 rad of open-loop travel at saturated gripper velocity
[WARN] [1786496639.593511134] [stall_monitor]: loop gap 0 ms sim (2 ms wall, rtf 0.00) -> up to 0.000 rad of open-loop travel at saturated gripper velocity
[WARN] [1786496639.595826566] [stall_monitor]: loop gap 0 ms sim (2 ms wall, rtf 0.00) -> up to 0.000 rad of open-loop travel at saturated gripper velocity
[WARN] [1786496639.597455107] [stall_monitor]: loop gap 0 ms sim (2 ms wall, rtf 0.00) -> up to 0.000 rad of open-loop travel at saturated gripper velocity
[WARN] [1786496639.599472834] [stall_monitor]: loop gap 0 ms sim (2 ms wall, rtf 0.00) -> up to 0.000 rad of open-loop travel at saturated gripper velocity
[WARN] [1786496639.601837242] [stall_monitor]: loop gap 0 ms sim (2 ms wall, rtf 0.00) -> up to 0.000 rad of open-loop travel at saturated gripper velocity
[WARN] [1786496639.603750654] [stall_monitor]: loop gap 0 ms sim (2 ms wall, rtf 0.00) -> up to 0.000 rad of open-loop travel at saturated gripper velocity
[WARN] [1786496639.606206578] [stall_monitor]: loop gap 0 ms sim (2 ms wall, rtf 0.00) -> up to 0.000 rad of open-loop travel at saturated gripper velocity
[WARN] [1786496639.607779121] [stall_monitor]: loop gap 0 ms sim (2 ms wall, rtf 0.00) -> up to 0.000 rad of open-loop travel at saturated gripper velocity
[WARN] [1786496639.610153626] [stall_monitor]: loop gap 0 ms sim (2 ms wall, rtf 0.00) -> up to 0.000 rad of open-loop travel at saturated gripper velocity
[WARN] [1786496639.612203413] [stall_monitor]: loop gap 0 ms sim (2 ms wall, rtf 0.00) -> up to 0.000 rad of open-loop travel at saturated gripper velocity
[WARN] [1786496639.613373548] [stall_monitor]: loop gap 0 ms sim (2 ms wall, rtf 0.00) -> up to 0.000 rad of open-loop travel at saturated gripper velocity
[WARN] [1786496639.615584500] [stall_monitor]: loop gap 0 ms sim (2 ms wall, rtf 0.00) -> up to 0.000 rad of open-loop travel at saturated gripper velocity
[WARN] [1786496639.617343513] [stall_monitor]: loop gap 0 ms sim (2 ms wall, rtf 0.00) -> up to 0.000 rad of open-loop travel at saturated gripper velocity
[WARN] [1786496639.619474945] [stall_monitor]: loop gap 0 ms sim (2 ms wall, rtf 0.00) -> up to 0.000 rad of open-loop travel at saturated gripper velocity
[WARN] [1786496639.621595714] [stall_monitor]: loop gap 0 ms sim (2 ms wall, rtf 0.00) -> up to 0.000 rad of open-loop travel at saturated gripper velocity
[WARN] [1786496639.623352654] [stall_monitor]: loop gap 0 ms sim (2 ms wall, rtf 0.00) -> up to 0.000 rad of open-loop travel at saturated gripper velocity
[WARN] [1786496639.625303398] [stall_monitor]: loop gap 0 ms sim (2 ms wall, rtf 0.00) -> up to 0.000 rad of open-loop travel at saturated gripper velocity
[WARN] [1786496639.627364011] [stall_monitor]: loop gap 0 ms sim (2 ms wall, rtf 0.00) -> up to 0.000 rad of open-loop travel at saturated gripper velocity
[WARN] [1786496639.629366910] [stall_monitor]: loop gap 0 ms sim (2 ms wall, rtf 0.00) -> up to 0.000 rad of open-loop travel at saturated gripper velocity
[WARN] [1786496639.631319682] [stall_monitor]: loop gap 0 ms sim (2 ms wall, rtf 0.00) -> up to 0.000 rad of open-loop travel at saturated gripper velocity
[WARN] [1786496639.633373893] [stall_monitor]: loop gap 0 ms sim (2 ms wall, rtf 0.00) -> up to 0.000 rad of open-loop travel at saturated gripper velocity
[WARN] [1786496639.635404260] [stall_monitor]: loop gap 0 ms sim (2 ms wall, rtf 0.00) -> up to 0.000 rad of open-loop travel at saturated gripper velocity
[WARN] [1786496639.637404922] [stall_monitor]: loop gap 0 ms sim (2 ms wall, rtf 0.00) -> up to 0.000 rad of open-loop travel at saturated gripper velocity
[WARN] [1786496639.639595229] [stall_monitor]: loop gap 0 ms sim (2 ms wall, rtf 0.00) -> up to 0.000 rad of open-loop travel at saturated gripper velocity
[WARN] [1786496639.641619694] [stall_monitor]: loop gap 0 ms sim (2 ms wall, rtf 0.00) -> up to 0.000 rad of open-loop travel at saturated gripper velocity
[WARN] [1786496639.643525285] [stall_monitor]: loop gap 0 ms sim (2 ms wall, rtf 0.00) -> up to 0.000 rad of open-loop travel at saturated gripper velocity
[WARN] [1786496639.645721163] [stall_monitor]: loop gap 0 ms sim (2 ms wall, rtf 0.00) -> up to 0.000 rad of open-loop travel at saturated gripper velocity
[WARN] [1786496639.647417682] [stall_monitor]: loop gap 0 ms sim (2 ms wall, rtf 0.00) -> up to 0.000 rad of open-loop travel at saturated gripper velocity
[WARN] [1786496639.649467201] [stall_monitor]: loop gap 0 ms sim (2 ms wall, rtf 0.00) -> up to 0.000 rad of open-loop travel at saturated gripper velocity
[WARN] [1786496639.651612910] [stall_monitor]: loop gap 0 ms sim (2 ms wall, rtf 0.00) -> up to 0.000 rad of open-loop travel at saturated gripper velocity
[WARN] [1786496639.662107657] [stall_monitor]: loop gap 23 ms sim (2 ms wall, rtf 12.84) -> up to 0.011 rad of open-loop travel at saturated gripper velocity
[WARN] [1786496639.665365092] [stall_monitor]: loop gap 33 ms sim (3 ms wall, rtf 10.11) -> up to 0.017 rad of open-loop travel at saturated gripper velocity
[WARN] [1786496639.667337600] [stall_monitor]: loop gap 22 ms sim (2 ms wall, rtf 13.11) -> up to 0.011 rad of open-loop travel at saturated gripper velocity
[WARN] [1786496639.669120768] [stall_monitor]: loop gap 27 ms sim (2 ms wall, rtf 13.05) -> up to 0.013 rad of open-loop travel at saturated gripper velocity
[WARN] [1786496639.673495593] [stall_monitor]: loop gap 27 ms sim (2 ms wall, rtf 11.70) -> up to 0.014 rad of open-loop travel at saturated gripper velocity
[WARN] [1786496639.679719918] [stall_monitor]: loop gap 26 ms sim (3 ms wall, rtf 9.89) -> up to 0.013 rad of open-loop travel at saturated gripper velocity
[WARN] [1786496639.683997300] [stall_monitor]: loop gap 22 ms sim (2 ms wall, rtf 9.52) -> up to 0.011 rad of open-loop travel at saturated gripper velocity
[WARN] [1786496639.686103568] [stall_monitor]: loop gap 30 ms sim (2 ms wall, rtf 13.44) -> up to 0.015 rad of open-loop travel at saturated gripper velocity
[WARN] [1786496642.402166182] [stall_monitor]: loop gap 0 ms sim (1 ms wall, rtf 0.00) -> up to 0.000 rad of open-loop travel at saturated gripper velocity
[WARN] [1786496642.403751225] [stall_monitor]: loop gap 0 ms sim (2 ms wall, rtf 0.00) -> up to 0.000 rad of open-loop travel at saturated gripper velocity
[WARN] [1786496642.404851873] [stall_monitor]: loop gap 0 ms sim (1 ms wall, rtf 0.00) -> up to 0.000 rad of open-loop travel at saturated gripper velocity
[WARN] [1786496642.407402042] [stall_monitor]: loop gap 0 ms sim (3 ms wall, rtf 0.00) -> up to 0.000 rad of open-loop travel at saturated gripper velocity
[WARN] [1786496642.410118762] [stall_monitor]: loop gap 0 ms sim (2 ms wall, rtf 0.00) -> up to 0.000 rad of open-loop travel at saturated gripper velocity
[WARN] [1786496642.412349692] [stall_monitor]: loop gap 26 ms sim (2 ms wall, rtf 12.21) -> up to 0.013 rad of open-loop travel at saturated gripper velocity
[WARN] [1786496642.415689180] [stall_monitor]: loop gap 23 ms sim (3 ms wall, rtf 7.53) -> up to 0.011 rad of open-loop travel at saturated gripper velocity
[WARN] [1786496642.422823577] [stall_monitor]: loop gap 33 ms sim (2 ms wall, rtf 19.68) -> up to 0.017 rad of open-loop travel at saturated gripper velocity
[WARN] [1786496642.425648080] [stall_monitor]: loop gap 43 ms sim (3 ms wall, rtf 15.15) -> up to 0.021 rad of open-loop travel at saturated gripper velocity
[WARN] [1786496642.427469922] [stall_monitor]: loop gap 23 ms sim (2 ms wall, rtf 13.61) -> up to 0.011 rad of open-loop travel at saturated gripper velocity
[WARN] [1786496642.429215847] [stall_monitor]: loop gap 27 ms sim (2 ms wall, rtf 13.25) -> up to 0.014 rad of open-loop travel at saturated gripper velocity
[WARN] [1786496642.437535611] [stall_monitor]: loop gap 23 ms sim (2 ms wall, rtf 11.18) -> up to 0.011 rad of open-loop travel at saturated gripper velocity
[WARN] [1786496642.440390761] [stall_monitor]: loop gap 33 ms sim (3 ms wall, rtf 11.79) -> up to 0.017 rad of open-loop travel at saturated gripper velocity
[WARN] [1786496642.443674524] [stall_monitor]: loop gap 21 ms sim (2 ms wall, rtf 11.72) -> up to 0.011 rad of open-loop travel at saturated gripper velocity
[WARN] [1786496642.825572706] [stall_monitor]: loop gap 0 ms sim (3 ms wall, rtf 0.00) -> up to 0.000 rad of open-loop travel at saturated gripper velocity
[WARN] [1786496645.331141616] [stall_monitor]: loop gap 0 ms sim (5 ms wall, rtf 0.00) -> up to 0.000 rad of open-loop travel at saturated gripper velocity
[WARN] [1786496645.331843962] [stall_monitor]: loop gap 0 ms sim (1 ms wall, rtf 0.00) -> up to 0.000 rad of open-loop travel at saturated gripper velocity
[WARN] [1786496645.627924406] [stall_monitor]: loop gap 0 ms sim (2 ms wall, rtf 0.00) -> up to 0.000 rad of open-loop travel at saturated gripper velocity
[WARN] [1786496647.695122809] [stall_monitor]: loop gap 0 ms sim (1 ms wall, rtf 0.00) -> up to 0.000 rad of open-loop travel at saturated gripper velocity
[WARN] [1786496648.146504844] [stall_monitor]: loop gap 0 ms sim (1 ms wall, rtf 0.00) -> up to 0.000 rad of open-loop travel at saturated gripper velocity
[WARN] [1786496648.169272574] [stall_monitor]: loop gap 0 ms sim (1 ms wall, rtf 0.00) -> up to 0.000 rad of open-loop travel at saturated gripper velocity
[WARN] [1786496657.399973956] [stall_monitor]: loop gap 0 ms sim (2 ms wall, rtf 0.00) -> up to 0.000 rad of open-loop travel at saturated gripper velocity
[WARN] [1786496663.909036556] [stall_monitor]: loop gap 0 ms sim (2 ms wall, rtf 0.00) -> up to 0.000 rad of open-loop travel at saturated gripper velocity
[WARN] [1786496696.205759041] [stall_monitor]: loop gap 0 ms sim (0 ms wall, rtf 0.00) -> up to 0.000 rad of open-loop travel at saturated gripper velocity
[WARN] [1786496696.209369572] [stall_monitor]: loop gap 35 ms sim (2 ms wall, rtf 15.20) -> up to 0.017 rad of open-loop travel at saturated gripper velocity
[WARN] [1786496696.211754226] [stall_monitor]: loop gap 27 ms sim (2 ms wall, rtf 11.46) -> up to 0.014 rad of open-loop travel at saturated gripper velocity
[WARN] [1786496696.214415465] [stall_monitor]: loop gap 27 ms sim (2 ms wall, rtf 11.26) -> up to 0.014 rad of open-loop travel at saturated gripper velocity
[WARN] [1786496696.216947101] [stall_monitor]: loop gap 33 ms sim (3 ms wall, rtf 12.65) -> up to 0.017 rad of open-loop travel at saturated gripper velocity
[WARN] [1786496696.219404151] [stall_monitor]: loop gap 21 ms sim (2 ms wall, rtf 8.73) -> up to 0.011 rad of open-loop travel at saturated gripper velocity
[WARN] [1786496699.434231449] [stall_monitor]: loop gap 0 ms sim (3 ms wall, rtf 0.00) -> up to 0.000 rad of open-loop travel at saturated gripper velocity
[stall_monitor] messages=30029 gaps_logged=370 max_sim_gap_ms=43.0 implied_max_overshoot_rad=0.021

════════════════════════════════════════════════════════════
§ 7. Cleanup

════════════════════════════════════════════════════════════
scripts/lib/gz_settle.sh: line 99: 53250 Killed                  nohup ros2 launch ur5e_robotiq_description ur5e_robotiq_sim_control.launch.py > "$SIM_LOG" 2>&1

done: 2026-08-12T03:05:07+02:00
artifacts:
  sim_log=docs/m3_cyclelive_sim_20260812_030330_5734.log
  movegroup_log=docs/m3_cyclelive_movegroup_20260812_030330_5734.log
  grasp_log=docs/m3_cyclelive_grasp_20260812_030330_5734.log
  stall_csv=docs/m3_cyclelive_stalls_20260812_030330_5734.csv
  grasp_csv=m3_grasp_trace_cyclelive_20260812_030330_5734.csv
