
════════════════════════════════════════════════════════════
§ 0. Clean slate

════════════════════════════════════════════════════════════

════════════════════════════════════════════════════════════
§ 1. Launch sim (ur5e_robotiq_sim_control.launch.py)

════════════════════════════════════════════════════════════
  sim launch PID=36246, log=docs/m3_cyclelive_sim_20260812_024902_15643.log
  controllers active after 7.56s
  controllers active after 3.10s

════════════════════════════════════════════════════════════
§ 1.5 Start stall_monitor (passive /joint_states cadence recorder, whole cycle)

════════════════════════════════════════════════════════════
  stall_monitor PID=36610, csv=docs/m3_cyclelive_stalls_20260812_024902_15643.csv, log=docs/m3_cyclelive_stallmonitor_20260812_024902_15643.log

════════════════════════════════════════════════════════════
§ 2. Launch move_group

════════════════════════════════════════════════════════════
  move_group PID=36636, log=docs/m3_cyclelive_movegroup_20260812_024902_15643.log
  move_group node present after 0s (+3s buffer taken)

════════════════════════════════════════════════════════════
§ 3. Spawn pick object

════════════════════════════════════════════════════════════

════════════════════════════════════════════════════════════
§ 0. Read object: block from scene.yaml

════════════════════════════════════════════════════════════
  object=pick_target size=0.045 0.045 0.045 m mass=0.15 kg mu=1.0
  pick_pose=0.45 -0.15 0.7725  rpy=0.0 0.0 0.0

════════════════════════════════════════════════════════════
§ 1. Spawn pick_target at pick_pose

════════════════════════════════════════════════════════════
    data: true

════════════════════════════════════════════════════════════
§ 2. Settle onto the table (gravity only, not contact-loaded)

════════════════════════════════════════════════════════════
[settle] poses settled after 0.63s (max|delta over 0.15s|=0.000000 m)
  settled z = 0.772499999938291 (expected table.surface_z + size.z/2 = 0.77250)

done: 2026-08-12T02:49:21+02:00

════════════════════════════════════════════════════════════
§ 4. Gate BEFORE (gz_assert_gripper_responsive)

════════════════════════════════════════════════════════════
  [ok] gripper responsive: 0.1rad close completed cleanly in 3.44s

════════════════════════════════════════════════════════════
§ 5. Run m3_grasp (streamed live, torn down on RUN SUMMARY -- see file header)

════════════════════════════════════════════════════════════
[INFO] [launch]: All log files can be found below /home/user/.ros/log/2026-08-12-02-49-31-595807-Sachin-36936
[INFO] [launch]: Default logging verbosity is set to INFO
[INFO] [static_scene_tf-1]: process started with pid [36959]
[INFO] [m3_grasp-2]: process started with pid [36960]
[static_scene_tf-1] [0m[INFO] [1786495771.953277314] [static_scene_tf]: published static frames: world->object_frame (pick_pose), object_frame->grasp_frame (approach_axis=[0.000 0.000 -1.000] roll=0.000), tool0->grasp_tcp (tcp_offset=0.1204), world->place_frame (place_pose)[0m
[m3_grasp-2] [0m[INFO] [1786495771.984991973] [m3_grasp]: GRASP MODE: friction (physics)[0m
[m3_grasp-2] [0m[INFO] [1786495771.985233175] [m3_grasp]: pad-centre-corrected offset: tcp_offset=0.120405 + pad_centre_offset=0.031573 = 0.151978 m (NOT YET LIVE-VERIFIED direction -- see file header)[0m
[m3_grasp-2] [0m[INFO] [1786495772.121932793] [m3_grasp]: base-pose guard OK: 'base_link' matches scene.yaml within tolerance (pos error 0.00000 m, angle error 0.00000 rad)[0m
[m3_grasp-2] [33m[WARN] [1786495772.574317053] [rcl.logging_rosout]: Publisher already registered for node name: 'm3_grasp'. If this is due to multiple nodes with the same name then all logs for the logger named 'm3_grasp' will go out over the existing publisher. As soon as any node with that name is destructed it will unregister the publisher, preventing any further logs for that name from being published on the rosout topic.[0m
[m3_grasp-2] [0m[INFO] [1786495772.591156458] [m3_grasp.moveit.ros.rdf_loader]: Loaded robot model in 0.004 seconds[0m
[m3_grasp-2] [0m[INFO] [1786495772.591248645] [m3_grasp.moveit.core.robot_model]: Loading robot model 'ur5e_robotiq'...[0m
[m3_grasp-2] [0m[INFO] [1786495772.591280050] [m3_grasp.moveit.core.robot_model]: No root/virtual joint specified in SRDF. Assuming fixed joint[0m
[m3_grasp-2] [0m[INFO] [1786495772.607332612] [m3_grasp.moveit.kinematics.kdl_kinematics_plugin]: Joint weights for group 'arm': 1 1 1 1 1 1[0m
[m3_grasp-2] [0m[INFO] [1786495773.859107248] [m3_grasp.moveit.ros.move_group_interface]: Ready to take commands for planning group arm.[0m
[m3_grasp-2] [0m[INFO] [1786495773.859169653] [m3_grasp]: pre-grasp tool0 target (world): [0.4500 -0.1500 1.0245]  grasp tool0 target: [0.4500 -0.1500 0.9245]  (corrected_offset=0.151978)[0m
[m3_grasp-2] [0m[INFO] [1786495773.859347695] [m3_grasp.moveit.ros.move_group_interface]: MoveGroup action client/server ready[0m
[m3_grasp-2] [0m[INFO] [1786495773.860471709] [m3_grasp.moveit.ros.move_group_interface]: Planning request accepted[0m
[m3_grasp-2] [0m[INFO] [1786495773.887764355] [m3_grasp.moveit.ros.move_group_interface]: Planning request complete![0m
[m3_grasp-2] [0m[INFO] [1786495773.888421365] [m3_grasp.moveit.ros.move_group_interface]: time taken to generate plan: 0.011782 seconds[0m
[m3_grasp-2] [0m[INFO] [1786495773.889338932] [m3_grasp.moveit.ros.move_group_interface]: Execute request accepted[0m
[m3_grasp-2] [0m[INFO] [1786495786.893450695] [m3_grasp.moveit.ros.move_group_interface]: Execute request success![0m
[m3_grasp-2] [0m[INFO] [1786495787.955687320] [m3_grasp]: pre-close: REACHED_GOAL in achieved=0.0956 rad (target was 0.1055, free air)[0m
[m3_grasp-2] [0m[INFO] [1786495787.958939415] [m3_grasp]: computeCartesianPath fraction achieved: 1.0000 (need > 0.9500)[0m
[m3_grasp-2] [0m[INFO] [1786495787.958994997] [m3_grasp]: executing Cartesian descent to grasp target...[0m
[m3_grasp-2] [0m[INFO] [1786495787.959423787] [m3_grasp.moveit.ros.move_group_interface]: Execute request accepted[0m
[m3_grasp-2] [0m[INFO] [1786495789.962871838] [m3_grasp.moveit.ros.move_group_interface]: Execute request success![0m
[m3_grasp-2] [0m[INFO] [1786495789.963293457] [m3_grasp]: execution reported SUCCESS[0m
[m3_grasp-2] [0m[INFO] [1786495790.572800103] [m3_grasp]: stage 2 ground truth: grasp_tcp (Gazebo, not TF) = [0.4500 -0.1500 0.7725]  tcp_error_m=0.0000 (max 0.0050)[0m
[m3_grasp-2] [0m[INFO] [1786495792.425122592] [m3_grasp]: gripper_close_and_hold: STALLED in achieved=0.4029 rad (target was 0.8000)[0m
[m3_grasp-2] [0m[INFO] [1786495792.425190444] [m3_grasp]: grasp-success check (informational only, does not gate the cycle): achieved=0.4029 expected=0.4055 (width=0.0450m) |err|=0.0026 tolerance=0.0235 -> WITHIN TOLERANCE[0m
[m3_grasp-2] [0m[INFO] [1786495792.425274312] [m3_grasp]: M3 STAGE 3 LIFT_BEGIN cycle=0 sim=0 t=41.096000[0m
[m3_grasp-2] [0m[INFO] [1786495792.426616409] [m3_grasp.moveit.ros.current_state_monitor]: Listening to joint states on topic 'joint_states'[0m
[m3_grasp-2] [0m[INFO] [1786495792.431222755] [m3_grasp.moveit.ros.move_group_interface]: Execute request accepted[0m
[m3_grasp-2] [0m[INFO] [1786495795.786281964] [m3_grasp.moveit.ros.move_group_interface]: Execute request success![0m
[m3_grasp-2] [0m[INFO] [1786495795.786993446] [m3_grasp]: lift ok (fraction 1.0000)[0m
[m3_grasp-2] [0m[INFO] [1786495795.787042219] [m3_grasp]: M3 STAGE 3 LIFT_DONE cycle=0 sim=0 t=43.271000[0m
[m3_grasp-2] [0m[INFO] [1786495795.887453050] [m3_grasp]: dwelling 2.00 s (slip baseline sample)[0m
[m3_grasp-2] [0m[INFO] [1786495799.300561151] [m3_grasp]: M3 STAGE 4 TRANSPORT_BEGIN cycle=0 sim=0 t=45.332000[0m
[m3_grasp-2] [0m[INFO] [1786495799.300695753] [m3_grasp.moveit.ros.move_group_interface]: MoveGroup action client/server ready[0m
[m3_grasp-2] [0m[INFO] [1786495799.301152040] [m3_grasp.moveit.ros.move_group_interface]: Planning request accepted[0m
[m3_grasp-2] [0m[INFO] [1786495799.331498886] [m3_grasp.moveit.ros.move_group_interface]: Planning request complete![0m
[m3_grasp-2] [0m[INFO] [1786495799.331778906] [m3_grasp.moveit.ros.move_group_interface]: time taken to generate plan: 0.0265789 seconds[0m
[m3_grasp-2] [0m[INFO] [1786495799.332936667] [m3_grasp.moveit.ros.move_group_interface]: Execute request accepted[0m
[m3_grasp-2] [0m[INFO] [1786495804.790890105] [m3_grasp.moveit.ros.move_group_interface]: Execute request success![0m
[m3_grasp-2] [0m[INFO] [1786495804.791210897] [m3_grasp]: M3 STAGE 4 TRANSPORT_DONE cycle=0 sim=0 t=48.761000[0m
[m3_grasp-2] [0m[INFO] [1786495804.791357207] [m3_grasp]: dwelling 2.00 s (slip comparison sample)[0m
[m3_grasp-2] [0m[INFO] [1786495808.093604874] [m3_grasp]: M3 STAGE 5 PLACE_DESCEND_BEGIN cycle=0 sim=0 t=50.761000[0m
[m3_grasp-2] [0m[INFO] [1786495808.100089806] [m3_grasp.moveit.ros.move_group_interface]: Execute request accepted[0m
[m3_grasp-2] [0m[INFO] [1786495811.156728271] [m3_grasp.moveit.ros.move_group_interface]: Execute request success![0m
[m3_grasp-2] [0m[INFO] [1786495811.157275236] [m3_grasp]: place descent ok (fraction 1.0000)[0m
[m3_grasp-2] [0m[INFO] [1786495811.157328021] [m3_grasp]: M3 STAGE 5 PLACE_DESCEND_DONE cycle=0 sim=0 t=52.691000[0m
[m3_grasp-2] [0m[INFO] [1786495811.157347834] [m3_grasp]: M3 STAGE 6 RELEASE_BEGIN cycle=0 sim=0 t=52.691000[0m
[m3_grasp-2] [0m[INFO] [1786495812.159215710] [m3_grasp]: release: STALLED in achieved=0.3492 rad (target was 0.3097)[0m
[m3_grasp-2] [0m[INFO] [1786495812.159330066] [m3_grasp]: M3 STAGE 6 RELEASE_DONE cycle=0 sim=0 t=53.685000[0m
[m3_grasp-2] [0m[INFO] [1786495812.159418458] [m3_grasp]: M3 STAGE 7 RETREAT_BEGIN cycle=0 sim=0 t=53.685000[0m
[m3_grasp-2] [0m[INFO] [1786495812.163376470] [m3_grasp.moveit.ros.move_group_interface]: Execute request accepted[0m
[m3_grasp-2] [0m[INFO] [1786495814.116747398] [m3_grasp.moveit.ros.move_group_interface]: Execute request success![0m
[m3_grasp-2] [0m[INFO] [1786495814.117889734] [m3_grasp]: retreat ok (fraction 1.0000)[0m
[m3_grasp-2] [0m[INFO] [1786495814.117942918] [m3_grasp]: M3 STAGE 7 RETREAT_DONE cycle=0 sim=0 t=55.643000[0m
[m3_grasp-2] [0m[INFO] [1786495814.117964277] [m3_grasp]: cycle 0 complete: lift -> transport -> place -> release -> retreat. Whether the object ARRIVED is not decided here — that is Gazebo ground truth, measured by the harness.[0m
[m3_grasp-2] [0m[INFO] [1786495814.137938839] [m3_grasp]: wrote evidence to m3_grasp_trace_cyclelive_20260812_024902_15643.csv[0m
[m3_grasp-2] [0m[INFO] [1786495814.138035683] [m3_grasp]: RUN SUMMARY: milestone=M3 result=SUCCESS cartesian_fraction=1.0000 executed=yes tcp_error_m=0.0000 ground_truth=yes gripper_result=STALLED achieved_grip_angle=0.4029 expected_grip_angle=0.4055 within_tolerance=yes preclose_result=REACHED_GOAL preclose_achieved=0.0956 attempted_transport=yes transport_result=SUCCESS[0m
[INFO] [m3_grasp-2]: process has finished cleanly [pid 36960]
  RUN SUMMARY seen, tearing down now instead of waiting on the launchs own dead-wait

════════════════════════════════════════════════════════════
§ 6. Gate AFTER (gz_assert_gripper_responsive)

════════════════════════════════════════════════════════════
  [ok] gripper responsive: 0.1rad close completed cleanly in 2.07s
  GATE_AFTER=OK

════════════════════════════════════════════════════════════
§ 6.5 Stop stall_monitor

════════════════════════════════════════════════════════════
--- docs/m3_cyclelive_stallmonitor_20260812_024902_15643.log ---
[INFO] [1786495756.504068997] [stall_monitor]: stall_monitor: topic=/joint_states out=docs/m3_cyclelive_stalls_20260812_024902_15643.csv min_gap=20ms heartbeat=30s
[INFO] [1786495756.504479208] [stall_monitor]: gaps are HEADER-STAMP (sim time) deltas; wall column is arrival time and exists only to separate loop stalls from monitor lag
[WARN] [1786495757.360596894] [stall_monitor]: loop gap 0 ms sim (2 ms wall, rtf 0.00) -> up to 0.000 rad of open-loop travel at saturated gripper velocity
[WARN] [1786495757.929337043] [stall_monitor]: loop gap 0 ms sim (1 ms wall, rtf 0.00) -> up to 0.000 rad of open-loop travel at saturated gripper velocity
[WARN] [1786495757.933269493] [stall_monitor]: loop gap 0 ms sim (4 ms wall, rtf 0.00) -> up to 0.000 rad of open-loop travel at saturated gripper velocity
[WARN] [1786495757.933869628] [stall_monitor]: loop gap 0 ms sim (1 ms wall, rtf 0.00) -> up to 0.000 rad of open-loop travel at saturated gripper velocity
[WARN] [1786495767.435236673] [stall_monitor]: loop gap 0 ms sim (2 ms wall, rtf 0.00) -> up to 0.000 rad of open-loop travel at saturated gripper velocity
[WARN] [1786495770.694446608] [stall_monitor]: loop gap 0 ms sim (2 ms wall, rtf 0.00) -> up to 0.000 rad of open-loop travel at saturated gripper velocity
[WARN] [1786495770.700917472] [stall_monitor]: loop gap 25 ms sim (2 ms wall, rtf 14.38) -> up to 0.012 rad of open-loop travel at saturated gripper velocity
[WARN] [1786495770.712584897] [stall_monitor]: loop gap 23 ms sim (3 ms wall, rtf 8.33) -> up to 0.012 rad of open-loop travel at saturated gripper velocity
[WARN] [1786495770.714023095] [stall_monitor]: loop gap 31 ms sim (2 ms wall, rtf 19.36) -> up to 0.015 rad of open-loop travel at saturated gripper velocity
[WARN] [1786495770.718564213] [stall_monitor]: loop gap 28 ms sim (2 ms wall, rtf 15.36) -> up to 0.014 rad of open-loop travel at saturated gripper velocity
[WARN] [1786495770.734759602] [stall_monitor]: loop gap 23 ms sim (4 ms wall, rtf 5.63) -> up to 0.011 rad of open-loop travel at saturated gripper velocity
[WARN] [1786495770.739517639] [stall_monitor]: loop gap 47 ms sim (2 ms wall, rtf 27.07) -> up to 0.024 rad of open-loop travel at saturated gripper velocity
[WARN] [1786495773.700718956] [stall_monitor]: loop gap 0 ms sim (4 ms wall, rtf 0.00) -> up to 0.000 rad of open-loop travel at saturated gripper velocity
[WARN] [1786495773.701481568] [stall_monitor]: loop gap 0 ms sim (1 ms wall, rtf 0.00) -> up to 0.000 rad of open-loop travel at saturated gripper velocity
[WARN] [1786495773.708469733] [stall_monitor]: loop gap 0 ms sim (2 ms wall, rtf 0.00) -> up to 0.000 rad of open-loop travel at saturated gripper velocity
[WARN] [1786495773.710614916] [stall_monitor]: loop gap 0 ms sim (2 ms wall, rtf 0.00) -> up to 0.000 rad of open-loop travel at saturated gripper velocity
[WARN] [1786495773.716690309] [stall_monitor]: loop gap 0 ms sim (1 ms wall, rtf 0.00) -> up to 0.000 rad of open-loop travel at saturated gripper velocity
[WARN] [1786495773.719063600] [stall_monitor]: loop gap 0 ms sim (2 ms wall, rtf 0.00) -> up to 0.000 rad of open-loop travel at saturated gripper velocity
[WARN] [1786495773.725764137] [stall_monitor]: loop gap 31 ms sim (3 ms wall, rtf 12.08) -> up to 0.016 rad of open-loop travel at saturated gripper velocity
[WARN] [1786495773.728906850] [stall_monitor]: loop gap 25 ms sim (3 ms wall, rtf 7.96) -> up to 0.012 rad of open-loop travel at saturated gripper velocity
[WARN] [1786495773.731827331] [stall_monitor]: loop gap 23 ms sim (2 ms wall, rtf 9.44) -> up to 0.011 rad of open-loop travel at saturated gripper velocity
[WARN] [1786495773.733109729] [stall_monitor]: loop gap 25 ms sim (2 ms wall, rtf 14.66) -> up to 0.013 rad of open-loop travel at saturated gripper velocity
[WARN] [1786495773.734862363] [stall_monitor]: loop gap 27 ms sim (2 ms wall, rtf 13.82) -> up to 0.013 rad of open-loop travel at saturated gripper velocity
[WARN] [1786495773.739917936] [stall_monitor]: loop gap 44 ms sim (5 ms wall, rtf 9.61) -> up to 0.022 rad of open-loop travel at saturated gripper velocity
[WARN] [1786495773.742604102] [stall_monitor]: loop gap 30 ms sim (3 ms wall, rtf 10.01) -> up to 0.015 rad of open-loop travel at saturated gripper velocity
[WARN] [1786495773.746206594] [stall_monitor]: loop gap 35 ms sim (3 ms wall, rtf 13.30) -> up to 0.018 rad of open-loop travel at saturated gripper velocity
[WARN] [1786495773.749356385] [stall_monitor]: loop gap 34 ms sim (3 ms wall, rtf 12.48) -> up to 0.017 rad of open-loop travel at saturated gripper velocity
[WARN] [1786495773.751427800] [stall_monitor]: loop gap 20 ms sim (2 ms wall, rtf 10.04) -> up to 0.010 rad of open-loop travel at saturated gripper velocity
[WARN] [1786495818.435595975] [stall_monitor]: loop gap 0 ms sim (3 ms wall, rtf 0.00) -> up to 0.000 rad of open-loop travel at saturated gripper velocity
[stall_monitor] messages=28732 gaps_logged=29 max_sim_gap_ms=47.0 implied_max_overshoot_rad=0.024

════════════════════════════════════════════════════════════
§ 7. Cleanup

════════════════════════════════════════════════════════════
scripts/lib/gz_settle.sh: line 99: 36246 Killed                  nohup ros2 launch ur5e_robotiq_description ur5e_robotiq_sim_control.launch.py > "$SIM_LOG" 2>&1

done: 2026-08-12T02:50:25+02:00
artifacts:
  sim_log=docs/m3_cyclelive_sim_20260812_024902_15643.log
  movegroup_log=docs/m3_cyclelive_movegroup_20260812_024902_15643.log
  grasp_log=docs/m3_cyclelive_grasp_20260812_024902_15643.log
  stall_csv=docs/m3_cyclelive_stalls_20260812_024902_15643.csv
  grasp_csv=m3_grasp_trace_cyclelive_20260812_024902_15643.csv
