
════════════════════════════════════════════════════════════
§ 0. Clean slate

════════════════════════════════════════════════════════════

════════════════════════════════════════════════════════════
§ 1. Launch sim (ur5e_robotiq_sim_control.launch.py)

════════════════════════════════════════════════════════════
  sim launch PID=41115, log=docs/m3_cyclelive_sim_20260812_025425_20421.log
  controllers active after 12.83s
  controllers active after 1.23s

════════════════════════════════════════════════════════════
§ 1.5 Start stall_monitor (passive /joint_states cadence recorder, whole cycle)

════════════════════════════════════════════════════════════
  stall_monitor PID=41553, csv=docs/m3_cyclelive_stalls_20260812_025425_20421.csv, log=docs/m3_cyclelive_stallmonitor_20260812_025425_20421.log

════════════════════════════════════════════════════════════
§ 2. Launch move_group

════════════════════════════════════════════════════════════
  move_group PID=41579, log=docs/m3_cyclelive_movegroup_20260812_025425_20421.log
  move_group node present after 0s (+3s buffer taken)

════════════════════════════════════════════════════════════
§ 3. Spawn pick object

════════════════════════════════════════════════════════════

════════════════════════════════════════════════════════════
§ 0. Read object: block from scene.yaml

════════════════════════════════════════════════════════════
  object=pick_target size=0.045 0.045 0.045 m mass=0.15 kg mu=1.0
  pick_pose=0.45 -0.15 0.7725  rpy=0.0 0.0 0.0

════════════════════════════════════════════════════════════
§ 1. Spawn pick_target at pick_pose

════════════════════════════════════════════════════════════
    data: true

════════════════════════════════════════════════════════════
§ 2. Settle onto the table (gravity only, not contact-loaded)

════════════════════════════════════════════════════════════
[settle] poses settled after 0.81s (max|delta over 0.15s|=0.000000 m)
  settled z = 0.772499999938291 (expected table.surface_z + size.z/2 = 0.77250)

done: 2026-08-12T02:54:49+02:00

════════════════════════════════════════════════════════════
§ 4. Gate BEFORE (gz_assert_gripper_responsive)

════════════════════════════════════════════════════════════
  [ok] gripper responsive: 0.1rad close completed cleanly in 5.49s

════════════════════════════════════════════════════════════
§ 5. Run m3_grasp (streamed live, torn down on RUN SUMMARY -- see file header)

════════════════════════════════════════════════════════════
[INFO] [launch]: All log files can be found below /home/user/.ros/log/2026-08-12-02-54-58-513471-Sachin-41877
[INFO] [launch]: Default logging verbosity is set to INFO
[INFO] [static_scene_tf-1]: process started with pid [41902]
[INFO] [m3_grasp-2]: process started with pid [41903]
[static_scene_tf-1] [0m[INFO] [1786496098.888188546] [static_scene_tf]: published static frames: world->object_frame (pick_pose), object_frame->grasp_frame (approach_axis=[0.000 0.000 -1.000] roll=0.000), tool0->grasp_tcp (tcp_offset=0.1204), world->place_frame (place_pose)[0m
[m3_grasp-2] [0m[INFO] [1786496098.930802728] [m3_grasp]: GRASP MODE: friction (physics)[0m
[m3_grasp-2] [0m[INFO] [1786496098.931070607] [m3_grasp]: pad-centre-corrected offset: tcp_offset=0.120405 + pad_centre_offset=0.031573 = 0.151978 m (NOT YET LIVE-VERIFIED direction -- see file header)[0m
[m3_grasp-2] [0m[INFO] [1786496099.091295333] [m3_grasp]: base-pose guard OK: 'base_link' matches scene.yaml within tolerance (pos error 0.00000 m, angle error 0.00000 rad)[0m
[m3_grasp-2] [33m[WARN] [1786496099.244713775] [rcl.logging_rosout]: Publisher already registered for node name: 'm3_grasp'. If this is due to multiple nodes with the same name then all logs for the logger named 'm3_grasp' will go out over the existing publisher. As soon as any node with that name is destructed it will unregister the publisher, preventing any further logs for that name from being published on the rosout topic.[0m
[m3_grasp-2] [0m[INFO] [1786496099.257429801] [m3_grasp.moveit.ros.rdf_loader]: Loaded robot model in 0 seconds[0m
[m3_grasp-2] [0m[INFO] [1786496099.257523351] [m3_grasp.moveit.core.robot_model]: Loading robot model 'ur5e_robotiq'...[0m
[m3_grasp-2] [0m[INFO] [1786496099.257557157] [m3_grasp.moveit.core.robot_model]: No root/virtual joint specified in SRDF. Assuming fixed joint[0m
[m3_grasp-2] [0m[INFO] [1786496099.272407133] [m3_grasp.moveit.kinematics.kdl_kinematics_plugin]: Joint weights for group 'arm': 1 1 1 1 1 1[0m
[m3_grasp-2] [0m[INFO] [1786496102.129693097] [m3_grasp.moveit.ros.move_group_interface]: Ready to take commands for planning group arm.[0m
[m3_grasp-2] [0m[INFO] [1786496102.129798190] [m3_grasp]: pre-grasp tool0 target (world): [0.4500 -0.1500 1.0245]  grasp tool0 target: [0.4500 -0.1500 0.9245]  (corrected_offset=0.151978)[0m
[m3_grasp-2] [0m[INFO] [1786496102.129982910] [m3_grasp.moveit.ros.move_group_interface]: MoveGroup action client/server ready[0m
[m3_grasp-2] [0m[INFO] [1786496102.132021393] [m3_grasp.moveit.ros.move_group_interface]: Planning request accepted[0m
[m3_grasp-2] [0m[INFO] [1786496102.171398001] [m3_grasp.moveit.ros.move_group_interface]: Planning request complete![0m
[m3_grasp-2] [0m[INFO] [1786496102.172316350] [m3_grasp.moveit.ros.move_group_interface]: time taken to generate plan: 0.022281 seconds[0m
[m3_grasp-2] [0m[INFO] [1786496102.173406989] [m3_grasp.moveit.ros.move_group_interface]: Execute request accepted[0m
[m3_grasp-2] [0m[INFO] [1786496111.327947945] [m3_grasp.moveit.ros.move_group_interface]: Execute request success![0m
[m3_grasp-2] [0m[INFO] [1786496112.389704414] [m3_grasp]: pre-close: REACHED_GOAL in achieved=0.0956 rad (target was 0.1055, free air)[0m
[m3_grasp-2] [0m[INFO] [1786496112.392360879] [m3_grasp]: computeCartesianPath fraction achieved: 1.0000 (need > 0.9500)[0m
[m3_grasp-2] [0m[INFO] [1786496112.392416770] [m3_grasp]: executing Cartesian descent to grasp target...[0m
[m3_grasp-2] [0m[INFO] [1786496112.392869927] [m3_grasp.moveit.ros.move_group_interface]: Execute request accepted[0m
[m3_grasp-2] [0m[INFO] [1786496114.396535933] [m3_grasp.moveit.ros.move_group_interface]: Execute request success![0m
[m3_grasp-2] [0m[INFO] [1786496114.397067063] [m3_grasp]: execution reported SUCCESS[0m
[m3_grasp-2] [0m[INFO] [1786496115.025178038] [m3_grasp]: stage 2 ground truth: grasp_tcp (Gazebo, not TF) = [0.4500 -0.1500 0.7725]  tcp_error_m=0.0000 (max 0.0050)[0m
[m3_grasp-2] [0m[INFO] [1786496116.677323686] [m3_grasp]: gripper_close_and_hold: STALLED in achieved=0.4029 rad (target was 0.8000)[0m
[m3_grasp-2] [0m[INFO] [1786496116.677382232] [m3_grasp]: grasp-success check (informational only, does not gate the cycle): achieved=0.4029 expected=0.4055 (width=0.0450m) |err|=0.0026 tolerance=0.0235 -> WITHIN TOLERANCE[0m
[m3_grasp-2] [0m[INFO] [1786496116.677448996] [m3_grasp]: M3 STAGE 3 LIFT_BEGIN cycle=0 sim=0 t=41.623000[0m
[m3_grasp-2] [0m[INFO] [1786496116.679334171] [m3_grasp.moveit.ros.current_state_monitor]: Listening to joint states on topic 'joint_states'[0m
[m3_grasp-2] [0m[INFO] [1786496116.686753007] [m3_grasp.moveit.ros.move_group_interface]: Execute request accepted[0m
[m3_grasp-2] [0m[INFO] [1786496120.242861486] [m3_grasp.moveit.ros.move_group_interface]: Execute request success![0m
[m3_grasp-2] [0m[INFO] [1786496120.243755753] [m3_grasp]: lift ok (fraction 1.0000)[0m
[m3_grasp-2] [0m[INFO] [1786496120.243814341] [m3_grasp]: M3 STAGE 3 LIFT_DONE cycle=0 sim=0 t=43.801000[0m
[m3_grasp-2] [0m[INFO] [1786496120.354767896] [m3_grasp]: dwelling 2.00 s (slip baseline sample)[0m
[m3_grasp-2] [0m[INFO] [1786496123.620760994] [m3_grasp]: M3 STAGE 4 TRANSPORT_BEGIN cycle=0 sim=0 t=45.859000[0m
[m3_grasp-2] [0m[INFO] [1786496123.620960597] [m3_grasp.moveit.ros.move_group_interface]: MoveGroup action client/server ready[0m
[m3_grasp-2] [0m[INFO] [1786496123.621418367] [m3_grasp.moveit.ros.move_group_interface]: Planning request accepted[0m
[m3_grasp-2] [0m[INFO] [1786496123.638486453] [m3_grasp.moveit.ros.move_group_interface]: Planning request complete![0m
[m3_grasp-2] [0m[INFO] [1786496123.638920548] [m3_grasp.moveit.ros.move_group_interface]: time taken to generate plan: 0.0107869 seconds[0m
[m3_grasp-2] [0m[INFO] [1786496123.639647209] [m3_grasp.moveit.ros.move_group_interface]: Execute request accepted[0m
[m3_grasp-2] [0m[INFO] [1786496129.294773140] [m3_grasp.moveit.ros.move_group_interface]: Execute request success![0m
[m3_grasp-2] [0m[INFO] [1786496129.295586312] [m3_grasp]: M3 STAGE 4 TRANSPORT_DONE cycle=0 sim=0 t=49.278000[0m
[m3_grasp-2] [0m[INFO] [1786496129.295678408] [m3_grasp]: dwelling 2.00 s (slip comparison sample)[0m
[m3_grasp-2] [0m[INFO] [1786496132.522340291] [m3_grasp]: M3 STAGE 5 PLACE_DESCEND_BEGIN cycle=0 sim=0 t=51.278000[0m
[m3_grasp-2] [0m[INFO] [1786496132.527766690] [m3_grasp.moveit.ros.move_group_interface]: Execute request accepted[0m
[m3_grasp-2] [0m[INFO] [1786496135.737812147] [m3_grasp.moveit.ros.move_group_interface]: Execute request success![0m
[m3_grasp-2] [0m[INFO] [1786496135.738713110] [m3_grasp]: place descent ok (fraction 1.0000)[0m
[m3_grasp-2] [0m[INFO] [1786496135.738771081] [m3_grasp]: M3 STAGE 5 PLACE_DESCEND_DONE cycle=0 sim=0 t=53.223000[0m
[m3_grasp-2] [0m[INFO] [1786496135.738791818] [m3_grasp]: M3 STAGE 6 RELEASE_BEGIN cycle=0 sim=0 t=53.223000[0m
[m3_grasp-2] [0m[INFO] [1786496136.740684874] [m3_grasp]: release: STALLED in achieved=0.3475 rad (target was 0.3097)[0m
[m3_grasp-2] [0m[INFO] [1786496136.740740457] [m3_grasp]: M3 STAGE 6 RELEASE_DONE cycle=0 sim=0 t=54.224000[0m
[m3_grasp-2] [0m[INFO] [1786496136.740759353] [m3_grasp]: M3 STAGE 7 RETREAT_BEGIN cycle=0 sim=0 t=54.224000[0m
[m3_grasp-2] [0m[INFO] [1786496136.744017324] [m3_grasp.moveit.ros.move_group_interface]: Execute request accepted[0m
[m3_grasp-2] [0m[INFO] [1786496138.697165764] [m3_grasp.moveit.ros.move_group_interface]: Execute request success![0m
[m3_grasp-2] [0m[INFO] [1786496138.697859866] [m3_grasp]: retreat ok (fraction 1.0000)[0m
[m3_grasp-2] [0m[INFO] [1786496138.697935465] [m3_grasp]: M3 STAGE 7 RETREAT_DONE cycle=0 sim=0 t=56.179000[0m
[m3_grasp-2] [0m[INFO] [1786496138.697955909] [m3_grasp]: cycle 0 complete: lift -> transport -> place -> release -> retreat. Whether the object ARRIVED is not decided here — that is Gazebo ground truth, measured by the harness.[0m
[m3_grasp-2] [0m[INFO] [1786496138.728238395] [m3_grasp]: wrote evidence to m3_grasp_trace_cyclelive_20260812_025425_20421.csv[0m
[m3_grasp-2] [0m[INFO] [1786496138.728351151] [m3_grasp]: RUN SUMMARY: milestone=M3 result=SUCCESS cartesian_fraction=1.0000 executed=yes tcp_error_m=0.0000 ground_truth=yes gripper_result=STALLED achieved_grip_angle=0.4029 expected_grip_angle=0.4055 within_tolerance=yes preclose_result=REACHED_GOAL preclose_achieved=0.0956 attempted_transport=yes transport_result=SUCCESS[0m
  RUN SUMMARY seen, tearing down now instead of waiting on the launchs own dead-wait
[INFO] [m3_grasp-2]: process has finished cleanly [pid 41903]

════════════════════════════════════════════════════════════
§ 6. Gate AFTER (gz_assert_gripper_responsive)

════════════════════════════════════════════════════════════
  [ok] gripper responsive: 0.1rad close completed cleanly in 2.45s
  GATE_AFTER=OK

════════════════════════════════════════════════════════════
§ 6.5 Stop stall_monitor

════════════════════════════════════════════════════════════
--- docs/m3_cyclelive_stallmonitor_20260812_025425_20421.log ---
[INFO] [1786496083.589509201] [stall_monitor]: stall_monitor: topic=/joint_states out=docs/m3_cyclelive_stalls_20260812_025425_20421.csv min_gap=20ms heartbeat=30s
[INFO] [1786496083.589989021] [stall_monitor]: gaps are HEADER-STAMP (sim time) deltas; wall column is arrival time and exists only to separate loop stalls from monitor lag
[WARN] [1786496085.607686843] [stall_monitor]: loop gap 31 ms sim (2 ms wall, rtf 16.06) -> up to 0.015 rad of open-loop travel at saturated gripper velocity
[WARN] [1786496089.758416629] [stall_monitor]: loop gap 0 ms sim (1 ms wall, rtf 0.00) -> up to 0.000 rad of open-loop travel at saturated gripper velocity
[WARN] [1786496089.762352485] [stall_monitor]: loop gap 0 ms sim (1 ms wall, rtf 0.00) -> up to 0.000 rad of open-loop travel at saturated gripper velocity
[WARN] [1786496089.764907647] [stall_monitor]: loop gap 0 ms sim (3 ms wall, rtf 0.00) -> up to 0.000 rad of open-loop travel at saturated gripper velocity
[WARN] [1786496094.437761425] [stall_monitor]: loop gap 0 ms sim (2 ms wall, rtf 0.00) -> up to 0.000 rad of open-loop travel at saturated gripper velocity
[WARN] [1786496094.439680997] [stall_monitor]: loop gap 0 ms sim (2 ms wall, rtf 0.00) -> up to 0.000 rad of open-loop travel at saturated gripper velocity
[WARN] [1786496094.441578881] [stall_monitor]: loop gap 0 ms sim (2 ms wall, rtf 0.00) -> up to 0.000 rad of open-loop travel at saturated gripper velocity
[WARN] [1786496094.443775735] [stall_monitor]: loop gap 0 ms sim (2 ms wall, rtf 0.00) -> up to 0.000 rad of open-loop travel at saturated gripper velocity
[WARN] [1786496094.445664687] [stall_monitor]: loop gap 0 ms sim (2 ms wall, rtf 0.00) -> up to 0.000 rad of open-loop travel at saturated gripper velocity
[WARN] [1786496094.447558292] [stall_monitor]: loop gap 0 ms sim (2 ms wall, rtf 0.00) -> up to 0.000 rad of open-loop travel at saturated gripper velocity
[WARN] [1786496094.449495098] [stall_monitor]: loop gap 0 ms sim (2 ms wall, rtf 0.00) -> up to 0.000 rad of open-loop travel at saturated gripper velocity
[WARN] [1786496094.451598333] [stall_monitor]: loop gap 0 ms sim (2 ms wall, rtf 0.00) -> up to 0.000 rad of open-loop travel at saturated gripper velocity
[WARN] [1786496094.453652191] [stall_monitor]: loop gap 0 ms sim (2 ms wall, rtf 0.00) -> up to 0.000 rad of open-loop travel at saturated gripper velocity
[WARN] [1786496094.455624614] [stall_monitor]: loop gap 0 ms sim (2 ms wall, rtf 0.00) -> up to 0.000 rad of open-loop travel at saturated gripper velocity
[WARN] [1786496094.457580037] [stall_monitor]: loop gap 0 ms sim (2 ms wall, rtf 0.00) -> up to 0.000 rad of open-loop travel at saturated gripper velocity
[WARN] [1786496094.459515111] [stall_monitor]: loop gap 0 ms sim (2 ms wall, rtf 0.00) -> up to 0.000 rad of open-loop travel at saturated gripper velocity
[WARN] [1786496094.461550062] [stall_monitor]: loop gap 0 ms sim (2 ms wall, rtf 0.00) -> up to 0.000 rad of open-loop travel at saturated gripper velocity
[WARN] [1786496094.463773324] [stall_monitor]: loop gap 0 ms sim (2 ms wall, rtf 0.00) -> up to 0.000 rad of open-loop travel at saturated gripper velocity
[WARN] [1786496094.466120255] [stall_monitor]: loop gap 0 ms sim (2 ms wall, rtf 0.00) -> up to 0.000 rad of open-loop travel at saturated gripper velocity
[WARN] [1786496094.468375095] [stall_monitor]: loop gap 0 ms sim (2 ms wall, rtf 0.00) -> up to 0.000 rad of open-loop travel at saturated gripper velocity
[WARN] [1786496094.803512079] [stall_monitor]: loop gap 0 ms sim (335 ms wall, rtf 0.00) -> up to 0.000 rad of open-loop travel at saturated gripper velocity
[WARN] [1786496094.808653997] [stall_monitor]: loop gap 0 ms sim (3 ms wall, rtf 0.00) -> up to 0.000 rad of open-loop travel at saturated gripper velocity
[WARN] [1786496094.809802529] [stall_monitor]: loop gap 0 ms sim (1 ms wall, rtf 0.00) -> up to 0.000 rad of open-loop travel at saturated gripper velocity
[WARN] [1786496094.816939453] [stall_monitor]: loop gap 22 ms sim (3 ms wall, rtf 8.68) -> up to 0.011 rad of open-loop travel at saturated gripper velocity
[WARN] [1786496094.822732318] [stall_monitor]: loop gap 22 ms sim (2 ms wall, rtf 11.74) -> up to 0.011 rad of open-loop travel at saturated gripper velocity
[WARN] [1786496094.825902830] [stall_monitor]: loop gap 39 ms sim (3 ms wall, rtf 11.87) -> up to 0.020 rad of open-loop travel at saturated gripper velocity
[WARN] [1786496094.843386933] [stall_monitor]: loop gap 21 ms sim (3 ms wall, rtf 6.69) -> up to 0.010 rad of open-loop travel at saturated gripper velocity
[WARN] [1786496094.849948239] [stall_monitor]: loop gap 28 ms sim (2 ms wall, rtf 12.67) -> up to 0.014 rad of open-loop travel at saturated gripper velocity
[WARN] [1786496094.852121459] [stall_monitor]: loop gap 21 ms sim (2 ms wall, rtf 11.62) -> up to 0.011 rad of open-loop travel at saturated gripper velocity
[WARN] [1786496094.855493123] [stall_monitor]: loop gap 36 ms sim (2 ms wall, rtf 16.51) -> up to 0.018 rad of open-loop travel at saturated gripper velocity
[WARN] [1786496094.857903633] [stall_monitor]: loop gap 24 ms sim (2 ms wall, rtf 10.56) -> up to 0.012 rad of open-loop travel at saturated gripper velocity
[WARN] [1786496100.370980004] [stall_monitor]: loop gap 0 ms sim (1 ms wall, rtf 0.00) -> up to 0.000 rad of open-loop travel at saturated gripper velocity
[WARN] [1786496100.373020196] [stall_monitor]: loop gap 0 ms sim (2 ms wall, rtf 0.00) -> up to 0.000 rad of open-loop travel at saturated gripper velocity
[WARN] [1786496100.374862757] [stall_monitor]: loop gap 0 ms sim (2 ms wall, rtf 0.00) -> up to 0.000 rad of open-loop travel at saturated gripper velocity
[WARN] [1786496100.377029403] [stall_monitor]: loop gap 0 ms sim (2 ms wall, rtf 0.00) -> up to 0.000 rad of open-loop travel at saturated gripper velocity
[WARN] [1786496100.379160083] [stall_monitor]: loop gap 0 ms sim (2 ms wall, rtf 0.00) -> up to 0.000 rad of open-loop travel at saturated gripper velocity
[WARN] [1786496100.380766240] [stall_monitor]: loop gap 0 ms sim (2 ms wall, rtf 0.00) -> up to 0.000 rad of open-loop travel at saturated gripper velocity
[WARN] [1786496100.382864594] [stall_monitor]: loop gap 0 ms sim (2 ms wall, rtf 0.00) -> up to 0.000 rad of open-loop travel at saturated gripper velocity
[WARN] [1786496100.384804929] [stall_monitor]: loop gap 0 ms sim (2 ms wall, rtf 0.00) -> up to 0.000 rad of open-loop travel at saturated gripper velocity
[WARN] [1786496100.387158516] [stall_monitor]: loop gap 0 ms sim (2 ms wall, rtf 0.00) -> up to 0.000 rad of open-loop travel at saturated gripper velocity
[WARN] [1786496100.388685770] [stall_monitor]: loop gap 0 ms sim (2 ms wall, rtf 0.00) -> up to 0.000 rad of open-loop travel at saturated gripper velocity
[WARN] [1786496100.390767991] [stall_monitor]: loop gap 0 ms sim (2 ms wall, rtf 0.00) -> up to 0.000 rad of open-loop travel at saturated gripper velocity
[WARN] [1786496100.392721595] [stall_monitor]: loop gap 0 ms sim (2 ms wall, rtf 0.00) -> up to 0.000 rad of open-loop travel at saturated gripper velocity
[WARN] [1786496100.394736344] [stall_monitor]: loop gap 0 ms sim (2 ms wall, rtf 0.00) -> up to 0.000 rad of open-loop travel at saturated gripper velocity
[WARN] [1786496100.397398197] [stall_monitor]: loop gap 0 ms sim (3 ms wall, rtf 0.00) -> up to 0.000 rad of open-loop travel at saturated gripper velocity
[WARN] [1786496100.398987682] [stall_monitor]: loop gap 0 ms sim (2 ms wall, rtf 0.00) -> up to 0.000 rad of open-loop travel at saturated gripper velocity
[WARN] [1786496100.400773037] [stall_monitor]: loop gap 0 ms sim (2 ms wall, rtf 0.00) -> up to 0.000 rad of open-loop travel at saturated gripper velocity
[WARN] [1786496100.402834722] [stall_monitor]: loop gap 0 ms sim (2 ms wall, rtf 0.00) -> up to 0.000 rad of open-loop travel at saturated gripper velocity
[WARN] [1786496100.404797515] [stall_monitor]: loop gap 0 ms sim (2 ms wall, rtf 0.00) -> up to 0.000 rad of open-loop travel at saturated gripper velocity
[WARN] [1786496100.407283667] [stall_monitor]: loop gap 0 ms sim (2 ms wall, rtf 0.00) -> up to 0.000 rad of open-loop travel at saturated gripper velocity
[WARN] [1786496100.408674332] [stall_monitor]: loop gap 0 ms sim (2 ms wall, rtf 0.00) -> up to 0.000 rad of open-loop travel at saturated gripper velocity
[WARN] [1786496100.410618220] [stall_monitor]: loop gap 0 ms sim (2 ms wall, rtf 0.00) -> up to 0.000 rad of open-loop travel at saturated gripper velocity
[WARN] [1786496100.412855191] [stall_monitor]: loop gap 0 ms sim (2 ms wall, rtf 0.00) -> up to 0.000 rad of open-loop travel at saturated gripper velocity
[WARN] [1786496100.414963639] [stall_monitor]: loop gap 0 ms sim (2 ms wall, rtf 0.00) -> up to 0.000 rad of open-loop travel at saturated gripper velocity
[WARN] [1786496100.416936643] [stall_monitor]: loop gap 0 ms sim (2 ms wall, rtf 0.00) -> up to 0.000 rad of open-loop travel at saturated gripper velocity
[WARN] [1786496100.418633928] [stall_monitor]: loop gap 0 ms sim (2 ms wall, rtf 0.00) -> up to 0.000 rad of open-loop travel at saturated gripper velocity
[WARN] [1786496100.420793351] [stall_monitor]: loop gap 0 ms sim (2 ms wall, rtf 0.00) -> up to 0.000 rad of open-loop travel at saturated gripper velocity
[WARN] [1786496100.422847621] [stall_monitor]: loop gap 0 ms sim (2 ms wall, rtf 0.00) -> up to 0.000 rad of open-loop travel at saturated gripper velocity
[WARN] [1786496100.424963964] [stall_monitor]: loop gap 0 ms sim (2 ms wall, rtf 0.00) -> up to 0.000 rad of open-loop travel at saturated gripper velocity
[WARN] [1786496100.426745398] [stall_monitor]: loop gap 0 ms sim (2 ms wall, rtf 0.00) -> up to 0.000 rad of open-loop travel at saturated gripper velocity
[WARN] [1786496100.429426044] [stall_monitor]: loop gap 0 ms sim (2 ms wall, rtf 0.00) -> up to 0.000 rad of open-loop travel at saturated gripper velocity
[WARN] [1786496100.431079477] [stall_monitor]: loop gap 0 ms sim (2 ms wall, rtf 0.00) -> up to 0.000 rad of open-loop travel at saturated gripper velocity
[WARN] [1786496100.433543338] [stall_monitor]: loop gap 0 ms sim (2 ms wall, rtf 0.00) -> up to 0.000 rad of open-loop travel at saturated gripper velocity
[WARN] [1786496100.434759561] [stall_monitor]: loop gap 0 ms sim (2 ms wall, rtf 0.00) -> up to 0.000 rad of open-loop travel at saturated gripper velocity
[WARN] [1786496100.437152725] [stall_monitor]: loop gap 0 ms sim (2 ms wall, rtf 0.00) -> up to 0.000 rad of open-loop travel at saturated gripper velocity
[WARN] [1786496100.438754558] [stall_monitor]: loop gap 0 ms sim (2 ms wall, rtf 0.00) -> up to 0.000 rad of open-loop travel at saturated gripper velocity
[WARN] [1786496100.441238312] [stall_monitor]: loop gap 0 ms sim (2 ms wall, rtf 0.00) -> up to 0.000 rad of open-loop travel at saturated gripper velocity
[WARN] [1786496100.442760309] [stall_monitor]: loop gap 0 ms sim (2 ms wall, rtf 0.00) -> up to 0.000 rad of open-loop travel at saturated gripper velocity
[WARN] [1786496100.445741220] [stall_monitor]: loop gap 0 ms sim (3 ms wall, rtf 0.00) -> up to 0.000 rad of open-loop travel at saturated gripper velocity
[WARN] [1786496100.447035159] [stall_monitor]: loop gap 0 ms sim (1 ms wall, rtf 0.00) -> up to 0.000 rad of open-loop travel at saturated gripper velocity
[WARN] [1786496100.449407558] [stall_monitor]: loop gap 0 ms sim (2 ms wall, rtf 0.00) -> up to 0.000 rad of open-loop travel at saturated gripper velocity
[WARN] [1786496100.450879832] [stall_monitor]: loop gap 0 ms sim (2 ms wall, rtf 0.00) -> up to 0.000 rad of open-loop travel at saturated gripper velocity
[WARN] [1786496100.452657692] [stall_monitor]: loop gap 0 ms sim (2 ms wall, rtf 0.00) -> up to 0.000 rad of open-loop travel at saturated gripper velocity
[WARN] [1786496100.455100552] [stall_monitor]: loop gap 0 ms sim (2 ms wall, rtf 0.00) -> up to 0.000 rad of open-loop travel at saturated gripper velocity
[WARN] [1786496100.456794124] [stall_monitor]: loop gap 0 ms sim (2 ms wall, rtf 0.00) -> up to 0.000 rad of open-loop travel at saturated gripper velocity
[WARN] [1786496100.458879993] [stall_monitor]: loop gap 0 ms sim (2 ms wall, rtf 0.00) -> up to 0.000 rad of open-loop travel at saturated gripper velocity
[WARN] [1786496100.460863728] [stall_monitor]: loop gap 0 ms sim (2 ms wall, rtf 0.00) -> up to 0.000 rad of open-loop travel at saturated gripper velocity
[WARN] [1786496100.463069837] [stall_monitor]: loop gap 0 ms sim (2 ms wall, rtf 0.00) -> up to 0.000 rad of open-loop travel at saturated gripper velocity
[WARN] [1786496100.465321729] [stall_monitor]: loop gap 0 ms sim (2 ms wall, rtf 0.00) -> up to 0.000 rad of open-loop travel at saturated gripper velocity
[WARN] [1786496100.466968482] [stall_monitor]: loop gap 0 ms sim (2 ms wall, rtf 0.00) -> up to 0.000 rad of open-loop travel at saturated gripper velocity
[WARN] [1786496100.469637803] [stall_monitor]: loop gap 0 ms sim (2 ms wall, rtf 0.00) -> up to 0.000 rad of open-loop travel at saturated gripper velocity
[WARN] [1786496100.470814829] [stall_monitor]: loop gap 0 ms sim (1 ms wall, rtf 0.00) -> up to 0.000 rad of open-loop travel at saturated gripper velocity
[WARN] [1786496100.518827424] [stall_monitor]: loop gap 0 ms sim (48 ms wall, rtf 0.00) -> up to 0.000 rad of open-loop travel at saturated gripper velocity
[WARN] [1786496100.519826682] [stall_monitor]: loop gap 0 ms sim (1 ms wall, rtf 0.00) -> up to 0.000 rad of open-loop travel at saturated gripper velocity
[WARN] [1786496100.528105028] [stall_monitor]: loop gap 34 ms sim (2 ms wall, rtf 14.61) -> up to 0.017 rad of open-loop travel at saturated gripper velocity
[WARN] [1786496100.531379154] [stall_monitor]: loop gap 29 ms sim (3 ms wall, rtf 10.21) -> up to 0.014 rad of open-loop travel at saturated gripper velocity
[WARN] [1786496100.538855787] [stall_monitor]: loop gap 29 ms sim (2 ms wall, rtf 12.24) -> up to 0.014 rad of open-loop travel at saturated gripper velocity
[WARN] [1786496100.541379589] [stall_monitor]: loop gap 25 ms sim (2 ms wall, rtf 11.47) -> up to 0.013 rad of open-loop travel at saturated gripper velocity
[WARN] [1786496142.810672547] [stall_monitor]: loop gap 0 ms sim (0 ms wall, rtf 0.00) -> up to 0.000 rad of open-loop travel at saturated gripper velocity
[WARN] [1786496142.812724200] [stall_monitor]: loop gap 0 ms sim (2 ms wall, rtf 0.00) -> up to 0.000 rad of open-loop travel at saturated gripper velocity
[WARN] [1786496142.814988026] [stall_monitor]: loop gap 0 ms sim (2 ms wall, rtf 0.00) -> up to 0.000 rad of open-loop travel at saturated gripper velocity
[WARN] [1786496142.826496249] [stall_monitor]: loop gap 0 ms sim (10 ms wall, rtf 0.00) -> up to 0.000 rad of open-loop travel at saturated gripper velocity
[WARN] [1786496142.833293560] [stall_monitor]: loop gap 0 ms sim (6 ms wall, rtf 0.00) -> up to 0.000 rad of open-loop travel at saturated gripper velocity
[WARN] [1786496142.835632697] [stall_monitor]: loop gap 0 ms sim (4 ms wall, rtf 0.00) -> up to 0.000 rad of open-loop travel at saturated gripper velocity
[WARN] [1786496142.843769095] [stall_monitor]: loop gap 22 ms sim (5 ms wall, rtf 4.79) -> up to 0.011 rad of open-loop travel at saturated gripper velocity
[WARN] [1786496142.846639755] [stall_monitor]: loop gap 21 ms sim (3 ms wall, rtf 7.73) -> up to 0.011 rad of open-loop travel at saturated gripper velocity
[WARN] [1786496142.850368931] [stall_monitor]: loop gap 37 ms sim (3 ms wall, rtf 10.72) -> up to 0.018 rad of open-loop travel at saturated gripper velocity
[WARN] [1786496142.853632459] [stall_monitor]: loop gap 29 ms sim (4 ms wall, rtf 8.10) -> up to 0.015 rad of open-loop travel at saturated gripper velocity
[WARN] [1786496142.854826486] [stall_monitor]: loop gap 22 ms sim (2 ms wall, rtf 13.60) -> up to 0.011 rad of open-loop travel at saturated gripper velocity
[WARN] [1786496142.856571462] [stall_monitor]: loop gap 27 ms sim (2 ms wall, rtf 15.91) -> up to 0.014 rad of open-loop travel at saturated gripper velocity
[WARN] [1786496142.860940727] [stall_monitor]: loop gap 24 ms sim (2 ms wall, rtf 10.97) -> up to 0.012 rad of open-loop travel at saturated gripper velocity
[WARN] [1786496142.862786249] [stall_monitor]: loop gap 25 ms sim (2 ms wall, rtf 13.00) -> up to 0.012 rad of open-loop travel at saturated gripper velocity
[WARN] [1786496142.865018280] [stall_monitor]: loop gap 25 ms sim (2 ms wall, rtf 11.41) -> up to 0.013 rad of open-loop travel at saturated gripper velocity
[WARN] [1786496142.871819071] [stall_monitor]: loop gap 27 ms sim (3 ms wall, rtf 9.17) -> up to 0.014 rad of open-loop travel at saturated gripper velocity
[WARN] [1786496142.872916357] [stall_monitor]: loop gap 28 ms sim (1 ms wall, rtf 19.29) -> up to 0.014 rad of open-loop travel at saturated gripper velocity
[WARN] [1786496142.874869672] [stall_monitor]: loop gap 28 ms sim (2 ms wall, rtf 14.01) -> up to 0.014 rad of open-loop travel at saturated gripper velocity
[WARN] [1786496148.438786222] [stall_monitor]: loop gap 0 ms sim (2 ms wall, rtf 0.00) -> up to 0.000 rad of open-loop travel at saturated gripper velocity
[WARN] [1786496148.440725015] [stall_monitor]: loop gap 0 ms sim (2 ms wall, rtf 0.00) -> up to 0.000 rad of open-loop travel at saturated gripper velocity
[WARN] [1786496148.442626774] [stall_monitor]: loop gap 0 ms sim (2 ms wall, rtf 0.00) -> up to 0.000 rad of open-loop travel at saturated gripper velocity
[WARN] [1786496148.444567427] [stall_monitor]: loop gap 0 ms sim (2 ms wall, rtf 0.00) -> up to 0.000 rad of open-loop travel at saturated gripper velocity
[WARN] [1786496148.446596518] [stall_monitor]: loop gap 0 ms sim (2 ms wall, rtf 0.00) -> up to 0.000 rad of open-loop travel at saturated gripper velocity
[WARN] [1786496148.448605538] [stall_monitor]: loop gap 0 ms sim (2 ms wall, rtf 0.00) -> up to 0.000 rad of open-loop travel at saturated gripper velocity
[WARN] [1786496148.450576564] [stall_monitor]: loop gap 0 ms sim (2 ms wall, rtf 0.00) -> up to 0.000 rad of open-loop travel at saturated gripper velocity
[WARN] [1786496148.452668694] [stall_monitor]: loop gap 0 ms sim (2 ms wall, rtf 0.00) -> up to 0.000 rad of open-loop travel at saturated gripper velocity
[WARN] [1786496148.454605369] [stall_monitor]: loop gap 0 ms sim (2 ms wall, rtf 0.00) -> up to 0.000 rad of open-loop travel at saturated gripper velocity
[WARN] [1786496148.456725311] [stall_monitor]: loop gap 0 ms sim (2 ms wall, rtf 0.00) -> up to 0.000 rad of open-loop travel at saturated gripper velocity
[WARN] [1786496148.458600271] [stall_monitor]: loop gap 0 ms sim (2 ms wall, rtf 0.00) -> up to 0.000 rad of open-loop travel at saturated gripper velocity
[WARN] [1786496148.460524884] [stall_monitor]: loop gap 0 ms sim (2 ms wall, rtf 0.00) -> up to 0.000 rad of open-loop travel at saturated gripper velocity
[WARN] [1786496148.462590630] [stall_monitor]: loop gap 0 ms sim (2 ms wall, rtf 0.00) -> up to 0.000 rad of open-loop travel at saturated gripper velocity
[WARN] [1786496148.464532199] [stall_monitor]: loop gap 0 ms sim (2 ms wall, rtf 0.00) -> up to 0.000 rad of open-loop travel at saturated gripper velocity
[WARN] [1786496148.466638146] [stall_monitor]: loop gap 0 ms sim (2 ms wall, rtf 0.00) -> up to 0.000 rad of open-loop travel at saturated gripper velocity
[WARN] [1786496148.468548429] [stall_monitor]: loop gap 0 ms sim (2 ms wall, rtf 0.00) -> up to 0.000 rad of open-loop travel at saturated gripper velocity
[WARN] [1786496148.470545017] [stall_monitor]: loop gap 0 ms sim (2 ms wall, rtf 0.00) -> up to 0.000 rad of open-loop travel at saturated gripper velocity
[WARN] [1786496148.472500408] [stall_monitor]: loop gap 0 ms sim (2 ms wall, rtf 0.00) -> up to 0.000 rad of open-loop travel at saturated gripper velocity
[WARN] [1786496148.474576660] [stall_monitor]: loop gap 0 ms sim (2 ms wall, rtf 0.00) -> up to 0.000 rad of open-loop travel at saturated gripper velocity
[WARN] [1786496148.476467008] [stall_monitor]: loop gap 0 ms sim (2 ms wall, rtf 0.00) -> up to 0.000 rad of open-loop travel at saturated gripper velocity
[WARN] [1786496148.478550109] [stall_monitor]: loop gap 0 ms sim (2 ms wall, rtf 0.00) -> up to 0.000 rad of open-loop travel at saturated gripper velocity
[WARN] [1786496148.480523793] [stall_monitor]: loop gap 0 ms sim (2 ms wall, rtf 0.00) -> up to 0.000 rad of open-loop travel at saturated gripper velocity
[WARN] [1786496148.482659073] [stall_monitor]: loop gap 0 ms sim (2 ms wall, rtf 0.00) -> up to 0.000 rad of open-loop travel at saturated gripper velocity
[WARN] [1786496148.484572899] [stall_monitor]: loop gap 0 ms sim (2 ms wall, rtf 0.00) -> up to 0.000 rad of open-loop travel at saturated gripper velocity
[WARN] [1786496148.486726117] [stall_monitor]: loop gap 0 ms sim (2 ms wall, rtf 0.00) -> up to 0.000 rad of open-loop travel at saturated gripper velocity
[WARN] [1786496148.488582403] [stall_monitor]: loop gap 0 ms sim (2 ms wall, rtf 0.00) -> up to 0.000 rad of open-loop travel at saturated gripper velocity
[WARN] [1786496148.490629068] [stall_monitor]: loop gap 0 ms sim (2 ms wall, rtf 0.00) -> up to 0.000 rad of open-loop travel at saturated gripper velocity
[WARN] [1786496148.492515852] [stall_monitor]: loop gap 0 ms sim (2 ms wall, rtf 0.00) -> up to 0.000 rad of open-loop travel at saturated gripper velocity
[WARN] [1786496148.494752648] [stall_monitor]: loop gap 0 ms sim (2 ms wall, rtf 0.00) -> up to 0.000 rad of open-loop travel at saturated gripper velocity
[WARN] [1786496148.496655460] [stall_monitor]: loop gap 0 ms sim (2 ms wall, rtf 0.00) -> up to 0.000 rad of open-loop travel at saturated gripper velocity
[WARN] [1786496148.498564112] [stall_monitor]: loop gap 0 ms sim (2 ms wall, rtf 0.00) -> up to 0.000 rad of open-loop travel at saturated gripper velocity
[WARN] [1786496148.500544775] [stall_monitor]: loop gap 0 ms sim (2 ms wall, rtf 0.00) -> up to 0.000 rad of open-loop travel at saturated gripper velocity
[WARN] [1786496148.502733768] [stall_monitor]: loop gap 0 ms sim (2 ms wall, rtf 0.00) -> up to 0.000 rad of open-loop travel at saturated gripper velocity
[WARN] [1786496148.504544552] [stall_monitor]: loop gap 0 ms sim (2 ms wall, rtf 0.00) -> up to 0.000 rad of open-loop travel at saturated gripper velocity
[WARN] [1786496148.506669000] [stall_monitor]: loop gap 0 ms sim (2 ms wall, rtf 0.00) -> up to 0.000 rad of open-loop travel at saturated gripper velocity
[WARN] [1786496148.508564174] [stall_monitor]: loop gap 0 ms sim (2 ms wall, rtf 0.00) -> up to 0.000 rad of open-loop travel at saturated gripper velocity
[WARN] [1786496148.510528002] [stall_monitor]: loop gap 0 ms sim (2 ms wall, rtf 0.00) -> up to 0.000 rad of open-loop travel at saturated gripper velocity
[WARN] [1786496148.512569540] [stall_monitor]: loop gap 0 ms sim (2 ms wall, rtf 0.00) -> up to 0.000 rad of open-loop travel at saturated gripper velocity
[WARN] [1786496148.514528094] [stall_monitor]: loop gap 0 ms sim (2 ms wall, rtf 0.00) -> up to 0.000 rad of open-loop travel at saturated gripper velocity
[WARN] [1786496148.516494639] [stall_monitor]: loop gap 0 ms sim (2 ms wall, rtf 0.00) -> up to 0.000 rad of open-loop travel at saturated gripper velocity
[WARN] [1786496148.518505541] [stall_monitor]: loop gap 0 ms sim (2 ms wall, rtf 0.00) -> up to 0.000 rad of open-loop travel at saturated gripper velocity
[WARN] [1786496148.520518867] [stall_monitor]: loop gap 0 ms sim (2 ms wall, rtf 0.00) -> up to 0.000 rad of open-loop travel at saturated gripper velocity
[WARN] [1786496148.522506838] [stall_monitor]: loop gap 0 ms sim (2 ms wall, rtf 0.00) -> up to 0.000 rad of open-loop travel at saturated gripper velocity
[WARN] [1786496148.524628051] [stall_monitor]: loop gap 0 ms sim (2 ms wall, rtf 0.00) -> up to 0.000 rad of open-loop travel at saturated gripper velocity
[WARN] [1786496148.526556909] [stall_monitor]: loop gap 0 ms sim (2 ms wall, rtf 0.00) -> up to 0.000 rad of open-loop travel at saturated gripper velocity
[WARN] [1786496148.528567688] [stall_monitor]: loop gap 0 ms sim (2 ms wall, rtf 0.00) -> up to 0.000 rad of open-loop travel at saturated gripper velocity
[WARN] [1786496148.530447200] [stall_monitor]: loop gap 0 ms sim (2 ms wall, rtf 0.00) -> up to 0.000 rad of open-loop travel at saturated gripper velocity
[WARN] [1786496148.532564544] [stall_monitor]: loop gap 0 ms sim (2 ms wall, rtf 0.00) -> up to 0.000 rad of open-loop travel at saturated gripper velocity
[WARN] [1786496148.534511134] [stall_monitor]: loop gap 0 ms sim (2 ms wall, rtf 0.00) -> up to 0.000 rad of open-loop travel at saturated gripper velocity
[WARN] [1786496148.536628908] [stall_monitor]: loop gap 0 ms sim (2 ms wall, rtf 0.00) -> up to 0.000 rad of open-loop travel at saturated gripper velocity
[WARN] [1786496148.538596840] [stall_monitor]: loop gap 0 ms sim (2 ms wall, rtf 0.00) -> up to 0.000 rad of open-loop travel at saturated gripper velocity
[WARN] [1786496148.540548494] [stall_monitor]: loop gap 0 ms sim (2 ms wall, rtf 0.00) -> up to 0.000 rad of open-loop travel at saturated gripper velocity
[WARN] [1786496148.542553814] [stall_monitor]: loop gap 0 ms sim (2 ms wall, rtf 0.00) -> up to 0.000 rad of open-loop travel at saturated gripper velocity
[WARN] [1786496148.544554486] [stall_monitor]: loop gap 0 ms sim (2 ms wall, rtf 0.00) -> up to 0.000 rad of open-loop travel at saturated gripper velocity
[WARN] [1786496148.546642873] [stall_monitor]: loop gap 0 ms sim (2 ms wall, rtf 0.00) -> up to 0.000 rad of open-loop travel at saturated gripper velocity
[WARN] [1786496148.548602590] [stall_monitor]: loop gap 0 ms sim (2 ms wall, rtf 0.00) -> up to 0.000 rad of open-loop travel at saturated gripper velocity
[WARN] [1786496148.550606466] [stall_monitor]: loop gap 0 ms sim (2 ms wall, rtf 0.00) -> up to 0.000 rad of open-loop travel at saturated gripper velocity
[WARN] [1786496148.552731361] [stall_monitor]: loop gap 0 ms sim (2 ms wall, rtf 0.00) -> up to 0.000 rad of open-loop travel at saturated gripper velocity
[WARN] [1786496148.554642818] [stall_monitor]: loop gap 0 ms sim (2 ms wall, rtf 0.00) -> up to 0.000 rad of open-loop travel at saturated gripper velocity
[WARN] [1786496148.556736985] [stall_monitor]: loop gap 0 ms sim (2 ms wall, rtf 0.00) -> up to 0.000 rad of open-loop travel at saturated gripper velocity
[WARN] [1786496148.558658396] [stall_monitor]: loop gap 0 ms sim (2 ms wall, rtf 0.00) -> up to 0.000 rad of open-loop travel at saturated gripper velocity
[WARN] [1786496148.560656618] [stall_monitor]: loop gap 0 ms sim (2 ms wall, rtf 0.00) -> up to 0.000 rad of open-loop travel at saturated gripper velocity
[WARN] [1786496148.562748100] [stall_monitor]: loop gap 0 ms sim (2 ms wall, rtf 0.00) -> up to 0.000 rad of open-loop travel at saturated gripper velocity
[WARN] [1786496148.564813864] [stall_monitor]: loop gap 0 ms sim (2 ms wall, rtf 0.00) -> up to 0.000 rad of open-loop travel at saturated gripper velocity
[WARN] [1786496148.566723340] [stall_monitor]: loop gap 0 ms sim (2 ms wall, rtf 0.00) -> up to 0.000 rad of open-loop travel at saturated gripper velocity
[WARN] [1786496148.568714580] [stall_monitor]: loop gap 0 ms sim (2 ms wall, rtf 0.00) -> up to 0.000 rad of open-loop travel at saturated gripper velocity
[WARN] [1786496148.570691225] [stall_monitor]: loop gap 0 ms sim (2 ms wall, rtf 0.00) -> up to 0.000 rad of open-loop travel at saturated gripper velocity
[WARN] [1786496148.572730206] [stall_monitor]: loop gap 0 ms sim (2 ms wall, rtf 0.00) -> up to 0.000 rad of open-loop travel at saturated gripper velocity
[WARN] [1786496148.574655757] [stall_monitor]: loop gap 0 ms sim (2 ms wall, rtf 0.00) -> up to 0.000 rad of open-loop travel at saturated gripper velocity
[WARN] [1786496148.576728891] [stall_monitor]: loop gap 0 ms sim (2 ms wall, rtf 0.00) -> up to 0.000 rad of open-loop travel at saturated gripper velocity
[WARN] [1786496148.578680250] [stall_monitor]: loop gap 0 ms sim (2 ms wall, rtf 0.00) -> up to 0.000 rad of open-loop travel at saturated gripper velocity
[WARN] [1786496148.580902829] [stall_monitor]: loop gap 0 ms sim (2 ms wall, rtf 0.00) -> up to 0.000 rad of open-loop travel at saturated gripper velocity
[WARN] [1786496148.582636824] [stall_monitor]: loop gap 0 ms sim (2 ms wall, rtf 0.00) -> up to 0.000 rad of open-loop travel at saturated gripper velocity
[WARN] [1786496148.584566609] [stall_monitor]: loop gap 0 ms sim (2 ms wall, rtf 0.00) -> up to 0.000 rad of open-loop travel at saturated gripper velocity
[WARN] [1786496148.586745385] [stall_monitor]: loop gap 0 ms sim (2 ms wall, rtf 0.00) -> up to 0.000 rad of open-loop travel at saturated gripper velocity
[WARN] [1786496148.588899444] [stall_monitor]: loop gap 0 ms sim (2 ms wall, rtf 0.00) -> up to 0.000 rad of open-loop travel at saturated gripper velocity
[WARN] [1786496148.592759575] [stall_monitor]: loop gap 26 ms sim (2 ms wall, rtf 13.64) -> up to 0.013 rad of open-loop travel at saturated gripper velocity
[WARN] [1786496148.595937163] [stall_monitor]: loop gap 27 ms sim (3 ms wall, rtf 9.84) -> up to 0.013 rad of open-loop travel at saturated gripper velocity
[WARN] [1786496148.604543012] [stall_monitor]: loop gap 24 ms sim (2 ms wall, rtf 10.40) -> up to 0.012 rad of open-loop travel at saturated gripper velocity
[WARN] [1786496148.606211876] [stall_monitor]: loop gap 23 ms sim (2 ms wall, rtf 14.12) -> up to 0.011 rad of open-loop travel at saturated gripper velocity
[stall_monitor] messages=27928 gaps_logged=186 max_sim_gap_ms=39.0 implied_max_overshoot_rad=0.020

════════════════════════════════════════════════════════════
§ 7. Cleanup

════════════════════════════════════════════════════════════
scripts/lib/gz_settle.sh: line 99: 41115 Killed                  nohup ros2 launch ur5e_robotiq_description ur5e_robotiq_sim_control.launch.py > "$SIM_LOG" 2>&1

done: 2026-08-12T02:55:52+02:00
artifacts:
  sim_log=docs/m3_cyclelive_sim_20260812_025425_20421.log
  movegroup_log=docs/m3_cyclelive_movegroup_20260812_025425_20421.log
  grasp_log=docs/m3_cyclelive_grasp_20260812_025425_20421.log
  stall_csv=docs/m3_cyclelive_stalls_20260812_025425_20421.csv
  grasp_csv=m3_grasp_trace_cyclelive_20260812_025425_20421.csv
