grasp table sweep: 2026-08-04T13:34:37+02:00
world=empty model=ur5e_robotiq widths=0.025 0.035 0.045 0.055 0.065

════════════════════════════════════════════════════════════
§ 0. Preconditions

════════════════════════════════════════════════════════════
  [ok] topic /world/empty/model/ur5e_robotiq/joint_state
  [ok] topic /world/empty/pose/info
  [ok] gripper.command_timeout_s = 5.0s (from config/scene.yaml)

════════════════════════════════════════════════════════════
§ 1. Sweep

════════════════════════════════════════════════════════════

  --- width=0.025 m ---
  pre-closing robotiq_85_left_knuckle_joint to 0.5647 rad (heuristic for this width)
[settle] poses settled after 0.61s (max|delta|=0.000000 m)
  box placement (fingertip midpoint): 0.49214 0.13332 1.11562
[settle] poses settled after 1.31s (max|delta|=0.000002 m)
  commanding robotiq_85_left_knuckle_joint -> 0.8 rad against a 0.025 m box (bounded at 5.0s)
[settle] joints settled after 0.31s (max|vel|=0.00000 rad/s)
[settle] poses settled after 0.55s (max|delta|=0.000000 m)
  grip_angle=0.7999999999997979 width_at_grip=0.050681 tcp_offset_at_grip=0.122812 pad_centre_offset=-0.000000

  --- width=0.035 m ---
  pre-closing robotiq_85_left_knuckle_joint to 0.4706 rad (heuristic for this width)
[settle] poses settled after 0.56s (max|delta|=0.000000 m)
  box placement (fingertip midpoint): 0.49214 0.13332 1.11663
[settle] poses settled after 0.55s (max|delta|=0.000104 m)
  commanding robotiq_85_left_knuckle_joint -> 0.8 rad against a 0.035 m box (bounded at 5.0s)
  [STOP] overclose action did not return within 5.0s at width=0.035 — TIMEOUT, not retrying

  --- width=0.045 m ---
  pre-closing robotiq_85_left_knuckle_joint to 0.3765 rad (heuristic for this width)
[settle] poses settled after 0.71s (max|delta|=0.000000 m)
  box placement (fingertip midpoint): 0.49214 0.13332 1.11814
[settle] poses settled after 0.54s (max|delta|=0.000155 m)
  commanding robotiq_85_left_knuckle_joint -> 0.8 rad against a 0.045 m box (bounded at 5.0s)
  [STOP] overclose action did not return within 5.0s at width=0.045 — TIMEOUT, not retrying

  --- width=0.055 m ---
  pre-closing robotiq_85_left_knuckle_joint to 0.2824 rad (heuristic for this width)
[settle] poses settled after 0.59s (max|delta|=0.000000 m)
  box placement (fingertip midpoint): 0.49213 0.13332 1.12013
[settle] poses settled after 0.57s (max|delta|=0.000129 m)
  commanding robotiq_85_left_knuckle_joint -> 0.8 rad against a 0.055 m box (bounded at 5.0s)
  [STOP] overclose action did not return within 5.0s at width=0.055 — TIMEOUT, not retrying

  --- width=0.065 m ---
  pre-closing robotiq_85_left_knuckle_joint to 0.1882 rad (heuristic for this width)
[settle] poses settled after 0.59s (max|delta|=0.000000 m)
  box placement (fingertip midpoint): 0.49213 0.13332 1.12257
[settle] poses settled after 0.53s (max|delta|=0.000061 m)
  commanding robotiq_85_left_knuckle_joint -> 0.8 rad against a 0.065 m box (bounded at 5.0s)
  [STOP] overclose action did not return within 5.0s at width=0.065 — TIMEOUT, not retrying

════════════════════════════════════════════════════════════
§ 2. Results

════════════════════════════════════════════════════════════
#      box_width_m         grip_angle_rad  width_at_grip_m  tcp_offset_at_grip_m  pad_centre_offset_m  outcome
0.025  0.7999999999997979  0.050681        0.122812         -0.000000             OK                   
0.035  TIMEOUT_OVERCLOSE                                                                               
0.045  TIMEOUT_OVERCLOSE                                                                               
0.055  TIMEOUT_OVERCLOSE                                                                               
0.065  TIMEOUT_OVERCLOSE                                                                               

════════════════════════════════════════════════════════════
§ 3. What to do with this

════════════════════════════════════════════════════════════
  Raw measurement, not a judged pass/fail. To use it:

  1. clearance_width for a given object width: look up SEPARATELY in
     05_measure_gripper_geometry.sh's output table (joint_rad -> width_m,
     free-space). This script deliberately does not recompute it.
  2. grasp composition (M3): aperture from clearance_width's inverted
     lookup; TCP target from tcp_offset_at_grip at the matching row here
     (not the single scalar grasp.tcp_offset currently in scene.yaml);
     approach shifted by pad_centre_offset at that same row.
  3. Any row marked TIMEOUT_* or INCOMPLETE_SAMPLE is itself a finding —
     that object width landed near (or past) the capture-window boundary.
     Do not retry it. Investigate why before trusting a nearby width's OK
     row as safe margin.
  4. Check whether pad_centre_offset correlates with grip_angle across the
     OK rows — this is the test the 2-point ad hoc check in Blocker 2
     couldn't settle. Five points should be enough to say yes or no.
