grasp table sweep: 2026-08-06T21:43:26+02:00
world=empty model=ur5e_robotiq widths=0.040

════════════════════════════════════════════════════════════
§ 0. Preconditions

════════════════════════════════════════════════════════════
  [ok] topic /world/empty/model/ur5e_robotiq/joint_state
  [ok] topic /world/empty/pose/info
[ok] gripper open (robotiq_85_left_knuckle_joint) = 0.0001 rad, within 0.0000 +/- 0.05
  [ok] gripper.command_timeout_s = 5.0s (from config/scene.yaml)

════════════════════════════════════════════════════════════
§ 1. Sweep

════════════════════════════════════════════════════════════

  --- width=0.040 m ---
  pre-closing robotiq_85_left_knuckle_joint to 0.4523 rad (heuristic for this width)
[settle] poses settled after 0.61s (max|delta|=0.000000 m)
  box placement (fingertip midpoint): 0.49214 0.13332 1.11689
[settle] poses settled after 0.55s (max|delta|=0.000078 m)
  commanding robotiq_85_left_knuckle_joint -> 0.8 rad against a 0.040 m box (bounded at 5.0s)
  gripper_close_and_hold: TIMED_OUT_HELD, now holding 0.45275095300404239 rad (not left driving toward 0.8)
  [STOP] overclose action produced no result within 5.0s at width=0.040 — TIMEOUT, not retrying

════════════════════════════════════════════════════════════
§ 2. Results

════════════════════════════════════════════════════════════
#      box_width_m        grip_angle_rad  width_at_grip_m  tcp_offset_at_grip_m  pad_centre_offset_m  outcome
0.040  TIMEOUT_OVERCLOSE                                                                              

════════════════════════════════════════════════════════════
§ 3. What to do with this

════════════════════════════════════════════════════════════
  Raw measurement, not a judged pass/fail. To use it:

  1. clearance_width for a given object width: look up SEPARATELY in
     05_measure_gripper_geometry.sh's output table (joint_rad -> width_m,
     free-space). This script deliberately does not recompute it.
  2. grasp composition (M3): aperture from clearance_width's inverted
     lookup; TCP target from tcp_offset_at_grip at the matching row here
     (not the single scalar grasp.tcp_offset currently in scene.yaml);
     approach shifted by pad_centre_offset at that same row.
  3. Any row marked TIMEOUT_* or INCOMPLETE_SAMPLE is itself a finding —
     that object width landed near (or past) the capture-window boundary.
     Do not retry it. Investigate why before trusting a nearby width's OK
     row as safe margin.
  4. Check whether pad_centre_offset correlates with grip_angle across the
     OK rows — this is the test the 2-point ad hoc check in Blocker 2
     couldn't settle. Five points should be enough to say yes or no.
