M0 verification run: 2026-08-08T14:34:04+02:00
world=empty model=ur5e_robotiq actuated_joint=robotiq_85_left_knuckle_joint

════════════════════════════════════════════════════════════
§ M0-A  Gazebo version binding

════════════════════════════════════════════════════════════

  $ gz sim --versions
      8.11.0
  [PASS] gz-sim major version = 8 (Harmonic)

  $ dpkg -l | grep -Ei 'gz-sim|ignition|gazebo'
      ros-jazzy-gz-cmake-vendor                    0.0.11-1noble.20260225.223100
      ros-jazzy-gz-common-vendor                   0.0.9-1noble.20260422.124815
      ros-jazzy-gz-fuel-tools-vendor               0.0.6-1noble.20260423.081524
      ros-jazzy-gz-gui-vendor                      0.0.5-1noble.20260425.071107
      ros-jazzy-gz-math-vendor                     0.0.9-1noble.20260422.120700
      ros-jazzy-gz-msgs-vendor                     0.0.6-1noble.20260423.060450
      ros-jazzy-gz-physics-vendor                  0.0.7-1noble.20260604.105412
      ros-jazzy-gz-plugin-vendor                   0.0.5-1noble.20260226.000520
      ros-jazzy-gz-rendering-vendor                0.0.7-1noble.20260425.063708
      ros-jazzy-gz-ros2-control                    1.2.19-1noble.20260615.171757
      ros-jazzy-gz-sensors-vendor                  0.0.6-1noble.20260604.105419
      ros-jazzy-gz-sim-vendor                      0.0.10-1noble.20260604.111001
      ros-jazzy-gz-tools-vendor                    0.0.7-1noble.20260225.231255
      ros-jazzy-gz-transport-vendor                0.0.7-1noble.20260423.081526
      ros-jazzy-gz-utils-vendor                    0.0.5-1noble.20260225.231257
      ros-jazzy-ros-gz                             1.0.22-1noble.20260616.074726
      ros-jazzy-ros-gz-bridge                      1.0.22-1noble.20260615.142443
      ros-jazzy-ros-gz-image                       1.0.22-1noble.20260615.145009
      ros-jazzy-ros-gz-interfaces                  1.0.22-1noble.20260615.112415
      ros-jazzy-ros-gz-sim                         1.0.22-1noble.20260615.173223
      ros-jazzy-ros-gz-sim-demos                   1.0.22-1noble.20260615.175319
      ros-jazzy-ur-simulation-gz                   2.5.0-1noble.20260617.155357
  [PASS] no Fortress or Classic packages in the resolved dependency list

  $ gz topic -l  (is a Harmonic transport actually up?)
      /clock
      /gazebo/resource_paths
      /stats
      /world/empty/clock
      /world/empty/dynamic_pose/info
      /world/empty/model/ur5e_robotiq/joint_state
      /world/empty/pose/info
      /world/empty/scene/deletion
      /world/empty/scene/info
      /world/empty/state
      /world/empty/stats
      /world/empty/light_config
      /world/empty/material_color

  ==> M0-A: PASS

════════════════════════════════════════════════════════════
§ M0-B  Gripper controller path in simulation

════════════════════════════════════════════════════════════
  waiting up to 45s for controllers to spawn...

  $ ros2 control list_controllers
      gripper_controller      position_controllers/GripperActionController           active
      arm_controller          joint_trajectory_controller/JointTrajectoryController  active
      joint_state_broadcaster joint_state_broadcaster/JointStateBroadcaster          active
  [PASS] arm_controller is active
  [PASS] gripper_controller is active
  [PASS] joint_state_broadcaster is active

  gripper controller type: position_controllers/GripperActionController
  [PASS] POSITION-controlled. scene.yaml gripper.squeeze applies, in RADIANS.
  [note] max_effort in the GripperCommand action is a ceiling, not the knob.

  $ cat ur5e_robotiq_moveit_config/config/moveit_controllers.yaml
      # MoveIt uses this configuration for controller management
      
      moveit_controller_manager: moveit_simple_controller_manager/MoveItSimpleControllerManager
      
      moveit_simple_controller_manager:
        controller_names:
          - arm_controller
          - gripper_controller
      
        arm_controller:
          type: FollowJointTrajectory
          # MSA's auto-add populated action_ns for gripper_controller (gripper_cmd)
          # but omitted it here. Without it, moveit_simple_controller_manager drops
          # this controller entirely at startup ("No action namespace specified...")
          # and trajectory_execution_manager then has no controller claiming the arm
          # joints at all — every plan succeeds, every execute() fails with
          # CONTROL_FAILED. Confirmed the actual action name live via
          # `ros2 action list` rather than assuming the conventional string:
          # /arm_controller/follow_joint_trajectory.
          action_ns: follow_joint_trajectory
          joints:
            - shoulder_pan_joint
            - shoulder_lift_joint
            - elbow_joint
            - wrist_1_joint
            - wrist_2_joint
            - wrist_3_joint
        gripper_controller:
          type: GripperCommand
          joints:
            - robotiq_85_left_knuckle_joint
          action_ns: gripper_cmd
          default: true
  [PASS] moveit_controllers.yaml references 'gripper_controller' — names match

  $ ros2 action list | grep -i gripper
      /gripper_controller/gripper_cmd

  ==> M0-B: PASS

════════════════════════════════════════════════════════════
§ M0-C  Mimic linkage under contact load

════════════════════════════════════════════════════════════

  $ gz topic -l | grep joint_state
      /world/empty/model/ur5e_robotiq/joint_state
[ok] gripper open (robotiq_85_left_knuckle_joint) = 0.0001 rad, within 0.0000 +/- 0.05
  [PASS] Gazebo ground-truth topic present

  --- C1 (SUBORDINATE): free-space tracking ---
  [note] merge sanity only. Per report §3.5 this passes even when the linkage is
  [note] unforced, so it does NOT decide M0-C. A failure here means the merge is
  [note] broken; a pass here means nothing about grasping.
  mimic joints declared off robotiq_85_left_knuckle_joint: 5
      robotiq_85_right_knuckle_joint -1 0.0
      robotiq_85_left_inner_knuckle_joint 1.0 0.0
      robotiq_85_right_inner_knuckle_joint -1 0.0
      robotiq_85_left_finger_tip_joint -1 0.0
      robotiq_85_right_finger_tip_joint 1.0 0.0
  [PASS] 5 mimic joints declared (merge structurally intact)
[settle] joints settled after 0.31s (max|vel|=0.00061 rad/s)
  [PASS] free-space open sample captured (evidence only, not a gate)

  --- C2 (PASS CRITERION): does contact oppose the linkage? ---
  pre-closing robotiq_85_left_knuckle_joint to 0.45 rad (heuristic cradle aperture, not measured)
[settle] poses settled after 0.59s (max|delta over 0.15s|=0.000000 m)
  box placement (fingertip midpoint): 0.49214 0.13332 1.11692
      data: true
[settle] poses settled after 0.54s (max|delta over 0.15s|=0.000070 m)
  box before close: 0.49202482617277449 0.13337383545793996 1.1167685669349925
  commanding robotiq_85_left_knuckle_joint -> 0.8 rad against a 0.040 m box (bounded at 5.0s)
  gripper_close_and_hold: STALLED, now holding 0.4505352361356569 rad (not left driving toward 0.8)
[settle] joints settled after 0.31s (max|vel|=0.00020 rad/s)
[settle] poses settled after 51.41s (max|delta over 10.0s|=0.000458 m)
  box after close : 0.48380375417046784 0.13445535361556804 1.1033358899218209
  commanded  : 0.8000 rad
  achieved   : 0.4367 rad
  shortfall  : +0.3633 rad   (need > 0.1)
  [PASS] linkage stalled 0.3633 rad short — contact opposes it
  controller : stalled=true reached_goal=false
  [PASS] controller independently reported stalled=true
  box before : (0.492, 0.133, 1.117)
  box after  : (0.484, 0.134, 1.103)
  displacement: 0.0158 m   (need < 0.03)
  [PASS] object retained, moved 15.8 mm
  [PASS] object clear of the floor (z=1.103)
  [WARN] object settled 13.4 mm downward during closure. M3's slip criterion is 5 mm.
         Settling as the pads seat is not the same as slip under
         transport load — but if the object is sliding BETWEEN the
         pads, M3 has a problem that predates friction tuning.
         Worth one GUI look before M3. See report §3.5.

  followers vs multiplier x master (tolerance 0.05 rad):
    robotiq_85_left_finger_tip_joint           got -0.43676  exp -0.43673  err 0.00002
    robotiq_85_left_inner_knuckle_joint        got +0.43676  exp +0.43673  err 0.00002
    robotiq_85_right_finger_tip_joint          got +0.43676  exp +0.43673  err 0.00002
    robotiq_85_right_inner_knuckle_joint       got -0.43676  exp -0.43673  err 0.00002
    robotiq_85_right_knuckle_joint             got -0.42837  exp -0.43673  err 0.00836
  [PASS] all followers within 0.05 rad (worst 0.00836, robotiq_85_right_knuckle_joint)

  ==> M0-C: PASS

════════════════════════════════════════════════════════════
§ M0 SUMMARY

════════════════════════════════════════════════════════════
  M0-A  Gazebo version binding ............ PASS
  M0-B  Gripper controller path ........... PASS
  M0-C  Mimic joint tracking .............. PASS

  evidence: /home/user/ur5e_pickplace/m0_evidence

  M0 PASS — cleared to start M1.
