[INFO] [launch]: All log files can be found below /home/sachin/.ros/log/2026-08-03-23-43-29-565697-Sachin-31284
[INFO] [launch]: Default logging verbosity is set to INFO
[INFO] [m1_joint_goal-1]: process started with pid [31290]
[m1_joint_goal-1] [0m[INFO] [1785793409.943761590] [m1_joint_goal]: GRASP MODE: friction (physics) (M1 performs no grasp; line emitted for log uniformity)[0m
[m1_joint_goal-1] [33m[WARN] [1785793409.945184345] [rcl.logging_rosout]: Publisher already registered for node name: 'm1_joint_goal'. If this is due to multiple nodes with the same name then all logs for the logger named 'm1_joint_goal' will go out over the existing publisher. As soon as any node with that name is destructed it will unregister the publisher, preventing any further logs for that name from being published on the rosout topic.[0m
[m1_joint_goal-1] [0m[INFO] [1785793409.956795358] [m1_joint_goal.moveit.ros.rdf_loader]: Loaded robot model in 0 seconds[0m
[m1_joint_goal-1] [0m[INFO] [1785793409.956883094] [m1_joint_goal.moveit.core.robot_model]: Loading robot model 'ur5e_robotiq'...[0m
[m1_joint_goal-1] [0m[INFO] [1785793409.956915475] [m1_joint_goal.moveit.core.robot_model]: No root/virtual joint specified in SRDF. Assuming fixed joint[0m
[m1_joint_goal-1] [0m[INFO] [1785793409.970252354] [m1_joint_goal.moveit.kinematics.kdl_kinematics_plugin]: Joint weights for group 'arm': 1 1 1 1 1 1[0m
[m1_joint_goal-1] [0m[INFO] [1785793410.662175687] [m1_joint_goal.moveit.ros.move_group_interface]: Ready to take commands for planning group arm.[0m
[m1_joint_goal-1] [0m[INFO] [1785793410.662222031] [m1_joint_goal]: planning frame: world | end effector link: tool0[0m
[m1_joint_goal-1] [0m[INFO] [1785793410.662255410] [m1_joint_goal]: fixed joint goal: shoulder_pan_joint=0.500000, shoulder_lift_joint=-1.200000, elbow_joint=1.000000, wrist_1_joint=-1.400000, wrist_2_joint=-1.570800, wrist_3_joint=0.000000[0m
[m1_joint_goal-1] [0m[INFO] [1785793410.662378117] [m1_joint_goal.moveit.ros.move_group_interface]: MoveGroup action client/server ready[0m
[m1_joint_goal-1] [0m[INFO] [1785793410.664048322] [m1_joint_goal.moveit.ros.move_group_interface]: Planning request accepted[0m
[m1_joint_goal-1] [0m[INFO] [1785793410.691525695] [m1_joint_goal.moveit.ros.move_group_interface]: Planning request complete![0m
[m1_joint_goal-1] [0m[INFO] [1785793410.692341212] [m1_joint_goal.moveit.ros.move_group_interface]: time taken to generate plan: 0.0215592 seconds[0m
[m1_joint_goal-1] [0m[INFO] [1785793410.692497820] [m1_joint_goal]: trial  1/20: PLAN OK      30.1 ms  30 points[0m
[m1_joint_goal-1] [0m[INFO] [1785793410.692745072] [m1_joint_goal.moveit.ros.move_group_interface]: MoveGroup action client/server ready[0m
[m1_joint_goal-1] [0m[INFO] [1785793410.693737523] [m1_joint_goal.moveit.ros.move_group_interface]: Planning request accepted[0m
[m1_joint_goal-1] [0m[INFO] [1785793410.719425481] [m1_joint_goal.moveit.ros.move_group_interface]: Planning request complete![0m
[m1_joint_goal-1] [0m[INFO] [1785793410.720049889] [m1_joint_goal.moveit.ros.move_group_interface]: time taken to generate plan: 0.0214347 seconds[0m
[m1_joint_goal-1] [0m[INFO] [1785793410.720120534] [m1_joint_goal]: trial  2/20: PLAN OK      27.5 ms  30 points[0m
[m1_joint_goal-1] [0m[INFO] [1785793410.720251090] [m1_joint_goal.moveit.ros.move_group_interface]: MoveGroup action client/server ready[0m
[m1_joint_goal-1] [0m[INFO] [1785793410.721461405] [m1_joint_goal.moveit.ros.move_group_interface]: Planning request accepted[0m
[m1_joint_goal-1] [0m[INFO] [1785793410.738433269] [m1_joint_goal.moveit.ros.move_group_interface]: Planning request complete![0m
[m1_joint_goal-1] [0m[INFO] [1785793410.738782252] [m1_joint_goal.moveit.ros.move_group_interface]: time taken to generate plan: 0.0127435 seconds[0m
[m1_joint_goal-1] [0m[INFO] [1785793410.738850337] [m1_joint_goal]: trial  3/20: PLAN OK      18.7 ms  30 points[0m
[m1_joint_goal-1] [0m[INFO] [1785793410.738986916] [m1_joint_goal.moveit.ros.move_group_interface]: MoveGroup action client/server ready[0m
[m1_joint_goal-1] [0m[INFO] [1785793410.739342399] [m1_joint_goal.moveit.ros.move_group_interface]: Planning request accepted[0m
[m1_joint_goal-1] [0m[INFO] [1785793410.753909159] [m1_joint_goal.moveit.ros.move_group_interface]: Planning request complete![0m
[m1_joint_goal-1] [0m[INFO] [1785793410.754804003] [m1_joint_goal.moveit.ros.move_group_interface]: time taken to generate plan: 0.0105521 seconds[0m
[m1_joint_goal-1] [0m[INFO] [1785793410.754920920] [m1_joint_goal]: trial  4/20: PLAN OK      16.0 ms  30 points[0m
[m1_joint_goal-1] [0m[INFO] [1785793410.755195344] [m1_joint_goal.moveit.ros.move_group_interface]: MoveGroup action client/server ready[0m
[m1_joint_goal-1] [0m[INFO] [1785793410.756550813] [m1_joint_goal.moveit.ros.move_group_interface]: Planning request accepted[0m
[m1_joint_goal-1] [0m[INFO] [1785793410.781763175] [m1_joint_goal.moveit.ros.move_group_interface]: Planning request complete![0m
[m1_joint_goal-1] [0m[INFO] [1785793410.782531721] [m1_joint_goal.moveit.ros.move_group_interface]: time taken to generate plan: 0.0204511 seconds[0m
[m1_joint_goal-1] [0m[INFO] [1785793410.782623223] [m1_joint_goal]: trial  5/20: PLAN OK      27.5 ms  30 points[0m
[m1_joint_goal-1] [0m[INFO] [1785793410.782748494] [m1_joint_goal.moveit.ros.move_group_interface]: MoveGroup action client/server ready[0m
[m1_joint_goal-1] [0m[INFO] [1785793410.783311916] [m1_joint_goal.moveit.ros.move_group_interface]: Planning request accepted[0m
[m1_joint_goal-1] [0m[INFO] [1785793410.809431826] [m1_joint_goal.moveit.ros.move_group_interface]: Planning request complete![0m
[m1_joint_goal-1] [0m[INFO] [1785793410.810249733] [m1_joint_goal.moveit.ros.move_group_interface]: time taken to generate plan: 0.0224132 seconds[0m
[m1_joint_goal-1] [0m[INFO] [1785793410.810365689] [m1_joint_goal]: trial  6/20: PLAN OK      27.7 ms  30 points[0m
[m1_joint_goal-1] [0m[INFO] [1785793410.810523754] [m1_joint_goal.moveit.ros.move_group_interface]: MoveGroup action client/server ready[0m
[m1_joint_goal-1] [0m[INFO] [1785793410.810953185] [m1_joint_goal.moveit.ros.move_group_interface]: Planning request accepted[0m
[m1_joint_goal-1] [0m[INFO] [1785793410.838600443] [m1_joint_goal.moveit.ros.move_group_interface]: Planning request complete![0m
[m1_joint_goal-1] [0m[INFO] [1785793410.838831673] [m1_joint_goal.moveit.ros.move_group_interface]: time taken to generate plan: 0.0224275 seconds[0m
[m1_joint_goal-1] [0m[INFO] [1785793410.838908139] [m1_joint_goal]: trial  7/20: PLAN OK      28.5 ms  30 points[0m
[m1_joint_goal-1] [0m[INFO] [1785793410.839204922] [m1_joint_goal.moveit.ros.move_group_interface]: MoveGroup action client/server ready[0m
[m1_joint_goal-1] [0m[INFO] [1785793410.841316920] [m1_joint_goal.moveit.ros.move_group_interface]: Planning request accepted[0m
[m1_joint_goal-1] [0m[INFO] [1785793410.860227106] [m1_joint_goal.moveit.ros.move_group_interface]: Planning request complete![0m
[m1_joint_goal-1] [0m[INFO] [1785793410.861220675] [m1_joint_goal.moveit.ros.move_group_interface]: time taken to generate plan: 0.0137817 seconds[0m
[m1_joint_goal-1] [0m[INFO] [1785793410.861315256] [m1_joint_goal]: trial  8/20: PLAN OK      22.3 ms  30 points[0m
[m1_joint_goal-1] [0m[INFO] [1785793410.861481739] [m1_joint_goal.moveit.ros.move_group_interface]: MoveGroup action client/server ready[0m
[m1_joint_goal-1] [0m[INFO] [1785793410.862389886] [m1_joint_goal.moveit.ros.move_group_interface]: Planning request accepted[0m
[m1_joint_goal-1] [0m[INFO] [1785793410.889297065] [m1_joint_goal.moveit.ros.move_group_interface]: Planning request complete![0m
[m1_joint_goal-1] [0m[INFO] [1785793410.889986747] [m1_joint_goal.moveit.ros.move_group_interface]: time taken to generate plan: 0.0217325 seconds[0m
[m1_joint_goal-1] [0m[INFO] [1785793410.890071359] [m1_joint_goal]: trial  9/20: PLAN OK      28.7 ms  30 points[0m
[m1_joint_goal-1] [0m[INFO] [1785793410.890237140] [m1_joint_goal.moveit.ros.move_group_interface]: MoveGroup action client/server ready[0m
[m1_joint_goal-1] [0m[INFO] [1785793410.891272555] [m1_joint_goal.moveit.ros.move_group_interface]: Planning request accepted[0m
[m1_joint_goal-1] [0m[INFO] [1785793410.906417322] [m1_joint_goal.moveit.ros.move_group_interface]: Planning request complete![0m
[m1_joint_goal-1] [0m[INFO] [1785793410.906656619] [m1_joint_goal.moveit.ros.move_group_interface]: time taken to generate plan: 0.0112702 seconds[0m
[m1_joint_goal-1] [0m[INFO] [1785793410.906815661] [m1_joint_goal]: trial 10/20: PLAN OK      16.7 ms  30 points[0m
[m1_joint_goal-1] [0m[INFO] [1785793410.907024157] [m1_joint_goal.moveit.ros.move_group_interface]: MoveGroup action client/server ready[0m
[m1_joint_goal-1] [0m[INFO] [1785793410.907751312] [m1_joint_goal.moveit.ros.move_group_interface]: Planning request accepted[0m
[m1_joint_goal-1] [0m[INFO] [1785793410.932745611] [m1_joint_goal.moveit.ros.move_group_interface]: Planning request complete![0m
[m1_joint_goal-1] [0m[INFO] [1785793410.933184000] [m1_joint_goal.moveit.ros.move_group_interface]: time taken to generate plan: 0.0214409 seconds[0m
[m1_joint_goal-1] [0m[INFO] [1785793410.933333286] [m1_joint_goal]: trial 11/20: PLAN OK      26.3 ms  30 points[0m
[m1_joint_goal-1] [0m[INFO] [1785793410.933971036] [m1_joint_goal.moveit.ros.move_group_interface]: MoveGroup action client/server ready[0m
[m1_joint_goal-1] [0m[INFO] [1785793410.934673346] [m1_joint_goal.moveit.ros.move_group_interface]: Planning request accepted[0m
[m1_joint_goal-1] [0m[INFO] [1785793410.960351123] [m1_joint_goal.moveit.ros.move_group_interface]: Planning request complete![0m
[m1_joint_goal-1] [0m[INFO] [1785793410.961226934] [m1_joint_goal.moveit.ros.move_group_interface]: time taken to generate plan: 0.0206013 seconds[0m
[m1_joint_goal-1] [0m[INFO] [1785793410.961339331] [m1_joint_goal]: trial 12/20: PLAN OK      27.9 ms  30 points[0m
[m1_joint_goal-1] [0m[INFO] [1785793410.961542754] [m1_joint_goal.moveit.ros.move_group_interface]: MoveGroup action client/server ready[0m
[m1_joint_goal-1] [0m[INFO] [1785793410.962794736] [m1_joint_goal.moveit.ros.move_group_interface]: Planning request accepted[0m
[m1_joint_goal-1] [0m[INFO] [1785793410.987310020] [m1_joint_goal.moveit.ros.move_group_interface]: Planning request complete![0m
[m1_joint_goal-1] [0m[INFO] [1785793410.987526398] [m1_joint_goal.moveit.ros.move_group_interface]: time taken to generate plan: 0.0193838 seconds[0m
[m1_joint_goal-1] [0m[INFO] [1785793410.987587804] [m1_joint_goal]: trial 13/20: PLAN OK      26.2 ms  30 points[0m
[m1_joint_goal-1] [0m[INFO] [1785793410.987752324] [m1_joint_goal.moveit.ros.move_group_interface]: MoveGroup action client/server ready[0m
[m1_joint_goal-1] [0m[INFO] [1785793410.988187711] [m1_joint_goal.moveit.ros.move_group_interface]: Planning request accepted[0m
[m1_joint_goal-1] [0m[INFO] [1785793411.001655585] [m1_joint_goal.moveit.ros.move_group_interface]: Planning request complete![0m
[m1_joint_goal-1] [0m[INFO] [1785793411.001962587] [m1_joint_goal.moveit.ros.move_group_interface]: time taken to generate plan: 0.0102163 seconds[0m
[m1_joint_goal-1] [0m[INFO] [1785793411.002032178] [m1_joint_goal]: trial 14/20: PLAN OK      14.4 ms  30 points[0m
[m1_joint_goal-1] [0m[INFO] [1785793411.002180094] [m1_joint_goal.moveit.ros.move_group_interface]: MoveGroup action client/server ready[0m
[m1_joint_goal-1] [0m[INFO] [1785793411.002773472] [m1_joint_goal.moveit.ros.move_group_interface]: Planning request accepted[0m
[m1_joint_goal-1] [0m[INFO] [1785793411.016948784] [m1_joint_goal.moveit.ros.move_group_interface]: Planning request complete![0m
[m1_joint_goal-1] [0m[INFO] [1785793411.017444206] [m1_joint_goal.moveit.ros.move_group_interface]: time taken to generate plan: 0.00990127 seconds[0m
[m1_joint_goal-1] [0m[INFO] [1785793411.017556864] [m1_joint_goal]: trial 15/20: PLAN OK      15.5 ms  30 points[0m
[m1_joint_goal-1] [0m[INFO] [1785793411.017718477] [m1_joint_goal.moveit.ros.move_group_interface]: MoveGroup action client/server ready[0m
[m1_joint_goal-1] [0m[INFO] [1785793411.018284585] [m1_joint_goal.moveit.ros.move_group_interface]: Planning request accepted[0m
[m1_joint_goal-1] [0m[INFO] [1785793411.043140593] [m1_joint_goal.moveit.ros.move_group_interface]: Planning request complete![0m
[m1_joint_goal-1] [0m[INFO] [1785793411.044247168] [m1_joint_goal.moveit.ros.move_group_interface]: time taken to generate plan: 0.0212281 seconds[0m
[m1_joint_goal-1] [0m[INFO] [1785793411.044383702] [m1_joint_goal]: trial 16/20: PLAN OK      26.7 ms  30 points[0m
[m1_joint_goal-1] [0m[INFO] [1785793411.044660628] [m1_joint_goal.moveit.ros.move_group_interface]: MoveGroup action client/server ready[0m
[m1_joint_goal-1] [0m[INFO] [1785793411.045377023] [m1_joint_goal.moveit.ros.move_group_interface]: Planning request accepted[0m
[m1_joint_goal-1] [0m[INFO] [1785793411.070010482] [m1_joint_goal.moveit.ros.move_group_interface]: Planning request complete![0m
[m1_joint_goal-1] [0m[INFO] [1785793411.070882883] [m1_joint_goal.moveit.ros.move_group_interface]: time taken to generate plan: 0.0193062 seconds[0m
[m1_joint_goal-1] [0m[INFO] [1785793411.070949180] [m1_joint_goal]: trial 17/20: PLAN OK      26.4 ms  30 points[0m
[m1_joint_goal-1] [0m[INFO] [1785793411.071094644] [m1_joint_goal.moveit.ros.move_group_interface]: MoveGroup action client/server ready[0m
[m1_joint_goal-1] [0m[INFO] [1785793411.071952261] [m1_joint_goal.moveit.ros.move_group_interface]: Planning request accepted[0m
[m1_joint_goal-1] [0m[INFO] [1785793411.091631588] [m1_joint_goal.moveit.ros.move_group_interface]: Planning request complete![0m
[m1_joint_goal-1] [0m[INFO] [1785793411.091789073] [m1_joint_goal.moveit.ros.move_group_interface]: time taken to generate plan: 0.016047 seconds[0m
[m1_joint_goal-1] [0m[INFO] [1785793411.091866483] [m1_joint_goal]: trial 18/20: PLAN OK      20.9 ms  30 points[0m
[m1_joint_goal-1] [0m[INFO] [1785793411.091999806] [m1_joint_goal.moveit.ros.move_group_interface]: MoveGroup action client/server ready[0m
[m1_joint_goal-1] [0m[INFO] [1785793411.092881866] [m1_joint_goal.moveit.ros.move_group_interface]: Planning request accepted[0m
[m1_joint_goal-1] [0m[INFO] [1785793411.111603600] [m1_joint_goal.moveit.ros.move_group_interface]: Planning request complete![0m
[m1_joint_goal-1] [0m[INFO] [1785793411.111655524] [m1_joint_goal.moveit.ros.move_group_interface]: time taken to generate plan: 0.0135762 seconds[0m
[m1_joint_goal-1] [0m[INFO] [1785793411.111819538] [m1_joint_goal]: trial 19/20: PLAN OK      19.9 ms  30 points[0m
[m1_joint_goal-1] [0m[INFO] [1785793411.111954912] [m1_joint_goal.moveit.ros.move_group_interface]: MoveGroup action client/server ready[0m
[m1_joint_goal-1] [0m[INFO] [1785793411.112604787] [m1_joint_goal.moveit.ros.move_group_interface]: Planning request accepted[0m
[m1_joint_goal-1] [0m[INFO] [1785793411.137486591] [m1_joint_goal.moveit.ros.move_group_interface]: Planning request complete![0m
[m1_joint_goal-1] [0m[INFO] [1785793411.138012016] [m1_joint_goal.moveit.ros.move_group_interface]: time taken to generate plan: 0.0202135 seconds[0m
[m1_joint_goal-1] [0m[INFO] [1785793411.138114046] [m1_joint_goal]: trial 20/20: PLAN OK      26.2 ms  30 points[0m
[m1_joint_goal-1] [0m[INFO] [1785793411.138203591] [m1_joint_goal]: executing the last successful plan...[0m
[m1_joint_goal-1] [0m[INFO] [1785793411.140635284] [m1_joint_goal.moveit.ros.move_group_interface]: Execute request accepted[0m
[m1_joint_goal-1] [0m[INFO] [1785793413.999892610] [m1_joint_goal.moveit.ros.move_group_interface]: Execute request success![0m
[m1_joint_goal-1] [0m[INFO] [1785793414.000159724] [m1_joint_goal]: execution reported SUCCESS[0m
[m1_joint_goal-1] [0m[INFO] [1785793414.018320873] [m1_joint_goal]: wrote 20 trials to m1_planning.csv[0m
[m1_joint_goal-1] [0m[INFO] [1785793414.018582629] [m1_joint_goal]: RUN SUMMARY: milestone=M1 result=SUCCESS trials=20 planned=20 rate=100.0% mean_plan_ms=23.7 executed=yes[0m
[INFO] [m1_joint_goal-1]: process has finished cleanly [pid 31290]
