[INFO] [launch]: All log files can be found below /home/user/.ros/log/2026-08-03-23-37-44-819928-Sachin-30383
[INFO] [launch]: Default logging verbosity is set to INFO
[INFO] [m1_joint_goal-1]: process started with pid [30389]
[m1_joint_goal-1] [0m[INFO] [1785793065.132137582] [m1_joint_goal]: GRASP MODE: friction (physics) (M1 performs no grasp; line emitted for log uniformity)[0m
[m1_joint_goal-1] [33m[WARN] [1785793065.133484913] [rcl.logging_rosout]: Publisher already registered for node name: 'm1_joint_goal'. If this is due to multiple nodes with the same name then all logs for the logger named 'm1_joint_goal' will go out over the existing publisher. As soon as any node with that name is destructed it will unregister the publisher, preventing any further logs for that name from being published on the rosout topic.[0m
[m1_joint_goal-1] [0m[INFO] [1785793065.141315552] [m1_joint_goal.moveit.ros.rdf_loader]: Loaded robot model in 0 seconds[0m
[m1_joint_goal-1] [0m[INFO] [1785793065.141400135] [m1_joint_goal.moveit.core.robot_model]: Loading robot model 'ur5e_robotiq'...[0m
[m1_joint_goal-1] [0m[INFO] [1785793065.141433427] [m1_joint_goal.moveit.core.robot_model]: No root/virtual joint specified in SRDF. Assuming fixed joint[0m
[m1_joint_goal-1] [0m[INFO] [1785793065.157383217] [m1_joint_goal.moveit.kinematics.kdl_kinematics_plugin]: Joint weights for group 'arm': 1 1 1 1 1 1[0m
[m1_joint_goal-1] [0m[INFO] [1785793066.191717740] [m1_joint_goal.moveit.ros.move_group_interface]: Ready to take commands for planning group arm.[0m
[m1_joint_goal-1] [0m[INFO] [1785793066.191767692] [m1_joint_goal]: planning frame: world | end effector link: tool0[0m
[m1_joint_goal-1] [0m[INFO] [1785793066.191792499] [m1_joint_goal]: fixed joint goal: shoulder_pan_joint=0.500000, shoulder_lift_joint=-1.200000, elbow_joint=1.000000, wrist_1_joint=-1.400000, wrist_2_joint=-1.570800, wrist_3_joint=0.000000[0m
[m1_joint_goal-1] [0m[INFO] [1785793066.191889451] [m1_joint_goal.moveit.ros.move_group_interface]: MoveGroup action client/server ready[0m
[m1_joint_goal-1] [0m[INFO] [1785793066.192787720] [m1_joint_goal.moveit.ros.move_group_interface]: Planning request accepted[0m
[m1_joint_goal-1] [0m[INFO] [1785793067.225070066] [m1_joint_goal.moveit.ros.move_group_interface]: Planning request complete![0m
[m1_joint_goal-1] [0m[INFO] [1785793067.225303211] [m1_joint_goal.moveit.ros.move_group_interface]: time taken to generate plan: 0.0217157 seconds[0m
[m1_joint_goal-1] [0m[INFO] [1785793067.225418485] [m1_joint_goal]: trial  1/20: PLAN OK    1033.5 ms  30 points[0m
[m1_joint_goal-1] [0m[INFO] [1785793067.225620771] [m1_joint_goal.moveit.ros.move_group_interface]: MoveGroup action client/server ready[0m
[m1_joint_goal-1] [0m[INFO] [1785793067.226832612] [m1_joint_goal.moveit.ros.move_group_interface]: Planning request accepted[0m
[m1_joint_goal-1] [0m[INFO] [1785793068.249119192] [m1_joint_goal.moveit.ros.move_group_interface]: Planning request complete![0m
[m1_joint_goal-1] [0m[INFO] [1785793068.249259587] [m1_joint_goal.moveit.ros.move_group_interface]: time taken to generate plan: 0.0186546 seconds[0m
[m1_joint_goal-1] [0m[INFO] [1785793068.249331075] [m1_joint_goal]: trial  2/20: PLAN OK    1023.8 ms  30 points[0m
[m1_joint_goal-1] [0m[INFO] [1785793068.249482873] [m1_joint_goal.moveit.ros.move_group_interface]: MoveGroup action client/server ready[0m
[m1_joint_goal-1] [0m[INFO] [1785793068.249871310] [m1_joint_goal.moveit.ros.move_group_interface]: Planning request accepted[0m
[m1_joint_goal-1] [0m[INFO] [1785793069.271724072] [m1_joint_goal.moveit.ros.move_group_interface]: Planning request complete![0m
[m1_joint_goal-1] [0m[INFO] [1785793069.272032013] [m1_joint_goal.moveit.ros.move_group_interface]: time taken to generate plan: 0.017904 seconds[0m
[m1_joint_goal-1] [0m[INFO] [1785793069.272148989] [m1_joint_goal]: trial  3/20: PLAN OK    1022.7 ms  30 points[0m
[m1_joint_goal-1] [0m[INFO] [1785793069.272400220] [m1_joint_goal.moveit.ros.move_group_interface]: MoveGroup action client/server ready[0m
[m1_joint_goal-1] [0m[INFO] [1785793069.272843464] [m1_joint_goal.moveit.ros.move_group_interface]: Planning request accepted[0m
[m1_joint_goal-1] [0m[INFO] [1785793070.287265956] [m1_joint_goal.moveit.ros.move_group_interface]: Planning request complete![0m
[m1_joint_goal-1] [0m[INFO] [1785793070.288193086] [m1_joint_goal.moveit.ros.move_group_interface]: time taken to generate plan: 0.010367 seconds[0m
[m1_joint_goal-1] [0m[INFO] [1785793070.288390119] [m1_joint_goal]: trial  4/20: PLAN OK    1016.1 ms  30 points[0m
[m1_joint_goal-1] [0m[INFO] [1785793070.288639988] [m1_joint_goal.moveit.ros.move_group_interface]: MoveGroup action client/server ready[0m
[m1_joint_goal-1] [0m[INFO] [1785793070.289313602] [m1_joint_goal.moveit.ros.move_group_interface]: Planning request accepted[0m
[m1_joint_goal-1] [0m[INFO] [1785793071.309294480] [m1_joint_goal.moveit.ros.move_group_interface]: Planning request complete![0m
[m1_joint_goal-1] [0m[INFO] [1785793071.309657802] [m1_joint_goal.moveit.ros.move_group_interface]: time taken to generate plan: 0.0146696 seconds[0m
[m1_joint_goal-1] [0m[INFO] [1785793071.309822151] [m1_joint_goal]: trial  5/20: PLAN OK    1021.3 ms  30 points[0m
[m1_joint_goal-1] [0m[INFO] [1785793071.310107497] [m1_joint_goal.moveit.ros.move_group_interface]: MoveGroup action client/server ready[0m
[m1_joint_goal-1] [0m[INFO] [1785793071.310858638] [m1_joint_goal.moveit.ros.move_group_interface]: Planning request accepted[0m
[m1_joint_goal-1] [0m[INFO] [1785793072.324462789] [m1_joint_goal.moveit.ros.move_group_interface]: Planning request complete![0m
[m1_joint_goal-1] [0m[INFO] [1785793072.325340313] [m1_joint_goal.moveit.ros.move_group_interface]: time taken to generate plan: 0.0103163 seconds[0m
[m1_joint_goal-1] [0m[INFO] [1785793072.325417309] [m1_joint_goal]: trial  6/20: PLAN OK    1015.5 ms  30 points[0m
[m1_joint_goal-1] [0m[INFO] [1785793072.325561117] [m1_joint_goal.moveit.ros.move_group_interface]: MoveGroup action client/server ready[0m
[m1_joint_goal-1] [0m[INFO] [1785793072.326283495] [m1_joint_goal.moveit.ros.move_group_interface]: Planning request accepted[0m
[m1_joint_goal-1] [0m[INFO] [1785793073.340306919] [m1_joint_goal.moveit.ros.move_group_interface]: Planning request complete![0m
[m1_joint_goal-1] [0m[INFO] [1785793073.341174130] [m1_joint_goal.moveit.ros.move_group_interface]: time taken to generate plan: 0.0102193 seconds[0m
[m1_joint_goal-1] [0m[INFO] [1785793073.341256028] [m1_joint_goal]: trial  7/20: PLAN OK    1015.8 ms  30 points[0m
[m1_joint_goal-1] [0m[INFO] [1785793073.341394931] [m1_joint_goal.moveit.ros.move_group_interface]: MoveGroup action client/server ready[0m
[m1_joint_goal-1] [0m[INFO] [1785793073.341917394] [m1_joint_goal.moveit.ros.move_group_interface]: Planning request accepted[0m
[m1_joint_goal-1] [0m[INFO] [1785793074.363920771] [m1_joint_goal.moveit.ros.move_group_interface]: Planning request complete![0m
[m1_joint_goal-1] [0m[INFO] [1785793074.364593355] [m1_joint_goal.moveit.ros.move_group_interface]: time taken to generate plan: 0.0186587 seconds[0m
[m1_joint_goal-1] [0m[INFO] [1785793074.364658916] [m1_joint_goal]: trial  8/20: PLAN OK    1023.4 ms  30 points[0m
[m1_joint_goal-1] [0m[INFO] [1785793074.364803591] [m1_joint_goal.moveit.ros.move_group_interface]: MoveGroup action client/server ready[0m
[m1_joint_goal-1] [0m[INFO] [1785793074.365322515] [m1_joint_goal.moveit.ros.move_group_interface]: Planning request accepted[0m
[m1_joint_goal-1] [0m[INFO] [1785793075.388469283] [m1_joint_goal.moveit.ros.move_group_interface]: Planning request complete![0m
[m1_joint_goal-1] [0m[INFO] [1785793075.388692059] [m1_joint_goal.moveit.ros.move_group_interface]: time taken to generate plan: 0.0198454 seconds[0m
[m1_joint_goal-1] [0m[INFO] [1785793075.388751955] [m1_joint_goal]: trial  9/20: PLAN OK    1024.0 ms  30 points[0m
[m1_joint_goal-1] [0m[INFO] [1785793075.388911065] [m1_joint_goal.moveit.ros.move_group_interface]: MoveGroup action client/server ready[0m
[m1_joint_goal-1] [0m[INFO] [1785793075.389489503] [m1_joint_goal.moveit.ros.move_group_interface]: Planning request accepted[0m
[m1_joint_goal-1] [0m[INFO] [1785793076.411406838] [m1_joint_goal.moveit.ros.move_group_interface]: Planning request complete![0m
[m1_joint_goal-1] [0m[INFO] [1785793076.412037893] [m1_joint_goal.moveit.ros.move_group_interface]: time taken to generate plan: 0.0188243 seconds[0m
[m1_joint_goal-1] [0m[INFO] [1785793076.412213000] [m1_joint_goal]: trial 10/20: PLAN OK    1023.4 ms  30 points[0m
[m1_joint_goal-1] [0m[INFO] [1785793076.412425956] [m1_joint_goal.moveit.ros.move_group_interface]: MoveGroup action client/server ready[0m
[m1_joint_goal-1] [0m[INFO] [1785793076.412870242] [m1_joint_goal.moveit.ros.move_group_interface]: Planning request accepted[0m
[m1_joint_goal-1] [0m[INFO] [1785793077.423950292] [m1_joint_goal.moveit.ros.move_group_interface]: Planning request complete![0m
[m1_joint_goal-1] [0m[INFO] [1785793077.424526792] [m1_joint_goal.moveit.ros.move_group_interface]: time taken to generate plan: 0.00757003 seconds[0m
[m1_joint_goal-1] [0m[INFO] [1785793077.424608709] [m1_joint_goal]: trial 11/20: PLAN OK    1012.3 ms  30 points[0m
[m1_joint_goal-1] [0m[INFO] [1785793077.424788802] [m1_joint_goal.moveit.ros.move_group_interface]: MoveGroup action client/server ready[0m
[m1_joint_goal-1] [0m[INFO] [1785793077.425331442] [m1_joint_goal.moveit.ros.move_group_interface]: Planning request accepted[0m
[m1_joint_goal-1] [0m[INFO] [1785793078.435502798] [m1_joint_goal.moveit.ros.move_group_interface]: Planning request complete![0m
[m1_joint_goal-1] [0m[INFO] [1785793078.436133860] [m1_joint_goal.moveit.ros.move_group_interface]: time taken to generate plan: 0.00696262 seconds[0m
[m1_joint_goal-1] [0m[INFO] [1785793078.436205223] [m1_joint_goal]: trial 12/20: PLAN OK    1011.5 ms  30 points[0m
[m1_joint_goal-1] [0m[INFO] [1785793078.436358632] [m1_joint_goal.moveit.ros.move_group_interface]: MoveGroup action client/server ready[0m
[m1_joint_goal-1] [0m[INFO] [1785793078.436924587] [m1_joint_goal.moveit.ros.move_group_interface]: Planning request accepted[0m
[m1_joint_goal-1] [0m[INFO] [1785793079.451472101] [m1_joint_goal.moveit.ros.move_group_interface]: Planning request complete![0m
[m1_joint_goal-1] [0m[INFO] [1785793079.451570952] [m1_joint_goal.moveit.ros.move_group_interface]: time taken to generate plan: 0.011241 seconds[0m
[m1_joint_goal-1] [0m[INFO] [1785793079.451707171] [m1_joint_goal]: trial 13/20: PLAN OK    1015.4 ms  30 points[0m
[m1_joint_goal-1] [0m[INFO] [1785793079.451943942] [m1_joint_goal.moveit.ros.move_group_interface]: MoveGroup action client/server ready[0m
[m1_joint_goal-1] [0m[INFO] [1785793079.452318382] [m1_joint_goal.moveit.ros.move_group_interface]: Planning request accepted[0m
[m1_joint_goal-1] [0m[INFO] [1785793080.476203787] [m1_joint_goal.moveit.ros.move_group_interface]: Planning request complete![0m
[m1_joint_goal-1] [0m[INFO] [1785793080.476873826] [m1_joint_goal.moveit.ros.move_group_interface]: time taken to generate plan: 0.0197785 seconds[0m
[m1_joint_goal-1] [0m[INFO] [1785793080.476951044] [m1_joint_goal]: trial 14/20: PLAN OK    1025.1 ms  30 points[0m
[m1_joint_goal-1] [0m[INFO] [1785793080.477115007] [m1_joint_goal.moveit.ros.move_group_interface]: MoveGroup action client/server ready[0m
[m1_joint_goal-1] [0m[INFO] [1785793080.477781071] [m1_joint_goal.moveit.ros.move_group_interface]: Planning request accepted[0m
[m1_joint_goal-1] [0m[INFO] [1785793081.500560949] [m1_joint_goal.moveit.ros.move_group_interface]: Planning request complete![0m
[m1_joint_goal-1] [0m[INFO] [1785793081.501261664] [m1_joint_goal.moveit.ros.move_group_interface]: time taken to generate plan: 0.019838 seconds[0m
[m1_joint_goal-1] [0m[INFO] [1785793081.501326872] [m1_joint_goal]: trial 15/20: PLAN OK    1024.3 ms  30 points[0m
[m1_joint_goal-1] [0m[INFO] [1785793081.501469877] [m1_joint_goal.moveit.ros.move_group_interface]: MoveGroup action client/server ready[0m
[m1_joint_goal-1] [0m[INFO] [1785793081.501883361] [m1_joint_goal.moveit.ros.move_group_interface]: Planning request accepted[0m
[m1_joint_goal-1] [0m[INFO] [1785793082.515742163] [m1_joint_goal.moveit.ros.move_group_interface]: Planning request complete![0m
[m1_joint_goal-1] [0m[INFO] [1785793082.516833310] [m1_joint_goal.moveit.ros.move_group_interface]: time taken to generate plan: 0.00998461 seconds[0m
[m1_joint_goal-1] [0m[INFO] [1785793082.516909488] [m1_joint_goal]: trial 16/20: PLAN OK    1015.5 ms  30 points[0m
[m1_joint_goal-1] [0m[INFO] [1785793082.517061324] [m1_joint_goal.moveit.ros.move_group_interface]: MoveGroup action client/server ready[0m
[m1_joint_goal-1] [0m[INFO] [1785793082.517589881] [m1_joint_goal.moveit.ros.move_group_interface]: Planning request accepted[0m
[m1_joint_goal-1] [0m[INFO] [1785793083.531108625] [m1_joint_goal.moveit.ros.move_group_interface]: Planning request complete![0m
[m1_joint_goal-1] [0m[INFO] [1785793083.531596879] [m1_joint_goal.moveit.ros.move_group_interface]: time taken to generate plan: 0.00996488 seconds[0m
[m1_joint_goal-1] [0m[INFO] [1785793083.531669244] [m1_joint_goal]: trial 17/20: PLAN OK    1014.7 ms  30 points[0m
[m1_joint_goal-1] [0m[INFO] [1785793083.531822152] [m1_joint_goal.moveit.ros.move_group_interface]: MoveGroup action client/server ready[0m
[m1_joint_goal-1] [0m[INFO] [1785793083.532404108] [m1_joint_goal.moveit.ros.move_group_interface]: Planning request accepted[0m
[m1_joint_goal-1] [0m[INFO] [1785793084.561960186] [m1_joint_goal.moveit.ros.move_group_interface]: Planning request complete![0m
[m1_joint_goal-1] [0m[INFO] [1785793084.562531140] [m1_joint_goal.moveit.ros.move_group_interface]: time taken to generate plan: 0.0231478 seconds[0m
[m1_joint_goal-1] [0m[INFO] [1785793084.562653076] [m1_joint_goal]: trial 18/20: PLAN OK    1030.9 ms  30 points[0m
[m1_joint_goal-1] [0m[INFO] [1785793084.562870039] [m1_joint_goal.moveit.ros.move_group_interface]: MoveGroup action client/server ready[0m
[m1_joint_goal-1] [0m[INFO] [1785793084.563580052] [m1_joint_goal.moveit.ros.move_group_interface]: Planning request accepted[0m
[m1_joint_goal-1] [0m[INFO] [1785793085.585865435] [m1_joint_goal.moveit.ros.move_group_interface]: Planning request complete![0m
[m1_joint_goal-1] [0m[INFO] [1785793085.585904443] [m1_joint_goal.moveit.ros.move_group_interface]: time taken to generate plan: 0.0191501 seconds[0m
[m1_joint_goal-1] [0m[INFO] [1785793085.585989084] [m1_joint_goal]: trial 19/20: PLAN OK    1023.2 ms  30 points[0m
[m1_joint_goal-1] [0m[INFO] [1785793085.586161734] [m1_joint_goal.moveit.ros.move_group_interface]: MoveGroup action client/server ready[0m
[m1_joint_goal-1] [0m[INFO] [1785793085.586686137] [m1_joint_goal.moveit.ros.move_group_interface]: Planning request accepted[0m
[m1_joint_goal-1] [0m[INFO] [1785793086.609789241] [m1_joint_goal.moveit.ros.move_group_interface]: Planning request complete![0m
[m1_joint_goal-1] [0m[INFO] [1785793086.609914802] [m1_joint_goal.moveit.ros.move_group_interface]: time taken to generate plan: 0.0195005 seconds[0m
[m1_joint_goal-1] [0m[INFO] [1785793086.609981271] [m1_joint_goal]: trial 20/20: PLAN OK    1023.9 ms  30 points[0m
[m1_joint_goal-1] [0m[INFO] [1785793086.610013787] [m1_joint_goal]: executing the last successful plan...[0m
[m1_joint_goal-1] [0m[INFO] [1785793086.610798633] [m1_joint_goal.moveit.ros.move_group_interface]: Execute request accepted[0m
[m1_joint_goal-1] [0m[INFO] [1785793087.611782998] [m1_joint_goal.moveit.ros.move_group_interface]: Execute request aborted[0m
[m1_joint_goal-1] [31m[ERROR] [1785793087.611860556] [m1_joint_goal.moveit.ros.move_group_interface]: MoveGroupInterface::execute() failed or timeout reached[0m
[m1_joint_goal-1] [31m[ERROR] [1785793087.611920896] [m1_joint_goal]: EXECUTE_FAILURE: MoveIt returned error code -4. A plan existed, so this is the controller path, not the planner. Check that arm_controller is active and that moveit_controllers.yaml names it exactly as the bringup spawns it.[0m
[m1_joint_goal-1] [0m[INFO] [1785793087.627739053] [m1_joint_goal]: wrote 20 trials to m1_planning.csv[0m
[m1_joint_goal-1] [0m[INFO] [1785793087.627959709] [m1_joint_goal]: RUN SUMMARY: milestone=M1 result=EXECUTE_FAILURE trials=20 planned=20 rate=100.0% mean_plan_ms=1020.8 executed=no[0m
[ERROR] [m1_joint_goal-1]: process has died [pid 30389, exit code 1, cmd '/home/user/ur5e_ws/install/ur5e_pick_place/lib/ur5e_pick_place/m1_joint_goal --ros-args -r __node:=m1_joint_goal --params-file /tmp/launch_params_ci3820te --params-file /tmp/launch_params_9k1i3kof --params-file /tmp/launch_params_v2kjn7wf --params-file /tmp/launch_params_kagn8ril --params-file /tmp/launch_params_2goiedvs --params-file /tmp/launch_params_mnawroai'].
