[INFO] [launch]: All log files can be found below /home/sachin/.ros/log/2026-08-12-11-40-07-161479-Sachin-2322
[INFO] [launch]: Default logging verbosity is set to INFO
[INFO] [move_group-1]: process started with pid [2333]
[move_group-1] [INFO] [1786527607.513862860] [move_group.moveit.moveit.ros.rdf_loader]: Loaded robot model in 0 seconds
[move_group-1] [INFO] [1786527607.513985688] [move_group.moveit.moveit.core.robot_model]: Loading robot model 'ur5e_robotiq'...
[move_group-1] [INFO] [1786527607.513998001] [move_group.moveit.moveit.core.robot_model]: No root/virtual joint specified in SRDF. Assuming fixed joint
[move_group-1] [INFO] [1786527607.523351639] [move_group.moveit.moveit.kinematics.kdl_kinematics_plugin]: Joint weights for group 'arm': 1 1 1 1 1 1
[move_group-1] [INFO] [1786527607.566615784] [move_group.moveit.moveit.ros.planning_scene_monitor]: Publishing maintained planning scene on 'monitored_planning_scene'
[move_group-1] [INFO] [1786527607.566788751] [move_group.moveit.moveit.ros.moveit_cpp]: Listening to 'joint_states' for joint states
[move_group-1] [INFO] [1786527607.567568279] [move_group.moveit.moveit.ros.current_state_monitor]: Listening to joint states on topic 'joint_states'
[move_group-1] [INFO] [1786527607.568075312] [move_group.moveit.moveit.ros.planning_scene_monitor]: Listening to '/attached_collision_object' for attached collision objects
[move_group-1] [INFO] [1786527607.568103978] [move_group.moveit.moveit.ros.planning_scene_monitor]: Stopping existing planning scene publisher.
[move_group-1] [INFO] [1786527607.568284984] [move_group.moveit.moveit.ros.planning_scene_monitor]: Stopped publishing maintained planning scene.
[move_group-1] [INFO] [1786527607.568659111] [move_group.moveit.moveit.ros.planning_scene_monitor]: Publishing maintained planning scene on 'monitored_planning_scene'
[move_group-1] [INFO] [1786527607.568754241] [move_group.moveit.moveit.ros.planning_scene_monitor]: Starting planning scene monitor
[move_group-1] [INFO] [1786527607.569458281] [move_group.moveit.moveit.ros.planning_scene_monitor]: Listening to '/planning_scene'
[move_group-1] [INFO] [1786527607.569486434] [move_group.moveit.moveit.ros.planning_scene_monitor]: Starting world geometry update monitor for collision objects, attached objects, octomap updates.
[move_group-1] [INFO] [1786527607.569876825] [move_group.moveit.moveit.ros.planning_scene_monitor]: Listening to 'collision_object'
[move_group-1] [INFO] [1786527607.570238188] [move_group.moveit.moveit.ros.planning_scene_monitor]: Listening to 'planning_scene_world' for planning scene world geometry
[move_group-1] [WARN] [1786527607.570363793] [move_group.moveit.moveit.ros.occupancy_map_monitor]: Resolution not specified for Octomap. Assuming resolution = 0.1 instead
[move_group-1] [ERROR] [1786527607.570374002] [move_group.moveit.moveit.ros.occupancy_map_monitor]: No 3D sensor plugin(s) defined for octomap updates
[move_group-1] [INFO] [1786527607.577054576] [move_group.moveit.moveit.planners.pilz.joint_limits_aggregator]: Reading limits from namespace robot_description_planning
[move_group-1] [INFO] [1786527607.580397620] [move_group.moveit.moveit.planners.pilz.command_planner]: Available plugins: pilz_industrial_motion_planner/PlanningContextLoaderCIRC pilz_industrial_motion_planner/PlanningContextLoaderLIN pilz_industrial_motion_planner/PlanningContextLoaderPTP 
[move_group-1] [INFO] [1786527607.580444170] [move_group.moveit.moveit.planners.pilz.command_planner]: About to load: pilz_industrial_motion_planner/PlanningContextLoaderCIRC
[move_group-1] [INFO] [1786527607.581369926] [move_group.moveit.moveit.planners.pilz.command_planner]: Registered Algorithm [CIRC]
[move_group-1] [INFO] [1786527607.581415390] [move_group.moveit.moveit.planners.pilz.command_planner]: About to load: pilz_industrial_motion_planner/PlanningContextLoaderLIN
[move_group-1] [INFO] [1786527607.582056342] [move_group.moveit.moveit.planners.pilz.command_planner]: Registered Algorithm [LIN]
[move_group-1] [INFO] [1786527607.582095971] [move_group.moveit.moveit.planners.pilz.command_planner]: About to load: pilz_industrial_motion_planner/PlanningContextLoaderPTP
[move_group-1] [INFO] [1786527607.582757535] [move_group.moveit.moveit.planners.pilz.command_planner]: Registered Algorithm [PTP]
[move_group-1] [INFO] [1786527607.582798066] [move_group.moveit.moveit.ros.planning_pipeline]: Successfully loaded planner 'Pilz Industrial Motion Planner'
[move_group-1] [INFO] [1786527607.583413335] [move_group]: Try loading adapter 'default_planning_request_adapters/ResolveConstraintFrames'
[move_group-1] [INFO] [1786527607.584225461] [move_group]: Loaded adapter 'default_planning_request_adapters/ResolveConstraintFrames'
[move_group-1] [INFO] [1786527607.584267885] [move_group]: Try loading adapter 'default_planning_request_adapters/ValidateWorkspaceBounds'
[move_group-1] [INFO] [1786527607.584465180] [move_group]: Loaded adapter 'default_planning_request_adapters/ValidateWorkspaceBounds'
[move_group-1] [INFO] [1786527607.584476932] [move_group]: Try loading adapter 'default_planning_request_adapters/CheckStartStateBounds'
[move_group-1] [INFO] [1786527607.584495616] [move_group]: Loaded adapter 'default_planning_request_adapters/CheckStartStateBounds'
[move_group-1] [INFO] [1786527607.584498620] [move_group]: Try loading adapter 'default_planning_request_adapters/CheckStartStateCollision'
[move_group-1] [INFO] [1786527607.584511653] [move_group]: Loaded adapter 'default_planning_request_adapters/CheckStartStateCollision'
[move_group-1] [INFO] [1786527607.585129906] [move_group]: Try loading adapter 'default_planning_response_adapters/ValidateSolution'
[move_group-1] [INFO] [1786527607.589111868] [move_group]: Loaded adapter 'default_planning_response_adapters/ValidateSolution'
[move_group-1] [INFO] [1786527607.589154895] [move_group]: Try loading adapter 'default_planning_response_adapters/DisplayMotionPath'
[move_group-1] [INFO] [1786527607.589740644] [move_group]: Loaded adapter 'default_planning_response_adapters/DisplayMotionPath'
[move_group-1] [INFO] [1786527607.592475348] [move_group.moveit.moveit.ros.planning_pipeline]: Successfully loaded planner 'STOMP'
[move_group-1] [INFO] [1786527607.593116157] [move_group]: Try loading adapter 'default_planning_request_adapters/ResolveConstraintFrames'
[move_group-1] [INFO] [1786527607.593198685] [move_group]: Loaded adapter 'default_planning_request_adapters/ResolveConstraintFrames'
[move_group-1] [INFO] [1786527607.593203686] [move_group]: Try loading adapter 'default_planning_request_adapters/ValidateWorkspaceBounds'
[move_group-1] [INFO] [1786527607.593321443] [move_group]: Loaded adapter 'default_planning_request_adapters/ValidateWorkspaceBounds'
[move_group-1] [INFO] [1786527607.593328789] [move_group]: Try loading adapter 'default_planning_request_adapters/CheckStartStateBounds'
[move_group-1] [INFO] [1786527607.593344280] [move_group]: Loaded adapter 'default_planning_request_adapters/CheckStartStateBounds'
[move_group-1] [INFO] [1786527607.593346864] [move_group]: Try loading adapter 'default_planning_request_adapters/CheckStartStateCollision'
[move_group-1] [INFO] [1786527607.593355569] [move_group]: Loaded adapter 'default_planning_request_adapters/CheckStartStateCollision'
[move_group-1] [INFO] [1786527607.593903939] [move_group]: Try loading adapter 'default_planning_response_adapters/AddTimeOptimalParameterization'
[move_group-1] [INFO] [1786527607.594222356] [move_group]: Loaded adapter 'default_planning_response_adapters/AddTimeOptimalParameterization'
[move_group-1] [INFO] [1786527607.594265294] [move_group]: Try loading adapter 'default_planning_response_adapters/ValidateSolution'
[move_group-1] [INFO] [1786527607.594765660] [move_group]: Loaded adapter 'default_planning_response_adapters/ValidateSolution'
[move_group-1] [INFO] [1786527607.594796296] [move_group]: Try loading adapter 'default_planning_response_adapters/DisplayMotionPath'
[move_group-1] [INFO] [1786527607.595189206] [move_group]: Loaded adapter 'default_planning_response_adapters/DisplayMotionPath'
[move_group-1] [INFO] [1786527607.605575055] [move_group.moveit.moveit.ros.planning_pipeline]: Successfully loaded planner 'OMPL'
[move_group-1] [INFO] [1786527607.606403950] [move_group]: Try loading adapter 'default_planning_request_adapters/ResolveConstraintFrames'
[move_group-1] [INFO] [1786527607.606560947] [move_group]: Loaded adapter 'default_planning_request_adapters/ResolveConstraintFrames'
[move_group-1] [INFO] [1786527607.606576172] [move_group]: Try loading adapter 'default_planning_request_adapters/ValidateWorkspaceBounds'
[move_group-1] [INFO] [1786527607.607102290] [move_group]: Loaded adapter 'default_planning_request_adapters/ValidateWorkspaceBounds'
[move_group-1] [INFO] [1786527607.607135310] [move_group]: Try loading adapter 'default_planning_request_adapters/CheckStartStateBounds'
[move_group-1] [INFO] [1786527607.607157708] [move_group]: Loaded adapter 'default_planning_request_adapters/CheckStartStateBounds'
[move_group-1] [INFO] [1786527607.607160714] [move_group]: Try loading adapter 'default_planning_request_adapters/CheckStartStateCollision'
[move_group-1] [INFO] [1786527607.607169488] [move_group]: Loaded adapter 'default_planning_request_adapters/CheckStartStateCollision'
[move_group-1] [INFO] [1786527607.607701782] [move_group]: Try loading adapter 'default_planning_response_adapters/AddTimeOptimalParameterization'
[move_group-1] [INFO] [1786527607.608319627] [move_group]: Loaded adapter 'default_planning_response_adapters/AddTimeOptimalParameterization'
[move_group-1] [INFO] [1786527607.608346681] [move_group]: Try loading adapter 'default_planning_response_adapters/ValidateSolution'
[move_group-1] [INFO] [1786527607.608975699] [move_group]: Loaded adapter 'default_planning_response_adapters/ValidateSolution'
[move_group-1] [INFO] [1786527607.609009908] [move_group]: Try loading adapter 'default_planning_response_adapters/DisplayMotionPath'
[move_group-1] [INFO] [1786527607.610439310] [move_group]: Loaded adapter 'default_planning_response_adapters/DisplayMotionPath'
[move_group-1] [INFO] [1786527607.614466499] [move_group.moveit.moveit.ros.planning_pipeline]: Successfully loaded planner 'CHOMP'
[move_group-1] [INFO] [1786527607.615118400] [move_group]: Try loading adapter 'default_planning_request_adapters/ResolveConstraintFrames'
[move_group-1] [INFO] [1786527607.615185646] [move_group]: Loaded adapter 'default_planning_request_adapters/ResolveConstraintFrames'
[move_group-1] [INFO] [1786527607.615190120] [move_group]: Try loading adapter 'default_planning_request_adapters/ValidateWorkspaceBounds'
[move_group-1] [INFO] [1786527607.615902352] [move_group]: Loaded adapter 'default_planning_request_adapters/ValidateWorkspaceBounds'
[move_group-1] [INFO] [1786527607.615963209] [move_group]: Try loading adapter 'default_planning_request_adapters/CheckStartStateBounds'
[move_group-1] [INFO] [1786527607.616009162] [move_group]: Loaded adapter 'default_planning_request_adapters/CheckStartStateBounds'
[move_group-1] [INFO] [1786527607.616019375] [move_group]: Try loading adapter 'default_planning_request_adapters/CheckStartStateCollision'
[move_group-1] [INFO] [1786527607.616037979] [move_group]: Loaded adapter 'default_planning_request_adapters/CheckStartStateCollision'
[move_group-1] [INFO] [1786527607.616631264] [move_group]: Try loading adapter 'default_planning_response_adapters/AddTimeOptimalParameterization'
[move_group-1] [INFO] [1786527607.617167989] [move_group]: Loaded adapter 'default_planning_response_adapters/AddTimeOptimalParameterization'
[move_group-1] [INFO] [1786527607.617191197] [move_group]: Try loading adapter 'default_planning_response_adapters/ValidateSolution'
[move_group-1] [INFO] [1786527607.618037158] [move_group]: Loaded adapter 'default_planning_response_adapters/ValidateSolution'
[move_group-1] [INFO] [1786527607.618066332] [move_group]: Try loading adapter 'default_planning_response_adapters/DisplayMotionPath'
[move_group-1] [INFO] [1786527607.618646954] [move_group]: Loaded adapter 'default_planning_response_adapters/DisplayMotionPath'
[move_group-1] [INFO] [1786527607.675152250] [move_group.moveit.moveit.plugins.simple_controller_manager]: Added FollowJointTrajectory controller for arm_controller
[move_group-1] [INFO] [1786527607.675218798] [move_group.moveit.moveit.plugins.simple_controller_manager]: gripper_controller will command a max effort of: 0
[move_group-1] [INFO] [1786527607.679919596] [move_group.moveit.moveit.plugins.simple_controller_manager]: Added GripperCommand controller for gripper_controller
[move_group-1] [INFO] [1786527607.680144722] [move_group.moveit.moveit.plugins.simple_controller_manager]: Returned 2 controllers in list
[move_group-1] [INFO] [1786527607.680174933] [move_group.moveit.moveit.plugins.simple_controller_manager]: Returned 2 controllers in list
[move_group-1] [INFO] [1786527607.680963570] [move_group.moveit.moveit.ros.trajectory_execution_manager]: Trajectory execution is managing controllers
[move_group-1] [INFO] [1786527607.681000680] [move_group]: MoveGroup debug mode is ON
[move_group-1] [INFO] [1786527607.708912722] [move_group.moveit.moveit.planners.pilz.move_group_sequence_action]: initialize move group sequence action
[move_group-1] [INFO] [1786527607.713638750] [move_group.moveit.moveit.planners.pilz.joint_limits_aggregator]: Reading limits from namespace robot_description_planning
[move_group-1] [INFO] [1786527607.713843786] [move_group.moveit.moveit.planners.pilz.joint_limits_aggregator]: Reading limits from namespace robot_description_planning
[move_group-1] [INFO] [1786527607.714952984] [move_group.moveit.moveit.ros.move_group.executable]: 
[move_group-1] 
[move_group-1] ********************************************************
[move_group-1] * MoveGroup using: 
[move_group-1] *     - apply_planning_scene_service
[move_group-1] *     - clear_octomap_service
[move_group-1] *     - get_group_urdf
[move_group-1] *     - load_geometry_from_file
[move_group-1] *     - CartesianPathService
[move_group-1] *     - execute_trajectory_action
[move_group-1] *     - get_planning_scene_service
[move_group-1] *     - kinematics_service
[move_group-1] *     - move_action
[move_group-1] *     - motion_plan_service
[move_group-1] *     - query_planners_service
[move_group-1] *     - state_validation_service
[move_group-1] *     - save_geometry_to_file
[move_group-1] *     - SequenceAction
[move_group-1] *     - SequenceService
[move_group-1] ********************************************************
[move_group-1] 
[move_group-1] [INFO] [1786527607.715000314] [move_group.moveit.moveit.ros.move_group.context]: MoveGroup context using pipeline ompl
[move_group-1] [INFO] [1786527607.715008240] [move_group.moveit.moveit.ros.move_group.context]: MoveGroup context initialization complete
[move_group-1] [96mLoading 'move_group/ApplyPlanningSceneService'...[0m
[move_group-1] [96mLoading 'move_group/ClearOctomapService'...[0m
[move_group-1] [96mLoading 'move_group/GetUrdfService'...[0m
[move_group-1] [96mLoading 'move_group/LoadGeometryFromFileService'...[0m
[move_group-1] [96mLoading 'move_group/MoveGroupCartesianPathService'...[0m
[move_group-1] [96mLoading 'move_group/MoveGroupExecuteTrajectoryAction'...[0m
[move_group-1] [96mLoading 'move_group/MoveGroupGetPlanningSceneService'...[0m
[move_group-1] [96mLoading 'move_group/MoveGroupKinematicsService'...[0m
[move_group-1] [96mLoading 'move_group/MoveGroupMoveAction'...[0m
[move_group-1] [96mLoading 'move_group/MoveGroupPlanService'...[0m
[move_group-1] [96mLoading 'move_group/MoveGroupQueryPlannersService'...[0m
[move_group-1] [96mLoading 'move_group/MoveGroupStateValidationService'...[0m
[move_group-1] [96mLoading 'move_group/SaveGeometryToFileService'...[0m
[move_group-1] [96mLoading 'pilz_industrial_motion_planner/MoveGroupSequenceAction'...[0m
[move_group-1] [96mLoading 'pilz_industrial_motion_planner/MoveGroupSequenceService'...[0m
[move_group-1] 
[move_group-1] [92mYou can start planning now![0m
[move_group-1] 
[move_group-1] [INFO] [1786527618.372374880] [move_group.moveit.moveit.ros.move_group.move_action]: MoveGroupMoveAction: Received request
[move_group-1] [INFO] [1786527618.372798653] [move_group.moveit.moveit.ros.move_group.move_action]: executing..
[move_group-1] [INFO] [1786527618.372989842] [move_group.moveit.moveit.ros.move_group.move_action]: Planning request received for MoveGroup action. Forwarding to planning pipeline.
[move_group-1] [INFO] [1786527618.373233198] [move_group]: Calling PlanningRequestAdapter 'ResolveConstraintFrames'
[move_group-1] [INFO] [1786527618.373293397] [move_group]: Calling PlanningRequestAdapter 'ValidateWorkspaceBounds'
[move_group-1] [WARN] [1786527618.373300345] [move_group.moveit.moveit.ros.validate_workspace_bounds]: It looks like the planning volume was not specified. Using default values.
[move_group-1] [INFO] [1786527618.373309809] [move_group]: Calling PlanningRequestAdapter 'CheckStartStateBounds'
[move_group-1] [INFO] [1786527618.373332293] [move_group]: Calling PlanningRequestAdapter 'CheckStartStateCollision'
[move_group-1] [INFO] [1786527618.380799216] [move_group.moveit.moveit.planners.ompl.model_based_planning_context]: Planner configuration 'arm' will use planner 'geometric::RRTConnect'. Additional configuration parameters will be set when the planner is constructed.
[move_group-1] [INFO] [1786527618.382238752] [move_group]: Calling Planner 'OMPL'
[move_group-1] [INFO] [1786527618.402543265] [move_group]: Calling PlanningResponseAdapter 'AddTimeOptimalParameterization'
[move_group-1] [INFO] [1786527618.410147110] [move_group]: Calling PlanningResponseAdapter 'ValidateSolution'
[move_group-1] [INFO] [1786527618.414171276] [move_group]: Calling PlanningResponseAdapter 'DisplayMotionPath'
[move_group-1] [WARN] [1786527618.414435679] [move_group.moveit.moveit.ros.planning_pipeline]: The planner plugin did not fill out the 'planner_id' field of the MotionPlanResponse. Setting it to the planner ID name of the MotionPlanRequest assuming that the planner plugin does warn you if it does not use the requested planner.
[move_group-1] [INFO] [1786527618.414588216] [move_group.moveit.moveit.ros.move_group.move_action]: Motion plan was computed successfully.
[move_group-1] [INFO] [1786527618.417316987] [move_group.moveit.moveit.ros.move_group.clear_octomap_service]: Execution request received
[move_group-1] [INFO] [1786527618.417423074] [move_group.moveit.moveit.plugins.simple_controller_manager]: Returned 2 controllers in list
[move_group-1] [INFO] [1786527618.417447221] [move_group.moveit.moveit.plugins.simple_controller_manager]: Returned 2 controllers in list
[move_group-1] [INFO] [1786527618.417684433] [move_group.moveit.moveit.ros.trajectory_execution_manager]: Validating trajectory with allowed_start_tolerance 0.01
[move_group-1] [INFO] [1786527618.417953213] [move_group.moveit.moveit.ros.trajectory_execution_manager]: Starting trajectory execution ...
[move_group-1] [INFO] [1786527618.418011111] [move_group.moveit.moveit.plugins.simple_controller_manager]: Returned 2 controllers in list
[move_group-1] [INFO] [1786527618.418033777] [move_group.moveit.moveit.plugins.simple_controller_manager]: Returned 2 controllers in list
[move_group-1] [INFO] [1786527618.418174935] [moveit.simple_controller_manager.follow_joint_trajectory_controller_handle]: sending trajectory to arm_controller
[move_group-1] [INFO] [1786527618.419276924] [moveit.simple_controller_manager.follow_joint_trajectory_controller_handle]: arm_controller started execution
[move_group-1] [INFO] [1786527618.419317496] [moveit.simple_controller_manager.follow_joint_trajectory_controller_handle]: Goal request accepted!
[move_group-1] [INFO] [1786527631.369573289] [moveit.simple_controller_manager.follow_joint_trajectory_controller_handle]: Controller 'arm_controller' successfully finished
[move_group-1] [INFO] [1786527631.369667742] [move_group.moveit.moveit.ros.trajectory_execution_manager]: Completed trajectory execution with status SUCCEEDED ...
[move_group-1] [INFO] [1786527631.369772338] [move_group.moveit.moveit.ros.move_group.clear_octomap_service]: Execution completed: SUCCEEDED
[move_group-1] [INFO] [1786527632.428535603] [move_group.moveit.moveit.ros.move_group.cartesian_path_service_capability]: Received request to compute Cartesian path
[move_group-1] [INFO] [1786527632.428619922] [move_group.moveit.moveit.ros.move_group.cartesian_path_service_capability]: Attempting to follow 1 waypoints for link 'tool0' using a step of 0.010000 m and jump threshold 0.000000 (in global reference frame)
[move_group-1] [INFO] [1786527632.430139555] [move_group.moveit.moveit.ros.move_group.cartesian_path_service_capability]: Computed Cartesian path with 11 points (followed 100.000000% of requested trajectory)
[move_group-1] [INFO] [1786527632.430761168] [move_group.moveit.moveit.ros.move_group.clear_octomap_service]: Execution request received
[move_group-1] [INFO] [1786527632.430800677] [move_group.moveit.moveit.plugins.simple_controller_manager]: Returned 2 controllers in list
[move_group-1] [INFO] [1786527632.430811461] [move_group.moveit.moveit.plugins.simple_controller_manager]: Returned 2 controllers in list
[move_group-1] [INFO] [1786527632.430861731] [move_group.moveit.moveit.ros.trajectory_execution_manager]: Validating trajectory with allowed_start_tolerance 0.01
[move_group-1] [INFO] [1786527632.431251629] [move_group.moveit.moveit.ros.trajectory_execution_manager]: Starting trajectory execution ...
[move_group-1] [INFO] [1786527632.431288482] [move_group.moveit.moveit.plugins.simple_controller_manager]: Returned 2 controllers in list
[move_group-1] [INFO] [1786527632.431304121] [move_group.moveit.moveit.plugins.simple_controller_manager]: Returned 2 controllers in list
[move_group-1] [INFO] [1786527632.431381487] [moveit.simple_controller_manager.follow_joint_trajectory_controller_handle]: sending trajectory to arm_controller
[move_group-1] [INFO] [1786527632.431887979] [moveit.simple_controller_manager.follow_joint_trajectory_controller_handle]: arm_controller started execution
[move_group-1] [INFO] [1786527632.431961869] [moveit.simple_controller_manager.follow_joint_trajectory_controller_handle]: Goal request accepted!
[move_group-1] [INFO] [1786527634.432093489] [moveit.simple_controller_manager.follow_joint_trajectory_controller_handle]: Controller 'arm_controller' successfully finished
[move_group-1] [INFO] [1786527634.433178778] [move_group.moveit.moveit.ros.trajectory_execution_manager]: Completed trajectory execution with status SUCCEEDED ...
[move_group-1] [INFO] [1786527634.433276719] [move_group.moveit.moveit.ros.move_group.clear_octomap_service]: Execution completed: SUCCEEDED
[move_group-1] [INFO] [1786527636.362120874] [move_group.moveit.moveit.ros.move_group.cartesian_path_service_capability]: Received request to compute Cartesian path
[move_group-1] [INFO] [1786527636.362192009] [move_group.moveit.moveit.ros.move_group.cartesian_path_service_capability]: Attempting to follow 1 waypoints for link 'tool0' using a step of 0.010000 m and jump threshold 0.000000 (in global reference frame)
[move_group-1] [INFO] [1786527636.364153353] [move_group.moveit.moveit.ros.move_group.cartesian_path_service_capability]: Computed Cartesian path with 14 points (followed 100.000000% of requested trajectory)
[move_group-1] [INFO] [1786527636.364788055] [move_group.moveit.moveit.ros.move_group.clear_octomap_service]: Execution request received
[move_group-1] [INFO] [1786527636.364837894] [move_group.moveit.moveit.plugins.simple_controller_manager]: Returned 2 controllers in list
[move_group-1] [INFO] [1786527636.364852501] [move_group.moveit.moveit.plugins.simple_controller_manager]: Returned 2 controllers in list
[move_group-1] [INFO] [1786527636.364905780] [move_group.moveit.moveit.ros.trajectory_execution_manager]: Validating trajectory with allowed_start_tolerance 0.01
[move_group-1] [INFO] [1786527636.365147777] [move_group.moveit.moveit.ros.trajectory_execution_manager]: Starting trajectory execution ...
[move_group-1] [INFO] [1786527636.365193483] [move_group.moveit.moveit.plugins.simple_controller_manager]: Returned 2 controllers in list
[move_group-1] [INFO] [1786527636.365213111] [move_group.moveit.moveit.plugins.simple_controller_manager]: Returned 2 controllers in list
[move_group-1] [INFO] [1786527636.365298765] [moveit.simple_controller_manager.follow_joint_trajectory_controller_handle]: sending trajectory to arm_controller
[move_group-1] [INFO] [1786527636.365931347] [moveit.simple_controller_manager.follow_joint_trajectory_controller_handle]: arm_controller started execution
[move_group-1] [INFO] [1786527636.365956331] [moveit.simple_controller_manager.follow_joint_trajectory_controller_handle]: Goal request accepted!
[move_group-1] [INFO] [1786527639.766136302] [moveit.simple_controller_manager.follow_joint_trajectory_controller_handle]: Controller 'arm_controller' successfully finished
[move_group-1] [INFO] [1786527639.767144019] [move_group.moveit.moveit.ros.trajectory_execution_manager]: Completed trajectory execution with status SUCCEEDED ...
[move_group-1] [INFO] [1786527639.767242317] [move_group.moveit.moveit.ros.move_group.clear_octomap_service]: Execution completed: SUCCEEDED
[move_group-1] [INFO] [1786527643.056636133] [move_group.moveit.moveit.ros.move_group.move_action]: MoveGroupMoveAction: Received request
[move_group-1] [INFO] [1786527643.056792859] [move_group.moveit.moveit.ros.move_group.move_action]: executing..
[move_group-1] [INFO] [1786527643.057572479] [move_group.moveit.moveit.ros.move_group.move_action]: Planning request received for MoveGroup action. Forwarding to planning pipeline.
[move_group-1] [INFO] [1786527643.057673743] [move_group]: Calling PlanningRequestAdapter 'ResolveConstraintFrames'
[move_group-1] [INFO] [1786527643.057693525] [move_group]: Calling PlanningRequestAdapter 'ValidateWorkspaceBounds'
[move_group-1] [WARN] [1786527643.057696616] [move_group.moveit.moveit.ros.validate_workspace_bounds]: It looks like the planning volume was not specified. Using default values.
[move_group-1] [INFO] [1786527643.057702878] [move_group]: Calling PlanningRequestAdapter 'CheckStartStateBounds'
[move_group-1] [INFO] [1786527643.057712336] [move_group]: Calling PlanningRequestAdapter 'CheckStartStateCollision'
[move_group-1] [INFO] [1786527643.057982405] [move_group.moveit.moveit.planners.ompl.model_based_planning_context]: Planner configuration 'arm' will use planner 'geometric::RRTConnect'. Additional configuration parameters will be set when the planner is constructed.
[move_group-1] [INFO] [1786527643.058022603] [move_group]: Calling Planner 'OMPL'
[move_group-1] [INFO] [1786527643.077094123] [move_group]: Calling PlanningResponseAdapter 'AddTimeOptimalParameterization'
[move_group-1] [INFO] [1786527643.078457217] [move_group]: Calling PlanningResponseAdapter 'ValidateSolution'
[move_group-1] [INFO] [1786527643.079179344] [move_group]: Calling PlanningResponseAdapter 'DisplayMotionPath'
[move_group-1] [WARN] [1786527643.079261752] [move_group.moveit.moveit.ros.planning_pipeline]: The planner plugin did not fill out the 'planner_id' field of the MotionPlanResponse. Setting it to the planner ID name of the MotionPlanRequest assuming that the planner plugin does warn you if it does not use the requested planner.
[move_group-1] [INFO] [1786527643.079305632] [move_group.moveit.moveit.ros.move_group.move_action]: Motion plan was computed successfully.
[move_group-1] [INFO] [1786527643.080790645] [move_group.moveit.moveit.ros.move_group.clear_octomap_service]: Execution request received
[move_group-1] [INFO] [1786527643.080842166] [move_group.moveit.moveit.plugins.simple_controller_manager]: Returned 2 controllers in list
[move_group-1] [INFO] [1786527643.080856305] [move_group.moveit.moveit.plugins.simple_controller_manager]: Returned 2 controllers in list
[move_group-1] [INFO] [1786527643.080923464] [move_group.moveit.moveit.ros.trajectory_execution_manager]: Validating trajectory with allowed_start_tolerance 0.01
[move_group-1] [INFO] [1786527643.081589482] [move_group.moveit.moveit.ros.trajectory_execution_manager]: Starting trajectory execution ...
[move_group-1] [INFO] [1786527643.081648659] [move_group.moveit.moveit.plugins.simple_controller_manager]: Returned 2 controllers in list
[move_group-1] [INFO] [1786527643.081668805] [move_group.moveit.moveit.plugins.simple_controller_manager]: Returned 2 controllers in list
[move_group-1] [INFO] [1786527643.081757136] [moveit.simple_controller_manager.follow_joint_trajectory_controller_handle]: sending trajectory to arm_controller
[move_group-1] [INFO] [1786527643.082331664] [moveit.simple_controller_manager.follow_joint_trajectory_controller_handle]: arm_controller started execution
[move_group-1] [INFO] [1786527643.082358367] [moveit.simple_controller_manager.follow_joint_trajectory_controller_handle]: Goal request accepted!
[move_group-1] [INFO] [1786527648.482611929] [moveit.simple_controller_manager.follow_joint_trajectory_controller_handle]: Controller 'arm_controller' successfully finished
[move_group-1] [INFO] [1786527648.485017028] [move_group.moveit.moveit.ros.trajectory_execution_manager]: Completed trajectory execution with status SUCCEEDED ...
[move_group-1] [INFO] [1786527648.485160724] [move_group.moveit.moveit.ros.move_group.clear_octomap_service]: Execution completed: SUCCEEDED
[move_group-1] [INFO] [1786527651.617455818] [move_group.moveit.moveit.ros.move_group.cartesian_path_service_capability]: Received request to compute Cartesian path
[move_group-1] [INFO] [1786527651.617609459] [move_group.moveit.moveit.ros.move_group.cartesian_path_service_capability]: Attempting to follow 1 waypoints for link 'tool0' using a step of 0.010000 m and jump threshold 0.000000 (in global reference frame)
[move_group-1] [INFO] [1786527651.619585151] [move_group.moveit.moveit.ros.move_group.cartesian_path_service_capability]: Computed Cartesian path with 12 points (followed 100.000000% of requested trajectory)
[move_group-1] [INFO] [1786527651.620165390] [move_group.moveit.moveit.ros.move_group.clear_octomap_service]: Execution request received
[move_group-1] [INFO] [1786527651.620208767] [move_group.moveit.moveit.plugins.simple_controller_manager]: Returned 2 controllers in list
[move_group-1] [INFO] [1786527651.620225070] [move_group.moveit.moveit.plugins.simple_controller_manager]: Returned 2 controllers in list
[move_group-1] [INFO] [1786527651.620294460] [move_group.moveit.moveit.ros.trajectory_execution_manager]: Validating trajectory with allowed_start_tolerance 0.01
[move_group-1] [INFO] [1786527651.620566379] [move_group.moveit.moveit.ros.trajectory_execution_manager]: Starting trajectory execution ...
[move_group-1] [INFO] [1786527651.620624255] [move_group.moveit.moveit.plugins.simple_controller_manager]: Returned 2 controllers in list
[move_group-1] [INFO] [1786527651.620669602] [move_group.moveit.moveit.plugins.simple_controller_manager]: Returned 2 controllers in list
[move_group-1] [INFO] [1786527651.620792525] [moveit.simple_controller_manager.follow_joint_trajectory_controller_handle]: sending trajectory to arm_controller
[move_group-1] [INFO] [1786527651.621336364] [moveit.simple_controller_manager.follow_joint_trajectory_controller_handle]: arm_controller started execution
[move_group-1] [INFO] [1786527651.621360630] [moveit.simple_controller_manager.follow_joint_trajectory_controller_handle]: Goal request accepted!
[move_group-1] [INFO] [1786527654.721488336] [moveit.simple_controller_manager.follow_joint_trajectory_controller_handle]: Controller 'arm_controller' successfully finished
[move_group-1] [INFO] [1786527654.723133434] [move_group.moveit.moveit.ros.trajectory_execution_manager]: Completed trajectory execution with status SUCCEEDED ...
[move_group-1] [INFO] [1786527654.723288323] [move_group.moveit.moveit.ros.move_group.clear_octomap_service]: Execution completed: SUCCEEDED
[move_group-1] [INFO] [1786527655.926774024] [move_group.moveit.moveit.ros.move_group.cartesian_path_service_capability]: Received request to compute Cartesian path
[move_group-1] [INFO] [1786527655.926845133] [move_group.moveit.moveit.ros.move_group.cartesian_path_service_capability]: Attempting to follow 1 waypoints for link 'tool0' using a step of 0.010000 m and jump threshold 0.000000 (in global reference frame)
[move_group-1] [INFO] [1786527655.928545399] [move_group.moveit.moveit.ros.move_group.cartesian_path_service_capability]: Computed Cartesian path with 12 points (followed 100.000000% of requested trajectory)
[move_group-1] [INFO] [1786527655.929130748] [move_group.moveit.moveit.ros.move_group.clear_octomap_service]: Execution request received
[move_group-1] [INFO] [1786527655.929180653] [move_group.moveit.moveit.plugins.simple_controller_manager]: Returned 2 controllers in list
[move_group-1] [INFO] [1786527655.929194373] [move_group.moveit.moveit.plugins.simple_controller_manager]: Returned 2 controllers in list
[move_group-1] [INFO] [1786527655.929268927] [move_group.moveit.moveit.ros.trajectory_execution_manager]: Validating trajectory with allowed_start_tolerance 0.01
[move_group-1] [INFO] [1786527655.929411514] [move_group.moveit.moveit.ros.trajectory_execution_manager]: Starting trajectory execution ...
[move_group-1] [INFO] [1786527655.929466778] [move_group.moveit.moveit.plugins.simple_controller_manager]: Returned 2 controllers in list
[move_group-1] [INFO] [1786527655.929494818] [move_group.moveit.moveit.plugins.simple_controller_manager]: Returned 2 controllers in list
[move_group-1] [INFO] [1786527655.929694160] [moveit.simple_controller_manager.follow_joint_trajectory_controller_handle]: sending trajectory to arm_controller
[move_group-1] [INFO] [1786527655.930326480] [moveit.simple_controller_manager.follow_joint_trajectory_controller_handle]: arm_controller started execution
[move_group-1] [INFO] [1786527655.930376571] [moveit.simple_controller_manager.follow_joint_trajectory_controller_handle]: Goal request accepted!
[move_group-1] [INFO] [1786527657.880779392] [moveit.simple_controller_manager.follow_joint_trajectory_controller_handle]: Controller 'arm_controller' successfully finished
[move_group-1] [INFO] [1786527657.880901119] [move_group.moveit.moveit.ros.trajectory_execution_manager]: Completed trajectory execution with status SUCCEEDED ...
[move_group-1] [INFO] [1786527657.881007678] [move_group.moveit.moveit.ros.move_group.clear_octomap_service]: Execution completed: SUCCEEDED
