[INFO] [launch]: All log files can be found below /home/user/.ros/log/2026-08-12-11-39-55-542450-Sachin-1986
[INFO] [launch]: Default logging verbosity is set to INFO
[INFO] [robot_state_publisher-1]: process started with pid [2008]
[INFO] [spawner-2]: process started with pid [2009]
[INFO] [create-3]: process started with pid [2010]
[INFO] [gazebo-4]: process started with pid [2011]
[INFO] [parameter_bridge-5]: process started with pid [2012]
[INFO] [create-6]: process started with pid [2014]
[robot_state_publisher-1] [INFO] [1786527596.094290369] [robot_state_publisher]: Robot initialized
[create-3] [INFO] [1786527596.099918773] [ros_gz_sim]: Requesting list of world names.
[create-6] [INFO] [1786527596.101500169] [ros_gz_sim]: Requesting list of world names.
[parameter_bridge-5] [INFO] [1786527596.112529782] [ros_gz_bridge]: Creating GZ->ROS Bridge: [/clock (gz.msgs.Clock) -> /clock (rosgraph_msgs/msg/Clock)] (Lazy 0)
[gazebo-4] [1;32m[Msg] [0m[1;32mGazebo Sim Server v[0m[1;32m8.11.0[0m[1;32m[0m
[gazebo-4] [1;32m[Msg] [0m[1;32mLoading SDF world file[[0m[1;32m/opt/ros/jazzy/opt/gz_sim_vendor/share/gz/gz-sim8/worlds/empty.sdf[0m[1;32m].[0m
[gazebo-4] [1;32m[Msg] [0m[1;32mServing entity system service on [[0m[1;32m/[0m[1;32mentity/system/add[0m[1;32m][0m[1;32m[0m
[gazebo-4] [1;36m[Dbg] [Physics.cc:906] [0m[1;36mLoaded [[0m[1;36mgz::physics::dartsim::Plugin[0m[1;36m] from library [[0m[1;36m/opt/ros/jazzy/opt/gz_physics_vendor/lib/gz-physics-7/engine-plugins/libgz-physics-dartsim-plugin.so[0m[1;36m][0m[1;36m[0m
[gazebo-4] [1;36m[Dbg] [SystemManager.cc:80] [0m[1;36mLoaded system [[0m[1;36mgz::sim::systems::Physics[0m[1;36m] for entity [[0m[1;36m1[0m[1;36m][0m[1;36m[0m
[gazebo-4] [1;32m[Msg] [0m[1;32mCreate[0m[1;32m service on [[0m[1;32m/world/empty/create_multiple[0m[1;32m] (async)[0m[1;32m[0m
[gazebo-4] [1;32m[Msg] [0m[1;32mCreate[0m[1;32m service on [[0m[1;32m/world/empty/create_multiple/blocking[0m[1;32m] (blocking)[0m[1;32m[0m
[gazebo-4] [1;32m[Msg] [0m[1;32mRemove[0m[1;32m service on [[0m[1;32m/world/empty/remove[0m[1;32m] (async)[0m[1;32m[0m
[gazebo-4] [1;32m[Msg] [0m[1;32mRemove[0m[1;32m service on [[0m[1;32m/world/empty/remove/blocking[0m[1;32m] (blocking)[0m[1;32m[0m
[gazebo-4] [1;32m[Msg] [0m[1;32mPose[0m[1;32m service on [[0m[1;32m/world/empty/set_pose[0m[1;32m] (async)[0m[1;32m[0m
[gazebo-4] [1;32m[Msg] [0m[1;32mPose[0m[1;32m service on [[0m[1;32m/world/empty/set_pose/blocking[0m[1;32m] (blocking)[0m[1;32m[0m
[gazebo-4] [1;32m[Msg] [0m[1;32mPose[0m[1;32m service on [[0m[1;32m/world/empty/set_pose_vector[0m[1;32m] (async)[0m[1;32m[0m
[gazebo-4] [1;32m[Msg] [0m[1;32mPose[0m[1;32m service on [[0m[1;32m/world/empty/set_pose_vector/blocking[0m[1;32m] (blocking)[0m[1;32m[0m
[gazebo-4] [1;32m[Msg] [0m[1;32mLight configuration[0m[1;32m service on [[0m[1;32m/world/empty/light_config[0m[1;32m] (async)[0m[1;32m[0m
[gazebo-4] [1;32m[Msg] [0m[1;32mLight configuration[0m[1;32m service on [[0m[1;32m/world/empty/light_config/blocking[0m[1;32m] (blocking)[0m[1;32m[0m
[gazebo-4] [1;32m[Msg] [0m[1;32mPhysics[0m[1;32m service on [[0m[1;32m/world/empty/set_physics[0m[1;32m] (async)[0m[1;32m[0m
[gazebo-4] [1;32m[Msg] [0m[1;32mPhysics[0m[1;32m service on [[0m[1;32m/world/empty/set_physics/blocking[0m[1;32m] (blocking)[0m[1;32m[0m
[gazebo-4] [1;32m[Msg] [0m[1;32mSphericalCoordinates[0m[1;32m service on [[0m[1;32m/world/empty/set_spherical_coordinates[0m[1;32m] (async)[0m[1;32m[0m
[gazebo-4] [1;32m[Msg] [0m[1;32mSphericalCoordinates[0m[1;32m service on [[0m[1;32m/world/empty/set_spherical_coordinates/blocking[0m[1;32m] (blocking)[0m[1;32m[0m
[gazebo-4] [1;32m[Msg] [0m[1;32mEnable collision[0m[1;32m service on [[0m[1;32m/world/empty/enable_collision[0m[1;32m] (async)[0m[1;32m[0m
[gazebo-4] [1;32m[Msg] [0m[1;32mEnable collision[0m[1;32m service on [[0m[1;32m/world/empty/enable_collision/blocking[0m[1;32m] (blocking)[0m[1;32m[0m
[gazebo-4] [1;32m[Msg] [0m[1;32mDisable collision[0m[1;32m service on [[0m[1;32m/world/empty/disable_collision[0m[1;32m] (async)[0m[1;32m[0m
[gazebo-4] [1;32m[Msg] [0m[1;32mDisable collision[0m[1;32m service on [[0m[1;32m/world/empty/disable_collision/blocking[0m[1;32m] (blocking)[0m[1;32m[0m
[gazebo-4] [1;32m[Msg] [0m[1;32mMaterial[0m[1;32m service on [[0m[1;32m/world/empty/visual_config[0m[1;32m] (async)[0m[1;32m[0m
[gazebo-4] [1;32m[Msg] [0m[1;32mMaterial[0m[1;32m service on [[0m[1;32m/world/empty/visual_config/blocking[0m[1;32m] (blocking)[0m[1;32m[0m
[gazebo-4] [1;32m[Msg] [0m[1;32mMaterial[0m[1;32m service on [[0m[1;32m/world/empty/wheel_slip[0m[1;32m] (async)[0m[1;32m[0m
[gazebo-4] [1;32m[Msg] [0m[1;32mMaterial[0m[1;32m service on [[0m[1;32m/world/empty/wheel_slip/blocking[0m[1;32m] (blocking)[0m[1;32m[0m
[gazebo-4] [1;36m[Dbg] [SystemManager.cc:80] [0m[1;36mLoaded system [[0m[1;36mgz::sim::systems::UserCommands[0m[1;36m] for entity [[0m[1;36m1[0m[1;36m][0m[1;36m[0m
[spawner-2] [INFO] [1786527596.393462099] [spawner_joint_state_broadcaster]: waiting for service /controller_manager/list_controllers to become available...
[create-6] [INFO] [1786527596.626271497] [ros_gz_sim]: Entity creation successful.
[create-3] [INFO] [1786527596.627563308] [ros_gz_sim]: Entity creation successful.
[INFO] [create-3]: process has finished cleanly [pid 2010]
[INFO] [create-6]: process has finished cleanly [pid 2014]
[gazebo-4] [INFO] [1786527598.345705356] [gz_ros_control]: [gz_ros2_control] Fixed joint ['base_joint'] (Entity='60') is skipped.
[gazebo-4] [INFO] [1786527598.346342833] [gz_ros_control]: Loading controller_manager
[gazebo-4] [INFO] [1786527598.356391703] [controller_manager]: Using ROS clock for triggering controller manager cycles.
[gazebo-4] [INFO] [1786527598.359525614] [controller_manager]: Subscribing to '/robot_description' topic for robot description.
[gazebo-4] [WARN] [1786527598.362007638] [gz_ros_control]: Waiting RM to load and initialize hardware...
[gazebo-4] [WARN] [1786527599.359207235] [controller_manager]: Waiting for data on 'robot_description' topic to finish initialization
[gazebo-4] [INFO] [1786527599.461400327] [controller_manager]: Received robot description from topic.
[gazebo-4] [INFO] [1786527599.461454630] [controller_manager]: Enforcing command limits is disabled. Command limits from URDF will be ignored.
[gazebo-4] [INFO] [1786527599.464672553] [gz_ros_control]: The position_proportional_gain has been set to: 0.1
[gazebo-4] [INFO] [1786527599.464727507] [gz_ros_control]: Loading joint: robotiq_85_left_knuckle_joint
[gazebo-4] [INFO] [1786527599.464732664] [gz_ros_control]: 	State:
[gazebo-4] [INFO] [1786527599.464735917] [gz_ros_control]: 		 position
[gazebo-4] [INFO] [1786527599.464745570] [gz_ros_control]: 			 found initial value: 0.792900
[gazebo-4] [INFO] [1786527599.464750428] [gz_ros_control]: 		 velocity
[gazebo-4] [INFO] [1786527599.464754620] [gz_ros_control]: 		 effort
[gazebo-4] [INFO] [1786527599.464756853] [gz_ros_control]: 	Command:
[gazebo-4] [INFO] [1786527599.464758536] [gz_ros_control]: 		 position
[gazebo-4] [INFO] [1786527599.464763337] [gz_ros_control]: 		 effort
[gazebo-4] [INFO] [1786527599.464769479] [gz_ros_control]: Loading joint: robotiq_85_right_knuckle_joint
[gazebo-4] [INFO] [1786527599.464774218] [gz_ros_control]: Joint 'robotiq_85_right_knuckle_joint'is mimicking joint 'robotiq_85_left_knuckle_joint' with multiplier: -1 and offset: 0
[gazebo-4] [INFO] [1786527599.464776474] [gz_ros_control]: 	State:
[gazebo-4] [INFO] [1786527599.464777979] [gz_ros_control]: 		 position
[gazebo-4] [INFO] [1786527599.464779596] [gz_ros_control]: 		 velocity
[gazebo-4] [INFO] [1786527599.464781589] [gz_ros_control]: 		 effort
[gazebo-4] [INFO] [1786527599.464783161] [gz_ros_control]: 	Command:
[gazebo-4] [INFO] [1786527599.464786830] [gz_ros_control]: Loading joint: robotiq_85_left_inner_knuckle_joint
[gazebo-4] [INFO] [1786527599.464789055] [gz_ros_control]: Joint 'robotiq_85_left_inner_knuckle_joint'is mimicking joint 'robotiq_85_left_knuckle_joint' with multiplier: 1 and offset: 0
[gazebo-4] [INFO] [1786527599.464790795] [gz_ros_control]: 	State:
[gazebo-4] [INFO] [1786527599.464792203] [gz_ros_control]: 		 position
[gazebo-4] [INFO] [1786527599.464793734] [gz_ros_control]: 		 velocity
[gazebo-4] [INFO] [1786527599.464795251] [gz_ros_control]: 		 effort
[gazebo-4] [INFO] [1786527599.464797544] [gz_ros_control]: 	Command:
[gazebo-4] [INFO] [1786527599.464801082] [gz_ros_control]: Loading joint: robotiq_85_right_inner_knuckle_joint
[gazebo-4] [INFO] [1786527599.464803496] [gz_ros_control]: Joint 'robotiq_85_right_inner_knuckle_joint'is mimicking joint 'robotiq_85_left_knuckle_joint' with multiplier: -1 and offset: 0
[gazebo-4] [INFO] [1786527599.464805235] [gz_ros_control]: 	State:
[gazebo-4] [INFO] [1786527599.464806637] [gz_ros_control]: 		 position
[gazebo-4] [INFO] [1786527599.464808163] [gz_ros_control]: 		 velocity
[gazebo-4] [INFO] [1786527599.464809658] [gz_ros_control]: 		 effort
[gazebo-4] [INFO] [1786527599.464811143] [gz_ros_control]: 	Command:
[gazebo-4] [INFO] [1786527599.464881439] [controller_manager]: Initialize hardware 'RobotiqGripperHardware' 
[gazebo-4] [WARN] [1786527599.464890782] [controller_manager.hardware_component.system.RobotiqGripperHardware]: Executor is not available during hardware component initialization for 'RobotiqGripperHardware'. Skipping node creation!
[gazebo-4] [WARN] [1786527599.464909306] [gz_ros_control]: The ign_ros2_control plugin got renamed to gz_ros2_control.
[gazebo-4] Update the <ros2_control> tag and gazebo plugin to
[gazebo-4] <hardware>
[gazebo-4]   <plugin>gz_ros2_control/GazeboSimSystem</plugin>
[gazebo-4] </hardware>
[gazebo-4] <gazebo>
[gazebo-4]   <plugin filename="gz_ros2_control-system"name="gz_ros2_control::GazeboSimROS2ControlPlugin">
[gazebo-4]     ...
[gazebo-4]   </plugin>
[gazebo-4] </gazebo>
[gazebo-4] [INFO] [1786527599.464962929] [controller_manager]: Successful initialization of hardware 'RobotiqGripperHardware'
[gazebo-4] [INFO] [1786527599.465031550] [gz_ros_control]: The position_proportional_gain has been set to: 0.1
[gazebo-4] [INFO] [1786527599.465056333] [gz_ros_control]: Loading joint: shoulder_pan_joint
[gazebo-4] [INFO] [1786527599.465061126] [gz_ros_control]: 	State:
[gazebo-4] [INFO] [1786527599.465063441] [gz_ros_control]: 		 position
[gazebo-4] [INFO] [1786527599.465065437] [gz_ros_control]: 			 found initial value: 0.000000
[gazebo-4] [INFO] [1786527599.465067673] [gz_ros_control]: 		 velocity
[gazebo-4] [INFO] [1786527599.465069455] [gz_ros_control]: 		 effort
[gazebo-4] [INFO] [1786527599.465071324] [gz_ros_control]: 	Command:
[gazebo-4] [INFO] [1786527599.465072882] [gz_ros_control]: 		 position
[gazebo-4] [INFO] [1786527599.465076436] [gz_ros_control]: 		 velocity
[gazebo-4] [INFO] [1786527599.465080973] [gz_ros_control]: Loading joint: shoulder_lift_joint
[gazebo-4] [INFO] [1786527599.465082844] [gz_ros_control]: 	State:
[gazebo-4] [INFO] [1786527599.465084422] [gz_ros_control]: 		 position
[gazebo-4] [INFO] [1786527599.465086128] [gz_ros_control]: 			 found initial value: -1.570800
[gazebo-4] [INFO] [1786527599.465088074] [gz_ros_control]: 		 velocity
[gazebo-4] [INFO] [1786527599.465089909] [gz_ros_control]: 		 effort
[gazebo-4] [INFO] [1786527599.465091465] [gz_ros_control]: 	Command:
[gazebo-4] [INFO] [1786527599.465092812] [gz_ros_control]: 		 position
[gazebo-4] [INFO] [1786527599.465095419] [gz_ros_control]: 		 velocity
[gazebo-4] [INFO] [1786527599.465099383] [gz_ros_control]: Loading joint: elbow_joint
[gazebo-4] [INFO] [1786527599.465101449] [gz_ros_control]: 	State:
[gazebo-4] [INFO] [1786527599.465102994] [gz_ros_control]: 		 position
[gazebo-4] [INFO] [1786527599.465104444] [gz_ros_control]: 			 found initial value: 1.570800
[gazebo-4] [INFO] [1786527599.465106048] [gz_ros_control]: 		 velocity
[gazebo-4] [INFO] [1786527599.465107568] [gz_ros_control]: 		 effort
[gazebo-4] [INFO] [1786527599.465109755] [gz_ros_control]: 	Command:
[gazebo-4] [INFO] [1786527599.465111151] [gz_ros_control]: 		 position
[gazebo-4] [INFO] [1786527599.465114059] [gz_ros_control]: 		 velocity
[gazebo-4] [INFO] [1786527599.465117673] [gz_ros_control]: Loading joint: wrist_1_joint
[gazebo-4] [INFO] [1786527599.465119365] [gz_ros_control]: 	State:
[gazebo-4] [INFO] [1786527599.465120810] [gz_ros_control]: 		 position
[gazebo-4] [INFO] [1786527599.465122335] [gz_ros_control]: 			 found initial value: -1.570800
[gazebo-4] [INFO] [1786527599.465123988] [gz_ros_control]: 		 velocity
[gazebo-4] [INFO] [1786527599.465125517] [gz_ros_control]: 		 effort
[gazebo-4] [INFO] [1786527599.465126967] [gz_ros_control]: 	Command:
[gazebo-4] [INFO] [1786527599.465128327] [gz_ros_control]: 		 position
[gazebo-4] [INFO] [1786527599.465130576] [gz_ros_control]: 		 velocity
[gazebo-4] [INFO] [1786527599.465134072] [gz_ros_control]: Loading joint: wrist_2_joint
[gazebo-4] [INFO] [1786527599.465135672] [gz_ros_control]: 	State:
[gazebo-4] [INFO] [1786527599.465137076] [gz_ros_control]: 		 position
[gazebo-4] [INFO] [1786527599.465138477] [gz_ros_control]: 			 found initial value: -1.570800
[gazebo-4] [INFO] [1786527599.465141026] [gz_ros_control]: 		 velocity
[gazebo-4] [INFO] [1786527599.465142476] [gz_ros_control]: 		 effort
[gazebo-4] [INFO] [1786527599.465143962] [gz_ros_control]: 	Command:
[gazebo-4] [INFO] [1786527599.465145341] [gz_ros_control]: 		 position
[gazebo-4] [INFO] [1786527599.465148425] [gz_ros_control]: 		 velocity
[gazebo-4] [INFO] [1786527599.465151956] [gz_ros_control]: Loading joint: wrist_3_joint
[gazebo-4] [INFO] [1786527599.465153507] [gz_ros_control]: 	State:
[gazebo-4] [INFO] [1786527599.465155024] [gz_ros_control]: 		 position
[gazebo-4] [INFO] [1786527599.465156486] [gz_ros_control]: 			 found initial value: 0.000000
[gazebo-4] [INFO] [1786527599.465158175] [gz_ros_control]: 		 velocity
[gazebo-4] [INFO] [1786527599.465160608] [gz_ros_control]: 		 effort
[gazebo-4] [INFO] [1786527599.465162119] [gz_ros_control]: 	Command:
[gazebo-4] [INFO] [1786527599.465163575] [gz_ros_control]: 		 position
[gazebo-4] [INFO] [1786527599.465176970] [gz_ros_control]: 		 velocity
[gazebo-4] [INFO] [1786527599.465281341] [controller_manager]: Initialize hardware 'UR5eSystem' 
[gazebo-4] [WARN] [1786527599.465289008] [controller_manager.hardware_component.system.UR5eSystem]: Executor is not available during hardware component initialization for 'UR5eSystem'. Skipping node creation!
[gazebo-4] [INFO] [1786527599.465320264] [controller_manager]: Successful initialization of hardware 'UR5eSystem'
[gazebo-4] [INFO] [1786527599.465390005] [controller_manager]: Activating component 'UR5eSystem'.
[gazebo-4] [INFO] [1786527599.465396194] [resource_manager]: 'configure' hardware 'UR5eSystem' 
[gazebo-4] [INFO] [1786527599.465400399] [gz_ros_control]: System Successfully configured!
[gazebo-4] [INFO] [1786527599.465408756] [resource_manager]: Successful 'configure' of hardware 'UR5eSystem'
[gazebo-4] [INFO] [1786527599.465415150] [resource_manager]: 'activate' hardware 'UR5eSystem' 
[gazebo-4] [INFO] [1786527599.465427393] [resource_manager]: Successful 'activate' of hardware 'UR5eSystem'
[gazebo-4] [INFO] [1786527599.465482779] [controller_manager]: Activating component 'RobotiqGripperHardware'.
[gazebo-4] [INFO] [1786527599.465486138] [resource_manager]: 'configure' hardware 'RobotiqGripperHardware' 
[gazebo-4] [INFO] [1786527599.465487321] [gz_ros_control]: System Successfully configured!
[gazebo-4] [INFO] [1786527599.465489289] [resource_manager]: Successful 'configure' of hardware 'RobotiqGripperHardware'
[gazebo-4] [INFO] [1786527599.465491310] [resource_manager]: 'activate' hardware 'RobotiqGripperHardware' 
[gazebo-4] [INFO] [1786527599.465492912] [resource_manager]: Successful 'activate' of hardware 'RobotiqGripperHardware'
[gazebo-4] [WARN] [1786527599.465509422] [controller_manager]: Component 'UR5eSystem' does not have read or write statistics initialized, skipping registration.
[gazebo-4] [WARN] [1786527599.465511966] [controller_manager]: Component 'RobotiqGripperHardware' does not have read or write statistics initialized, skipping registration.
[gazebo-4] [INFO] [1786527599.465515745] [controller_manager]: Resource Manager has been successfully initialized. Starting Controller Manager services...
[spawner-2] [INFO] [1786527599.650470596] [spawner_joint_state_broadcaster]: Setting controller param "params_file" to "['/tmp/launch_params_nz5xmnvo']" for joint_state_broadcaster
[gazebo-4] [INFO] [1786527599.651545976] [controller_manager]: Loading controller : 'joint_state_broadcaster' of type 'joint_state_broadcaster/JointStateBroadcaster'
[gazebo-4] [INFO] [1786527599.651581979] [controller_manager]: Loading controller 'joint_state_broadcaster'
[gazebo-4] [INFO] [1786527599.654582533] [controller_manager]: Controller 'joint_state_broadcaster' node arguments: --ros-args --params-file /home/user/ur5e_ws/install/ur5e_robotiq_description/share/ur5e_robotiq_description/config/controllers.yaml -p use_sim_time:=true --params-file /tmp/launch_params_nz5xmnvo --param use_sim_time:=true 
[spawner-2] [INFO] [1786527599.663527026] [spawner_joint_state_broadcaster]: Loaded joint_state_broadcaster
[gazebo-4] [INFO] [1786527599.664311123] [controller_manager]: Configuring controller: 'joint_state_broadcaster'
[gazebo-4] [INFO] [1786527599.664411024] [joint_state_broadcaster]: 'joints' or 'interfaces' parameter is empty. All available state interfaces will be published
[gazebo-4] [INFO] [1786527599.672660667] [controller_manager]: Activating controllers: [ joint_state_broadcaster ]
[gazebo-4] [1;31m[Err] [SystemLoader.cc:92] [0m[1;31mFailed to load system plugin [[0m[1;31mJointCmdProbe[0m[1;31m] : Could not find shared library.[0m[1;31m[0m
[gazebo-4] [1;36m[Dbg] [SystemManager.cc:80] [0m[1;36mLoaded system [[0m[1;36mgz::sim::systems::SceneBroadcaster[0m[1;36m] for entity [[0m[1;36m1[0m[1;36m][0m[1;36m[0m
[gazebo-4] [1;36m[Dbg] [SystemManager.cc:80] [0m[1;36mLoaded system [[0m[1;36mgz::sim::systems::Contact[0m[1;36m] for entity [[0m[1;36m1[0m[1;36m][0m[1;36m[0m
[gazebo-4] [1;32m[Msg] [0m[1;32mLoaded level [[0m[1;32mdefault[0m[1;32m][0m[1;32m[0m
[gazebo-4] [1;32m[Msg] [0m[1;32mServing world controls on [[0m[1;32m/world/empty[0m[1;32m/control], [[0m[1;32m/world/empty[0m[1;32m/control/state] and [[0m[1;32m/world/empty[0m[1;32m/playback/control][0m[1;32m[0m
[gazebo-4] [1;32m[Msg] [0m[1;32mServing GUI information on [[0m[1;32m/world/empty[0m[1;32m/[0m[1;32mgui/info[0m[1;32m][0m[1;32m[0m
[gazebo-4] [1;32m[Msg] [0m[1;32mWorld [[0m[1;32mempty[0m[1;32m] initialized with [[0m[1;32m1ms[0m[1;32m] physics profile.[0m[1;32m[0m
[gazebo-4] [1;32m[Msg] [0m[1;32mServing world SDF generation service on [[0m[1;32m/world/empty[0m[1;32m/[0m[1;32mgenerate_world_sdf[0m[1;32m][0m[1;32m[0m
[gazebo-4] [1;32m[Msg] [0m[1;32mServing world names on [[0m[1;32m/gazebo/worlds[0m[1;32m][0m[1;32m[0m
[gazebo-4] [1;32m[Msg] [0m[1;32mResource path add service on [[0m[1;32m/gazebo/resource_paths/add[0m[1;32m].[0m[1;32m[0m
[gazebo-4] [1;32m[Msg] [0m[1;32mResource path get service on [[0m[1;32m/gazebo/resource_paths/get[0m[1;32m].[0m[1;32m[0m
[gazebo-4] [1;32m[Msg] [0m[1;32mResource path resolve service on [[0m[1;32m/gazebo/resource_paths/resolve[0m[1;32m].[0m[1;32m[0m
[gazebo-4] [1;32m[Msg] [0m[1;32mResource paths published on [[0m[1;32m/gazebo/resource_paths[0m[1;32m].[0m[1;32m[0m
[gazebo-4] [1;32m[Msg] [0m[1;32mServer control service on [[0m[1;32m/server_control[0m[1;32m].[0m[1;32m[0m
[gazebo-4] [1;32m[Msg] [0m[1;32mFound no publishers on /stats, adding root stats topic[0m[1;32m[0m
[gazebo-4] [1;32m[Msg] [0m[1;32mFound no publishers on /clock, adding root clock topic[0m[1;32m[0m
[gazebo-4] [1;36m[Dbg] [SimulationRunner.cc:551] [0m[1;36mCreating PostUpdate worker threads: [0m[1;36m3[0m[1;36m[0m
[gazebo-4] [1;36m[Dbg] [SimulationRunner.cc:562] [0m[1;36mCreating postupdate worker thread ([0m[1;36m0[0m[1;36m)[0m[1;36m[0m
[gazebo-4] [1;36m[Dbg] [SimulationRunner.cc:562] [0m[1;36mCreating postupdate worker thread ([0m[1;36m1[0m[1;36m)[0m[1;36m[0m
[gazebo-4] [1;36m[Dbg] [UserCommands.cc:1094] [0m[1;36mCreated entity [[0m[1;36m10[0m[1;36m] named [[0m[1;36mtable[0m[1;36m][0m[1;36m[0m
[gazebo-4] [1;36m[Dbg] [SystemManager.cc:80] [0m[1;36mLoaded system [[0m[1;36mgz_ros2_control::GazeboSimROS2ControlPlugin[0m[1;36m] for entity [[0m[1;36m14[0m[1;36m][0m[1;36m[0m
[gazebo-4] [1;36m[Dbg] [SystemManager.cc:80] [0m[1;36mLoaded system [[0m[1;36mgz::sim::systems::JointStatePublisher[0m[1;36m] for entity [[0m[1;36m14[0m[1;36m][0m[1;36m[0m
[gazebo-4] [1;36m[Dbg] [UserCommands.cc:1094] [0m[1;36mCreated entity [[0m[1;36m14[0m[1;36m] named [[0m[1;36mur5e_robotiq[0m[1;36m][0m[1;36m[0m
[gazebo-4] [1;36m[Dbg] [SDFFeatures.cc:332] [0m[1;36mMesh construction from an SDF has not been implemented yet for [0m[1;36mdartsim. Use AttachMeshShapeFeature to use mesh shapes.[0m
[gazebo-4] [1;36m[Dbg] [SDFFeatures.cc:864] [0m[1;36mThe geometry element of collision [[0m[1;36mbase_link_inertia_collision[0m[1;36m] [0m[1;36mcouldn't be created[0m
[gazebo-4] [1;36m[Dbg] [SDFFeatures.cc:332] [0m[1;36mMesh construction from an SDF has not been implemented yet for [0m[1;36mdartsim. Use AttachMeshShapeFeature to use mesh shapes.[0m
[gazebo-4] [1;36m[Dbg] [SDFFeatures.cc:864] [0m[1;36mThe geometry element of collision [[0m[1;36mshoulder_link_collision[0m[1;36m] [0m[1;36mcouldn't be created[0m
[gazebo-4] [1;36m[Dbg] [SDFFeatures.cc:332] [0m[1;36mMesh construction from an SDF has not been implemented yet for [0m[1;36mdartsim. Use AttachMeshShapeFeature to use mesh shapes.[0m
[gazebo-4] [1;36m[Dbg] [SDFFeatures.cc:864] [0m[1;36mThe geometry element of collision [[0m[1;36mupper_arm_link_collision[0m[1;36m] [0m[1;36mcouldn't be created[0m
[gazebo-4] [1;36m[Dbg] [SDFFeatures.cc:332] [0m[1;36mMesh construction from an SDF has not been implemented yet for [0m[1;36mdartsim. Use AttachMeshShapeFeature to use mesh shapes.[0m
[gazebo-4] [1;36m[Dbg] [SDFFeatures.cc:864] [0m[1;36mThe geometry element of collision [[0m[1;36mforearm_link_collision[0m[1;36m] [0m[1;36mcouldn't be created[0m
[gazebo-4] [1;36m[Dbg] [SDFFeatures.cc:332] [0m[1;36mMesh construction from an SDF has not been implemented yet for [0m[1;36mdartsim. Use AttachMeshShapeFeature to use mesh shapes.[0m
[gazebo-4] [1;36m[Dbg] [SDFFeatures.cc:864] [0m[1;36mThe geometry element of collision [[0m[1;36mwrist_1_link_collision[0m[1;36m] [0m[1;36mcouldn't be created[0m
[gazebo-4] [1;36m[Dbg] [SDFFeatures.cc:332] [0m[1;36mMesh construction from an SDF has not been implemented yet for [0m[1;36mdartsim. Use AttachMeshShapeFeature to use mesh shapes.[0m
[gazebo-4] [1;36m[Dbg] [SDFFeatures.cc:864] [0m[1;36mThe geometry element of collision [[0m[1;36mwrist_2_link_collision[0m[1;36m] [0m[1;36mcouldn't be created[0m
[gazebo-4] [1;36m[Dbg] [SDFFeatures.cc:332] [0m[1;36mMesh construction from an SDF has not been implemented yet for [0m[1;36mdartsim. Use AttachMeshShapeFeature to use mesh shapes.[0m
[gazebo-4] [1;36m[Dbg] [SDFFeatures.cc:864] [0m[1;36mThe geometry element of collision [[0m[1;36mwrist_3_link_collision[0m[1;36m] [0m[1;36mcouldn't be created[0m
[gazebo-4] [1;36m[Dbg] [SDFFeatures.cc:332] [0m[1;36mMesh construction from an SDF has not been implemented yet for [0m[1;36mdartsim. Use AttachMeshShapeFeature to use mesh shapes.[0m
[gazebo-4] [1;36m[Dbg] [SDFFeatures.cc:864] [0m[1;36mThe geometry element of collision [[0m[1;36mwrist_3_link_fixed_joint_lump__ur_to_robotiq_link_collision_1[0m[1;36m] [0m[1;36mcouldn't be created[0m
[gazebo-4] [1;36m[Dbg] [SDFFeatures.cc:332] [0m[1;36mMesh construction from an SDF has not been implemented yet for [0m[1;36mdartsim. Use AttachMeshShapeFeature to use mesh shapes.[0m
[gazebo-4] [1;36m[Dbg] [SDFFeatures.cc:864] [0m[1;36mThe geometry element of collision [[0m[1;36mwrist_3_link_fixed_joint_lump__robotiq_85_base_link_collision_2[0m[1;36m] [0m[1;36mcouldn't be created[0m
[gazebo-4] [1;36m[Dbg] [SDFFeatures.cc:332] [0m[1;36mMesh construction from an SDF has not been implemented yet for [0m[1;36mdartsim. Use AttachMeshShapeFeature to use mesh shapes.[0m
[gazebo-4] [1;36m[Dbg] [SDFFeatures.cc:864] [0m[1;36mThe geometry element of collision [[0m[1;36mrobotiq_85_left_inner_knuckle_link_collision[0m[1;36m] [0m[1;36mcouldn't be created[0m
[gazebo-4] [1;36m[Dbg] [SDFFeatures.cc:332] [0m[1;36mMesh construction from an SDF has not been implemented yet for [0m[1;36mdartsim. Use AttachMeshShapeFeature to use mesh shapes.[0m
[gazebo-4] [1;36m[Dbg] [SDFFeatures.cc:864] [0m[1;36mThe geometry element of collision [[0m[1;36mrobotiq_85_left_knuckle_link_collision[0m[1;36m] [0m[1;36mcouldn't be created[0m
[gazebo-4] [1;36m[Dbg] [SDFFeatures.cc:332] [0m[1;36mMesh construction from an SDF has not been implemented yet for [0m[1;36mdartsim. Use AttachMeshShapeFeature to use mesh shapes.[0m
[gazebo-4] [1;36m[Dbg] [SDFFeatures.cc:864] [0m[1;36mThe geometry element of collision [[0m[1;36mrobotiq_85_left_knuckle_link_fixed_joint_lump__robotiq_85_left_finger_link_collision_1[0m[1;36m] [0m[1;36mcouldn't be created[0m
[gazebo-4] [1;36m[Dbg] [SDFFeatures.cc:332] [0m[1;36mMesh construction from an SDF has not been implemented yet for [0m[1;36mdartsim. Use AttachMeshShapeFeature to use mesh shapes.[0m
[gazebo-4] [1;36m[Dbg] [SDFFeatures.cc:864] [0m[1;36mThe geometry element of collision [[0m[1;36mrobotiq_85_left_knuckle_link_fixed_joint_lump__robotiq_85_left_finger_tip_link_collision_2[0m[1;36m] [0m[1;36mcouldn't be created[0m
[gazebo-4] [1;36m[Dbg] [SDFFeatures.cc:332] [0m[1;36mMesh construction from an SDF has not been implemented yet for [0m[1;36mdartsim. Use AttachMeshShapeFeature to use mesh shapes.[0m
[gazebo-4] [1;36m[Dbg] [SDFFeatures.cc:864] [0m[1;36mThe geometry element of collision [[0m[1;36mrobotiq_85_right_inner_knuckle_link_collision[0m[1;36m] [0m[1;36mcouldn't be created[0m
[gazebo-4] [1;36m[Dbg] [SDFFeatures.cc:332] [0m[1;36mMesh construction from an SDF has not been implemented yet for [0m[1;36mdartsim. Use AttachMeshShapeFeature to use mesh shapes.[0m
[gazebo-4] [1;31m[Err] [Physics.cc:1808] [0m[1;31mAttempting to create a mimic constraint for joint [[0m[1;31mrobotiq_85_left_inner_knuckle_joint[0m[1;31m] but the chosen physics engine does not support [0m[1;31mmimic constraints, so no constraint will be [0m[1;31mcreated.[0m[1;31m[0m
[gazebo-4] [WARN] [1786527600.382155860] [gz_ros_control]:  Desired controller update period (0.002 s) is slower than the gazebo simulation period (0.001 s).
[gazebo-4] [INFO] [1786527600.382852705] [controller_manager]: Successfully switched controllers!
[spawner-2] [INFO] [1786527600.384915619] [spawner_joint_state_broadcaster]: Configured and activated joint_state_broadcaster
[INFO] [spawner-2]: process has finished cleanly [pid 2009]
[INFO] [spawner-7]: process started with pid [2175]
[spawner-7] [INFO] [1786527600.854510367] [spawner_arm_controller]: waiting for service /controller_manager/list_controllers to become available...
[spawner-7] [INFO] [1786527602.862126984] [spawner_arm_controller]: Setting controller param "params_file" to "['/tmp/launch_params_v_zjt0fe']" for arm_controller
[gazebo-4] [INFO] [1786527602.863501230] [controller_manager]: Loading controller : 'arm_controller' of type 'joint_trajectory_controller/JointTrajectoryController'
[gazebo-4] [INFO] [1786527602.863555785] [controller_manager]: Loading controller 'arm_controller'
[gazebo-4] [INFO] [1786527602.868064728] [controller_manager]: Controller 'arm_controller' node arguments: --ros-args --params-file /home/user/ur5e_ws/install/ur5e_robotiq_description/share/ur5e_robotiq_description/config/controllers.yaml -p use_sim_time:=true --params-file /tmp/launch_params_v_zjt0fe --param use_sim_time:=true 
[spawner-7] [INFO] [1786527602.899949498] [spawner_arm_controller]: Loaded arm_controller
[gazebo-4] [INFO] [1786527602.901186736] [controller_manager]: Configuring controller: 'arm_controller'
[gazebo-4] [WARN] [1786527602.901324486] [arm_controller]: [deprecated] 'open_loop_control' parameter is deprecated. Instead, set the feedback gains to zero and use 'interpolate_from_desired_state' parameter
[gazebo-4] [INFO] [1786527602.901462149] [arm_controller]: No specific joint names are used for command interfaces. Using 'joints' parameter.
[gazebo-4] [INFO] [1786527602.901481564] [arm_controller]: Command interfaces are [position] and state interfaces are [position velocity].
[gazebo-4] [INFO] [1786527602.901503564] [arm_controller]: Using 'splines' interpolation method.
[gazebo-4] [INFO] [1786527602.904466901] [arm_controller]: Action status changes will be monitored at 20.00 Hz.
[gazebo-4] [INFO] [1786527602.911730358] [arm_controller]: Setting initial scaling factor to 1.000000
[gazebo-4] [INFO] [1786527602.911771575] [arm_controller]: No scaling interface set. This controller will not read speed scaling from the hardware.
[gazebo-4] [INFO] [1786527602.914165502] [controller_manager]: Activating controllers: [ arm_controller ]
[gazebo-4] [INFO] [1786527602.914883280] [controller_manager]: Successfully switched controllers!
[spawner-7] [INFO] [1786527602.917734030] [spawner_arm_controller]: Configured and activated arm_controller
[INFO] [spawner-7]: process has finished cleanly [pid 2175]
[INFO] [spawner-8]: process started with pid [2234]
[gazebo-4] [1;36m[Dbg] [SDFFeatures.cc:864] [0m[1;36mThe geometry element of collision [[0m[1;36mrobotiq_85_right_knuckle_link_collision[0m[1;36m] [0m[1;36mcouldn't be created[0m
[gazebo-4] [1;36m[Dbg] [SDFFeatures.cc:332] [0m[1;36mMesh construction from an SDF has not been implemented yet for [0m[1;36mdartsim. Use AttachMeshShapeFeature to use mesh shapes.[0m
[gazebo-4] [1;36m[Dbg] [SDFFeatures.cc:864] [0m[1;36mThe geometry element of collision [[0m[1;36mrobotiq_85_right_knuckle_link_fixed_joint_lump__robotiq_85_right_finger_link_collision_1[0m[1;36m] [0m[1;36mcouldn't be created[0m
[gazebo-4] [1;36m[Dbg] [SDFFeatures.cc:332] [0m[1;36mMesh construction from an SDF has not been implemented yet for [0m[1;36mdartsim. Use AttachMeshShapeFeature to use mesh shapes.[0m
[gazebo-4] [1;36m[Dbg] [SDFFeatures.cc:864] [0m[1;36mThe geometry element of collision [[0m[1;36mrobotiq_85_right_knuckle_link_fixed_joint_lump__robotiq_85_right_finger_tip_link_collision_2[0m[1;36m] [0m[1;36mcouldn't be created[0m
[gazebo-4] [1;32m[Msg] [0m[1;32mServing scene information on [[0m[1;32m/world/empty[0m[1;32m/[0m[1;32mscene/info[0m[1;32m][0m[1;32m[0m
[gazebo-4] [1;32m[Msg] [0m[1;32mServing graph information on [[0m[1;32m/world/empty[0m[1;32m/[0m[1;32mscene/graph[0m[1;32m][0m[1;32m[0m
[gazebo-4] [1;32m[Msg] [0m[1;32mServing full state on [[0m[1;32m/world/empty[0m[1;32m/[0m[1;32mstate[0m[1;32m][0m[1;32m[0m
[gazebo-4] [1;32m[Msg] [0m[1;32mServing full state (async) on [[0m[1;32m/world/empty[0m[1;32m/[0m[1;32mstate_async[0m[1;32m][0m[1;32m[0m
[gazebo-4] [1;32m[Msg] [0m[1;32mPublishing scene information on [[0m[1;32m/world/empty/scene/info[0m[1;32m][0m[1;32m[0m
[gazebo-4] [1;32m[Msg] [0m[1;32mPublishing entity deletions on [[0m[1;32m/world/empty/scene/deletion[0m[1;32m][0m[1;32m[0m
[gazebo-4] [1;32m[Msg] [0m[1;32mPublishing state changes on [[0m[1;32m/world/empty/state[0m[1;32m][0m[1;32m[0m
[gazebo-4] [1;32m[Msg] [0m[1;32mPublishing pose messages on [[0m[1;32m/world/empty[0m[1;32m/[0m[1;32mpose/info[0m[1;32m][0m[1;32m[0m
[gazebo-4] [1;32m[Msg] [0m[1;32mPublishing dynamic pose messages on [[0m[1;32m/world/empty[0m[1;32m/[0m[1;32mdynamic_pose/info[0m[1;32m][0m[1;32m[0m
[gazebo-4] [1;36m[Dbg] [SimulationRunner.cc:578] [0m[1;36mExiting postupdate worker thread ([0m[1;36m0[0m[1;36m)[0m[1;36m[0m
[gazebo-4] [1;36m[Dbg] [SimulationRunner.cc:578] [0m[1;36mExiting postupdate worker thread ([0m[1;36m1[0m[1;36m)[0m[1;36m[0m
[gazebo-4] [1;36m[Dbg] [SimulationRunner.cc:551] [0m[1;36mCreating PostUpdate worker threads: [0m[1;36m5[0m[1;36m[0m
[gazebo-4] [1;36m[Dbg] [SimulationRunner.cc:562] [0m[1;36mCreating postupdate worker thread ([0m[1;36m0[0m[1;36m)[0m[1;36m[0m
[gazebo-4] [1;36m[Dbg] [SimulationRunner.cc:562] [0m[1;36mCreating postupdate worker thread ([0m[1;36m1[0m[1;36m)[0m[1;36m[0m
[gazebo-4] [1;36m[Dbg] [SimulationRunner.cc:562] [0m[1;36mCreating postupdate worker thread ([0m[1;36m2[0m[1;36m)[0m[1;36m[0m
[gazebo-4] [1;36m[Dbg] [SimulationRunner.cc:562] [0m[1;36mCreating postupdate worker thread ([0m[1;36m3[0m[1;36m)[0m[1;36m[0m
[spawner-8] [INFO] [1786527603.398355397] [spawner_gripper_controller]: waiting for service /controller_manager/list_controllers to become available...
[spawner-8] [INFO] [1786527604.405160643] [spawner_gripper_controller]: Setting controller param "params_file" to "['/tmp/launch_params_nf8q4efh']" for gripper_controller
[gazebo-4] [INFO] [1786527604.406573016] [controller_manager]: Loading controller : 'gripper_controller' of type 'position_controllers/GripperActionController'
[gazebo-4] [INFO] [1786527604.406602094] [controller_manager]: Loading controller 'gripper_controller'
[gazebo-4] [INFO] [1786527604.408756599] [controller_manager]: Controller 'gripper_controller' node arguments: --ros-args --params-file /home/user/ur5e_ws/install/ur5e_robotiq_description/share/ur5e_robotiq_description/config/controllers.yaml -p use_sim_time:=true --params-file /tmp/launch_params_nf8q4efh --param use_sim_time:=true 
[gazebo-4] [WARN] [1786527604.421991659] [gripper_controller]: [Deprecated]: the `position_controllers/GripperActionController` and `effort_controllers::GripperActionController` controllers are replaced by 'parallel_gripper_controllers/GripperActionController' controller
[spawner-8] [INFO] [1786527604.425284618] [spawner_gripper_controller]: Loaded gripper_controller
[gazebo-4] [INFO] [1786527604.427341965] [controller_manager]: Configuring controller: 'gripper_controller'
[gazebo-4] [INFO] [1786527604.427453448] [gripper_controller]: Action status changes will be monitored at 20.000000 Hz.
[gazebo-4] [INFO] [1786527604.431473722] [controller_manager]: Activating controllers: [ gripper_controller ]
[gazebo-4] [INFO] [1786527604.438996159] [controller_manager]: Successfully switched controllers!
[spawner-8] [INFO] [1786527604.442096661] [spawner_gripper_controller]: Configured and activated gripper_controller
[INFO] [spawner-8]: process has finished cleanly [pid 2234]
[INFO] [ros2-9]: process started with pid [2270]
[ros2-9] Waiting for an action server to become available...
[ros2-9] Sending goal:
[ros2-9]      command:
[ros2-9]   position: 0.0
[ros2-9]   max_effort: 50.0
[ros2-9] 
[gazebo-4] [INFO] [1786527605.862732228] [gripper_controller]: Received & accepted new action goal
[ros2-9] Goal accepted with ID: bc368e625f9c464aadea077896ff9185
[ros2-9] 
[ros2-9] Result:
[ros2-9]     position: 0.348483122602558
[ros2-9] effort: 50.0
[ros2-9] stalled: true
[ros2-9] reached_goal: false
[ros2-9] 
[ros2-9] Goal finished with status: SUCCEEDED
[INFO] [ros2-9]: process has finished cleanly [pid 2270]
[gazebo-4] [INFO] [1786527612.994989531] [gripper_controller]: Received & accepted new action goal
[gazebo-4] [1;36m[Dbg] [UserCommands.cc:1094] [0m[1;36mCreated entity [[0m[1;36m71[0m[1;36m] named [[0m[1;36mpick_target[0m[1;36m][0m[1;36m[0m
[gazebo-4] [INFO] [1786527615.114683551] [gripper_controller]: Received & accepted new action goal
[gazebo-4] [INFO] [1786527617.170697671] [gripper_controller]: Received & accepted new action goal
[gazebo-4] [INFO] [1786527618.418863782] [arm_controller]: Received new action goal
[gazebo-4] [INFO] [1786527618.418995879] [arm_controller]: Accepted new action goal
[gazebo-4] [INFO] [1786527631.348895807] [arm_controller]: Goal reached, success!
[gazebo-4] [INFO] [1786527631.377116144] [gripper_controller]: Received & accepted new action goal
[gazebo-4] [INFO] [1786527632.377767990] [gripper_controller]: Received & accepted new action goal
[gazebo-4] [INFO] [1786527632.431584887] [arm_controller]: Received new action goal
[gazebo-4] [INFO] [1786527632.431622725] [arm_controller]: Accepted new action goal
[gazebo-4] [INFO] [1786527634.391014977] [arm_controller]: Goal reached, success!
[gazebo-4] [INFO] [1786527635.057972508] [gripper_controller]: Received & accepted new action goal
[gazebo-4] [INFO] [1786527636.008982748] [gripper_controller]: Received & accepted new action goal
[gazebo-4] [INFO] [1786527636.365699054] [arm_controller]: Received new action goal
[gazebo-4] [INFO] [1786527636.365741690] [arm_controller]: Accepted new action goal
[gazebo-4] [INFO] [1786527639.745523630] [arm_controller]: Goal reached, success!
[gazebo-4] [INFO] [1786527643.082088701] [arm_controller]: Received new action goal
[gazebo-4] [INFO] [1786527643.082133387] [arm_controller]: Accepted new action goal
[gazebo-4] [INFO] [1786527648.477936107] [arm_controller]: Goal reached, success!
[gazebo-4] [INFO] [1786527651.621107254] [arm_controller]: Received new action goal
[gazebo-4] [INFO] [1786527651.621144788] [arm_controller]: Accepted new action goal
[gazebo-4] [INFO] [1786527654.675124587] [arm_controller]: Goal reached, success!
[gazebo-4] [INFO] [1786527654.724426153] [gripper_controller]: Received & accepted new action goal
[gazebo-4] [INFO] [1786527655.875080008] [gripper_controller]: Received & accepted new action goal
[gazebo-4] [INFO] [1786527655.930035864] [arm_controller]: Received new action goal
[gazebo-4] [INFO] [1786527655.930075643] [arm_controller]: Accepted new action goal
[gazebo-4] [INFO] [1786527657.848610332] [arm_controller]: Goal reached, success!
[gazebo-4] [INFO] [1786527662.766895519] [gripper_controller]: Received & accepted new action goal
[gazebo-4] [INFO] [1786527664.949401405] [gripper_controller]: Received & accepted new action goal
[gazebo-4] [INFO] [1786527665.997283399] [gripper_controller]: Received & accepted new action goal
