[INFO] [launch]: All log files can be found below /home/sachin/.ros/log/2026-08-09-12-42-10-727452-Sachin-5624
[INFO] [launch]: Default logging verbosity is set to INFO
[INFO] [static_scene_tf-1]: process started with pid [5627]
[INFO] [m3_grasp-2]: process started with pid [5628]
[static_scene_tf-1] [0m[INFO] [1786272130.976168320] [static_scene_tf]: published static frames: world->object_frame (pick_pose), object_frame->grasp_frame (approach_axis=[0.000 0.000 -1.000] roll=0.000), tool0->grasp_tcp (tcp_offset=0.1204)[0m
[m3_grasp-2] [0m[INFO] [1786272131.002581275] [m3_grasp]: GRASP MODE: friction (physics)[0m
[m3_grasp-2] [0m[INFO] [1786272131.002679931] [m3_grasp]: pad-centre-corrected offset: tcp_offset=0.120405 + pad_centre_offset=0.000000 = 0.120405 m (NOT YET LIVE-VERIFIED direction -- see file header)[0m
[m3_grasp-2] [0m[INFO] [1786272131.096661511] [m3_grasp]: base-pose guard OK: 'base_link' matches scene.yaml within tolerance (pos error 0.00000 m, angle error 0.00000 rad)[0m
[m3_grasp-2] [33m[WARN] [1786272131.128662212] [rcl.logging_rosout]: Publisher already registered for node name: 'm3_grasp'. If this is due to multiple nodes with the same name then all logs for the logger named 'm3_grasp' will go out over the existing publisher. As soon as any node with that name is destructed it will unregister the publisher, preventing any further logs for that name from being published on the rosout topic.[0m
[m3_grasp-2] [0m[INFO] [1786272131.140142540] [m3_grasp.moveit.ros.rdf_loader]: Loaded robot model in 0.002 seconds[0m
[m3_grasp-2] [0m[INFO] [1786272131.140212801] [m3_grasp.moveit.core.robot_model]: Loading robot model 'ur5e_robotiq'...[0m
[m3_grasp-2] [0m[INFO] [1786272131.140239774] [m3_grasp.moveit.core.robot_model]: No root/virtual joint specified in SRDF. Assuming fixed joint[0m
[m3_grasp-2] [0m[INFO] [1786272131.157161007] [m3_grasp.moveit.kinematics.kdl_kinematics_plugin]: Joint weights for group 'arm': 1 1 1 1 1 1[0m
[m3_grasp-2] [0m[INFO] [1786272132.084954036] [m3_grasp.moveit.ros.move_group_interface]: Ready to take commands for planning group arm.[0m
[m3_grasp-2] [0m[INFO] [1786272132.084999358] [m3_grasp]: pre-grasp tool0 target (world): [0.4500 -0.1500 1.0154]  grasp tool0 target: [0.4500 -0.1500 0.9154]  (corrected_offset=0.120405)[0m
[m3_grasp-2] [0m[INFO] [1786272132.085075682] [m3_grasp.moveit.ros.move_group_interface]: MoveGroup action client/server ready[0m
[m3_grasp-2] [0m[INFO] [1786272132.148835120] [m3_grasp.moveit.ros.move_group_interface]: Planning request accepted[0m
[m3_grasp-2] [0m[INFO] [1786272132.149247576] [m3_grasp.moveit.ros.move_group_interface]: Planning request complete![0m
[m3_grasp-2] [0m[INFO] [1786272132.149613087] [m3_grasp.moveit.ros.move_group_interface]: time taken to generate plan: 0.0192335 seconds[0m
[m3_grasp-2] [0m[INFO] [1786272132.150182352] [m3_grasp.moveit.ros.move_group_interface]: Execute request accepted[0m
[m3_grasp-2] [0m[INFO] [1786272134.003511977] [m3_grasp.moveit.ros.move_group_interface]: Execute request success![0m
[m3_grasp-2] [0m[INFO] [1786272134.005847080] [m3_grasp]: computeCartesianPath fraction achieved: 1.0000 (need > 0.9500)[0m
[m3_grasp-2] [0m[INFO] [1786272134.005890680] [m3_grasp]: executing Cartesian descent to grasp target...[0m
[m3_grasp-2] [0m[INFO] [1786272134.006143105] [m3_grasp.moveit.ros.move_group_interface]: Execute request accepted[0m
[m3_grasp-2] [0m[INFO] [1786272136.008055341] [m3_grasp.moveit.ros.move_group_interface]: Execute request success![0m
[m3_grasp-2] [0m[INFO] [1786272136.008283505] [m3_grasp]: execution reported SUCCESS[0m
[m3_grasp-2] [0m[INFO] [1786272137.314833347] [m3_grasp]: gripper_close_and_hold: STALLED in achieved=0.3631 rad (target was 0.8000)[0m
[m3_grasp-2] [0m[INFO] [1786272137.314928055] [m3_grasp]: grasp-success check: achieved=0.3631 expected=0.4055 (width=0.0450m) |err|=0.0424 tolerance=0.0235 -> OUTSIDE TOLERANCE[0m
[m3_grasp-2] [31m[ERROR] [1786272137.315034324] [m3_grasp]: GRIPPER_GOAL_REJECTED: achieved angle 0.3631 rad is 0.0424 rad from the table's expected 0.4055 rad for a 0.0450m object (tolerance 0.0235) — not treating this as a successful grasp, aborting the cycle.[0m
[m3_grasp-2] [0m[INFO] [1786272137.919254146] [m3_grasp]: ground-truth grasp_tcp (Gazebo, not TF): [0.4577 -0.1553 0.8376]  error vs commanded: 0.0436 m[0m
[m3_grasp-2] [0m[INFO] [1786272137.919361254] [m3_grasp]: wrote evidence to m3_grasp_probe_zero_pad_offset.csv[0m
[m3_grasp-2] [0m[INFO] [1786272137.919404497] [m3_grasp]: RUN SUMMARY: milestone=M3 result=GRIPPER_GOAL_REJECTED cartesian_fraction=1.0000 executed=yes tcp_error_m=0.0436 ground_truth=yes gripper_result=STALLED achieved_grip_angle=0.3631 expected_grip_angle=0.4055 within_tolerance=no[0m
[ERROR] [m3_grasp-2]: process has died [pid 5628, exit code 1, cmd '/home/sachin/ur5e_ws/install/ur5e_pick_place/lib/ur5e_pick_place/m3_grasp --ros-args -r __node:=m3_grasp --params-file /tmp/launch_params_icglp8re --params-file /tmp/launch_params_1x_yegz1 --params-file /tmp/launch_params_ybc2m_8r --params-file /tmp/launch_params_wxr59cnd --params-file /tmp/launch_params_rz2qzscy --params-file /tmp/launch_params_sk_c5ai2'].
