[INFO] [launch]: All log files can be found below /home/user/.ros/log/2026-08-09-18-26-09-901702-Sachin-21549
[INFO] [launch]: Default logging verbosity is set to INFO
[INFO] [static_scene_tf-1]: process started with pid [21552]
[INFO] [m3_grasp-2]: process started with pid [21553]
[static_scene_tf-1] [0m[INFO] [1786292770.328380337] [static_scene_tf]: published static frames: world->object_frame (pick_pose), object_frame->grasp_frame (approach_axis=[0.000 0.000 -1.000] roll=0.000), tool0->grasp_tcp (tcp_offset=0.1204)[0m
[m3_grasp-2] [0m[INFO] [1786292770.397621101] [m3_grasp]: GRASP MODE: friction (physics)[0m
[m3_grasp-2] [0m[INFO] [1786292770.397850480] [m3_grasp]: pad-centre-corrected offset: tcp_offset=0.120405 + pad_centre_offset=0.013433 = 0.133838 m (NOT YET LIVE-VERIFIED direction -- see file header)[0m
[m3_grasp-2] [0m[INFO] [1786292770.593653149] [m3_grasp]: base-pose guard OK: 'base_link' matches scene.yaml within tolerance (pos error 0.00000 m, angle error 0.00000 rad)[0m
[m3_grasp-2] [33m[WARN] [1786292770.626597212] [rcl.logging_rosout]: Publisher already registered for node name: 'm3_grasp'. If this is due to multiple nodes with the same name then all logs for the logger named 'm3_grasp' will go out over the existing publisher. As soon as any node with that name is destructed it will unregister the publisher, preventing any further logs for that name from being published on the rosout topic.[0m
[m3_grasp-2] [0m[INFO] [1786292770.659553500] [m3_grasp.moveit.ros.rdf_loader]: Loaded robot model in 0.004 seconds[0m
[m3_grasp-2] [0m[INFO] [1786292770.659645422] [m3_grasp.moveit.core.robot_model]: Loading robot model 'ur5e_robotiq'...[0m
[m3_grasp-2] [0m[INFO] [1786292770.659680049] [m3_grasp.moveit.core.robot_model]: No root/virtual joint specified in SRDF. Assuming fixed joint[0m
[m3_grasp-2] [0m[INFO] [1786292770.681521065] [m3_grasp.moveit.kinematics.kdl_kinematics_plugin]: Joint weights for group 'arm': 1 1 1 1 1 1[0m
[m3_grasp-2] [0m[INFO] [1786292771.460633115] [m3_grasp.moveit.ros.move_group_interface]: Ready to take commands for planning group arm.[0m
[m3_grasp-2] [0m[INFO] [1786292771.460782378] [m3_grasp]: pre-grasp tool0 target (world): [0.4500 -0.1500 1.0063]  grasp tool0 target: [0.4500 -0.1500 0.9063]  (corrected_offset=0.133838)[0m
[m3_grasp-2] [0m[INFO] [1786292771.461240184] [m3_grasp.moveit.ros.move_group_interface]: MoveGroup action client/server ready[0m
[m3_grasp-2] [0m[INFO] [1786292771.498240900] [m3_grasp.moveit.ros.move_group_interface]: Planning request accepted[0m
[m3_grasp-2] [0m[INFO] [1786292771.506866013] [m3_grasp.moveit.ros.move_group_interface]: Planning request complete![0m
[m3_grasp-2] [0m[INFO] [1786292771.507882802] [m3_grasp.moveit.ros.move_group_interface]: time taken to generate plan: 0.0270501 seconds[0m
[m3_grasp-2] [0m[INFO] [1786292771.508527573] [m3_grasp.moveit.ros.move_group_interface]: Execute request accepted[0m
[m3_grasp-2] [0m[INFO] [1786292774.110325539] [m3_grasp.moveit.ros.move_group_interface]: Execute request success![0m
[m3_grasp-2] [0m[INFO] [1786292777.730886483] [m3_grasp]: pre-close: REACHED_GOAL in achieved=0.0960 rad (target was 0.1055, free air)[0m
[m3_grasp-2] [0m[INFO] [1786292777.735147768] [m3_grasp]: computeCartesianPath fraction achieved: 1.0000 (need > 0.9500)[0m
[m3_grasp-2] [0m[INFO] [1786292777.735457288] [m3_grasp]: executing Cartesian descent to grasp target...[0m
[m3_grasp-2] [0m[INFO] [1786292777.736206895] [m3_grasp.moveit.ros.move_group_interface]: Execute request accepted[0m
[m3_grasp-2] [0m[INFO] [1786292780.298796193] [m3_grasp.moveit.ros.move_group_interface]: Execute request success![0m
[m3_grasp-2] [0m[INFO] [1786292780.298864165] [m3_grasp]: execution reported SUCCESS[0m
[m3_grasp-2] [0m[INFO] [1786292785.526634833] [m3_grasp]: gripper_close_and_hold: TIMED_OUT_HELD in achieved=0.0909 rad (target was 0.8000)[0m
[m3_grasp-2] [0m[INFO] [1786292785.526706739] [m3_grasp]: grasp-success check: achieved=0.0909 expected=0.4055 (width=0.0450m) |err|=0.3147 tolerance=0.0235 -> OUTSIDE TOLERANCE[0m
[m3_grasp-2] [31m[ERROR] [1786292785.526761506] [m3_grasp]: GRIPPER_GOAL_REJECTED: achieved angle 0.0909 rad is 0.3147 rad from the table's expected 0.4055 rad for a 0.0450m object (tolerance 0.0235) — not treating this as a successful grasp, aborting the cycle.[0m
[m3_grasp-2] [0m[INFO] [1786292786.203621234] [m3_grasp]: ground-truth grasp_tcp (Gazebo, not TF): [0.4519 -0.1503 0.7800]  error vs commanded: 0.0077 m[0m
[m3_grasp-2] [0m[INFO] [1786292786.203777165] [m3_grasp]: wrote evidence to m3_grasp_watch2.csv[0m
[m3_grasp-2] [0m[INFO] [1786292786.203834009] [m3_grasp]: RUN SUMMARY: milestone=M3 result=GRIPPER_GOAL_REJECTED cartesian_fraction=1.0000 executed=yes tcp_error_m=0.0077 ground_truth=yes gripper_result=TIMED_OUT_HELD achieved_grip_angle=0.0909 expected_grip_angle=0.4055 within_tolerance=no preclose_result=REACHED_GOAL preclose_achieved=0.0960[0m
[ERROR] [m3_grasp-2]: process has died [pid 21553, exit code 1, cmd '/home/user/ur5e_ws/install/ur5e_pick_place/lib/ur5e_pick_place/m3_grasp --ros-args -r __node:=m3_grasp --params-file /tmp/launch_params_av5o5w3s --params-file /tmp/launch_params_27tv1oxy --params-file /tmp/launch_params_yhlle71j --params-file /tmp/launch_params_b5b1uc9c --params-file /tmp/launch_params_xnkj7iom --params-file /tmp/launch_params_1osxga1r'].
