[INFO] [launch]: All log files can be found below /home/user/.ros/log/2026-08-09-14-51-31-621109-Sachin-7843
[INFO] [launch]: Default logging verbosity is set to INFO
[INFO] [static_scene_tf-1]: process started with pid [7877]
[INFO] [m3_grasp-2]: process started with pid [7878]
[static_scene_tf-1] [0m[INFO] [1786279891.893270431] [static_scene_tf]: published static frames: world->object_frame (pick_pose), object_frame->grasp_frame (approach_axis=[0.000 0.000 -1.000] roll=0.000), tool0->grasp_tcp (tcp_offset=0.1204)[0m
[m3_grasp-2] [0m[INFO] [1786279891.919721717] [m3_grasp]: GRASP MODE: friction (physics)[0m
[m3_grasp-2] [0m[INFO] [1786279891.919887133] [m3_grasp]: pad-centre-corrected offset: tcp_offset=0.120405 + pad_centre_offset=0.013433 = 0.133838 m (NOT YET LIVE-VERIFIED direction -- see file header)[0m
[m3_grasp-2] [0m[INFO] [1786279892.040780775] [m3_grasp]: base-pose guard OK: 'base_link' matches scene.yaml within tolerance (pos error 0.00000 m, angle error 0.00000 rad)[0m
[m3_grasp-2] [33m[WARN] [1786279892.067771620] [rcl.logging_rosout]: Publisher already registered for node name: 'm3_grasp'. If this is due to multiple nodes with the same name then all logs for the logger named 'm3_grasp' will go out over the existing publisher. As soon as any node with that name is destructed it will unregister the publisher, preventing any further logs for that name from being published on the rosout topic.[0m
[m3_grasp-2] [0m[INFO] [1786279892.079353757] [m3_grasp.moveit.ros.rdf_loader]: Loaded robot model in 0.004 seconds[0m
[m3_grasp-2] [0m[INFO] [1786279892.079454651] [m3_grasp.moveit.core.robot_model]: Loading robot model 'ur5e_robotiq'...[0m
[m3_grasp-2] [0m[INFO] [1786279892.079473327] [m3_grasp.moveit.core.robot_model]: No root/virtual joint specified in SRDF. Assuming fixed joint[0m
[m3_grasp-2] [0m[INFO] [1786279892.103054866] [m3_grasp.moveit.kinematics.kdl_kinematics_plugin]: Joint weights for group 'arm': 1 1 1 1 1 1[0m
[m3_grasp-2] [0m[INFO] [1786279892.331968996] [m3_grasp.moveit.ros.move_group_interface]: Ready to take commands for planning group arm.[0m
[m3_grasp-2] [0m[INFO] [1786279892.332045049] [m3_grasp]: pre-grasp tool0 target (world): [0.4500 -0.1500 1.0288]  grasp tool0 target: [0.4500 -0.1500 0.9288]  (corrected_offset=0.133838)[0m
[m3_grasp-2] [0m[INFO] [1786279892.332200182] [m3_grasp.moveit.ros.move_group_interface]: MoveGroup action client/server ready[0m
[m3_grasp-2] [0m[INFO] [1786279892.334170325] [m3_grasp.moveit.ros.move_group_interface]: Planning request accepted[0m
[m3_grasp-2] [0m[INFO] [1786279892.365309108] [m3_grasp.moveit.ros.move_group_interface]: Planning request complete![0m
[m3_grasp-2] [0m[INFO] [1786279892.366193404] [m3_grasp.moveit.ros.move_group_interface]: time taken to generate plan: 0.0205901 seconds[0m
[m3_grasp-2] [0m[INFO] [1786279892.366849992] [m3_grasp.moveit.ros.move_group_interface]: Execute request accepted[0m
[m3_grasp-2] [0m[INFO] [1786279894.170108952] [m3_grasp.moveit.ros.move_group_interface]: Execute request success![0m
[m3_grasp-2] [0m[INFO] [1786279894.173016197] [m3_grasp]: computeCartesianPath fraction achieved: 1.0000 (need > 0.9500)[0m
[m3_grasp-2] [0m[INFO] [1786279894.173066702] [m3_grasp]: executing Cartesian descent to grasp target...[0m
[m3_grasp-2] [0m[INFO] [1786279894.173344711] [m3_grasp.moveit.ros.move_group_interface]: Execute request accepted[0m
[m3_grasp-2] [0m[INFO] [1786279896.176460655] [m3_grasp.moveit.ros.move_group_interface]: Execute request success![0m
[m3_grasp-2] [0m[INFO] [1786279896.177128482] [m3_grasp]: execution reported SUCCESS[0m
[m3_grasp-2] [0m[INFO] [1786279899.034887153] [m3_grasp]: gripper_close_and_hold: STALLED in achieved=0.3857 rad (target was 0.8000)[0m
[m3_grasp-2] [0m[INFO] [1786279899.034933317] [m3_grasp]: grasp-success check: achieved=0.3857 expected=0.4055 (width=0.0450m) |err|=0.0199 tolerance=0.0235 -> WITHIN TOLERANCE[0m
[m3_grasp-2] [0m[INFO] [1786279899.654517382] [m3_grasp]: ground-truth grasp_tcp (Gazebo, not TF): [0.4561 -0.1542 0.8270]  error vs commanded: 0.0329 m[0m
[m3_grasp-2] [0m[INFO] [1786279899.654695387] [m3_grasp]: wrote evidence to m3_grasp_probe_instrumented.csv[0m
[m3_grasp-2] [0m[INFO] [1786279899.654742846] [m3_grasp]: RUN SUMMARY: milestone=M3 result=SUCCESS cartesian_fraction=1.0000 executed=yes tcp_error_m=0.0329 ground_truth=yes gripper_result=STALLED achieved_grip_angle=0.3857 expected_grip_angle=0.4055 within_tolerance=yes[0m
[INFO] [m3_grasp-2]: process has finished cleanly [pid 7878]
