[INFO] [launch]: All log files can be found below /home/sachin/.ros/log/2026-08-09-12-56-21-675896-Sachin-6333
[INFO] [launch]: Default logging verbosity is set to INFO
[INFO] [static_scene_tf-1]: process started with pid [6336]
[INFO] [m3_grasp-2]: process started with pid [6337]
[static_scene_tf-1] [0m[INFO] [1786272981.910248821] [static_scene_tf]: published static frames: world->object_frame (pick_pose), object_frame->grasp_frame (approach_axis=[0.000 0.000 -1.000] roll=0.000), tool0->grasp_tcp (tcp_offset=0.1204)[0m
[m3_grasp-2] [0m[INFO] [1786272981.937265888] [m3_grasp]: GRASP MODE: friction (physics)[0m
[m3_grasp-2] [0m[INFO] [1786272981.937358441] [m3_grasp]: pad-centre-corrected offset: tcp_offset=0.120405 + pad_centre_offset=0.030000 = 0.150405 m (NOT YET LIVE-VERIFIED direction -- see file header)[0m
[m3_grasp-2] [0m[INFO] [1786272982.039183451] [m3_grasp]: base-pose guard OK: 'base_link' matches scene.yaml within tolerance (pos error 0.00000 m, angle error 0.00000 rad)[0m
[m3_grasp-2] [33m[WARN] [1786272982.067807824] [rcl.logging_rosout]: Publisher already registered for node name: 'm3_grasp'. If this is due to multiple nodes with the same name then all logs for the logger named 'm3_grasp' will go out over the existing publisher. As soon as any node with that name is destructed it will unregister the publisher, preventing any further logs for that name from being published on the rosout topic.[0m
[m3_grasp-2] [0m[INFO] [1786272982.078926831] [m3_grasp.moveit.ros.rdf_loader]: Loaded robot model in 0.002 seconds[0m
[m3_grasp-2] [0m[INFO] [1786272982.079058079] [m3_grasp.moveit.core.robot_model]: Loading robot model 'ur5e_robotiq'...[0m
[m3_grasp-2] [0m[INFO] [1786272982.079136668] [m3_grasp.moveit.core.robot_model]: No root/virtual joint specified in SRDF. Assuming fixed joint[0m
[m3_grasp-2] [0m[INFO] [1786272982.098514531] [m3_grasp.moveit.kinematics.kdl_kinematics_plugin]: Joint weights for group 'arm': 1 1 1 1 1 1[0m
[m3_grasp-2] [0m[INFO] [1786272983.030134816] [m3_grasp.moveit.ros.move_group_interface]: Ready to take commands for planning group arm.[0m
[m3_grasp-2] [0m[INFO] [1786272983.030192794] [m3_grasp]: pre-grasp tool0 target (world): [0.4500 -0.1500 1.0454]  grasp tool0 target: [0.4500 -0.1500 0.9454]  (corrected_offset=0.150405)[0m
[m3_grasp-2] [0m[INFO] [1786272983.030282873] [m3_grasp.moveit.ros.move_group_interface]: MoveGroup action client/server ready[0m
[m3_grasp-2] [0m[INFO] [1786272983.088106220] [m3_grasp.moveit.ros.move_group_interface]: Planning request accepted[0m
[m3_grasp-2] [0m[INFO] [1786272983.088558267] [m3_grasp.moveit.ros.move_group_interface]: Planning request complete![0m
[m3_grasp-2] [0m[INFO] [1786272983.089095510] [m3_grasp.moveit.ros.move_group_interface]: time taken to generate plan: 0.0159174 seconds[0m
[m3_grasp-2] [0m[INFO] [1786272983.089483742] [m3_grasp.moveit.ros.move_group_interface]: Execute request accepted[0m
[m3_grasp-2] [0m[INFO] [1786272986.694272008] [m3_grasp.moveit.ros.move_group_interface]: Execute request success![0m
[m3_grasp-2] [0m[INFO] [1786272986.697496655] [m3_grasp]: computeCartesianPath fraction achieved: 1.0000 (need > 0.9500)[0m
[m3_grasp-2] [0m[INFO] [1786272986.697575468] [m3_grasp]: executing Cartesian descent to grasp target...[0m
[m3_grasp-2] [0m[INFO] [1786272986.697914869] [m3_grasp.moveit.ros.move_group_interface]: Execute request accepted[0m
[m3_grasp-2] [0m[INFO] [1786272989.403314262] [m3_grasp.moveit.ros.move_group_interface]: Execute request success![0m
[m3_grasp-2] [0m[INFO] [1786272989.403735056] [m3_grasp]: execution reported SUCCESS[0m
[m3_grasp-2] [0m[INFO] [1786272991.311235818] [m3_grasp]: gripper_close_and_hold: REACHED_GOAL in achieved=0.7902 rad (target was 0.8000)[0m
[m3_grasp-2] [0m[INFO] [1786272991.311338142] [m3_grasp]: grasp-success check: achieved=0.7902 expected=0.4055 (width=0.0450m) |err|=0.3847 tolerance=0.0235 -> OUTSIDE TOLERANCE[0m
[m3_grasp-2] [31m[ERROR] [1786272991.311430217] [m3_grasp]: GRIPPER_GOAL_REJECTED: achieved angle 0.7902 rad is 0.3847 rad from the table's expected 0.4055 rad for a 0.0450m object (tolerance 0.0235) — not treating this as a successful grasp, aborting the cycle.[0m
[m3_grasp-2] [0m[INFO] [1786272991.955272451] [m3_grasp]: ground-truth grasp_tcp (Gazebo, not TF): [0.4500 -0.1500 0.7950]  error vs commanded: 0.0000 m[0m
[m3_grasp-2] [0m[INFO] [1786272991.955453151] [m3_grasp]: wrote evidence to m3_grasp_probe_pad_offset_030.csv[0m
[m3_grasp-2] [0m[INFO] [1786272991.955508497] [m3_grasp]: RUN SUMMARY: milestone=M3 result=GRIPPER_GOAL_REJECTED cartesian_fraction=1.0000 executed=yes tcp_error_m=0.0000 ground_truth=yes gripper_result=REACHED_GOAL achieved_grip_angle=0.7902 expected_grip_angle=0.4055 within_tolerance=no[0m
[ERROR] [m3_grasp-2]: process has died [pid 6337, exit code 1, cmd '/home/sachin/ur5e_ws/install/ur5e_pick_place/lib/ur5e_pick_place/m3_grasp --ros-args -r __node:=m3_grasp --params-file /tmp/launch_params_4jdxzmch --params-file /tmp/launch_params_x_hl5khv --params-file /tmp/launch_params_dgtdx_3q --params-file /tmp/launch_params_x_4ht35a --params-file /tmp/launch_params_txygs7_z --params-file /tmp/launch_params_0mx82s09'].
