[INFO] [launch]: All log files can be found below /home/user/.ros/log/2026-08-11-03-58-50-775876-Sachin-13752
[INFO] [launch]: Default logging verbosity is set to INFO
[INFO] [move_group-1]: process started with pid [13763]
[move_group-1] [INFO] [1786413531.141413174] [move_group.moveit.moveit.ros.rdf_loader]: Loaded robot model in 0 seconds
[move_group-1] [INFO] [1786413531.141527289] [move_group.moveit.moveit.core.robot_model]: Loading robot model 'ur5e_robotiq'...
[move_group-1] [INFO] [1786413531.141539144] [move_group.moveit.moveit.core.robot_model]: No root/virtual joint specified in SRDF. Assuming fixed joint
[move_group-1] [INFO] [1786413531.161929243] [move_group.moveit.moveit.kinematics.kdl_kinematics_plugin]: Joint weights for group 'arm': 1 1 1 1 1 1
[move_group-1] [INFO] [1786413531.213758192] [move_group.moveit.moveit.ros.planning_scene_monitor]: Publishing maintained planning scene on 'monitored_planning_scene'
[move_group-1] [INFO] [1786413531.213996923] [move_group.moveit.moveit.ros.moveit_cpp]: Listening to 'joint_states' for joint states
[move_group-1] [INFO] [1786413531.215060374] [move_group.moveit.moveit.ros.current_state_monitor]: Listening to joint states on topic 'joint_states'
[move_group-1] [INFO] [1786413531.215435136] [move_group.moveit.moveit.ros.planning_scene_monitor]: Listening to '/attached_collision_object' for attached collision objects
[move_group-1] [INFO] [1786413531.215457668] [move_group.moveit.moveit.ros.planning_scene_monitor]: Stopping existing planning scene publisher.
[move_group-1] [INFO] [1786413531.215599091] [move_group.moveit.moveit.ros.planning_scene_monitor]: Stopped publishing maintained planning scene.
[move_group-1] [INFO] [1786413531.215903099] [move_group.moveit.moveit.ros.planning_scene_monitor]: Publishing maintained planning scene on 'monitored_planning_scene'
[move_group-1] [INFO] [1786413531.216028638] [move_group.moveit.moveit.ros.planning_scene_monitor]: Starting planning scene monitor
[move_group-1] [INFO] [1786413531.216430659] [move_group.moveit.moveit.ros.planning_scene_monitor]: Listening to '/planning_scene'
[move_group-1] [INFO] [1786413531.216451682] [move_group.moveit.moveit.ros.planning_scene_monitor]: Starting world geometry update monitor for collision objects, attached objects, octomap updates.
[move_group-1] [INFO] [1786413531.216881813] [move_group.moveit.moveit.ros.planning_scene_monitor]: Listening to 'collision_object'
[move_group-1] [INFO] [1786413531.217212700] [move_group.moveit.moveit.ros.planning_scene_monitor]: Listening to 'planning_scene_world' for planning scene world geometry
[move_group-1] [WARN] [1786413531.217690672] [move_group.moveit.moveit.ros.occupancy_map_monitor]: Resolution not specified for Octomap. Assuming resolution = 0.1 instead
[move_group-1] [ERROR] [1786413531.217724319] [move_group.moveit.moveit.ros.occupancy_map_monitor]: No 3D sensor plugin(s) defined for octomap updates
[move_group-1] [INFO] [1786413531.226741316] [move_group.moveit.moveit.planners.pilz.joint_limits_aggregator]: Reading limits from namespace robot_description_planning
[move_group-1] [INFO] [1786413531.229456975] [move_group.moveit.moveit.planners.pilz.command_planner]: Available plugins: pilz_industrial_motion_planner/PlanningContextLoaderCIRC pilz_industrial_motion_planner/PlanningContextLoaderLIN pilz_industrial_motion_planner/PlanningContextLoaderPTP 
[move_group-1] [INFO] [1786413531.229514923] [move_group.moveit.moveit.planners.pilz.command_planner]: About to load: pilz_industrial_motion_planner/PlanningContextLoaderCIRC
[move_group-1] [INFO] [1786413531.231894704] [move_group.moveit.moveit.planners.pilz.command_planner]: Registered Algorithm [CIRC]
[move_group-1] [INFO] [1786413531.231931404] [move_group.moveit.moveit.planners.pilz.command_planner]: About to load: pilz_industrial_motion_planner/PlanningContextLoaderLIN
[move_group-1] [INFO] [1786413531.233173039] [move_group.moveit.moveit.planners.pilz.command_planner]: Registered Algorithm [LIN]
[move_group-1] [INFO] [1786413531.233203301] [move_group.moveit.moveit.planners.pilz.command_planner]: About to load: pilz_industrial_motion_planner/PlanningContextLoaderPTP
[move_group-1] [INFO] [1786413531.234427881] [move_group.moveit.moveit.planners.pilz.command_planner]: Registered Algorithm [PTP]
[move_group-1] [INFO] [1786413531.234461236] [move_group.moveit.moveit.ros.planning_pipeline]: Successfully loaded planner 'Pilz Industrial Motion Planner'
[move_group-1] [INFO] [1786413531.234965076] [move_group]: Try loading adapter 'default_planning_request_adapters/ResolveConstraintFrames'
[move_group-1] [INFO] [1786413531.236860526] [move_group]: Loaded adapter 'default_planning_request_adapters/ResolveConstraintFrames'
[move_group-1] [INFO] [1786413531.236892358] [move_group]: Try loading adapter 'default_planning_request_adapters/ValidateWorkspaceBounds'
[move_group-1] [INFO] [1786413531.237326707] [move_group]: Loaded adapter 'default_planning_request_adapters/ValidateWorkspaceBounds'
[move_group-1] [INFO] [1786413531.237350754] [move_group]: Try loading adapter 'default_planning_request_adapters/CheckStartStateBounds'
[move_group-1] [INFO] [1786413531.237367154] [move_group]: Loaded adapter 'default_planning_request_adapters/CheckStartStateBounds'
[move_group-1] [INFO] [1786413531.237369458] [move_group]: Try loading adapter 'default_planning_request_adapters/CheckStartStateCollision'
[move_group-1] [INFO] [1786413531.237379325] [move_group]: Loaded adapter 'default_planning_request_adapters/CheckStartStateCollision'
[move_group-1] [INFO] [1786413531.237862880] [move_group]: Try loading adapter 'default_planning_response_adapters/ValidateSolution'
[move_group-1] [INFO] [1786413531.562998828] [move_group]: Loaded adapter 'default_planning_response_adapters/ValidateSolution'
[move_group-1] [INFO] [1786413531.563033374] [move_group]: Try loading adapter 'default_planning_response_adapters/DisplayMotionPath'
[move_group-1] [INFO] [1786413531.563574782] [move_group]: Loaded adapter 'default_planning_response_adapters/DisplayMotionPath'
[move_group-1] [INFO] [1786413531.570518517] [move_group.moveit.moveit.ros.planning_pipeline]: Successfully loaded planner 'STOMP'
[move_group-1] [INFO] [1786413531.571002664] [move_group]: Try loading adapter 'default_planning_request_adapters/ResolveConstraintFrames'
[move_group-1] [INFO] [1786413531.571066932] [move_group]: Loaded adapter 'default_planning_request_adapters/ResolveConstraintFrames'
[move_group-1] [INFO] [1786413531.571070249] [move_group]: Try loading adapter 'default_planning_request_adapters/ValidateWorkspaceBounds'
[move_group-1] [INFO] [1786413531.571171946] [move_group]: Loaded adapter 'default_planning_request_adapters/ValidateWorkspaceBounds'
[move_group-1] [INFO] [1786413531.571177973] [move_group]: Try loading adapter 'default_planning_request_adapters/CheckStartStateBounds'
[move_group-1] [INFO] [1786413531.571189771] [move_group]: Loaded adapter 'default_planning_request_adapters/CheckStartStateBounds'
[move_group-1] [INFO] [1786413531.571191882] [move_group]: Try loading adapter 'default_planning_request_adapters/CheckStartStateCollision'
[move_group-1] [INFO] [1786413531.571198736] [move_group]: Loaded adapter 'default_planning_request_adapters/CheckStartStateCollision'
[move_group-1] [INFO] [1786413531.571656239] [move_group]: Try loading adapter 'default_planning_response_adapters/AddTimeOptimalParameterization'
[move_group-1] [INFO] [1786413531.571881921] [move_group]: Loaded adapter 'default_planning_response_adapters/AddTimeOptimalParameterization'
[move_group-1] [INFO] [1786413531.571920967] [move_group]: Try loading adapter 'default_planning_response_adapters/ValidateSolution'
[move_group-1] [INFO] [1786413531.572248902] [move_group]: Loaded adapter 'default_planning_response_adapters/ValidateSolution'
[move_group-1] [INFO] [1786413531.572268349] [move_group]: Try loading adapter 'default_planning_response_adapters/DisplayMotionPath'
[move_group-1] [INFO] [1786413531.572503604] [move_group]: Loaded adapter 'default_planning_response_adapters/DisplayMotionPath'
[move_group-1] [INFO] [1786413531.594925610] [move_group.moveit.moveit.ros.planning_pipeline]: Successfully loaded planner 'OMPL'
[move_group-1] [INFO] [1786413531.595582819] [move_group]: Try loading adapter 'default_planning_request_adapters/ResolveConstraintFrames'
[move_group-1] [INFO] [1786413531.595668239] [move_group]: Loaded adapter 'default_planning_request_adapters/ResolveConstraintFrames'
[move_group-1] [INFO] [1786413531.595673799] [move_group]: Try loading adapter 'default_planning_request_adapters/ValidateWorkspaceBounds'
[move_group-1] [INFO] [1786413531.595883391] [move_group]: Loaded adapter 'default_planning_request_adapters/ValidateWorkspaceBounds'
[move_group-1] [INFO] [1786413531.595894665] [move_group]: Try loading adapter 'default_planning_request_adapters/CheckStartStateBounds'
[move_group-1] [INFO] [1786413531.595912043] [move_group]: Loaded adapter 'default_planning_request_adapters/CheckStartStateBounds'
[move_group-1] [INFO] [1786413531.595914587] [move_group]: Try loading adapter 'default_planning_request_adapters/CheckStartStateCollision'
[move_group-1] [INFO] [1786413531.595922736] [move_group]: Loaded adapter 'default_planning_request_adapters/CheckStartStateCollision'
[move_group-1] [INFO] [1786413531.596439271] [move_group]: Try loading adapter 'default_planning_response_adapters/AddTimeOptimalParameterization'
[move_group-1] [INFO] [1786413531.596678232] [move_group]: Loaded adapter 'default_planning_response_adapters/AddTimeOptimalParameterization'
[move_group-1] [INFO] [1786413531.596686759] [move_group]: Try loading adapter 'default_planning_response_adapters/ValidateSolution'
[move_group-1] [INFO] [1786413531.597058431] [move_group]: Loaded adapter 'default_planning_response_adapters/ValidateSolution'
[move_group-1] [INFO] [1786413531.597080832] [move_group]: Try loading adapter 'default_planning_response_adapters/DisplayMotionPath'
[move_group-1] [INFO] [1786413531.597369859] [move_group]: Loaded adapter 'default_planning_response_adapters/DisplayMotionPath'
[move_group-1] [INFO] [1786413531.604799724] [move_group.moveit.moveit.ros.planning_pipeline]: Successfully loaded planner 'CHOMP'
[move_group-1] [INFO] [1786413531.605362218] [move_group]: Try loading adapter 'default_planning_request_adapters/ResolveConstraintFrames'
[move_group-1] [INFO] [1786413531.605433819] [move_group]: Loaded adapter 'default_planning_request_adapters/ResolveConstraintFrames'
[move_group-1] [INFO] [1786413531.605438010] [move_group]: Try loading adapter 'default_planning_request_adapters/ValidateWorkspaceBounds'
[move_group-1] [INFO] [1786413531.605564154] [move_group]: Loaded adapter 'default_planning_request_adapters/ValidateWorkspaceBounds'
[move_group-1] [INFO] [1786413531.605571499] [move_group]: Try loading adapter 'default_planning_request_adapters/CheckStartStateBounds'
[move_group-1] [INFO] [1786413531.605585254] [move_group]: Loaded adapter 'default_planning_request_adapters/CheckStartStateBounds'
[move_group-1] [INFO] [1786413531.605587784] [move_group]: Try loading adapter 'default_planning_request_adapters/CheckStartStateCollision'
[move_group-1] [INFO] [1786413531.605595428] [move_group]: Loaded adapter 'default_planning_request_adapters/CheckStartStateCollision'
[move_group-1] [INFO] [1786413531.606123871] [move_group]: Try loading adapter 'default_planning_response_adapters/AddTimeOptimalParameterization'
[move_group-1] [INFO] [1786413531.606439066] [move_group]: Loaded adapter 'default_planning_response_adapters/AddTimeOptimalParameterization'
[move_group-1] [INFO] [1786413531.606459377] [move_group]: Try loading adapter 'default_planning_response_adapters/ValidateSolution'
[move_group-1] [INFO] [1786413531.606794410] [move_group]: Loaded adapter 'default_planning_response_adapters/ValidateSolution'
[move_group-1] [INFO] [1786413531.606816209] [move_group]: Try loading adapter 'default_planning_response_adapters/DisplayMotionPath'
[move_group-1] [INFO] [1786413531.607089495] [move_group]: Loaded adapter 'default_planning_response_adapters/DisplayMotionPath'
[move_group-1] [INFO] [1786413531.638618874] [move_group.moveit.moveit.plugins.simple_controller_manager]: Added FollowJointTrajectory controller for arm_controller
[move_group-1] [INFO] [1786413531.638677921] [move_group.moveit.moveit.plugins.simple_controller_manager]: gripper_controller will command a max effort of: 0
[move_group-1] [INFO] [1786413531.641180553] [move_group.moveit.moveit.plugins.simple_controller_manager]: Added GripperCommand controller for gripper_controller
[move_group-1] [INFO] [1786413531.641356079] [move_group.moveit.moveit.plugins.simple_controller_manager]: Returned 2 controllers in list
[move_group-1] [INFO] [1786413531.641380754] [move_group.moveit.moveit.plugins.simple_controller_manager]: Returned 2 controllers in list
[move_group-1] [INFO] [1786413531.641686146] [move_group.moveit.moveit.ros.trajectory_execution_manager]: Trajectory execution is managing controllers
[move_group-1] [INFO] [1786413531.641720740] [move_group]: MoveGroup debug mode is ON
[move_group-1] [INFO] [1786413531.668859706] [move_group.moveit.moveit.planners.pilz.move_group_sequence_action]: initialize move group sequence action
[move_group-1] [INFO] [1786413531.672176200] [move_group.moveit.moveit.planners.pilz.joint_limits_aggregator]: Reading limits from namespace robot_description_planning
[move_group-1] [INFO] [1786413531.672357431] [move_group.moveit.moveit.planners.pilz.joint_limits_aggregator]: Reading limits from namespace robot_description_planning
[move_group-1] [INFO] [1786413531.673055924] [move_group.moveit.moveit.ros.move_group.executable]: 
[move_group-1] 
[move_group-1] ********************************************************
[move_group-1] * MoveGroup using: 
[move_group-1] *     - apply_planning_scene_service
[move_group-1] *     - clear_octomap_service
[move_group-1] *     - get_group_urdf
[move_group-1] *     - load_geometry_from_file
[move_group-1] *     - CartesianPathService
[move_group-1] *     - execute_trajectory_action
[move_group-1] *     - get_planning_scene_service
[move_group-1] *     - kinematics_service
[move_group-1] *     - move_action
[move_group-1] *     - motion_plan_service
[move_group-1] *     - query_planners_service
[move_group-1] *     - state_validation_service
[move_group-1] *     - save_geometry_to_file
[move_group-1] *     - SequenceAction
[move_group-1] *     - SequenceService
[move_group-1] ********************************************************
[move_group-1] 
[move_group-1] [INFO] [1786413531.673109961] [move_group.moveit.moveit.ros.move_group.context]: MoveGroup context using pipeline ompl
[move_group-1] [INFO] [1786413531.673118501] [move_group.moveit.moveit.ros.move_group.context]: MoveGroup context initialization complete
[move_group-1] [96mLoading 'move_group/ApplyPlanningSceneService'...[0m
[move_group-1] [96mLoading 'move_group/ClearOctomapService'...[0m
[move_group-1] [96mLoading 'move_group/GetUrdfService'...[0m
[move_group-1] [96mLoading 'move_group/LoadGeometryFromFileService'...[0m
[move_group-1] [96mLoading 'move_group/MoveGroupCartesianPathService'...[0m
[move_group-1] [96mLoading 'move_group/MoveGroupExecuteTrajectoryAction'...[0m
[move_group-1] [96mLoading 'move_group/MoveGroupGetPlanningSceneService'...[0m
[move_group-1] [96mLoading 'move_group/MoveGroupKinematicsService'...[0m
[move_group-1] [96mLoading 'move_group/MoveGroupMoveAction'...[0m
[move_group-1] [96mLoading 'move_group/MoveGroupPlanService'...[0m
[move_group-1] [96mLoading 'move_group/MoveGroupQueryPlannersService'...[0m
[move_group-1] [96mLoading 'move_group/MoveGroupStateValidationService'...[0m
[move_group-1] [96mLoading 'move_group/SaveGeometryToFileService'...[0m
[move_group-1] [96mLoading 'pilz_industrial_motion_planner/MoveGroupSequenceAction'...[0m
[move_group-1] [96mLoading 'pilz_industrial_motion_planner/MoveGroupSequenceService'...[0m
[move_group-1] 
[move_group-1] [92mYou can start planning now![0m
[move_group-1] 
[move_group-1] [INFO] [1786413545.119533430] [move_group.moveit.moveit.ros.move_group.move_action]: MoveGroupMoveAction: Received request
[move_group-1] [INFO] [1786413545.120235275] [move_group.moveit.moveit.ros.move_group.move_action]: executing..
[move_group-1] [INFO] [1786413545.122010011] [move_group.moveit.moveit.ros.move_group.move_action]: Planning request received for MoveGroup action. Forwarding to planning pipeline.
[move_group-1] [INFO] [1786413545.122305860] [move_group]: Calling PlanningRequestAdapter 'ResolveConstraintFrames'
[move_group-1] [INFO] [1786413545.122398007] [move_group]: Calling PlanningRequestAdapter 'ValidateWorkspaceBounds'
[move_group-1] [WARN] [1786413545.122406380] [move_group.moveit.moveit.ros.validate_workspace_bounds]: It looks like the planning volume was not specified. Using default values.
[move_group-1] [INFO] [1786413545.122415478] [move_group]: Calling PlanningRequestAdapter 'CheckStartStateBounds'
[move_group-1] [INFO] [1786413545.122436888] [move_group]: Calling PlanningRequestAdapter 'CheckStartStateCollision'
[move_group-1] [INFO] [1786413545.130215056] [move_group.moveit.moveit.planners.ompl.model_based_planning_context]: Planner configuration 'arm' will use planner 'geometric::RRTConnect'. Additional configuration parameters will be set when the planner is constructed.
[move_group-1] [INFO] [1786413545.131679266] [move_group]: Calling Planner 'OMPL'
[move_group-1] [INFO] [1786413545.155206569] [move_group]: Calling PlanningResponseAdapter 'AddTimeOptimalParameterization'
[move_group-1] [INFO] [1786413545.164800770] [move_group]: Calling PlanningResponseAdapter 'ValidateSolution'
[move_group-1] [INFO] [1786413545.167294597] [move_group]: Calling PlanningResponseAdapter 'DisplayMotionPath'
[move_group-1] [WARN] [1786413545.167513583] [move_group.moveit.moveit.ros.planning_pipeline]: The planner plugin did not fill out the 'planner_id' field of the MotionPlanResponse. Setting it to the planner ID name of the MotionPlanRequest assuming that the planner plugin does warn you if it does not use the requested planner.
[move_group-1] [INFO] [1786413545.167670891] [move_group.moveit.moveit.ros.move_group.move_action]: Motion plan was computed successfully.
[move_group-1] [INFO] [1786413545.170337958] [move_group.moveit.moveit.ros.move_group.clear_octomap_service]: Execution request received
[move_group-1] [INFO] [1786413545.170422828] [move_group.moveit.moveit.plugins.simple_controller_manager]: Returned 2 controllers in list
[move_group-1] [INFO] [1786413545.170444892] [move_group.moveit.moveit.plugins.simple_controller_manager]: Returned 2 controllers in list
[move_group-1] [INFO] [1786413545.170599994] [move_group.moveit.moveit.ros.trajectory_execution_manager]: Validating trajectory with allowed_start_tolerance 0.01
[move_group-1] [INFO] [1786413545.172044473] [move_group.moveit.moveit.ros.trajectory_execution_manager]: Starting trajectory execution ...
[move_group-1] [INFO] [1786413545.172119766] [move_group.moveit.moveit.plugins.simple_controller_manager]: Returned 2 controllers in list
[move_group-1] [INFO] [1786413545.172140264] [move_group.moveit.moveit.plugins.simple_controller_manager]: Returned 2 controllers in list
[move_group-1] [INFO] [1786413545.172267873] [moveit.simple_controller_manager.follow_joint_trajectory_controller_handle]: sending trajectory to arm_controller
[move_group-1] [INFO] [1786413545.173130351] [moveit.simple_controller_manager.follow_joint_trajectory_controller_handle]: arm_controller started execution
[move_group-1] [INFO] [1786413545.173167666] [moveit.simple_controller_manager.follow_joint_trajectory_controller_handle]: Goal request accepted!
[move_group-1] [INFO] [1786413558.123439393] [moveit.simple_controller_manager.follow_joint_trajectory_controller_handle]: Controller 'arm_controller' successfully finished
[move_group-1] [INFO] [1786413558.124183466] [move_group.moveit.moveit.ros.trajectory_execution_manager]: Completed trajectory execution with status SUCCEEDED ...
[move_group-1] [INFO] [1786413558.124351697] [move_group.moveit.moveit.ros.move_group.clear_octomap_service]: Execution completed: SUCCEEDED
[move_group-1] [INFO] [1786413559.186328840] [move_group.moveit.moveit.ros.move_group.cartesian_path_service_capability]: Received request to compute Cartesian path
[move_group-1] [INFO] [1786413559.186467410] [move_group.moveit.moveit.ros.move_group.cartesian_path_service_capability]: Attempting to follow 1 waypoints for link 'tool0' using a step of 0.010000 m and jump threshold 0.000000 (in global reference frame)
[move_group-1] [INFO] [1786413559.188307062] [move_group.moveit.moveit.ros.move_group.cartesian_path_service_capability]: Computed Cartesian path with 11 points (followed 100.000000% of requested trajectory)
[move_group-1] [INFO] [1786413559.189358246] [move_group.moveit.moveit.ros.move_group.clear_octomap_service]: Execution request received
[move_group-1] [INFO] [1786413559.189406193] [move_group.moveit.moveit.plugins.simple_controller_manager]: Returned 2 controllers in list
[move_group-1] [INFO] [1786413559.189420292] [move_group.moveit.moveit.plugins.simple_controller_manager]: Returned 2 controllers in list
[move_group-1] [INFO] [1786413559.189702007] [move_group.moveit.moveit.ros.trajectory_execution_manager]: Validating trajectory with allowed_start_tolerance 0.01
[move_group-1] [INFO] [1786413559.190367971] [move_group.moveit.moveit.ros.trajectory_execution_manager]: Starting trajectory execution ...
[move_group-1] [INFO] [1786413559.190425793] [move_group.moveit.moveit.plugins.simple_controller_manager]: Returned 2 controllers in list
[move_group-1] [INFO] [1786413559.190444085] [move_group.moveit.moveit.plugins.simple_controller_manager]: Returned 2 controllers in list
[move_group-1] [INFO] [1786413559.190564485] [moveit.simple_controller_manager.follow_joint_trajectory_controller_handle]: sending trajectory to arm_controller
[move_group-1] [INFO] [1786413559.191468427] [moveit.simple_controller_manager.follow_joint_trajectory_controller_handle]: arm_controller started execution
[move_group-1] [INFO] [1786413559.191539765] [moveit.simple_controller_manager.follow_joint_trajectory_controller_handle]: Goal request accepted!
[move_group-1] [INFO] [1786413561.191589907] [moveit.simple_controller_manager.follow_joint_trajectory_controller_handle]: Controller 'arm_controller' successfully finished
[move_group-1] [INFO] [1786413561.192119650] [move_group.moveit.moveit.ros.trajectory_execution_manager]: Completed trajectory execution with status SUCCEEDED ...
[move_group-1] [INFO] [1786413561.192224950] [move_group.moveit.moveit.ros.move_group.clear_octomap_service]: Execution completed: SUCCEEDED
