[INFO] [launch]: All log files can be found below /home/sachin/.ros/log/2026-08-11-03-58-41-485191-Sachin-13454
[INFO] [launch]: Default logging verbosity is set to INFO
[INFO] [robot_state_publisher-1]: process started with pid [13476]
[INFO] [spawner-2]: process started with pid [13477]
[INFO] [create-3]: process started with pid [13478]
[INFO] [gazebo-4]: process started with pid [13479]
[INFO] [parameter_bridge-5]: process started with pid [13480]
[INFO] [create-6]: process started with pid [13481]
[create-6] [INFO] [1786413522.188404821] [ros_gz_sim]: Requesting list of world names.
[create-3] [INFO] [1786413522.188408524] [ros_gz_sim]: Requesting list of world names.
[robot_state_publisher-1] [INFO] [1786413522.192367868] [robot_state_publisher]: Robot initialized
[parameter_bridge-5] [INFO] [1786413522.217149460] [ros_gz_bridge]: Creating GZ->ROS Bridge: [/clock (gz.msgs.Clock) -> /clock (rosgraph_msgs/msg/Clock)] (Lazy 0)
[spawner-2] [INFO] [1786413522.451930675] [spawner_joint_state_broadcaster]: waiting for service /controller_manager/list_controllers to become available...
[gazebo-4] [1;32m[Msg] [0m[1;32mGazebo Sim Server v[0m[1;32m8.11.0[0m[1;32m[0m
[gazebo-4] [1;32m[Msg] [0m[1;32mLoading SDF world file[[0m[1;32m/opt/ros/jazzy/opt/gz_sim_vendor/share/gz/gz-sim8/worlds/empty.sdf[0m[1;32m].[0m
[gazebo-4] [1;32m[Msg] [0m[1;32mServing entity system service on [[0m[1;32m/[0m[1;32mentity/system/add[0m[1;32m][0m[1;32m[0m
[gazebo-4] [1;36m[Dbg] [Physics.cc:906] [0m[1;36mLoaded [[0m[1;36mgz::physics::dartsim::Plugin[0m[1;36m] from library [[0m[1;36m/opt/ros/jazzy/opt/gz_physics_vendor/lib/gz-physics-7/engine-plugins/libgz-physics-dartsim-plugin.so[0m[1;36m][0m[1;36m[0m
[gazebo-4] [1;36m[Dbg] [SystemManager.cc:80] [0m[1;36mLoaded system [[0m[1;36mgz::sim::systems::Physics[0m[1;36m] for entity [[0m[1;36m1[0m[1;36m][0m[1;36m[0m
[gazebo-4] [1;32m[Msg] [0m[1;32mCreate[0m[1;32m service on [[0m[1;32m/world/empty/create_multiple[0m[1;32m] (async)[0m[1;32m[0m
[gazebo-4] [1;32m[Msg] [0m[1;32mCreate[0m[1;32m service on [[0m[1;32m/world/empty/create_multiple/blocking[0m[1;32m] (blocking)[0m[1;32m[0m
[gazebo-4] [1;32m[Msg] [0m[1;32mRemove[0m[1;32m service on [[0m[1;32m/world/empty/remove[0m[1;32m] (async)[0m[1;32m[0m
[gazebo-4] [1;32m[Msg] [0m[1;32mRemove[0m[1;32m service on [[0m[1;32m/world/empty/remove/blocking[0m[1;32m] (blocking)[0m[1;32m[0m
[gazebo-4] [1;32m[Msg] [0m[1;32mPose[0m[1;32m service on [[0m[1;32m/world/empty/set_pose[0m[1;32m] (async)[0m[1;32m[0m
[gazebo-4] [1;32m[Msg] [0m[1;32mPose[0m[1;32m service on [[0m[1;32m/world/empty/set_pose/blocking[0m[1;32m] (blocking)[0m[1;32m[0m
[gazebo-4] [1;32m[Msg] [0m[1;32mPose[0m[1;32m service on [[0m[1;32m/world/empty/set_pose_vector[0m[1;32m] (async)[0m[1;32m[0m
[gazebo-4] [1;32m[Msg] [0m[1;32mPose[0m[1;32m service on [[0m[1;32m/world/empty/set_pose_vector/blocking[0m[1;32m] (blocking)[0m[1;32m[0m
[gazebo-4] [1;32m[Msg] [0m[1;32mLight configuration[0m[1;32m service on [[0m[1;32m/world/empty/light_config[0m[1;32m] (async)[0m[1;32m[0m
[gazebo-4] [1;32m[Msg] [0m[1;32mLight configuration[0m[1;32m service on [[0m[1;32m/world/empty/light_config/blocking[0m[1;32m] (blocking)[0m[1;32m[0m
[gazebo-4] [1;32m[Msg] [0m[1;32mPhysics[0m[1;32m service on [[0m[1;32m/world/empty/set_physics[0m[1;32m] (async)[0m[1;32m[0m
[gazebo-4] [1;32m[Msg] [0m[1;32mPhysics[0m[1;32m service on [[0m[1;32m/world/empty/set_physics/blocking[0m[1;32m] (blocking)[0m[1;32m[0m
[gazebo-4] [1;32m[Msg] [0m[1;32mSphericalCoordinates[0m[1;32m service on [[0m[1;32m/world/empty/set_spherical_coordinates[0m[1;32m] (async)[0m[1;32m[0m
[gazebo-4] [1;32m[Msg] [0m[1;32mSphericalCoordinates[0m[1;32m service on [[0m[1;32m/world/empty/set_spherical_coordinates/blocking[0m[1;32m] (blocking)[0m[1;32m[0m
[gazebo-4] [1;32m[Msg] [0m[1;32mEnable collision[0m[1;32m service on [[0m[1;32m/world/empty/enable_collision[0m[1;32m] (async)[0m[1;32m[0m
[gazebo-4] [1;32m[Msg] [0m[1;32mEnable collision[0m[1;32m service on [[0m[1;32m/world/empty/enable_collision/blocking[0m[1;32m] (blocking)[0m[1;32m[0m
[gazebo-4] [1;32m[Msg] [0m[1;32mDisable collision[0m[1;32m service on [[0m[1;32m/world/empty/disable_collision[0m[1;32m] (async)[0m[1;32m[0m
[gazebo-4] [1;32m[Msg] [0m[1;32mDisable collision[0m[1;32m service on [[0m[1;32m/world/empty/disable_collision/blocking[0m[1;32m] (blocking)[0m[1;32m[0m
[gazebo-4] [1;32m[Msg] [0m[1;32mMaterial[0m[1;32m service on [[0m[1;32m/world/empty/visual_config[0m[1;32m] (async)[0m[1;32m[0m
[gazebo-4] [1;32m[Msg] [0m[1;32mMaterial[0m[1;32m service on [[0m[1;32m/world/empty/visual_config/blocking[0m[1;32m] (blocking)[0m[1;32m[0m
[gazebo-4] [1;32m[Msg] [0m[1;32mMaterial[0m[1;32m service on [[0m[1;32m/world/empty/wheel_slip[0m[1;32m] (async)[0m[1;32m[0m
[gazebo-4] [1;32m[Msg] [0m[1;32mMaterial[0m[1;32m service on [[0m[1;32m/world/empty/wheel_slip/blocking[0m[1;32m] (blocking)[0m[1;32m[0m
[gazebo-4] [1;36m[Dbg] [SystemManager.cc:80] [0m[1;36mLoaded system [[0m[1;36mgz::sim::systems::UserCommands[0m[1;36m] for entity [[0m[1;36m1[0m[1;36m][0m[1;36m[0m
[create-3] [INFO] [1786413522.865619389] [ros_gz_sim]: Entity creation successful.
[create-6] [INFO] [1786413522.865956699] [ros_gz_sim]: Entity creation successful.
[INFO] [create-3]: process has finished cleanly [pid 13478]
[INFO] [create-6]: process has finished cleanly [pid 13481]
[gazebo-4] [INFO] [1786413524.563062026] [gz_ros_control]: [gz_ros2_control] Fixed joint ['base_joint'] (Entity='58') is skipped.
[gazebo-4] [INFO] [1786413524.567321995] [gz_ros_control]: Loading controller_manager
[gazebo-4] [INFO] [1786413524.588949848] [controller_manager]: Using ROS clock for triggering controller manager cycles.
[gazebo-4] [INFO] [1786413524.595341788] [controller_manager]: Subscribing to '/robot_description' topic for robot description.
[gazebo-4] [WARN] [1786413524.598660680] [gz_ros_control]: Waiting RM to load and initialize hardware...
[gazebo-4] [INFO] [1786413524.745142986] [controller_manager]: Received robot description from topic.
[gazebo-4] [INFO] [1786413524.745262798] [controller_manager]: Enforcing command limits is disabled. Command limits from URDF will be ignored.
[gazebo-4] [INFO] [1786413524.749853610] [gz_ros_control]: The position_proportional_gain has been set to: 0.1
[gazebo-4] [INFO] [1786413524.749922774] [gz_ros_control]: Loading joint: robotiq_85_left_knuckle_joint
[gazebo-4] [INFO] [1786413524.749932128] [gz_ros_control]: 	State:
[gazebo-4] [INFO] [1786413524.749935716] [gz_ros_control]: 		 position
[gazebo-4] [INFO] [1786413524.750285020] [gz_ros_control]: 			 found initial value: 0.792900
[gazebo-4] [INFO] [1786413524.750319146] [gz_ros_control]: 		 velocity
[gazebo-4] [INFO] [1786413524.750326763] [gz_ros_control]: 	Command:
[gazebo-4] [INFO] [1786413524.750329066] [gz_ros_control]: 		 position
[gazebo-4] [INFO] [1786413524.750347983] [gz_ros_control]: Loading joint: robotiq_85_right_knuckle_joint
[gazebo-4] [INFO] [1786413524.750352507] [gz_ros_control]: Joint 'robotiq_85_right_knuckle_joint'is mimicking joint 'robotiq_85_left_knuckle_joint' with multiplier: -1 and offset: 0
[gazebo-4] [INFO] [1786413524.750354849] [gz_ros_control]: 	State:
[gazebo-4] [INFO] [1786413524.750356624] [gz_ros_control]: 	Command:
[gazebo-4] [INFO] [1786413524.750379023] [gz_ros_control]: Loading joint: robotiq_85_left_inner_knuckle_joint
[gazebo-4] [INFO] [1786413524.750384969] [gz_ros_control]: Joint 'robotiq_85_left_inner_knuckle_joint'is mimicking joint 'robotiq_85_left_knuckle_joint' with multiplier: 1 and offset: 0
[gazebo-4] [INFO] [1786413524.750387907] [gz_ros_control]: 	State:
[gazebo-4] [INFO] [1786413524.750390382] [gz_ros_control]: 	Command:
[gazebo-4] [INFO] [1786413524.750395112] [gz_ros_control]: Loading joint: robotiq_85_right_inner_knuckle_joint
[gazebo-4] [INFO] [1786413524.750399798] [gz_ros_control]: Joint 'robotiq_85_right_inner_knuckle_joint'is mimicking joint 'robotiq_85_left_knuckle_joint' with multiplier: -1 and offset: 0
[gazebo-4] [INFO] [1786413524.750401840] [gz_ros_control]: 	State:
[gazebo-4] [INFO] [1786413524.750403497] [gz_ros_control]: 	Command:
[gazebo-4] [INFO] [1786413524.750407411] [gz_ros_control]: Loading joint: robotiq_85_left_finger_tip_joint
[gazebo-4] [INFO] [1786413524.750409809] [gz_ros_control]: Joint 'robotiq_85_left_finger_tip_joint'is mimicking joint 'robotiq_85_left_knuckle_joint' with multiplier: -1 and offset: 0
[gazebo-4] [INFO] [1786413524.750411675] [gz_ros_control]: 	State:
[gazebo-4] [INFO] [1786413524.750413221] [gz_ros_control]: 	Command:
[gazebo-4] [INFO] [1786413524.750421339] [gz_ros_control]: Loading joint: robotiq_85_right_finger_tip_joint
[gazebo-4] [INFO] [1786413524.750423484] [gz_ros_control]: Joint 'robotiq_85_right_finger_tip_joint'is mimicking joint 'robotiq_85_left_knuckle_joint' with multiplier: 1 and offset: 0
[gazebo-4] [INFO] [1786413524.750425300] [gz_ros_control]: 	State:
[gazebo-4] [INFO] [1786413524.750426864] [gz_ros_control]: 	Command:
[gazebo-4] [INFO] [1786413524.750553770] [controller_manager]: Initialize hardware 'RobotiqGripperHardware' 
[gazebo-4] [WARN] [1786413524.750577354] [controller_manager.hardware_component.system.RobotiqGripperHardware]: Executor is not available during hardware component initialization for 'RobotiqGripperHardware'. Skipping node creation!
[gazebo-4] [WARN] [1786413524.750603995] [gz_ros_control]: The ign_ros2_control plugin got renamed to gz_ros2_control.
[gazebo-4] Update the <ros2_control> tag and gazebo plugin to
[gazebo-4] <hardware>
[gazebo-4]   <plugin>gz_ros2_control/GazeboSimSystem</plugin>
[gazebo-4] </hardware>
[gazebo-4] <gazebo>
[gazebo-4]   <plugin filename="gz_ros2_control-system"name="gz_ros2_control::GazeboSimROS2ControlPlugin">
[gazebo-4]     ...
[gazebo-4]   </plugin>
[gazebo-4] </gazebo>
[gazebo-4] [INFO] [1786413524.750642198] [controller_manager]: Successful initialization of hardware 'RobotiqGripperHardware'
[gazebo-4] [INFO] [1786413524.750710730] [gz_ros_control]: The position_proportional_gain has been set to: 0.1
[gazebo-4] [INFO] [1786413524.750753422] [gz_ros_control]: Loading joint: shoulder_pan_joint
[gazebo-4] [INFO] [1786413524.750759013] [gz_ros_control]: 	State:
[gazebo-4] [INFO] [1786413524.750761568] [gz_ros_control]: 		 position
[gazebo-4] [INFO] [1786413524.750764302] [gz_ros_control]: 			 found initial value: 0.000000
[gazebo-4] [INFO] [1786413524.750766840] [gz_ros_control]: 		 velocity
[gazebo-4] [INFO] [1786413524.750768977] [gz_ros_control]: 		 effort
[gazebo-4] [INFO] [1786413524.750770925] [gz_ros_control]: 	Command:
[gazebo-4] [INFO] [1786413524.750772484] [gz_ros_control]: 		 position
[gazebo-4] [INFO] [1786413524.750776625] [gz_ros_control]: 		 velocity
[gazebo-4] [INFO] [1786413524.750785753] [gz_ros_control]: Loading joint: shoulder_lift_joint
[gazebo-4] [INFO] [1786413524.750793244] [gz_ros_control]: 	State:
[gazebo-4] [INFO] [1786413524.750794926] [gz_ros_control]: 		 position
[gazebo-4] [INFO] [1786413524.750796763] [gz_ros_control]: 			 found initial value: -1.570800
[gazebo-4] [INFO] [1786413524.750798905] [gz_ros_control]: 		 velocity
[gazebo-4] [INFO] [1786413524.750801149] [gz_ros_control]: 		 effort
[gazebo-4] [INFO] [1786413524.750802876] [gz_ros_control]: 	Command:
[gazebo-4] [INFO] [1786413524.750804329] [gz_ros_control]: 		 position
[gazebo-4] [INFO] [1786413524.750807315] [gz_ros_control]: 		 velocity
[gazebo-4] [INFO] [1786413524.750811937] [gz_ros_control]: Loading joint: elbow_joint
[gazebo-4] [INFO] [1786413524.750814048] [gz_ros_control]: 	State:
[gazebo-4] [INFO] [1786413524.750815614] [gz_ros_control]: 		 position
[gazebo-4] [INFO] [1786413524.750817190] [gz_ros_control]: 			 found initial value: 1.570800
[gazebo-4] [INFO] [1786413524.750818966] [gz_ros_control]: 		 velocity
[gazebo-4] [INFO] [1786413524.750820596] [gz_ros_control]: 		 effort
[gazebo-4] [INFO] [1786413524.750822779] [gz_ros_control]: 	Command:
[gazebo-4] [INFO] [1786413524.750824236] [gz_ros_control]: 		 position
[gazebo-4] [INFO] [1786413524.750827122] [gz_ros_control]: 		 velocity
[gazebo-4] [INFO] [1786413524.750846533] [gz_ros_control]: Loading joint: wrist_1_joint
[gazebo-4] [INFO] [1786413524.750849613] [gz_ros_control]: 	State:
[gazebo-4] [INFO] [1786413524.750851775] [gz_ros_control]: 		 position
[gazebo-4] [INFO] [1786413524.750853496] [gz_ros_control]: 			 found initial value: -1.570800
[gazebo-4] [INFO] [1786413524.750855796] [gz_ros_control]: 		 velocity
[gazebo-4] [INFO] [1786413524.750857486] [gz_ros_control]: 		 effort
[gazebo-4] [INFO] [1786413524.750859026] [gz_ros_control]: 	Command:
[gazebo-4] [INFO] [1786413524.750860549] [gz_ros_control]: 		 position
[gazebo-4] [INFO] [1786413524.750863242] [gz_ros_control]: 		 velocity
[gazebo-4] [INFO] [1786413524.750881769] [gz_ros_control]: Loading joint: wrist_2_joint
[gazebo-4] [INFO] [1786413524.750886712] [gz_ros_control]: 	State:
[gazebo-4] [INFO] [1786413524.750890196] [gz_ros_control]: 		 position
[gazebo-4] [INFO] [1786413524.750893132] [gz_ros_control]: 			 found initial value: -1.570800
[gazebo-4] [INFO] [1786413524.750896021] [gz_ros_control]: 		 velocity
[gazebo-4] [INFO] [1786413524.750898120] [gz_ros_control]: 		 effort
[gazebo-4] [INFO] [1786413524.750900040] [gz_ros_control]: 	Command:
[gazebo-4] [INFO] [1786413524.750901691] [gz_ros_control]: 		 position
[gazebo-4] [INFO] [1786413524.750905777] [gz_ros_control]: 		 velocity
[gazebo-4] [INFO] [1786413524.750910099] [gz_ros_control]: Loading joint: wrist_3_joint
[gazebo-4] [INFO] [1786413524.750912172] [gz_ros_control]: 	State:
[gazebo-4] [INFO] [1786413524.750913768] [gz_ros_control]: 		 position
[gazebo-4] [INFO] [1786413524.750916585] [gz_ros_control]: 			 found initial value: 0.000000
[gazebo-4] [INFO] [1786413524.750918474] [gz_ros_control]: 		 velocity
[gazebo-4] [INFO] [1786413524.750921124] [gz_ros_control]: 		 effort
[gazebo-4] [INFO] [1786413524.750922876] [gz_ros_control]: 	Command:
[gazebo-4] [INFO] [1786413524.750924436] [gz_ros_control]: 		 position
[gazebo-4] [INFO] [1786413524.750926928] [gz_ros_control]: 		 velocity
[gazebo-4] [INFO] [1786413524.750945956] [controller_manager]: Initialize hardware 'UR5eSystem' 
[gazebo-4] [WARN] [1786413524.750951276] [controller_manager.hardware_component.system.UR5eSystem]: Executor is not available during hardware component initialization for 'UR5eSystem'. Skipping node creation!
[gazebo-4] [INFO] [1786413524.750968344] [controller_manager]: Successful initialization of hardware 'UR5eSystem'
[gazebo-4] [INFO] [1786413524.751095441] [controller_manager]: Activating component 'UR5eSystem'.
[gazebo-4] [INFO] [1786413524.751112696] [resource_manager]: 'configure' hardware 'UR5eSystem' 
[gazebo-4] [INFO] [1786413524.751116611] [gz_ros_control]: System Successfully configured!
[gazebo-4] [INFO] [1786413524.751126684] [resource_manager]: Successful 'configure' of hardware 'UR5eSystem'
[gazebo-4] [INFO] [1786413524.751132538] [resource_manager]: 'activate' hardware 'UR5eSystem' 
[gazebo-4] [INFO] [1786413524.751142261] [resource_manager]: Successful 'activate' of hardware 'UR5eSystem'
[gazebo-4] [INFO] [1786413524.751190025] [controller_manager]: Activating component 'RobotiqGripperHardware'.
[gazebo-4] [INFO] [1786413524.751192661] [resource_manager]: 'configure' hardware 'RobotiqGripperHardware' 
[gazebo-4] [INFO] [1786413524.751193755] [gz_ros_control]: System Successfully configured!
[gazebo-4] [INFO] [1786413524.751195626] [resource_manager]: Successful 'configure' of hardware 'RobotiqGripperHardware'
[gazebo-4] [INFO] [1786413524.751197066] [resource_manager]: 'activate' hardware 'RobotiqGripperHardware' 
[gazebo-4] [INFO] [1786413524.751198509] [resource_manager]: Successful 'activate' of hardware 'RobotiqGripperHardware'
[gazebo-4] [WARN] [1786413524.751210561] [controller_manager]: Component 'UR5eSystem' does not have read or write statistics initialized, skipping registration.
[gazebo-4] [WARN] [1786413524.751213213] [controller_manager]: Component 'RobotiqGripperHardware' does not have read or write statistics initialized, skipping registration.
[gazebo-4] [INFO] [1786413524.751217057] [controller_manager]: Resource Manager has been successfully initialized. Starting Controller Manager services...
[spawner-2] [INFO] [1786413524.961723717] [spawner_joint_state_broadcaster]: Setting controller param "params_file" to "['/tmp/launch_params_e8uspl8_']" for joint_state_broadcaster
[gazebo-4] [INFO] [1786413524.962997748] [controller_manager]: Loading controller : 'joint_state_broadcaster' of type 'joint_state_broadcaster/JointStateBroadcaster'
[gazebo-4] [INFO] [1786413524.963043767] [controller_manager]: Loading controller 'joint_state_broadcaster'
[gazebo-4] [INFO] [1786413524.970417716] [controller_manager]: Controller 'joint_state_broadcaster' node arguments: --ros-args --params-file /home/sachin/ur5e_ws/install/ur5e_robotiq_description/share/ur5e_robotiq_description/config/controllers.yaml -p use_sim_time:=true --params-file /tmp/launch_params_e8uspl8_ --param use_sim_time:=true 
[spawner-2] [INFO] [1786413524.981721652] [spawner_joint_state_broadcaster]: Loaded joint_state_broadcaster
[gazebo-4] [INFO] [1786413524.982637780] [controller_manager]: Configuring controller: 'joint_state_broadcaster'
[gazebo-4] [INFO] [1786413524.982768314] [joint_state_broadcaster]: 'joints' or 'interfaces' parameter is empty. All available state interfaces will be published
[gazebo-4] [INFO] [1786413524.995486220] [controller_manager]: Activating controllers: [ joint_state_broadcaster ]
[gazebo-4] [1;36m[Dbg] [SystemManager.cc:80] [0m[1;36mLoaded system [[0m[1;36mgz::sim::systems::SceneBroadcaster[0m[1;36m] for entity [[0m[1;36m1[0m[1;36m][0m[1;36m[0m
[gazebo-4] [1;36m[Dbg] [SystemManager.cc:80] [0m[1;36mLoaded system [[0m[1;36mgz::sim::systems::Contact[0m[1;36m] for entity [[0m[1;36m1[0m[1;36m][0m[1;36m[0m
[gazebo-4] [1;32m[Msg] [0m[1;32mLoaded level [[0m[1;32mdefault[0m[1;32m][0m[1;32m[0m
[gazebo-4] [1;32m[Msg] [0m[1;32mServing world controls on [[0m[1;32m/world/empty[0m[1;32m/control], [[0m[1;32m/world/empty[0m[1;32m/control/state] and [[0m[1;32m/world/empty[0m[1;32m/playback/control][0m[1;32m[0m
[gazebo-4] [1;32m[Msg] [0m[1;32mServing GUI information on [[0m[1;32m/world/empty[0m[1;32m/[0m[1;32mgui/info[0m[1;32m][0m[1;32m[0m
[gazebo-4] [1;32m[Msg] [0m[1;32mWorld [[0m[1;32mempty[0m[1;32m] initialized with [[0m[1;32m1ms[0m[1;32m] physics profile.[0m[1;32m[0m
[gazebo-4] [1;32m[Msg] [0m[1;32mServing world SDF generation service on [[0m[1;32m/world/empty[0m[1;32m/[0m[1;32mgenerate_world_sdf[0m[1;32m][0m[1;32m[0m
[gazebo-4] [1;32m[Msg] [0m[1;32mServing world names on [[0m[1;32m/gazebo/worlds[0m[1;32m][0m[1;32m[0m
[gazebo-4] [1;32m[Msg] [0m[1;32mResource path add service on [[0m[1;32m/gazebo/resource_paths/add[0m[1;32m].[0m[1;32m[0m
[gazebo-4] [1;32m[Msg] [0m[1;32mResource path get service on [[0m[1;32m/gazebo/resource_paths/get[0m[1;32m].[0m[1;32m[0m
[gazebo-4] [1;32m[Msg] [0m[1;32mResource path resolve service on [[0m[1;32m/gazebo/resource_paths/resolve[0m[1;32m].[0m[1;32m[0m
[gazebo-4] [1;32m[Msg] [0m[1;32mResource paths published on [[0m[1;32m/gazebo/resource_paths[0m[1;32m].[0m[1;32m[0m
[gazebo-4] [1;32m[Msg] [0m[1;32mServer control service on [[0m[1;32m/server_control[0m[1;32m].[0m[1;32m[0m
[gazebo-4] [1;32m[Msg] [0m[1;32mFound no publishers on /stats, adding root stats topic[0m[1;32m[0m
[gazebo-4] [1;32m[Msg] [0m[1;32mFound no publishers on /clock, adding root clock topic[0m[1;32m[0m
[gazebo-4] [1;36m[Dbg] [SimulationRunner.cc:551] [0m[1;36mCreating PostUpdate worker threads: [0m[1;36m3[0m[1;36m[0m
[gazebo-4] [1;36m[Dbg] [SimulationRunner.cc:562] [0m[1;36mCreating postupdate worker thread ([0m[1;36m0[0m[1;36m)[0m[1;36m[0m
[gazebo-4] [1;36m[Dbg] [SimulationRunner.cc:562] [0m[1;36mCreating postupdate worker thread ([0m[1;36m1[0m[1;36m)[0m[1;36m[0m
[gazebo-4] [1;36m[Dbg] [SystemManager.cc:80] [0m[1;36mLoaded system [[0m[1;36mgz_ros2_control::GazeboSimROS2ControlPlugin[0m[1;36m] for entity [[0m[1;36m10[0m[1;36m][0m[1;36m[0m
[gazebo-4] [1;36m[Dbg] [SystemManager.cc:80] [0m[1;36mLoaded system [[0m[1;36mgz::sim::systems::JointStatePublisher[0m[1;36m] for entity [[0m[1;36m10[0m[1;36m][0m[1;36m[0m
[gazebo-4] [1;36m[Dbg] [UserCommands.cc:1094] [0m[1;36mCreated entity [[0m[1;36m10[0m[1;36m] named [[0m[1;36mur5e_robotiq[0m[1;36m][0m[1;36m[0m
[gazebo-4] [1;36m[Dbg] [UserCommands.cc:1094] [0m[1;36mCreated entity [[0m[1;36m71[0m[1;36m] named [[0m[1;36mtable[0m[1;36m][0m[1;36m[0m
[gazebo-4] [1;36m[Dbg] [SDFFeatures.cc:332] [0m[1;36mMesh construction from an SDF has not been implemented yet for [0m[1;36mdartsim. Use AttachMeshShapeFeature to use mesh shapes.[0m
[gazebo-4] [1;36m[Dbg] [SDFFeatures.cc:864] [0m[1;36mThe geometry element of collision [[0m[1;36mbase_link_inertia_collision[0m[1;36m] [0m[1;36mcouldn't be created[0m
[gazebo-4] [1;36m[Dbg] [SDFFeatures.cc:332] [0m[1;36mMesh construction from an SDF has not been implemented yet for [0m[1;36mdartsim. Use AttachMeshShapeFeature to use mesh shapes.[0m
[gazebo-4] [1;36m[Dbg] [SDFFeatures.cc:864] [0m[1;36mThe geometry element of collision [[0m[1;36mshoulder_link_collision[0m[1;36m] [0m[1;36mcouldn't be created[0m
[gazebo-4] [1;36m[Dbg] [SDFFeatures.cc:332] [0m[1;36mMesh construction from an SDF has not been implemented yet for [0m[1;36mdartsim. Use AttachMeshShapeFeature to use mesh shapes.[0m
[gazebo-4] [1;36m[Dbg] [SDFFeatures.cc:864] [0m[1;36mThe geometry element of collision [[0m[1;36mupper_arm_link_collision[0m[1;36m] [0m[1;36mcouldn't be created[0m
[gazebo-4] [1;36m[Dbg] [SDFFeatures.cc:332] [0m[1;36mMesh construction from an SDF has not been implemented yet for [0m[1;36mdartsim. Use AttachMeshShapeFeature to use mesh shapes.[0m
[gazebo-4] [1;36m[Dbg] [SDFFeatures.cc:864] [0m[1;36mThe geometry element of collision [[0m[1;36mforearm_link_collision[0m[1;36m] [0m[1;36mcouldn't be created[0m
[gazebo-4] [1;36m[Dbg] [SDFFeatures.cc:332] [0m[1;36mMesh construction from an SDF has not been implemented yet for [0m[1;36mdartsim. Use AttachMeshShapeFeature to use mesh shapes.[0m
[gazebo-4] [1;36m[Dbg] [SDFFeatures.cc:864] [0m[1;36mThe geometry element of collision [[0m[1;36mwrist_1_link_collision[0m[1;36m] [0m[1;36mcouldn't be created[0m
[gazebo-4] [1;36m[Dbg] [SDFFeatures.cc:332] [0m[1;36mMesh construction from an SDF has not been implemented yet for [0m[1;36mdartsim. Use AttachMeshShapeFeature to use mesh shapes.[0m
[gazebo-4] [1;36m[Dbg] [SDFFeatures.cc:864] [0m[1;36mThe geometry element of collision [[0m[1;36mwrist_2_link_collision[0m[1;36m] [0m[1;36mcouldn't be created[0m
[gazebo-4] [1;36m[Dbg] [SDFFeatures.cc:332] [0m[1;36mMesh construction from an SDF has not been implemented yet for [0m[1;36mdartsim. Use AttachMeshShapeFeature to use mesh shapes.[0m
[gazebo-4] [1;36m[Dbg] [SDFFeatures.cc:864] [0m[1;36mThe geometry element of collision [[0m[1;36mwrist_3_link_collision[0m[1;36m] [0m[1;36mcouldn't be created[0m
[gazebo-4] [1;36m[Dbg] [SDFFeatures.cc:332] [0m[1;36mMesh construction from an SDF has not been implemented yet for [0m[1;36mdartsim. Use AttachMeshShapeFeature to use mesh shapes.[0m
[gazebo-4] [1;36m[Dbg] [SDFFeatures.cc:864] [0m[1;36mThe geometry element of collision [[0m[1;36mwrist_3_link_fixed_joint_lump__ur_to_robotiq_link_collision_1[0m[1;36m] [0m[1;36mcouldn't be created[0m
[gazebo-4] [1;36m[Dbg] [SDFFeatures.cc:332] [0m[1;36mMesh construction from an SDF has not been implemented yet for [0m[1;36mdartsim. Use AttachMeshShapeFeature to use mesh shapes.[0m
[gazebo-4] [1;36m[Dbg] [SDFFeatures.cc:864] [0m[1;36mThe geometry element of collision [[0m[1;36mwrist_3_link_fixed_joint_lump__robotiq_85_base_link_collision_2[0m[1;36m] [0m[1;36mcouldn't be created[0m
[gazebo-4] [1;36m[Dbg] [SDFFeatures.cc:332] [0m[1;36mMesh construction from an SDF has not been implemented yet for [0m[1;36mdartsim. Use AttachMeshShapeFeature to use mesh shapes.[0m
[gazebo-4] [1;36m[Dbg] [SDFFeatures.cc:864] [0m[1;36mThe geometry element of collision [[0m[1;36mrobotiq_85_left_inner_knuckle_link_collision[0m[1;36m] [0m[1;36mcouldn't be created[0m
[gazebo-4] [1;36m[Dbg] [SDFFeatures.cc:332] [0m[1;36mMesh construction from an SDF has not been implemented yet for [0m[1;36mdartsim. Use AttachMeshShapeFeature to use mesh shapes.[0m
[gazebo-4] [1;36m[Dbg] [SDFFeatures.cc:864] [0m[1;36mThe geometry element of collision [[0m[1;36mrobotiq_85_left_knuckle_link_collision[0m[1;36m] [0m[1;36mcouldn't be created[0m
[gazebo-4] [1;36m[Dbg] [SDFFeatures.cc:332] [0m[1;36mMesh construction from an SDF has not been implemented yet for [0m[1;36mdartsim. Use AttachMeshShapeFeature to use mesh shapes.[0m
[gazebo-4] [1;36m[Dbg] [SDFFeatures.cc:864] [0m[1;36mThe geometry element of collision [[0m[1;36mrobotiq_85_left_knuckle_link_fixed_joint_lump__robotiq_85_left_finger_link_collision_1[0m[1;36m] [0m[1;36mcouldn't be created[0m
[gazebo-4] [1;36m[Dbg] [SDFFeatures.cc:332] [0m[1;36mMesh construction from an SDF has not been implemented yet for [0m[1;36mdartsim. Use AttachMeshShapeFeature to use mesh shapes.[0m
[gazebo-4] [1;36m[Dbg] [SDFFeatures.cc:864] [0m[1;36mThe geometry element of collision [[0m[1;36mrobotiq_85_left_finger_tip_link_collision[0m[1;36m] [0m[1;36mcouldn't be created[0m
[gazebo-4] [1;36m[Dbg] [SDFFeatures.cc:332] [0m[1;36mMesh construction from an SDF has not been implemented yet for [0m[1;36mdartsim. Use AttachMeshShapeFeature to use mesh shapes.[0m
[gazebo-4] [1;36m[Dbg] [SDFFeatures.cc:864] [0m[1;36mThe geometry element of collision [[0m[1;36mrobotiq_85_right_inner_knuckle_link_collision[0m[1;36m] [0m[1;36mcouldn't be created[0m
[gazebo-4] [1;36m[Dbg] [SDFFeatures.cc:332] [0m[1;36mMesh construction from an SDF has not been implemented yet for [0m[1;36mdartsim. Use AttachMeshShapeFeature to use mesh shapes.[0m
[gazebo-4] [1;36m[Dbg] [SDFFeatures.cc:864] [0m[1;36mThe geometry element of collision [[0m[1;36mrobotiq_85_right_knuckle_link_collision[0m[1;36m] [0m[1;36mcouldn't be created[0m
[gazebo-4] [1;31m[Err] [Physics.cc:1808] [0m[1;31mAttempting to create a mimic constraint for joint [[0m[1;31mrobotiq_85_left_inner_knuckle_joint[0m[1;31m] but the chosen physics engine does not support [0m[1;31mmimic constraints, so no constraint will be [0m[1;31mcreated.[0m[1;31m[0m
[gazebo-4] [WARN] [1786413526.650731154] [gz_ros_control]:  Desired controller update period (0.002 s) is slower than the gazebo simulation period (0.001 s).
[gazebo-4] [INFO] [1786413526.651395785] [controller_manager]: Successfully switched controllers!
[spawner-2] [INFO] [1786413526.653301787] [spawner_joint_state_broadcaster]: Configured and activated joint_state_broadcaster
[INFO] [spawner-2]: process has finished cleanly [pid 13477]
[INFO] [spawner-7]: process started with pid [13644]
[spawner-7] [INFO] [1786413527.138004361] [spawner_arm_controller]: waiting for service /controller_manager/list_controllers to become available...
[spawner-7] [INFO] [1786413527.642926288] [spawner_arm_controller]: Setting controller param "params_file" to "['/tmp/launch_params_8xzkfoqn']" for arm_controller
[gazebo-4] [INFO] [1786413527.644357638] [controller_manager]: Loading controller : 'arm_controller' of type 'joint_trajectory_controller/JointTrajectoryController'
[gazebo-4] [INFO] [1786413527.644395197] [controller_manager]: Loading controller 'arm_controller'
[gazebo-4] [INFO] [1786413527.656700445] [controller_manager]: Controller 'arm_controller' node arguments: --ros-args --params-file /home/sachin/ur5e_ws/install/ur5e_robotiq_description/share/ur5e_robotiq_description/config/controllers.yaml -p use_sim_time:=true --params-file /tmp/launch_params_8xzkfoqn --param use_sim_time:=true 
[spawner-7] [INFO] [1786413527.681514127] [spawner_arm_controller]: Loaded arm_controller
[gazebo-4] [INFO] [1786413527.682718004] [controller_manager]: Configuring controller: 'arm_controller'
[gazebo-4] [WARN] [1786413527.682798798] [arm_controller]: [deprecated] 'open_loop_control' parameter is deprecated. Instead, set the feedback gains to zero and use 'interpolate_from_desired_state' parameter
[gazebo-4] [INFO] [1786413527.682903488] [arm_controller]: No specific joint names are used for command interfaces. Using 'joints' parameter.
[gazebo-4] [INFO] [1786413527.682917578] [arm_controller]: Command interfaces are [position] and state interfaces are [position velocity].
[gazebo-4] [INFO] [1786413527.682938147] [arm_controller]: Using 'splines' interpolation method.
[gazebo-4] [INFO] [1786413527.686197939] [arm_controller]: Action status changes will be monitored at 20.00 Hz.
[gazebo-4] [INFO] [1786413527.694396179] [arm_controller]: Setting initial scaling factor to 1.000000
[gazebo-4] [INFO] [1786413527.694433674] [arm_controller]: No scaling interface set. This controller will not read speed scaling from the hardware.
[gazebo-4] [INFO] [1786413527.697639152] [controller_manager]: Activating controllers: [ arm_controller ]
[gazebo-4] [INFO] [1786413527.698531982] [controller_manager]: Successfully switched controllers!
[spawner-7] [INFO] [1786413527.701232845] [spawner_arm_controller]: Configured and activated arm_controller
[INFO] [spawner-7]: process has finished cleanly [pid 13644]
[INFO] [spawner-8]: process started with pid [13680]
[spawner-8] [INFO] [1786413528.151610522] [spawner_gripper_controller]: waiting for service /controller_manager/list_controllers to become available...
[spawner-8] [INFO] [1786413528.656315878] [spawner_gripper_controller]: Setting controller param "params_file" to "['/tmp/launch_params_861_2dkg']" for gripper_controller
[gazebo-4] [INFO] [1786413528.657418176] [controller_manager]: Loading controller : 'gripper_controller' of type 'position_controllers/GripperActionController'
[gazebo-4] [INFO] [1786413528.657453129] [controller_manager]: Loading controller 'gripper_controller'
[gazebo-4] [INFO] [1786413528.662313983] [controller_manager]: Controller 'gripper_controller' node arguments: --ros-args --params-file /home/sachin/ur5e_ws/install/ur5e_robotiq_description/share/ur5e_robotiq_description/config/controllers.yaml -p use_sim_time:=true --params-file /tmp/launch_params_861_2dkg --param use_sim_time:=true 
[gazebo-4] [WARN] [1786413528.679987964] [gripper_controller]: [Deprecated]: the `position_controllers/GripperActionController` and `effort_controllers::GripperActionController` controllers are replaced by 'parallel_gripper_controllers/GripperActionController' controller
[spawner-8] [INFO] [1786413528.684050956] [spawner_gripper_controller]: Loaded gripper_controller
[gazebo-4] [INFO] [1786413528.685717213] [controller_manager]: Configuring controller: 'gripper_controller'
[gazebo-4] [INFO] [1786413528.685804725] [gripper_controller]: Action status changes will be monitored at 20.000000 Hz.
[gazebo-4] [INFO] [1786413528.689379010] [controller_manager]: Activating controllers: [ gripper_controller ]
[gazebo-4] [INFO] [1786413528.693449722] [controller_manager]: Successfully switched controllers!
[spawner-8] [INFO] [1786413528.696069536] [spawner_gripper_controller]: Configured and activated gripper_controller
[INFO] [spawner-8]: process has finished cleanly [pid 13680]
[INFO] [ros2-9]: process started with pid [13716]
[ros2-9] Waiting for an action server to become available...
[gazebo-4] [1;36m[Dbg] [SDFFeatures.cc:332] [0m[1;36mMesh construction from an SDF has not been implemented yet for [0m[1;36mdartsim. Use AttachMeshShapeFeature to use mesh shapes.[0m
[gazebo-4] [1;36m[Dbg] [SDFFeatures.cc:864] [0m[1;36mThe geometry element of collision [[0m[1;36mrobotiq_85_right_knuckle_link_fixed_joint_lump__robotiq_85_right_finger_link_collision_1[0m[1;36m] [0m[1;36mcouldn't be created[0m
[gazebo-4] [1;36m[Dbg] [SDFFeatures.cc:332] [0m[1;36mMesh construction from an SDF has not been implemented yet for [0m[1;36mdartsim. Use AttachMeshShapeFeature to use mesh shapes.[0m
[gazebo-4] [1;36m[Dbg] [SDFFeatures.cc:864] [0m[1;36mThe geometry element of collision [[0m[1;36mrobotiq_85_right_finger_tip_link_collision[0m[1;36m] [0m[1;36mcouldn't be created[0m
[gazebo-4] [1;32m[Msg] [0m[1;32mServing scene information on [[0m[1;32m/world/empty[0m[1;32m/[0m[1;32mscene/info[0m[1;32m][0m[1;32m[0m
[gazebo-4] [1;32m[Msg] [0m[1;32mServing graph information on [[0m[1;32m/world/empty[0m[1;32m/[0m[1;32mscene/graph[0m[1;32m][0m[1;32m[0m
[gazebo-4] [1;32m[Msg] [0m[1;32mServing full state on [[0m[1;32m/world/empty[0m[1;32m/[0m[1;32mstate[0m[1;32m][0m[1;32m[0m
[gazebo-4] [1;32m[Msg] [0m[1;32mServing full state (async) on [[0m[1;32m/world/empty[0m[1;32m/[0m[1;32mstate_async[0m[1;32m][0m[1;32m[0m
[gazebo-4] [1;32m[Msg] [0m[1;32mPublishing scene information on [[0m[1;32m/world/empty/scene/info[0m[1;32m][0m[1;32m[0m
[gazebo-4] [1;32m[Msg] [0m[1;32mPublishing entity deletions on [[0m[1;32m/world/empty/scene/deletion[0m[1;32m][0m[1;32m[0m
[gazebo-4] [1;32m[Msg] [0m[1;32mPublishing state changes on [[0m[1;32m/world/empty/state[0m[1;32m][0m[1;32m[0m
[gazebo-4] [1;32m[Msg] [0m[1;32mPublishing pose messages on [[0m[1;32m/world/empty[0m[1;32m/[0m[1;32mpose/info[0m[1;32m][0m[1;32m[0m
[gazebo-4] [1;32m[Msg] [0m[1;32mPublishing dynamic pose messages on [[0m[1;32m/world/empty[0m[1;32m/[0m[1;32mdynamic_pose/info[0m[1;32m][0m[1;32m[0m
[gazebo-4] [1;36m[Dbg] [SimulationRunner.cc:578] [0m[1;36mExiting postupdate worker thread ([0m[1;36m1[0m[1;36m)[0m[1;36m[0m
[gazebo-4] [1;36m[Dbg] [SimulationRunner.cc:578] [Dbg] [SimulationRunner.cc:578] [0m[1;36mExiting postupdate worker thread ([0m[1;36m0[0m[1;36m)[0m[1;36m[0m
[gazebo-4] [1;36m[Dbg] [SimulationRunner.cc:551] [0m[1;36mCreating PostUpdate worker threads: [0m[1;36m5[0m[1;36m[0m
[gazebo-4] [1;36m[Dbg] [SimulationRunner.cc:562] [0m[1;36mCreating postupdate worker thread ([0m[1;36m0[0m[1;36m)[0m[1;36m[0m
[gazebo-4] [1;36m[Dbg] [SimulationRunner.cc:562] [0m[1;36mCreating postupdate worker thread ([0m[1;36m1[0m[1;36m)[0m[1;36m[0m
[gazebo-4] [1;36m[Dbg] [SimulationRunner.cc:562] [0m[1;36mCreating postupdate worker thread ([0m[1;36m2[0m[1;36m)[0m[1;36m[0m
[gazebo-4] [1;36m[Dbg] [SimulationRunner.cc:562] [0m[1;36mCreating postupdate worker thread ([0m[1;36m3[0m[1;36m)[0m[1;36m[0m
[ros2-9] Sending goal:
[ros2-9]      command:
[ros2-9]   position: 0.0
[ros2-9]   max_effort: 50.0
[ros2-9] 
[gazebo-4] [INFO] [1786413529.565310839] [gripper_controller]: Received & accepted new action goal
[ros2-9] Goal accepted with ID: 619e4848cc484b36b5e5dedbeeb1cc52
[ros2-9] 
[gazebo-4] [INFO] [1786413536.575511536] [gripper_controller]: Received & accepted new action goal
[ros2-9] Result:
[ros2-9]     position: 0.0
[ros2-9] effort: 0.0
[ros2-9] stalled: false
[ros2-9] reached_goal: false
[ros2-9] 
[ros2-9] Goal finished with status: CANCELED
[INFO] [ros2-9]: process has finished cleanly [pid 13716]
[gazebo-4] [1;36m[Dbg] [UserCommands.cc:1094] [0m[1;36mCreated entity [[0m[1;36m75[0m[1;36m] named [[0m[1;36mpick_target[0m[1;36m][0m[1;36m[0m
[gazebo-4] [INFO] [1786413540.845433780] [gripper_controller]: Received & accepted new action goal
[gazebo-4] [INFO] [1786413543.870285339] [gripper_controller]: Received & accepted new action goal
[gazebo-4] [INFO] [1786413545.172822991] [arm_controller]: Received new action goal
[gazebo-4] [INFO] [1786413545.172919805] [arm_controller]: Accepted new action goal
[gazebo-4] [INFO] [1786413558.103893633] [arm_controller]: Goal reached, success!
[gazebo-4] [INFO] [1786413558.134165850] [gripper_controller]: Received & accepted new action goal
[gazebo-4] [INFO] [1786413559.134968273] [gripper_controller]: Received & accepted new action goal
[gazebo-4] [INFO] [1786413559.191075062] [arm_controller]: Received new action goal
[gazebo-4] [INFO] [1786413559.191154655] [arm_controller]: Accepted new action goal
[gazebo-4] [INFO] [1786413561.147768484] [arm_controller]: Goal reached, success!
[gazebo-4] [INFO] [1786413561.193447884] [gripper_controller]: Received & accepted new action goal
[gazebo-4] [INFO] [1786413566.279944554] [gripper_controller]: Received & accepted new action goal
[gazebo-4] [INFO] [1786413636.549401671] [gripper_controller]: Received & accepted new action goal
[gazebo-4] [INFO] [1786413641.513670380] [gripper_controller]: Received & accepted new action goal
[gazebo-4] [INFO] [1786413643.663556789] [gripper_controller]: Received & accepted new action goal
