merge validation: 2026-08-03T16:59:17+02:00
xacro: ur5e_robotiq_description/urdf/ur5e_robotiq.urdf.xacro

════════════════════════════════════════════════════════════
§ 1. Expand the xacro

════════════════════════════════════════════════════════════
  [PASS] expanded to /tmp/ur5e_robotiq_merged.urdf (29897 bytes)

════════════════════════════════════════════════════════════
§ 2. Structural parse

════════════════════════════════════════════════════════════
  links: 24   joints: 23
  [PASS] no duplicate link names
  [PASS] no duplicate joint names
  [PASS] single kinematic root: world
  [PASS] no orphan links
  [PASS] flange chain link present: wrist_3_link
  [PASS] flange chain link present: flange
  [PASS] flange chain link present: tool0
  [PASS] gripper links present (10)
  [PASS] master joint present: robotiq_85_left_knuckle_joint (revolute) limits [0.0, 0.8]
  [PASS] limits match recon (0.0 open -> 0.8 closed)

  mimic joints found: 5 (recon observed 5)
    robotiq_85_left_finger_tip_joint         -> robotiq_85_left_knuckle_joint  mult=-1.0  off=0.0
    robotiq_85_left_inner_knuckle_joint      -> robotiq_85_left_knuckle_joint  mult=1.0  off=0.0
    robotiq_85_right_finger_tip_joint        -> robotiq_85_left_knuckle_joint  mult=1.0  off=0.0
    robotiq_85_right_inner_knuckle_joint     -> robotiq_85_left_knuckle_joint  mult=-1.0  off=0.0
    robotiq_85_right_knuckle_joint           -> robotiq_85_left_knuckle_joint  mult=-1.0  off=0.0
  [PASS] 5 mimic joints present
  [PASS] robotiq_85_right_knuckle_joint -> mult -1.0
  [PASS] robotiq_85_left_inner_knuckle_joint -> mult 1.0
  [PASS] robotiq_85_right_inner_knuckle_joint -> mult -1.0
  [PASS] robotiq_85_left_finger_tip_joint -> mult -1.0
  [PASS] robotiq_85_right_finger_tip_joint -> mult 1.0

════════════════════════════════════════════════════════════
§ 3. Link inventory  (read this if §1 failed on the coupler link name)

════════════════════════════════════════════════════════════
    world
    base_link
    base_link_inertia
    shoulder_link
    upper_arm_link
    forearm_link
    wrist_1_link
    wrist_2_link
    wrist_3_link
    ft_frame
    base
    flange
    tool0
    ur_to_robotiq_link
    gripper_mount_link  <-- candidate coupler output
    robotiq_85_base_link
    robotiq_85_left_knuckle_link
    robotiq_85_right_knuckle_link
    robotiq_85_left_finger_link
    robotiq_85_right_finger_link
    robotiq_85_left_inner_knuckle_link
    robotiq_85_right_inner_knuckle_link
    robotiq_85_left_finger_tip_link
    robotiq_85_right_finger_tip_link

════════════════════════════════════════════════════════════
§ 4. ros2_control blocks

════════════════════════════════════════════════════════════
  <ros2_control> blocks: 2

    name=RobotiqGripperHardware  type=system
      plugin: ign_ros2_control/IgnitionSystem
      joints (6): ['robotiq_85_left_knuckle_joint', 'robotiq_85_right_knuckle_joint', 'robotiq_85_left_inner_knuckle_joint', 'robotiq_85_right_inner_knuckle_joint', 'robotiq_85_left_finger_tip_joint', 'robotiq_85_right_finger_tip_joint']
      with command interfaces (1): ['robotiq_85_left_knuckle_joint']

    name=UR5eSystem  type=system
      plugin: gz_ros2_control/GazeboSimSystem
      joints (6): ['shoulder_pan_joint', 'shoulder_lift_joint', 'elbow_joint', 'wrist_1_joint', 'wrist_2_joint', 'wrist_3_joint']
      with command interfaces (6): ['shoulder_pan_joint', 'shoulder_lift_joint', 'elbow_joint', 'wrist_1_joint', 'wrist_2_joint', 'wrist_3_joint']

  [PASS] both arm and gripper ros2_control blocks present

════════════════════════════════════════════════════════════
§ 5. Mimic joints must NOT carry command interfaces

════════════════════════════════════════════════════════════
  [PASS] no mimic joint exposes a command interface

  reminder: the gripper planning group and gripper controller must each
  claim exactly one joint — robotiq_85_left_knuckle_joint — and none of the 5 followers.

════════════════════════════════════════════════════════════
§ SUMMARY

════════════════════════════════════════════════════════════
  MERGE VALIDATES.

  Structure is sound and matches what recon observed. That is NOT the same as
  M-1 being done — it proves the text is consistent, not that it spawns.

  Next:
    1. spawn it in Harmonic, confirm no errors and the arm does not free-fall
    2. ros2 control list_hardware_interfaces  -> BOTH components must be active
    3. MoveIt Setup Assistant, two groups: arm, gripper
    4. then, and only then, M0

  Still open by design: grasp.tcp_offset in config/scene.yaml. Measure it from
  the expanded URDF now that one exists — tool0 forward to the finger-pad
  contact midpoint.
