mimic contact probe: 2026-08-04T13:47:45+02:00
world=empty model=ur5e_robotiq box_width=0.040 m overclose=0.8 rad

════════════════════════════════════════════════════════════
§ 0. Preconditions

════════════════════════════════════════════════════════════
  [ok] topic /world/empty/model/ur5e_robotiq/joint_state
  [ok] topic /world/empty/pose/info
  [ok] service /world/empty/create
  [ok] service /world/empty/remove

════════════════════════════════════════════════════════════
§ 1. Baseline — gripper open, no object

════════════════════════════════════════════════════════════
    shoulder_pan_joint 1.3037876103574826e-08 6.2998922484985842e-17
    shoulder_lift_joint -1.5708532380266698 3.46102947733698e-14
    elbow_joint 1.5706821450959625 1.1081413564539844e-14
    wrist_1_joint -1.5718105976134675 -1.2621848011207248e-14
    wrist_2_joint -1.5706952201917295 -1.5195459365617559e-14
    wrist_3_joint -8.964904390018e-07 1.6896613231828783e-17
    robotiq_85_left_inner_knuckle_joint 8.8818319144595211e-06 -0.00047641994109837984
    robotiq_85_left_knuckle_joint 7.9630216956946368e-06 -0.00044238994525054674
    robotiq_85_left_finger_tip_joint -8.8818320454507964e-06 0.00047641994115210466
    robotiq_85_right_inner_knuckle_joint -8.8818319194558211e-06 0.000476419941098395
    robotiq_85_right_knuckle_joint -8.8818318498697013e-06 0.00047641994109982964
    robotiq_85_right_finger_tip_joint 8.8818320452776815e-06 -0.00047641994108814714

════════════════════════════════════════════════════════════
§ 1b. Pre-close to a cradle aperture before placing the box

════════════════════════════════════════════════════════════
  pre-closing robotiq_85_left_knuckle_joint to 0.45 rad (heuristic cradle aperture, not measured)
    
    Goal accepted with ID: 4c8e983de6524ca98fbb4bfd5b086918
    
    Result:
        position: 0.44002055404048646
    effort: 50.0
    stalled: false
    reached_goal: true
    
    Goal finished with status: SUCCEEDED
[settle] poses settled after 0.59s (max|delta|=0.000000 m)
  [note] place the box at the (now pre-closed) fingertip midpoint. If your setup
  [note] keeps the arm at its initial pose, read the fingertip link poses from
  [note] /world/empty/pose/info and set BOX_XYZ accordingly. Set BOX_XYZ explicitly to skip
  [note] auto-placement.

  box placement (fingertip midpoint): 0.49214 0.13332 1.11692

════════════════════════════════════════════════════════════
§ 2. Spawn the test object

════════════════════════════════════════════════════════════
    data: true
[settle] poses settled after 0.54s (max|delta|=0.000069 m)
    box @ probe_box 0.4920202651393944 0.13337165129950096 1.1167620217064611

════════════════════════════════════════════════════════════
§ 3. Command closure PAST what the object permits

════════════════════════════════════════════════════════════
  commanding robotiq_85_left_knuckle_joint -> 0.8 rad (box is 0.040 m wide)
