mimic contact probe: 2026-08-04T11:31:09+02:00
world=empty model=ur5e_robotiq box_width=0.040 m overclose=0.8 rad

════════════════════════════════════════════════════════════
§ 0. Preconditions

════════════════════════════════════════════════════════════
  [ok] topic /world/empty/model/ur5e_robotiq/joint_state
  [ok] topic /world/empty/pose/info
  [ok] service /world/empty/create
  [ok] service /world/empty/remove

════════════════════════════════════════════════════════════
§ 1. Baseline — gripper open, no object

════════════════════════════════════════════════════════════
    shoulder_pan_joint 1.3037876103311329e-08 2.6241758332296028e-16
    shoulder_lift_joint -1.5708532380266693 1.2242282383147229e-14
    elbow_joint 1.5706821450959625 1.0439565878428425e-14
    wrist_1_joint -1.5718105976134675 -1.4540452175637597e-14
    wrist_2_joint -1.5706952201917295 -1.0052410835161008e-14
    wrist_3_joint -8.9649043900662015e-07 2.5973079481426964e-16
    robotiq_85_left_inner_knuckle_joint 3.4942139779394004e-05 -0.0018742664365621357
    robotiq_85_left_knuckle_joint 3.1327458782775876e-05 -0.001740414227857051
    robotiq_85_left_finger_tip_joint -3.4942139910517862e-05 0.0018742664367740825
    robotiq_85_right_inner_knuckle_joint -3.4942139784390557e-05 0.0018742664365621092
    robotiq_85_right_knuckle_joint -3.4942162856782712e-05 0.0018742895785645195
    robotiq_85_right_finger_tip_joint 3.4942139910463245e-05 -0.0018742664365227783

════════════════════════════════════════════════════════════
§ 1b. Pre-close to a cradle aperture before placing the box

════════════════════════════════════════════════════════════
  pre-closing robotiq_85_left_knuckle_joint to 0.45 rad (heuristic cradle aperture, not measured)
    
    Goal accepted with ID: 2cfa4cd6e73c4ccea520090ccf22499f
    
    Result:
        position: 0.4400030851332619
    effort: 50.0
    stalled: false
    reached_goal: true
    
    Goal finished with status: SUCCEEDED
[settle] poses settled after 0.65s (max|delta|=0.000000 m)
  [note] place the box at the (now pre-closed) fingertip midpoint. If your setup
  [note] keeps the arm at its initial pose, read the fingertip link poses from
  [note] /world/empty/pose/info and set BOX_XYZ accordingly. Set BOX_XYZ explicitly to skip
  [note] auto-placement.

  box placement (fingertip midpoint): 0.49214 0.13332 1.12292

════════════════════════════════════════════════════════════
§ 2. Spawn the test object

════════════════════════════════════════════════════════════
    data: true
[settle] poses settled after 0.55s (max|delta|=0.000050 m)
    box @ probe_box 0.49210812423222206 0.1333840693095911 1.1227930606870153

════════════════════════════════════════════════════════════
§ 3. Command closure PAST what the object permits

════════════════════════════════════════════════════════════
  commanding robotiq_85_left_knuckle_joint -> 0.8 rad (box is 0.040 m wide)
    Waiting for an action server to become available...
    Sending goal:
         command:
      position: 0.8
      max_effort: 50.0
    
    Goal accepted with ID: 59f5c574fa3f420493575eb36001c098
    
    Result:
        position: 0.7900466590451956
    effort: 50.0
    stalled: false
    reached_goal: true
    
    Goal finished with status: SUCCEEDED
[settle] joints settled after 0.32s (max|vel|=0.00000 rad/s)
[settle] poses settled after 0.60s (max|delta|=0.000000 m)
    shoulder_pan_joint 1.3037876103515601e-08 1.6940658945086007e-20
    shoulder_lift_joint -1.5708532380266671 -1.0594923918229304e-13
    elbow_joint 1.5706821450959529 -1.0948880690975216e-13
    wrist_1_joint -1.57181059761353 -1.0772632785815972e-13
    wrist_2_joint -1.57069522019173 2.0337193300939971e-15
    wrist_3_joint -8.9649043900246175e-07 4.4045713257223618e-20
    robotiq_85_left_inner_knuckle_joint 0.79999999999974636 1.7742643292073534e-14
    robotiq_85_left_knuckle_joint 0.79999999999979787 4.9193288331750296e-14
    robotiq_85_left_finger_tip_joint -0.80000000000060478 -1.1302590807726887e-14
    robotiq_85_right_inner_knuckle_joint -0.79999999999975324 -1.0992563196504657e-14
    robotiq_85_right_knuckle_joint -0.79999999999977789 -5.195063129681543e-15
    robotiq_85_right_finger_tip_joint 0.80000000000060434 5.0067588963642606e-14
    box @ probe_box 0.42563328753898022 0.20206293414523849 0.01999997325140962

════════════════════════════════════════════════════════════
§ 4. Numbers  (interpret these; the script will not)

════════════════════════════════════════════════════════════
  commanded master angle : 0.8000 rad
  achieved  master angle : 0.8000 rad
  shortfall              : +0.0000 rad
  master velocity at rest: 4.9193288331750296e-14

  THE QUESTION THIS ANSWERS:
    shortfall ~0        -> the linkage drove to command THROUGH the object.
                           Contact is not opposing it. Kinematic override
                           confirmed. Friction grasping cannot work as specified.
    shortfall clearly >0 -> contact IS opposing the linkage. The override
                           yields. Friction grasping may be viable; calibrate
                           m0_verify.sh's threshold from this number.

  followers (position, velocity):
    robotiq_85_left_finger_tip_joint           -0.80000  (moved -0.79997)  vel=-1.1302590807726887e-14
    robotiq_85_left_inner_knuckle_joint        +0.80000  (moved +0.79997)  vel=1.7742643292073534e-14
    robotiq_85_right_finger_tip_joint          +0.80000  (moved +0.79997)  vel=5.0067588963642606e-14
    robotiq_85_right_inner_knuckle_joint       -0.80000  (moved -0.79997)  vel=-1.0992563196504657e-14
    robotiq_85_right_knuckle_joint             -0.80000  (moved -0.79997)  vel=-5.195063129681543e-15

  Also check the box pose printed in §3 against §2:
    unchanged        -> held, or never contacted (check finger separation)
    small shift      -> pushed by one finger before the other met it
    large/rising     -> ejected. Solver resolving an impossible overlap.
    inside the pads  -> interpenetration. Look at it in the GUI to be sure.

════════════════════════════════════════════════════════════
§ 5. Cleanup

════════════════════════════════════════════════════════════
    data: true
    
  [note] gripper reopened, box removed. Raw samples kept in /home/sachin/ur5e_pickplace/probe_out

════════════════════════════════════════════════════════════
  NEXT, once you have read the numbers:

  1. Decide the stall threshold from the observed shortfall, not from intuition.
  2. Rewrite m0_verify.sh §M0-C around it, replacing the free-space sweep.
     Keep the sweep as a subordinate check — it still catches a broken merge —
     but it must no longer be what M0-C passes on.
  3. If the shortfall is ~0, do NOT start tuning friction. Go to §3.5
     Consequence 2 and work the physics-engine decision instead.
