mimic contact probe: 2026-08-03T17:30:13+02:00
world=empty model=ur5e_robotiq box_width=0.040 m overclose=0.8 rad

════════════════════════════════════════════════════════════
§ 0. Preconditions

════════════════════════════════════════════════════════════
  [ok] topic /world/empty/model/ur5e_robotiq/joint_state
  [ok] topic /world/empty/pose/info
  [ok] service /world/empty/create
  [ok] service /world/empty/remove

════════════════════════════════════════════════════════════
§ 1. Baseline — gripper open, no object

════════════════════════════════════════════════════════════
    shoulder_pan_joint 1.3037876104140707e-08 2.8799120206646212e-19
    shoulder_lift_joint -1.5708532380236835 -7.2228030847942826e-14
    elbow_joint 1.5706821451077615 -6.82058576284561e-14
    wrist_1_joint -1.5718105975963061 -7.8798079172770485e-14
    wrist_2_joint -1.5706952201917301 1.3097636582075356e-14
    wrist_3_joint -8.9649043901575646e-07 2.8629713617195351e-19
    robotiq_85_left_inner_knuckle_joint 0.76682809714601186 -2.26574943702762e-14
    robotiq_85_left_knuckle_joint 0.766828097146046 -4.7243242304317867e-14
    robotiq_85_left_finger_tip_joint -0.76682809714683364 5.398285984892226e-14
    robotiq_85_right_inner_knuckle_joint -0.76682809714601874 1.7399222253938751e-14
    robotiq_85_right_knuckle_joint -0.76682809714604527 7.4961738205647777e-15
    robotiq_85_right_finger_tip_joint 0.7668280971468332 -1.502790947238708e-14
  [note] place the box at the fingertip midpoint. If your setup keeps the arm at
  [note] its initial pose, read the fingertip link poses from /world/empty/pose/info and set
  [note] BOX_XYZ accordingly. Set BOX_XYZ explicitly to skip auto-placement.

  box placement (fingertip midpoint): 0.24607 0.06666 0.18257

════════════════════════════════════════════════════════════
§ 2. Spawn the test object

════════════════════════════════════════════════════════════
    [libprotobuf ERROR google/protobuf/text_format.cc:337] Error parsing text-format gz.msgs.EntityFactory: 1:47: String literals cannot cross line boundaries.
    [libprotobuf ERROR google/protobuf/text_format.cc:337] Error parsing text-format gz.msgs.EntityFactory: 2:1: Expected identifier, got: <
    Unable to create request of type[gz.msgs.EntityFactory] with data[sdf: "<?xml version='1.0'?><sdf version='1.9'>
    <model name='probe_box'>
      <pose>0.24607 0.06666 0.18257 0 0 0</pose>
      <link name='link'>
        <inertial><mass>0.15</mass>
          <inertia><ixx>1e-4</ixx><iyy>1e-4</iyy><izz>1e-4</izz>
                   <ixy>0</ixy><ixz>0</ixz><iyz>0</iyz></inertia>
        </inertial>
        <collision name='c'><geometry><box><size>0.040 0.040 0.060</size></box></geometry>
          <surface><friction><ode><mu>1.0</mu><mu2>1.0</mu2></ode></friction></surface>
        </collision>
        <visual name='v'><geometry><box><size>0.040 0.040 0.060</size></box></geometry></visual>
      </link>
    </model></sdf>", name: "probe_box"].

════════════════════════════════════════════════════════════
§ 3. Command closure PAST what the object permits

════════════════════════════════════════════════════════════
  commanding robotiq_85_left_knuckle_joint -> 0.8 rad (box is 0.040 m wide)
    Waiting for an action server to become available...
    Sending goal:
         command:
      position: 0.8
      max_effort: 50.0
    
    Goal accepted with ID: 1e2d441d56fb43afbf249c95e05b06cb
    
    Result:
        position: 0.7908280971449275
    effort: 50.0
    stalled: false
    reached_goal: true
    
    Goal finished with status: SUCCEEDED
    shoulder_pan_joint 1.3037876104137861e-08 -3.2187251995663413e-19
    shoulder_lift_joint -1.5708532380236837 -6.1542174893507162e-14
    elbow_joint 1.5706821451077606 -3.1790542420750967e-14
    wrist_1_joint -1.5718105975963079 -1.8943180357666733e-14
    wrist_2_joint -1.57069522019173 2.0388015277775229e-15
    wrist_3_joint -8.9649043901577626e-07 -3.1170812458958252e-19
    robotiq_85_left_inner_knuckle_joint 0.79999999999974636 1.7700467827563848e-14
    robotiq_85_left_knuckle_joint 0.79999999999979787 4.921388817302752e-14
    robotiq_85_left_finger_tip_joint -0.80000000000060478 -1.1587952819525071e-14
    robotiq_85_right_inner_knuckle_joint -0.79999999999975324 -1.1016090383647592e-14
    robotiq_85_right_knuckle_joint -0.79999999999977789 -5.2976286551986718e-15
    robotiq_85_right_finger_tip_joint 0.80000000000060434 5.0475248980497156e-14

════════════════════════════════════════════════════════════
§ 4. Numbers  (interpret these; the script will not)

════════════════════════════════════════════════════════════
  commanded master angle : 0.8000 rad
  achieved  master angle : 0.8000 rad
  shortfall              : +0.0000 rad
  master velocity at rest: 4.921388817302752e-14

  THE QUESTION THIS ANSWERS:
    shortfall ~0        -> the linkage drove to command THROUGH the object.
                           Contact is not opposing it. Kinematic override
                           confirmed. Friction grasping cannot work as specified.
    shortfall clearly >0 -> contact IS opposing the linkage. The override
                           yields. Friction grasping may be viable; calibrate
                           m0_verify.sh's threshold from this number.

  followers (position, velocity):
    robotiq_85_left_finger_tip_joint           -0.80000  (moved -0.03317)  vel=-1.1587952819525071e-14
    robotiq_85_left_inner_knuckle_joint        +0.80000  (moved +0.03317)  vel=1.7700467827563848e-14
    robotiq_85_right_finger_tip_joint          +0.80000  (moved +0.03317)  vel=5.0475248980497156e-14
    robotiq_85_right_inner_knuckle_joint       -0.80000  (moved -0.03317)  vel=-1.1016090383647592e-14
    robotiq_85_right_knuckle_joint             -0.80000  (moved -0.03317)  vel=-5.297628655198672e-15

  Also check the box pose printed in §3 against §2:
    unchanged        -> held, or never contacted (check finger separation)
    small shift      -> pushed by one finger before the other met it
    large/rising     -> ejected. Solver resolving an impossible overlap.
    inside the pads  -> interpenetration. Look at it in the GUI to be sure.

════════════════════════════════════════════════════════════
§ 5. Cleanup

════════════════════════════════════════════════════════════
    data: true
    
  [note] gripper reopened, box removed. Raw samples kept in /home/sachin/ur5e_pickplace/probe_out

════════════════════════════════════════════════════════════
  NEXT, once you have read the numbers:

  1. Decide the stall threshold from the observed shortfall, not from intuition.
  2. Rewrite m0_verify.sh §M0-C around it, replacing the free-space sweep.
     Keep the sweep as a subordinate check — it still catches a broken merge —
     but it must no longer be what M0-C passes on.
  3. If the shortfall is ~0, do NOT start tuning friction. Go to §3.5
     Consequence 2 and work the physics-engine decision instead.
