mimic contact probe: 2026-08-08T13:56:58+02:00
world=empty model=ur5e_robotiq box_width=0.040 m overclose=0.8 rad

════════════════════════════════════════════════════════════
§ 0. Preconditions

════════════════════════════════════════════════════════════
  [ok] topic /world/empty/model/ur5e_robotiq/joint_state
  [ok] topic /world/empty/pose/info
  [ok] service /world/empty/create
  [ok] service /world/empty/remove
[ok] gripper open (robotiq_85_left_knuckle_joint) = 0.0000 rad, within 0.0000 +/- 0.05
  [ok] gripper.command_timeout_s = 5.0s (from config/scene.yaml)

════════════════════════════════════════════════════════════
§ 1. Baseline — gripper open, no object

════════════════════════════════════════════════════════════
    shoulder_pan_joint 1.303787740168702e-08 4.5056731783066351e-16
    shoulder_lift_joint -1.5708532380512581 -1.0083690067837214e-14
    elbow_joint 1.5706821449986594 9.9122099417314757e-15
    wrist_1_joint -1.5718105977555383 -1.5966394872890532e-14
    wrist_2_joint -1.570695220191334 -5.3966163135465983e-15
    wrist_3_joint -8.96490432361907e-07 5.7894193725063076e-16
    robotiq_85_left_inner_knuckle_joint 5.914843368281672e-05 -0.0031477019008196521
    robotiq_85_left_knuckle_joint 5.3053324672652792e-05 -0.0029474067772927211
    robotiq_85_left_finger_tip_joint -5.9148433814078569e-05 0.0031477019011821334
    robotiq_85_right_inner_knuckle_joint -5.9148433687813367e-05 0.0031477019008194994
    robotiq_85_right_knuckle_joint -5.9172131024094178e-05 0.0031713993067893549
    robotiq_85_right_finger_tip_joint 5.9148433814092142e-05 -0.0031477019007228966

════════════════════════════════════════════════════════════
§ 1b. Pre-close to a cradle aperture before placing the box

════════════════════════════════════════════════════════════
  pre-closing robotiq_85_left_knuckle_joint to 0.45 rad (heuristic cradle aperture, not measured)
    
    Goal accepted with ID: d6986305d3e143b095856ffd821f0d25
    
    Result:
        position: 0.4400042319713292
    effort: 50.0
    stalled: false
    reached_goal: true
    
    Goal finished with status: SUCCEEDED
[settle] poses settled after 0.57s (max|delta|=0.000000 m)
  [note] place the box at the (now pre-closed) fingertip midpoint. If your setup
  [note] keeps the arm at its initial pose, read the fingertip link poses from
  [note] /world/empty/pose/info and set BOX_XYZ accordingly. Set BOX_XYZ explicitly to skip
  [note] auto-placement.

  box placement (fingertip midpoint): 0.49214 0.13332 1.11692

════════════════════════════════════════════════════════════
§ 2. Spawn the test object

════════════════════════════════════════════════════════════
    data: true
[settle] poses settled after 0.55s (max|delta|=0.000072 m)
    box @ probe_box 0.49201469516133089 0.133374339625629 1.1167551584850308

════════════════════════════════════════════════════════════
§ 3. Command closure PAST what the object permits

════════════════════════════════════════════════════════════
  commanding robotiq_85_left_knuckle_joint -> 0.8 rad (box is 0.040 m wide, bounded at 5.0s)
  gripper_close_and_hold: STALLED in 1.710s, now holding 0.4500908935278126 rad (not left driving toward 0.8)
    effort: 50.0
    stalled: true
    reached_goal: false
    
    Goal finished with status: SUCCEEDED
    Waiting for an action server to become available...
    Sending goal:
         command:
      position: 0.4500908935278126
      max_effort: 50.0
    
    Goal accepted with ID: f065dde4dca74b4bb89141448a297fa3
    
    Result:
        position: 0.4512722673632298
    effort: 50.0
    stalled: false
    reached_goal: true
    
    Goal finished with status: SUCCEEDED
[settle] joints settled after 0.31s (max|vel|=0.00005 rad/s)
[settle] poses settled after 0.53s (max|delta|=0.000110 m)
    shoulder_pan_joint -4.0114439916868162e-09 9.4718452794970636e-07
    shoulder_lift_joint -1.5708532408617446 1.5613863811246803e-07
    elbow_joint 1.5706821528974553 -4.3882045243012757e-07
    wrist_1_joint -1.5718105772125175 -1.1412762589910197e-06
    wrist_2_joint -1.5706947643844087 -2.5322607255112473e-05
    wrist_3_joint -9.1351829508224245e-07 9.45992400412787e-07
    robotiq_85_left_inner_knuckle_joint 0.45008852610188488 0.00012591006441805175
    robotiq_85_left_knuckle_joint 0.45008878867229374 0.00011693649962928997
    robotiq_85_left_finger_tip_joint -0.45008854580479946 -0.00012593161481503322
    robotiq_85_right_inner_knuckle_joint -0.45008848855199779 -0.00012603981406449712
    robotiq_85_right_knuckle_joint -0.44401918518295874 0.0068771344064619856
    robotiq_85_right_finger_tip_joint 0.45008854851822044 0.0001259315049075508
    box @ probe_box 0.49115702385834592 0.13370678799166544 1.1155690059507823

════════════════════════════════════════════════════════════
§ 4. Numbers  (interpret these; the script will not)

════════════════════════════════════════════════════════════
  commanded master angle : 0.8000 rad
  achieved  master angle : 0.4501 rad
  shortfall              : +0.3499 rad
  master velocity at rest: 0.00011693649962928997

  THE QUESTION THIS ANSWERS:
    shortfall ~0        -> the linkage drove to command THROUGH the object.
                           Contact is not opposing it. Kinematic override
                           confirmed. Friction grasping cannot work as specified.
    shortfall clearly >0 -> contact IS opposing the linkage. The override
                           yields. Friction grasping may be viable; calibrate
                           m0_verify.sh's threshold from this number.

  followers (position, velocity):
    robotiq_85_left_finger_tip_joint           -0.45009  (moved -0.45003)  vel=-0.00012593161481503322
    robotiq_85_left_inner_knuckle_joint        +0.45009  (moved +0.45003)  vel=0.00012591006441805175
    robotiq_85_right_finger_tip_joint          +0.45009  (moved +0.45003)  vel=0.0001259315049075508
    robotiq_85_right_inner_knuckle_joint       -0.45009  (moved -0.45003)  vel=-0.00012603981406449712
    robotiq_85_right_knuckle_joint             -0.44402  (moved -0.44396)  vel=0.006877134406461986

  Also check the box pose printed in §3 against §2:
    unchanged        -> held, or never contacted (check finger separation)
    small shift      -> pushed by one finger before the other met it
    large/rising     -> ejected. Solver resolving an impossible overlap.
    inside the pads  -> interpenetration. Look at it in the GUI to be sure.

════════════════════════════════════════════════════════════
§ 5. Cleanup

════════════════════════════════════════════════════════════
    data: true
    
  [note] gripper reopened, box removed. Raw samples kept in /home/sachin/ur5e_pickplace/probe_out

════════════════════════════════════════════════════════════
  NEXT, once you have read the numbers:

  1. Decide the stall threshold from the observed shortfall, not from intuition.
  2. Rewrite m0_verify.sh §M0-C around it, replacing the free-space sweep.
     Keep the sweep as a subordinate check — it still catches a broken merge —
     but it must no longer be what M0-C passes on.
  3. If the shortfall is ~0, do NOT start tuning friction. Go to §3.5
     Consequence 2 and work the physics-engine decision instead.
