mimic contact probe: 2026-08-03T17:31:26+02:00
world=empty model=ur5e_robotiq box_width=0.040 m overclose=0.8 rad

════════════════════════════════════════════════════════════
§ 0. Preconditions

════════════════════════════════════════════════════════════
  [ok] topic /world/empty/model/ur5e_robotiq/joint_state
  [ok] topic /world/empty/pose/info
  [ok] service /world/empty/create
  [ok] service /world/empty/remove

════════════════════════════════════════════════════════════
§ 1. Baseline — gripper open, no object

════════════════════════════════════════════════════════════
    shoulder_pan_joint 1.3037876104170363e-08 -3.1099661691388891e-17
    shoulder_lift_joint -1.570853238023685 1.2422083760926794e-14
    elbow_joint 1.5706821451077717 1.1140394162723055e-14
    wrist_1_joint -1.5718105975962438 -1.2372047830666588e-14
    wrist_2_joint -1.5706952201917295 -1.7781024048979521e-14
    wrist_3_joint -8.9649043901470275e-07 4.7110278460389676e-17
    robotiq_85_left_inner_knuckle_joint 4.97336013621051e-06 -0.00027127402487480551
    robotiq_85_left_knuckle_joint 4.46698162394715e-06 -0.00023510415492127403
    robotiq_85_left_finger_tip_joint -4.9733602672095751e-06 0.00027127402484864067
    robotiq_85_right_inner_knuckle_joint -4.9733601412067936e-06 0.00027127402487482459
    robotiq_85_right_knuckle_joint -4.9733600716238815e-06 0.00027127402487381064
    robotiq_85_right_finger_tip_joint 4.9733602669833368e-06 -0.00027127402488515747
  [note] place the box at the fingertip midpoint. If your setup keeps the arm at
  [note] its initial pose, read the fingertip link poses from /world/empty/pose/info and set
  [note] BOX_XYZ accordingly. Set BOX_XYZ explicitly to skip auto-placement.

  box placement (fingertip midpoint): 0.24606 0.06666 0.18938

════════════════════════════════════════════════════════════
§ 2. Spawn the test object

════════════════════════════════════════════════════════════
    data: true
    box @ probe_box 0.24606 0.06666 0.029999149769361213

════════════════════════════════════════════════════════════
§ 3. Command closure PAST what the object permits

════════════════════════════════════════════════════════════
  commanding robotiq_85_left_knuckle_joint -> 0.8 rad (box is 0.040 m wide)
    Waiting for an action server to become available...
    Sending goal:
         command:
      position: 0.8
      max_effort: 50.0
    
    Goal accepted with ID: fc747f320b644dad8977c9ee6241d7c4
    
    Result:
        position: 0.7900121370208549
    effort: 50.0
    stalled: false
    reached_goal: true
    
    Goal finished with status: SUCCEEDED
    shoulder_pan_joint 1.3037876104156521e-08 -8.0976349757511112e-19
    shoulder_lift_joint -1.5708532380236861 6.0572993018995214e-14
    elbow_joint 1.5706821451077622 -1.0950615414451192e-13
    wrist_1_joint -1.5718105975963061 -1.0774367509291949e-13
    wrist_2_joint -1.57069522019173 2.0408344068509332e-15
    wrist_3_joint -8.9649043901578738e-07 -8.4872701314880894e-19
    robotiq_85_left_inner_knuckle_joint 0.79999999999974636 1.77602073672678e-14
    robotiq_85_left_knuckle_joint 0.79999999999979787 4.9195239895660769e-14
    robotiq_85_left_finger_tip_joint -0.80000000000060478 -1.136590821460004e-14
    robotiq_85_right_inner_knuckle_joint -0.79999999999975324 -1.0990936893245928e-14
    robotiq_85_right_knuckle_joint -0.79999999999977789 -5.2340944078910212e-15
    robotiq_85_right_finger_tip_joint 0.80000000000060434 5.0223714076480519e-14
    box @ probe_box 0.24606 0.06666 0.029999149769361213

════════════════════════════════════════════════════════════
§ 4. Numbers  (interpret these; the script will not)

════════════════════════════════════════════════════════════
  commanded master angle : 0.8000 rad
  achieved  master angle : 0.8000 rad
  shortfall              : +0.0000 rad
  master velocity at rest: 4.919523989566077e-14

  THE QUESTION THIS ANSWERS:
    shortfall ~0        -> the linkage drove to command THROUGH the object.
                           Contact is not opposing it. Kinematic override
                           confirmed. Friction grasping cannot work as specified.
    shortfall clearly >0 -> contact IS opposing the linkage. The override
                           yields. Friction grasping may be viable; calibrate
                           m0_verify.sh's threshold from this number.

  followers (position, velocity):
    robotiq_85_left_finger_tip_joint           -0.80000  (moved -0.80000)  vel=-1.136590821460004e-14
    robotiq_85_left_inner_knuckle_joint        +0.80000  (moved +0.80000)  vel=1.77602073672678e-14
    robotiq_85_right_finger_tip_joint          +0.80000  (moved +0.80000)  vel=5.022371407648052e-14
    robotiq_85_right_inner_knuckle_joint       -0.80000  (moved -0.80000)  vel=-1.0990936893245928e-14
    robotiq_85_right_knuckle_joint             -0.80000  (moved -0.80000)  vel=-5.234094407891021e-15

  Also check the box pose printed in §3 against §2:
    unchanged        -> held, or never contacted (check finger separation)
    small shift      -> pushed by one finger before the other met it
    large/rising     -> ejected. Solver resolving an impossible overlap.
    inside the pads  -> interpenetration. Look at it in the GUI to be sure.

════════════════════════════════════════════════════════════
§ 5. Cleanup

════════════════════════════════════════════════════════════
    data: true
    
  [note] gripper reopened, box removed. Raw samples kept in /home/sachin/ur5e_pickplace/probe_out

════════════════════════════════════════════════════════════
  NEXT, once you have read the numbers:

  1. Decide the stall threshold from the observed shortfall, not from intuition.
  2. Rewrite m0_verify.sh §M0-C around it, replacing the free-space sweep.
     Keep the sweep as a subordinate check — it still catches a broken merge —
     but it must no longer be what M0-C passes on.
  3. If the shortfall is ~0, do NOT start tuning friction. Go to §3.5
     Consequence 2 and work the physics-engine decision instead.
