mimic contact probe: 2026-08-04T13:51:43+02:00
world=empty model=ur5e_robotiq box_width=0.040 m overclose=0.8 rad

════════════════════════════════════════════════════════════
§ 0. Preconditions

════════════════════════════════════════════════════════════
  [ok] topic /world/empty/model/ur5e_robotiq/joint_state
  [ok] topic /world/empty/pose/info
  [ok] service /world/empty/create
  [ok] service /world/empty/remove

════════════════════════════════════════════════════════════
§ 1. Baseline — gripper open, no object

════════════════════════════════════════════════════════════
    shoulder_pan_joint 1.303787610366157e-08 -1.3213713977167085e-18
    shoulder_lift_joint -1.5708532380183056 -7.2229941754271831e-14
    elbow_joint 1.5706821451290429 -7.9280332299092038e-14
    wrist_1_joint -1.5718105975652679 -8.9987045592820891e-14
    wrist_2_joint -1.5706952201917301 1.3102136021091171e-14
    wrist_3_joint -8.964904390543891e-07 -1.3484764520288461e-18
    robotiq_85_left_inner_knuckle_joint 0.76682809714626987 -2.2714252354005815e-14
    robotiq_85_left_knuckle_joint 0.76682809714630407 -4.728118938035486e-14
    robotiq_85_left_finger_tip_joint -0.76682809714709166 5.4217047518179129e-14
    robotiq_85_right_inner_knuckle_joint -0.76682809714627675 1.7378432677281341e-14
    robotiq_85_right_knuckle_joint -0.76682809714630329 7.4955232992612864e-15
    robotiq_85_right_finger_tip_joint 0.76682809714709121 -1.5184034585224992e-14

════════════════════════════════════════════════════════════
§ 1b. Pre-close to a cradle aperture before placing the box

════════════════════════════════════════════════════════════
  pre-closing robotiq_85_left_knuckle_joint to 0.45 rad (heuristic cradle aperture, not measured)
    
    Goal accepted with ID: cfbf10e1936e428a8bfa79b7fc22807e
    
    Result:
        position: 0.4592477771920165
    effort: 50.0
    stalled: false
    reached_goal: true
    
    Goal finished with status: SUCCEEDED
[settle] poses settled after 0.56s (max|delta|=0.000000 m)
  [note] place the box at the (now pre-closed) fingertip midpoint. If your setup
  [note] keeps the arm at its initial pose, read the fingertip link poses from
  [note] /world/empty/pose/info and set BOX_XYZ accordingly. Set BOX_XYZ explicitly to skip
  [note] auto-placement.

  box placement (fingertip midpoint): 0.49214 0.13332 1.11692

════════════════════════════════════════════════════════════
§ 2. Spawn the test object

════════════════════════════════════════════════════════════
    data: true
[settle] poses settled after 0.55s (max|delta|=0.000077 m)
    box @ probe_box 0.49201606909027829 0.13337525611520276 1.1167574837714354

════════════════════════════════════════════════════════════
§ 3. Command closure PAST what the object permits

════════════════════════════════════════════════════════════
  commanding robotiq_85_left_knuckle_joint -> 0.8 rad (box is 0.040 m wide)
