mimic contact probe: 2026-08-04T11:29:28+02:00
world=empty model=ur5e_robotiq box_width=0.040 m overclose=0.8 rad

════════════════════════════════════════════════════════════
§ 0. Preconditions

════════════════════════════════════════════════════════════
  [ok] topic /world/empty/model/ur5e_robotiq/joint_state
  [ok] topic /world/empty/pose/info
  [ok] service /world/empty/create
  [ok] service /world/empty/remove

════════════════════════════════════════════════════════════
§ 1. Baseline — gripper open, no object

════════════════════════════════════════════════════════════
    shoulder_pan_joint 1.3037876102771764e-08 4.7165166195371755e-16
    shoulder_lift_joint -1.5708532380266691 1.2691535105843754e-15
    elbow_joint 1.5706821450959625 1.0862838406566766e-14
    wrist_1_joint -1.5718105976134675 -1.3388595787588997e-14
    wrist_2_joint -1.5706952201917295 -4.7579941288983241e-15
    wrist_3_joint -8.96490439016484e-07 9.9466909589483038e-16
    robotiq_85_left_inner_knuckle_joint 7.2632529071360051e-05 -0.0034958238724852376
    robotiq_85_left_knuckle_joint 6.5497931066834267e-05 -0.0036387737992836264
    robotiq_85_left_finger_tip_joint -7.2632529202565889e-05 0.0034958238726419547
    robotiq_85_right_inner_knuckle_joint -7.263252907635531e-05 0.0034958238724843403
    robotiq_85_right_knuckle_joint -7.3011687503047069e-05 0.0038749823697502451
    robotiq_85_right_finger_tip_joint 7.26325292022772e-05 -0.0034958238718424961

════════════════════════════════════════════════════════════
§ 1b. Pre-close to a cradle aperture before placing the box

════════════════════════════════════════════════════════════
  pre-closing robotiq_85_left_knuckle_joint to 0.45 rad (heuristic cradle aperture, not measured)
    
    Goal accepted with ID: 81c2ed99fd714c2da03dd7ba5dc1889a
    
    Result:
        position: 0.4400253753359799
    effort: 50.0
    stalled: false
    reached_goal: true
    
    Goal finished with status: SUCCEEDED
[settle] poses settled after 0.59s (max|delta|=0.000000 m)
  [note] place the box at the (now pre-closed) fingertip midpoint. If your setup
  [note] keeps the arm at its initial pose, read the fingertip link poses from
  [note] /world/empty/pose/info and set BOX_XYZ accordingly. Set BOX_XYZ explicitly to skip
  [note] auto-placement.

  box placement (fingertip midpoint): 0.49214 0.13332 1.11692

════════════════════════════════════════════════════════════
§ 2. Spawn the test object

════════════════════════════════════════════════════════════
    data: true
[settle] poses settled after 0.55s (max|delta|=0.000070 m)
    box @ probe_box 0.49202084711486538 0.13337435520732666 1.1167637634854135

════════════════════════════════════════════════════════════
§ 3. Command closure PAST what the object permits

════════════════════════════════════════════════════════════
  commanding robotiq_85_left_knuckle_joint -> 0.8 rad (box is 0.040 m wide)
    Waiting for an action server to become available...
    Sending goal:
         command:
      position: 0.8
      max_effort: 50.0
    
    Goal accepted with ID: 2ac6e6f5f6b84490b019060d0ee40127
    
    Result:
        position: 0.4596808928947458
    effort: 50.0
    stalled: true
    reached_goal: false
    
    Goal finished with status: SUCCEEDED
[settle] joints settled after 0.31s (max|vel|=0.00072 rad/s)
[settle] poses settled after 0.55s (max|delta|=0.000007 m)
    shoulder_pan_joint 1.3037876106096846e-08 2.6754721485153232e-16
    shoulder_lift_joint -1.5708532380266622 1.0796998874389868e-13
    elbow_joint 1.570682145095988 9.4053237420510527e-14
    wrist_1_joint -1.5718105976134245 9.9288632871008531e-14
    wrist_2_joint -1.5706952201917344 -7.0935295940106891e-14
    wrist_3_joint -8.9649043911932646e-07 -1.0560156942689483e-13
    robotiq_85_left_inner_knuckle_joint 0.45934781730553031 -0.00072426347908961406
    robotiq_85_left_knuckle_joint 0.45934639647277348 -0.00072439316987805459
    robotiq_85_left_finger_tip_joint -0.45934784716651744 0.00072426357452035073
    robotiq_85_right_inner_knuckle_joint -0.45934781080513376 0.00072426345253237307
    robotiq_85_right_knuckle_joint -0.42812342192278158 0.0012465975270652624
    robotiq_85_right_finger_tip_joint 0.45934784741944318 -0.000724263660767133
    box @ probe_box 0.48837374599823069 0.13487076371103535 1.1046527653484959

════════════════════════════════════════════════════════════
§ 4. Numbers  (interpret these; the script will not)

════════════════════════════════════════════════════════════
  commanded master angle : 0.8000 rad
  achieved  master angle : 0.4593 rad
  shortfall              : +0.3407 rad
  master velocity at rest: -0.0007243931698780546

  THE QUESTION THIS ANSWERS:
    shortfall ~0        -> the linkage drove to command THROUGH the object.
                           Contact is not opposing it. Kinematic override
                           confirmed. Friction grasping cannot work as specified.
    shortfall clearly >0 -> contact IS opposing the linkage. The override
                           yields. Friction grasping may be viable; calibrate
                           m0_verify.sh's threshold from this number.

  followers (position, velocity):
    robotiq_85_left_finger_tip_joint           -0.45935  (moved -0.45928)  vel=0.0007242635745203507
    robotiq_85_left_inner_knuckle_joint        +0.45935  (moved +0.45928)  vel=-0.0007242634790896141
    robotiq_85_right_finger_tip_joint          +0.45935  (moved +0.45928)  vel=-0.000724263660767133
    robotiq_85_right_inner_knuckle_joint       -0.45935  (moved -0.45928)  vel=0.0007242634525323731
    robotiq_85_right_knuckle_joint             -0.42812  (moved -0.42805)  vel=0.0012465975270652624

  Also check the box pose printed in §3 against §2:
    unchanged        -> held, or never contacted (check finger separation)
    small shift      -> pushed by one finger before the other met it
    large/rising     -> ejected. Solver resolving an impossible overlap.
    inside the pads  -> interpenetration. Look at it in the GUI to be sure.

════════════════════════════════════════════════════════════
§ 5. Cleanup

════════════════════════════════════════════════════════════
    data: true
    
  [note] gripper reopened, box removed. Raw samples kept in /home/sachin/ur5e_pickplace/probe_out

════════════════════════════════════════════════════════════
  NEXT, once you have read the numbers:

  1. Decide the stall threshold from the observed shortfall, not from intuition.
  2. Rewrite m0_verify.sh §M0-C around it, replacing the free-space sweep.
     Keep the sweep as a subordinate check — it still catches a broken merge —
     but it must no longer be what M0-C passes on.
  3. If the shortfall is ~0, do NOT start tuning friction. Go to §3.5
     Consequence 2 and work the physics-engine decision instead.
