mimic contact probe: 2026-08-04T11:28:28+02:00
world=empty model=ur5e_robotiq box_width=0.040 m overclose=0.8 rad

════════════════════════════════════════════════════════════
§ 0. Preconditions

════════════════════════════════════════════════════════════
  [ok] topic /world/empty/model/ur5e_robotiq/joint_state
  [ok] topic /world/empty/pose/info
  [ok] service /world/empty/create
  [ok] service /world/empty/remove

════════════════════════════════════════════════════════════
§ 1. Baseline — gripper open, no object

════════════════════════════════════════════════════════════
    shoulder_pan_joint 1.3037876103561627e-08 8.6770055116730527e-17
    shoulder_lift_joint -1.5708532380266691 1.2813101274433691e-15
    elbow_joint 1.5706821450959625 1.0994677390741003e-14
    wrist_1_joint -1.5718105976134675 -1.2764095336237347e-14
    wrist_2_joint -1.5706952201917295 -1.4536223787164904e-14
    wrist_3_joint -8.9649043900225518e-07 3.6710407934001377e-17
    robotiq_85_left_inner_knuckle_joint 1.2183581753013435e-05 -0.0006535252964216566
    robotiq_85_left_knuckle_joint 1.0923211206150905e-05 -0.000606844918052536
    robotiq_85_left_finger_tip_joint -1.2183581884021608e-05 0.00065352529649552633
    robotiq_85_right_inner_knuckle_joint -1.2183581758009811e-05 0.00065352529642167178
    robotiq_85_right_knuckle_joint -1.2183581688442946e-05 0.00065352529644529178
    robotiq_85_right_finger_tip_joint 1.2183581883863391e-05 -0.00065352529640783

════════════════════════════════════════════════════════════
§ 1b. Pre-close to a cradle aperture before placing the box

════════════════════════════════════════════════════════════
  pre-closing robotiq_85_left_knuckle_joint to 0.45 rad (heuristic cradle aperture, not measured)
    
    Goal accepted with ID: 29427192dcff4aeda21078ead090722a
    
    Result:
        position: 0.4400042319713293
    effort: 50.0
    stalled: false
    reached_goal: true
    
    Goal finished with status: SUCCEEDED
[settle] poses settled after 0.61s (max|delta|=0.000000 m)
  [note] place the box at the (now pre-closed) fingertip midpoint. If your setup
  [note] keeps the arm at its initial pose, read the fingertip link poses from
  [note] /world/empty/pose/info and set BOX_XYZ accordingly. Set BOX_XYZ explicitly to skip
  [note] auto-placement.

  box placement (fingertip midpoint): 0.49214 0.13332 1.11092

════════════════════════════════════════════════════════════
§ 2. Spawn the test object

════════════════════════════════════════════════════════════
    data: true
[settle] poses settled after 0.54s (max|delta|=0.000087 m)
    box @ probe_box 0.49196421244599947 0.1333425089544879 1.1107551143766692

════════════════════════════════════════════════════════════
§ 3. Command closure PAST what the object permits

════════════════════════════════════════════════════════════
  commanding robotiq_85_left_knuckle_joint -> 0.8 rad (box is 0.040 m wide)
    Waiting for an action server to become available...
    Sending goal:
         command:
      position: 0.8
      max_effort: 50.0
    
    Goal accepted with ID: 6aebad1f964d47d2822a7be8268b5292
    
    Result:
        position: 0.4493729935153748
    effort: 50.0
    stalled: true
    reached_goal: false
    
    Goal finished with status: SUCCEEDED
[settle] joints settled after 0.31s (max|vel|=0.00045 rad/s)
[settle] poses settled after 0.54s (max|delta|=0.000002 m)
    shoulder_pan_joint 1.3037876088543042e-08 1.0827056346742955e-14
    shoulder_lift_joint -1.5708532380266622 1.0522774329408541e-13
    elbow_joint 1.5706821450959916 -9.9913133322360181e-14
    wrist_1_joint -1.5718105976134249 -8.8103135897910079e-14
    wrist_2_joint -1.5706952201917297 -2.5739711740063037e-13
    wrist_3_joint -8.9649043933374883e-07 -2.2881759048555984e-14
    robotiq_85_left_inner_knuckle_joint 0.4494962987104334 0.00045761061044016934
    robotiq_85_left_knuckle_joint 0.449497147982022 0.00035839333858451918
    robotiq_85_left_finger_tip_joint -0.44949633417465268 -0.00045759140452169764
    robotiq_85_right_inner_knuckle_joint -0.4494962976629468 -0.00045760305788637712
    robotiq_85_right_knuckle_joint -0.44721392623161815 0.00040699717541885661
    robotiq_85_right_finger_tip_joint 0.44949633310168186 0.00045760880530575435
    box @ probe_box 0.48413876346289747 0.13342769220105175 1.1048880282639786

════════════════════════════════════════════════════════════
§ 4. Numbers  (interpret these; the script will not)

════════════════════════════════════════════════════════════
  commanded master angle : 0.8000 rad
  achieved  master angle : 0.4495 rad
  shortfall              : +0.3505 rad
  master velocity at rest: 0.0003583933385845192

  THE QUESTION THIS ANSWERS:
    shortfall ~0        -> the linkage drove to command THROUGH the object.
                           Contact is not opposing it. Kinematic override
                           confirmed. Friction grasping cannot work as specified.
    shortfall clearly >0 -> contact IS opposing the linkage. The override
                           yields. Friction grasping may be viable; calibrate
                           m0_verify.sh's threshold from this number.

  followers (position, velocity):
    robotiq_85_left_finger_tip_joint           -0.44950  (moved -0.44948)  vel=-0.00045759140452169764
    robotiq_85_left_inner_knuckle_joint        +0.44950  (moved +0.44948)  vel=0.00045761061044016934
    robotiq_85_right_finger_tip_joint          +0.44950  (moved +0.44948)  vel=0.00045760880530575435
    robotiq_85_right_inner_knuckle_joint       -0.44950  (moved -0.44948)  vel=-0.0004576030578863771
    robotiq_85_right_knuckle_joint             -0.44721  (moved -0.44720)  vel=0.0004069971754188566

  Also check the box pose printed in §3 against §2:
    unchanged        -> held, or never contacted (check finger separation)
    small shift      -> pushed by one finger before the other met it
    large/rising     -> ejected. Solver resolving an impossible overlap.
    inside the pads  -> interpenetration. Look at it in the GUI to be sure.

════════════════════════════════════════════════════════════
§ 5. Cleanup

════════════════════════════════════════════════════════════
    data: true
    
  [note] gripper reopened, box removed. Raw samples kept in /home/sachin/ur5e_pickplace/probe_out

════════════════════════════════════════════════════════════
  NEXT, once you have read the numbers:

  1. Decide the stall threshold from the observed shortfall, not from intuition.
  2. Rewrite m0_verify.sh §M0-C around it, replacing the free-space sweep.
     Keep the sweep as a subordinate check — it still catches a broken merge —
     but it must no longer be what M0-C passes on.
  3. If the shortfall is ~0, do NOT start tuning friction. Go to §3.5
     Consequence 2 and work the physics-engine decision instead.
