recon run: 2026-08-03T16:20:42+02:00
output dir: /home/sachin/ur5e_pickplace/recon_out

════════════════════════════════════════════════════════════
§ 0. Host and distro

════════════════════════════════════════════════════════════
PRETTY_NAME="Ubuntu 24.04.4 LTS"
VERSION_ID="24.04"
ROS_DISTRO      = jazzy
ROS_VERSION     = 2
RMW             = <default>
GZ_VERSION      = <unset>
kernel          = 6.6.87.2-microsoft-standard-WSL2

════════════════════════════════════════════════════════════
§ 1. Gazebo version binding  (feeds M0-A)

════════════════════════════════════════════════════════════
$ gz sim --versions
8.11.0

$ gz --versions
The 'gz' command provides a command line interface to the Gazebo Tools.

  gz <command> [options]

List of available commands:

  help:          Print this help text.
  fuel:          Manage simulation resources.
  gui:           Launch graphical interfaces.
  log:           Record or playback topics.
  model:         Print information about models.
  msg:           Print information about messages.
  param:         List, get or set parameters.
  plugin:        Print information about plugins.
  sdf:           Utilities for SDF files.
  service:       Print information about services.
  sim:           Run and manage the Gazebo Simulator.
  topic:         Print information about topics.

Options:

  --force-version <VERSION>  Use a specific library version.
  --versions                 Show the available versions.
  --commands                 Show the available commands.
Use 'gz help <command>' to print help for a command.

-- installed gz apt packages --
  ros-jazzy-gz-cmake-vendor                  0.0.11-1noble.20260225.223100
  ros-jazzy-gz-common-vendor                 0.0.9-1noble.20260422.124815
  ros-jazzy-gz-fuel-tools-vendor             0.0.6-1noble.20260423.081524
  ros-jazzy-gz-gui-vendor                    0.0.5-1noble.20260425.071107
  ros-jazzy-gz-math-vendor                   0.0.9-1noble.20260422.120700
  ros-jazzy-gz-msgs-vendor                   0.0.6-1noble.20260423.060450
  ros-jazzy-gz-physics-vendor                0.0.7-1noble.20260604.105412
  ros-jazzy-gz-plugin-vendor                 0.0.5-1noble.20260226.000520
  ros-jazzy-gz-rendering-vendor              0.0.7-1noble.20260425.063708
  ros-jazzy-gz-ros2-control                  1.2.19-1noble.20260615.171757
  ros-jazzy-gz-sensors-vendor                0.0.6-1noble.20260604.105419
  ros-jazzy-gz-sim-vendor                    0.0.10-1noble.20260604.111001
  ros-jazzy-gz-tools-vendor                  0.0.7-1noble.20260225.231255
  ros-jazzy-gz-transport-vendor              0.0.7-1noble.20260423.081526
  ros-jazzy-gz-utils-vendor                  0.0.5-1noble.20260225.231257
  ros-jazzy-ros-gz                           1.0.22-1noble.20260616.074726
  ros-jazzy-ros-gz-bridge                    1.0.22-1noble.20260615.142443
  ros-jazzy-ros-gz-image                     1.0.22-1noble.20260615.145009
  ros-jazzy-ros-gz-interfaces                1.0.22-1noble.20260615.112415
  ros-jazzy-ros-gz-sim                       1.0.22-1noble.20260615.173223
  ros-jazzy-ros-gz-sim-demos                 1.0.22-1noble.20260615.175319
  ros-jazzy-ur-simulation-gz                 2.5.0-1noble.20260617.155357

-- DART physics plugin present? (Harmonic default engine) --
/opt/ros/jazzy/opt/gz_physics_vendor/lib/gz-physics-7/engine-plugins/libgz-physics-dartsim-plugin.so

════════════════════════════════════════════════════════════
§ 2. Relevant ROS 2 package inventory

════════════════════════════════════════════════════════════
  ur_description                     /opt/ros/jazzy                                 3.5.1-1noble.20260615.175716
  ur_simulation_gz                   /opt/ros/jazzy                                 2.5.0-1noble.20260617.155357
  ur_moveit_config                   /opt/ros/jazzy                                 3.8.0-1noble.20260617.155215
  ur_robot_driver                    /opt/ros/jazzy                                 3.8.0-1noble.20260615.175905
  robotiq_description                /opt/ros/jazzy                                 0.0.1-3noble.20260615.175624
  robotiq_controllers                *** NOT FOUND ***
  gz_ros2_control                    /opt/ros/jazzy                                 1.2.19-1noble.20260615.171757
  ros_gz_sim                         /opt/ros/jazzy                                 1.0.22-1noble.20260615.173223
  ros_gz_bridge                      /opt/ros/jazzy                                 1.0.22-1noble.20260615.142443
  moveit_ros_planning_interface      /opt/ros/jazzy                                 2.12.4-1noble.20260617.151809
  moveit_kinematics                  /opt/ros/jazzy                                 2.12.4-1noble.20260617.150037
  moveit_planners_ompl               /opt/ros/jazzy                                 2.12.4-1noble.20260617.150302
  controller_manager                 /opt/ros/jazzy                                 4.45.2-1noble.20260615.164916
  joint_trajectory_controller        /opt/ros/jazzy                                 4.40.1-1noble.20260615.171409
  position_controllers               /opt/ros/jazzy                                 4.40.1-1noble.20260615.172019
  [note] robotiq_description missing is EXPECTED and is the core M-1 problem.
  [note] UR ships no integrated gripper — that package is what we must source.

════════════════════════════════════════════════════════════
§ 3. UR xacro macro signature  (open question #1)

════════════════════════════════════════════════════════════
ur_description share dir: /opt/ros/jazzy/share/ur_description

-- urdf/ tree --
  /opt/ros/jazzy/share/ur_description/urdf/ur.urdf.xacro
  /opt/ros/jazzy/share/ur_description/urdf/inc/ur_transmissions.xacro
  /opt/ros/jazzy/share/ur_description/urdf/inc/ur_joint_control.xacro
  /opt/ros/jazzy/share/ur_description/urdf/inc/ur_common.xacro
  /opt/ros/jazzy/share/ur_description/urdf/inc/ur_sensors.xacro
  /opt/ros/jazzy/share/ur_description/urdf/ur_mocked.urdf.xacro
  /opt/ros/jazzy/share/ur_description/urdf/ros2_control_mock_hardware.xacro
  /opt/ros/jazzy/share/ur_description/urdf/ur_macro.xacro

-- macro/arg signature: ur_macro.xacro --
  55:  <xacro:macro name="ur_robot" params="

-- macro/arg signature: ur.urdf.xacro --
  4:   <xacro:arg name="name" default="ur"/>
  10:   <xacro:arg name="ur_type" default="ur5x"/>
  13:   <xacro:arg name="tf_prefix" default="" />
  14:   <xacro:arg name="joint_limit_params" default="$(find ur_description)/config/$(arg ur_type)/joint_limits.yaml"/>
  15:   <xacro:arg name="kinematics_params" default="$(find ur_description)/config/$(arg ur_type)/default_kinematics.yaml"/>
  16:   <xacro:arg name="physical_params" default="$(find ur_description)/config/$(arg ur_type)/physical_parameters.yaml"/>
  17:   <xacro:arg name="visual_params" default="$(find ur_description)/config/$(arg ur_type)/visual_parameters.yaml"/>
  18:   <xacro:arg name="transmission_hw_interface" default=""/>
  19:   <xacro:arg name="safety_limits" default="false"/>
  20:   <xacro:arg name="safety_pos_margin" default="0.15"/>
  21:   <xacro:arg name="safety_k_position" default="20"/>
  24:   <xacro:arg name="force_abs_paths" default="false" />

-- declared tool/flange frames --
  /opt/ros/jazzy/share/ur_description/urdf/ur_macro.xacro:235:name="${tf_prefix}wrist_3_link"
  /opt/ros/jazzy/share/ur_description/urdf/ur_macro.xacro:370:name="${tf_prefix}wrist_3_link-ft_frame"
  /opt/ros/jazzy/share/ur_description/urdf/ur_macro.xacro:390:name="${tf_prefix}flange"
  /opt/ros/jazzy/share/ur_description/urdf/ur_macro.xacro:391:name="${tf_prefix}wrist_3-flange"
  /opt/ros/jazzy/share/ur_description/urdf/ur_macro.xacro:398:name="${tf_prefix}tool0"
  /opt/ros/jazzy/share/ur_description/urdf/ur_macro.xacro:399:name="${tf_prefix}flange-tool0"

════════════════════════════════════════════════════════════
§ 4. Robotiq description  (open questions #2, #4)

════════════════════════════════════════════════════════════
robotiq_description share dir: /opt/ros/jazzy/share/robotiq_description

  /opt/ros/jazzy/share/robotiq_description/urdf/robotiq_gripper.ros2_control.xacro
  /opt/ros/jazzy/share/robotiq_description/urdf/ur_to_robotiq_adapter.urdf.xacro
  /opt/ros/jazzy/share/robotiq_description/urdf/robotiq_2f_85_macro.urdf.xacro
  /opt/ros/jazzy/share/robotiq_description/urdf/robotiq_2f_85_gripper.urdf.xacro

-- xacro macro signatures --
  /opt/ros/jazzy/share/robotiq_description/urdf/robotiq_gripper.ros2_control.xacro:4:    <xacro:macro name="robotiq_gripper_ros2_control" params="
  /opt/ros/jazzy/share/robotiq_description/urdf/ur_to_robotiq_adapter.urdf.xacro:3:  <xacro:macro name="ur_to_robotiq" params="prefix connected_to rotation:=^|${0.0}">
  /opt/ros/jazzy/share/robotiq_description/urdf/robotiq_2f_85_macro.urdf.xacro:3:    <xacro:macro name="robotiq_gripper" params="

-- mimic joint declarations (expect 5, off one master joint) --
  /opt/ros/jazzy/share/robotiq_description/urdf/robotiq_2f_85_macro.urdf.xacro:246:            <mimic joint="${prefix}robotiq_85_left_knuckle_joint" multiplier="-1" />
  /opt/ros/jazzy/share/robotiq_description/urdf/robotiq_2f_85_macro.urdf.xacro:266:            <mimic joint="${prefix}robotiq_85_left_knuckle_joint" />
  /opt/ros/jazzy/share/robotiq_description/urdf/robotiq_2f_85_macro.urdf.xacro:274:            <mimic joint="${prefix}robotiq_85_left_knuckle_joint" multiplier="-1" />
  /opt/ros/jazzy/share/robotiq_description/urdf/robotiq_2f_85_macro.urdf.xacro:282:            <mimic joint="${prefix}robotiq_85_left_knuckle_joint" multiplier="-1" />
  /opt/ros/jazzy/share/robotiq_description/urdf/robotiq_2f_85_macro.urdf.xacro:290:            <mimic joint="${prefix}robotiq_85_left_knuckle_joint" />

-- master (actuated) joint limit block --
  master joint referenced by mimics: ${prefix}robotiq_85_left_knuckle_joint
  /opt/ros/jazzy/share/robotiq_description/urdf/robotiq_gripper.ros2_control.xacro:40:            <joint name="${prefix}robotiq_85_left_knuckle_joint">
  /opt/ros/jazzy/share/robotiq_description/urdf/robotiq_gripper.ros2_control.xacro-41-                <command_interface name="position" />
  /opt/ros/jazzy/share/robotiq_description/urdf/robotiq_gripper.ros2_control.xacro-42-                <state_interface name="position">
  /opt/ros/jazzy/share/robotiq_description/urdf/robotiq_gripper.ros2_control.xacro-43-                    <param name="initial_value">0.7929</param>
  /opt/ros/jazzy/share/robotiq_description/urdf/robotiq_gripper.ros2_control.xacro-44-                </state_interface>
  /opt/ros/jazzy/share/robotiq_description/urdf/robotiq_gripper.ros2_control.xacro-45-                <state_interface name="velocity"/>
  /opt/ros/jazzy/share/robotiq_description/urdf/robotiq_gripper.ros2_control.xacro-46-            </joint>
  --
  /opt/ros/jazzy/share/robotiq_description/urdf/robotiq_2f_85_macro.urdf.xacro:232:        <joint name="${prefix}robotiq_85_left_knuckle_joint" type="revolute">
  /opt/ros/jazzy/share/robotiq_description/urdf/robotiq_2f_85_macro.urdf.xacro-233-            <parent link="${prefix}robotiq_85_base_link" />
  /opt/ros/jazzy/share/robotiq_description/urdf/robotiq_2f_85_macro.urdf.xacro-234-            <child link="${prefix}robotiq_85_left_knuckle_link" />
  /opt/ros/jazzy/share/robotiq_description/urdf/robotiq_2f_85_macro.urdf.xacro-235-            <axis xyz="0 -1 0" />
  /opt/ros/jazzy/share/robotiq_description/urdf/robotiq_2f_85_macro.urdf.xacro-236-            <origin xyz="0.03060114 0.0 0.05490452" rpy="0 0 0" />
  /opt/ros/jazzy/share/robotiq_description/urdf/robotiq_2f_85_macro.urdf.xacro-237-            <limit lower="0.0" upper="0.8" velocity="0.5" effort="50" />
  /opt/ros/jazzy/share/robotiq_description/urdf/robotiq_2f_85_macro.urdf.xacro-238-        </joint>

════════════════════════════════════════════════════════════
§ 5. Arm-only baseline sanity  (does UR's own path work at all?)

════════════════════════════════════════════════════════════
ur_simulation_gz launch files:
  /opt/ros/jazzy/share/ur_simulation_gz/launch/ur_sim_moveit.launch.py
  /opt/ros/jazzy/share/ur_simulation_gz/launch/ur_sim_control.launch.py

-- gz version referenced in package.xml --
    <name>ur_simulation_gz</name>
    <exec_depend>gz_ros2_control</exec_depend>
    <exec_depend>ros_gz_bridge</exec_depend>
    <exec_depend>ros_gz_sim</exec_depend>

════════════════════════════════════════════════════════════
§ 6. Generate and parse arm-only URDF  (baseline before merge)

════════════════════════════════════════════════════════════
wrote /home/sachin/ur5e_pickplace/recon_out/ur5e_armonly.urdf (11870 bytes)

  links : 13
  joints: 12

  -- non-fixed joints, with limits --
    shoulder_pan_joint           revolute   [-6.283185307179586, 6.283185307179586] effort=150.0
    shoulder_lift_joint          revolute   [-6.283185307179586, 6.283185307179586] effort=150.0
    elbow_joint                  revolute   [-3.141592653589793, 3.141592653589793] effort=150.0
    wrist_1_joint                revolute   [-6.283185307179586, 6.283185307179586] effort=28.0
    wrist_2_joint                revolute   [-6.283185307179586, 6.283185307179586] effort=28.0
    wrist_3_joint                revolute   [-6.283185307179586, 6.283185307179586] effort=28.0

  -- mimic joints: 0 (expect 0 pre-merge) --

  -- candidate TCP frames --
    wrist_3_link
    flange
    tool0

════════════════════════════════════════════════════════════
§ 7. Summary — what still needs answering

════════════════════════════════════════════════════════════
  Transcribe these into docs/M-1_reference_report.md §6 and into scene.yaml,
  replacing every `# RECON` placeholder. Do not write the URDF merge until all
  five are filled with observed values.

    [ ] 1. ur_macro.xacro parameter names          -> §3 above
    [ ] 2. robotiq_description source + version    -> §4 above
    [ ] 3. UR5e flange frame name + mount xyz/rpy  -> §3, §6 above
    [ ] 4. finger_joint limits + 5 mimic mult/off  -> §4 above
    [ ] 5. flange -> finger-pad-midpoint offset    -> measure post-merge

  Then, and only then:
    - write the merge xacro
    - run MoveIt Setup Assistant for two groups: `arm`, `gripper`
    - confirm clean spawn in Harmonic
    - THAT is M-1 done. M0 comes after.

════════════════════════════════════════════════════════════
recon complete: 2026-08-03T16:20:47+02:00
artifacts in: /home/sachin/ur5e_pickplace/recon_out
