spawn-state bimodality check: 2026-08-05T02:40:39+02:00
N=3 launches, master=robotiq_85_left_knuckle_joint, sample_mode=settle (open_tol=0.05 rad, timeout=20.0s)

════════════════════════════════════════════════════════════
§ 0. Ensuring clean slate

════════════════════════════════════════════════════════════
  [ok] no prior sim instance running

════════════════════════════════════════════════════════════
§ Launch 1 / 3

════════════════════════════════════════════════════════════
  controllers active after 7.69s
  robotiq_85_left_knuckle_joint = 0.040943082769912008 rad (reached open within 20.0s)
/home/user/ur5e_pickplace/scripts/07_check_gripper_spawn_state.sh: line 107:  8982 Killed                  ros2 launch ur5e_robotiq_description ur5e_robotiq_sim_control.launch.py > "/tmp/spawn_check_launch_${i}.log" 2>&1

════════════════════════════════════════════════════════════
§ Launch 2 / 3

════════════════════════════════════════════════════════════
  controllers active after 6.84s
  robotiq_85_left_knuckle_joint = 0.021297598835059384 rad (reached open within 20.0s)
/home/user/ur5e_pickplace/scripts/07_check_gripper_spawn_state.sh: line 107:  9372 Killed                  ros2 launch ur5e_robotiq_description ur5e_robotiq_sim_control.launch.py > "/tmp/spawn_check_launch_${i}.log" 2>&1

════════════════════════════════════════════════════════════
§ Launch 3 / 3

════════════════════════════════════════════════════════════
  controllers active after 13.07s
  robotiq_85_left_knuckle_joint = 0.025440382954359898 rad (reached open within 20.0s)
/home/user/ur5e_pickplace/scripts/07_check_gripper_spawn_state.sh: line 107:  9834 Killed                  ros2 launch ur5e_robotiq_description ur5e_robotiq_sim_control.launch.py > "/tmp/spawn_check_launch_${i}.log" 2>&1

════════════════════════════════════════════════════════════
§ Results (raw, not averaged -- this is a bimodality check)

════════════════════════════════════════════════════════════
launch   controller_wait_s  master_pos_rad
1        7.69               0.040943082769912008
2        6.84               0.021297598835059384
3        13.07              0.025440382954359898

════════════════════════════════════════════════════════════
§ Interpretation -- read the raw values above, this section will not judge

════════════════════════════════════════════════════════════
  This run validates the deterministic-open launch-file fix, not the
  original un-commanded race (use SAMPLE_MODE=fixed to reproduce that
  diagnostic). Each reading here is taken AFTER the master joint settled
  (velocity < eps), i.e. after any open command chained off
  gripper_controller activation has actually finished, not mid-flight.

  All N settle near ~0 (open): the fix works -- deterministic startup is
  confirmed, not just implemented.

  Any reading near ~0.77 (near-closed) or TIMEOUT after settling: the fix
  did NOT take effect for that launch even after waiting for the joint to
  stop moving. Do not re-run and average past this -- check that launch's
  /tmp/spawn_check_launch_<i>.log for whether the open command's process
  ([ros2-N] tag) ever started, reached "Waiting for an action server", and
  what result (if any) it got. A TIMEOUT with no error usually means the
  command never fired at all (event handler didn't trigger, or a stale
  workspace copy without the fix -- diff the installed launch file against
  this repo's before assuming the code is at fault).
